T 1163 1096 8092.00 1597.00 46.723 9.992 47.779 hs 4 hp 8116 1479 in 1 0 1 0 4714 -8819 rl 9 np 0
T 1164 1097 8126.00 1607.00 46.723 10.492 47.886 hs 4 hp 8154 1408 in 1 0 1 0 4711 -8821 rl 8 np 0
T 1165 1098 8161.00 1615.00 47.176 8.031 47.855 hs 5 hp 8160 1398 in 1 0 1 0 4695 -8829 rl 7 np 0
T 1166 1099 8196.00 1621.00 47.164 5.531 47.487 hs 5 hp 8160 1398 in 1 0 1 0 634 -773 rl 6 np 0
T 1167 1100 8231.00 1627.00 47.164 6.031 47.548 hs 0 hp 8196 1621 in 1 0 0 0 634 -773 rl 5 np 0
T 1168 1101 8266.00 1634.00 47.164 6.531 47.614 hs 4 hp 8266 1510 in 1 0 1 0 2903 -9569 rl 4 np 0
T 1169 1102 8301.00 1638.00 47.371 4.039 47.543 hs 5 hp 8278 1471 in 1 0 1 0 3131 -9497 rl 3 np 0
T 1170 1103 8336.00 1643.00 47.371 4.539 47.588 hs 0 hp 8301 1638 in 1 0 0 0 3131 -9497 rl 2 np 0
T 1171 1104 8371.00 1645.00 47.547 2.043 47.591 hs 5 hp 8343 1535 in 1 0 1 0 610 -9981 rl 1 np 0
T 1172 1105 8406.00 1648.00 47.547 2.543 47.615 hs 0 hp 8371 1645 in 1 0 0 0 4714 -8819 rl 0 np 0
T 1173 1106 8441.00 1648.00 46.895 0.172 46.895 hs 5 hp 8372 1535 in 1 0 1 0 -2903 -9569 rl 0 np 0
T 1174 1107 8476.00 1649.00 46.895 0.672 46.899 hs 0 hp 8441 1648 in 1 0 0 0 831 -556 rl 0 np 0
T 1175 1108 8511.00 1650.00 46.895 1.172 46.909 hs 0 hp 8476 1649 in 1 0 0 1 8889 -4581 rl 24 np 1
T 1176 1109 8546.00 1652.00 46.895 1.672 46.924 hs 0 hp 8511 1650 in 1 0 0 1 8889 -4581 rl 23 np 1
T 1177 1110 8581.00 1654.00 46.895 2.172 46.945 hs 0 hp 8546 1652 in 1 0 0 0 8889 -4581 rl 22 np 1
T 1178 1111 8616.00 1657.00 46.895 2.672 46.971 hs 5 hp 8598 1599 in 1 0 1 0 2903 -9569 rl 21 np 1
T 1179 1112 8651.00 1660.00 46.895 3.172 47.002 hs 0 hp 8616 1657 in 1 0 0 0 785 -9969 rl 20 np 1
T 1180 1113 8687.00 1668.00 51.586 8.145 52.225 hs 0 hp 8651 1660 in 1 0 0 0 785 -9969 rl 19 np 0
E 1180 1113 ex 8587.3 1599.3 tee 8651.0 1660.0 dist 88.0 |f| 6.48
T 1181 1114 8724.00 1674.00 51.934 5.668 52.242 hs 5 hp 8699 1567 in 1 0 1 0 1219 -9925 rl 18 np 0
T 1182 1115 8761.00 1680.00 51.934 6.168 52.299 hs 0 hp 8724 1674 in 1 0 0 0 785 -9969 rl 17 np 0
T 1183 1116 8798.00 1684.00 52.184 3.680 52.313 hs 5 hp 8771 1567 in 1 0 1 0 872 -9962 rl 16 np 0
T 1184 1117 8835.00 1688.00 52.184 4.180 52.351 hs 0 hp 8798 1684 in 1 0 0 0 785 -9969 rl 15 np 0
T 1185 1118 8872.00 1693.00 52.184 4.680 52.393 hs 0 hp 8835 1688 in 1 0 0 0 785 -9969 rl 14 np 0
T 1186 1119 8909.00 1698.00 52.184 5.180 52.440 hs 0 hp 8872 1693 in 1 0 0 0 -980 9952 rl 13 np 0
T 1187 1120 8946.00 1704.00 52.184 5.680 52.492 hs 4 hp 8967 1806 in 1 0 1 0 4714 8819 rl 12 np 0
T 1188 1121 8983.00 1710.00 52.184 6.180 52.548 hs 5 hp 8994 1856 in 1 0 1 0 980 9952 rl 11 np 0
T 1189 1122 9020.00 1717.00 52.184 6.680 52.609 hs 5 hp 8994 1856 in 1 0 1 0 980 9952 rl 10 np 0
T 1190 1123 9057.00 1725.00 51.770 8.062 52.394 hs 5 hp 8994 1856 in 1 0 1 0 980 9952 rl 9 np 0
T 1191 1124 9094.00 1734.00 51.770 8.562 52.473 hs 0 hp 9057 1725 in 1 0 0 0 0 10000 rl 8 np 0
T 1192 1125 9131.00 1743.00 51.770 9.062 52.557 hs 0 hp 9094 1734 in 1 0 0 0 0 10000 rl 7 np 0
T 1193 1126 9167.00 1753.00 51.117 10.422 52.169 hs 5 hp 9106 1824 in 1 0 1 0 -2903 9569 rl 6 np 0
T 1194 1127 9201.00 1765.00 47.094 11.605 48.503 hs 5 hp 9106 1824 in 0 0 1 0 -2903 9569 rl 5 np 0
T 1195 1128 9234.00 1777.00 44.738 12.105 46.347 hs 0 hp 9201 1765 in 0 0 0 0 -2903 9569 rl 4 np 0
T 1196 1129 9266.00 1790.00 41.895 13.398 43.985 hs 5 hp 9183 1872 in -1 0 1 0 -4714 8819 rl 3 np 0
T 1197 1130 9296.00 1805.00 38.199 14.531 40.870 hs 5 hp 9183 1872 in 0 0 1 0 -4654 8851 rl 2 np 0
T 1198 1131 9323.00 1820.00 34.355 15.492 37.687 hs 5 hp 9183 1872 in 0 0 1 0 -985 9951 rl 1 np 0
T 1199 1132 9348.00 1836.00 30.184 16.305 34.306 hs 5 hp 9183 1872 in -1 0 1 0 -985 9951 rl 0 np 0
T 1200 1133 9370.00 1853.00 26.477 16.996 31.462 hs 5 hp 9183 1872 in 0 0 1 0 -985 9951 rl 0 np 0
T 1201 1134 9389.00 1871.00 22.141 17.586 28.275 hs 5 hp 9183 1872 in -1 0 1 0 -985 9951 rl 0 np 0
T 1202 1135 9407.00 1889.00 20.641 18.086 27.443 hs 0 hp 9389 1871 in -1 0 0 0 -985 9951 rl 0 np 0
T 1203 1136 9422.00 1908.00 16.895 19.141 25.530 hs 5 hp 9311 1964 in -1 0 1 0 -7880 6157 rl 0 np 0
T 1204 1137 9434.00 1928.00 12.852 20.047 23.813 hs 5 hp 9311 1964 in -1 0 1 0 -7920 6105 rl 0 np 0
T 1205 1138 9442.00 1949.00 8.617 20.801 22.515 hs 5 hp 9311 1964 in -1 0 1 0 -7986 6018 rl 0 np 0
T 1206 1139 9446.00 1970.00 4.285 21.402 21.827 hs 5 hp 9311 1964 in -1 0 1 0 -7986 6018 rl 0 np 0
T 1207 1140 9446.00 1992.00 -0.062 21.770 21.770 hs 5 hp 9311 1964 in -1 0 1 0 -924 383 rl 0 np 0
T 1208 1141 9442.00 2014.00 -4.352 21.660 22.093 hs 5 hp 9311 1964 in -1 0 1 0 -924 383 rl 0 np 0
T 1209 1142 9435.00 2035.00 -7.664 21.090 22.439 hs 5 hp 9311 1964 in -1 0 1 1 3592 9333 rl 24 np 1
T 1210 1143 9426.00 2055.00 -10.137 20.098 22.509 hs 5 hp 9311 1964 in -1 0 1 1 3592 9333 rl 23 np 1
T 1211 1144 9415.00 2074.00 -12.371 18.734 22.450 hs 5 hp 9311 1964 in -1 0 1 0 -924 383 rl 22 np 1
T 1212 1145 9396.00 2090.00 -22.105 15.805 27.174 hs 5 hp 9311 1964 in -1 0 1 0 -924 383 rl 21 np 0
E 1212 1145 ex 9471.7 2094.0 tee 9415.0 2074.0 dist 60.2 |f| 10.32
T 1213 1146 9375.00 2104.00 -23.699 13.816 27.433 hs 5 hp 9311 1964 in -1 0 1 0 -924 383 rl 20 np 0
T 1214 1147 9353.00 2116.00 -24.883 11.590 27.450 hs 5 hp 9311 1964 in -1 0 1 0 -924 383 rl 19 np 0
T 1215 1148 9331.00 2128.00 -24.883 12.090 27.664 hs 0 hp 9353 2116 in -1 0 0 0 8535 5212 rl 18 np 0
T 1216 1149 9308.00 2138.00 -25.996 9.828 27.792 hs 5 hp 9296 2047 in -1 0 1 0 -3907 -9205 rl 17 np 0
T 1217 1150 9285.00 2148.00 -25.996 10.328 27.973 hs 0 hp 9308 2138 in -1 0 0 0 8535 5212 rl 16 np 0
T 1218 1151 9262.00 2159.00 -25.996 10.828 28.161 hs 4 hp 9227 2040 in -1 0 1 0 -4714 -8819 rl 15 np 0
T 1219 1152 9239.00 2167.00 -26.906 8.484 28.212 hs 5 hp 9213 2015 in -1 0 1 0 -3173 -9483 rl 14 np 0
T 1220 1153 9215.00 2173.00 -27.387 6.027 28.042 hs 5 hp 9213 2015 in -1 0 1 0 -3987 -9171 rl 13 np 0
T 1221 1154 9191.00 2180.00 -27.387 6.527 28.154 hs 0 hp 9215 2173 in -1 0 0 0 -3827 -9239 rl 12 np 0
T 1222 1155 9167.00 2187.00 -27.387 7.027 28.274 hs 4 hp 9139 2069 in -1 0 1 0 -4226 -9063 rl 11 np 0
T 1223 1156 9143.00 2195.00 -27.387 7.527 28.402 hs 4 hp 9105 1997 in -1 0 1 0 -4226 -9063 rl 10 np 0
T 1224 1157 9119.00 2200.00 -28.062 5.113 28.525 hs 5 hp 9083 1951 in -1 0 1 0 -4714 -8819 rl 9 np 0
T 1225 1158 9094.00 2203.00 -28.469 2.645 28.591 hs 5 hp 9083 1951 in -1 0 1 0 -4714 -8819 rl 8 np 0
T 1226 1159 9069.00 2203.00 -28.594 0.148 28.594 hs 5 hp 9083 1951 in -1 0 1 0 -831 -556 rl 7 np 0
T 1227 1160 9045.00 2191.00 -28.594 -12.000 31.010 hs 0 hp 9069 2203 in -1 1 0 0 -995 -98 rl 6 np 0
T 1228 1161 9021.00 2179.00 -28.594 -11.500 30.820 hs 0 hp 9045 2191 in -1 1 0 0 -995 -98 rl 5 np 0
T 1229 1162 8997.00 2168.00 -28.594 -11.000 30.637 hs 5 hp 8989 2240 in -1 0 1 0 -4714 8819 rl 4 np 0
T 1230 1163 8973.00 2157.00 -28.594 -10.500 30.461 hs 0 hp 8997 2168 in -1 1 0 0 -995 -98 rl 3 np 0
T 1231 1164 8948.00 2148.00 -28.867 -9.105 30.269 hs 5 hp 8965 2240 in -1 0 1 0 -958 9954 rl 2 np 0
T 1232 1165 8923.00 2139.00 -28.867 -8.605 30.123 hs 0 hp 8948 2148 in -1 0 0 0 634 773 rl 1 np 0
T 1233 1166 8898.00 2131.00 -28.867 -8.105 29.984 hs 4 hp 9017 2216 in -1 0 1 0 7730 6344 rl 0 np 0
T 1234 1167 8873.00 2123.00 -28.867 -7.605 29.852 hs 4 hp 9079 2267 in -1 0 1 0 -698 9976 rl 0 np 0
T 1235 1168 8842.00 2119.00 -40.371 -3.695 40.540 hs 0 hp 8873 2123 in -1 0 0 1 9569 -2903 rl 24 np 0
E 1235 1168 ex 8912.2 2111.4 tee 8873.0 2123.0 dist 40.9 |f| 12.00
T 1236 1169 8810.00 2117.00 -40.422 -2.297 40.487 hs 5 hp 8840 2240 in -1 0 1 0 -175 9998 rl 23 np 0
T 1237 1170 8778.00 2115.00 -40.422 -1.797 40.462 hs 0 hp 8810 2117 in -1 0 0 1 9681 -2507 rl 22 np 0
T 1238 1171 8746.00 2114.00 -40.422 -1.297 40.443 hs 4 hp 8780 2237 in -1 0 1 0 175 9998 rl 21 np 0
T 1239 1172 8714.00 2113.00 -40.422 -0.797 40.430 hs 0 hp 8746 2114 in -1 0 0 1 9970 -779 rl 20 np 0
T 1240 1173 8682.00 2113.00 -40.422 -0.297 40.423 hs 0 hp 8714 2113 in -1 0 0 0 0 10000 rl 19 np 0
T 1241 1174 8650.00 2113.00 -40.422 0.203 40.422 hs 4 hp 8759 2019 in -1 0 1 0 6344 -7730 rl 18 np 0
T 1242 1175 8618.00 2114.00 -40.422 0.703 40.428 hs 0 hp 8650 2113 in -1 0 0 0 6344 -7730 rl 17 np 0
T 1243 1176 8586.00 2115.00 -40.422 1.203 40.440 hs 0 hp 8618 2114 in -1 0 0 0 -924 383 rl 16 np 0
T 1244 1177 8554.00 2117.00 -40.422 1.703 40.458 hs 4 hp 8680 2192 in -1 0 1 0 7730 6344 rl 15 np 0
T 1245 1178 8522.00 2119.00 -40.422 2.203 40.482 hs 0 hp 8554 2117 in -1 0 0 0 -924 383 rl 14 np 0
T 1246 1179 8490.00 2122.00 -40.422 2.703 40.512 hs 4 hp 8401 2107 in -1 0 1 0 -9952 -980 rl 13 np 0
T 1247 1180 8458.00 2125.00 -40.422 3.203 40.549 hs 0 hp 8490 2122 in -1 0 0 0 -924 383 rl 12 np 0
T 1248 1181 8427.00 2129.00 -40.422 3.703 40.591 hs 0 hp 8458 2125 in -1 0 0 0 -924 383 rl 11 np 0
T 1249 1182 8396.00 2133.00 -40.422 4.203 40.640 hs 0 hp 8427 2129 in -1 0 0 0 -924 383 rl 10 np 0
T 1250 1183 8365.00 2138.00 -40.422 4.703 40.695 hs 0 hp 8396 2133 in -1 0 0 0 556 -831 rl 9 np 0
T 1251 1184 8333.00 2140.00 -40.547 2.207 40.607 hs 5 hp 8362 2079 in -1 0 1 0 -436 -9990 rl 8 np 0
T 1252 1185 8301.00 2143.00 -40.547 2.707 40.637 hs 0 hp 8333 2140 in -1 0 0 0 -6344 -7730 rl 7 np 0
T 1253 1186 8269.00 2143.00 -40.672 0.211 40.672 hs 5 hp 8298 2079 in -1 0 1 0 -436 -9990 rl 6 np 0
T 1254 1187 8237.00 2144.00 -40.672 0.711 40.678 hs 0 hp 8269 2143 in -1 0 0 0 -6344 -7730 rl 5 np 0
T 1255 1188 8205.00 2142.00 -40.633 -1.789 40.672 hs 5 hp 8238 2079 in -1 0 1 0 175 -9998 rl 4 np 0
T 1256 1189 8173.00 2141.00 -40.633 -1.289 40.653 hs 0 hp 8205 2142 in -1 0 0 0 -957 -290 rl 3 np 0
T 1257 1190 8141.00 2137.00 -40.457 -3.781 40.633 hs 5 hp 8178 2079 in -1 0 1 0 785 -9969 rl 2 np 0
T 1258 1191 8109.00 2134.00 -40.457 -3.281 40.590 hs 0 hp 8141 2137 in -1 0 0 0 -957 -290 rl 1 np 0
T 1259 1192 8077.00 2131.00 -40.457 -2.781 40.553 hs 4 hp 8218 2080 in -1 0 1 0 8949 -4462 rl 0 np 0
T 1260 1193 8045.00 2129.00 -40.457 -2.281 40.521 hs 0 hp 8077 2131 in -1 0 0 0 -17 -1000 rl 0 np 0
T 1261 1194 8014.00 2124.00 -40.203 -4.762 40.484 hs 5 hp 8051 2079 in -1 0 1 0 1132 -9936 rl 0 np 0
T 1262 1195 7983.00 2120.00 -40.203 -4.262 40.428 hs 0 hp 8014 2124 in -1 0 0 0 -290 957 rl 0 np 0
T 1263 1196 7952.00 2116.00 -40.203 -3.762 40.379 hs 0 hp 7983 2120 in -1 0 0 1 5143 -8576 rl 24 np 1
T 1264 1197 7917.00 2115.00 -47.965 -1.078 47.977 hs 5 hp 7956 2047 in -1 0 1 0 523 -9986 rl 23 np 0
E 1264 1197 ex 8007.7 2079.4 tee 7952.0 2116.0 dist 66.6 |f| 9.43
T 1265 1198 7882.00 2114.00 -47.965 -0.578 47.968 hs 0 hp 7917 2115 in -1 0 0 0 -290 957 rl 22 np 0
T 1266 1199 7847.00 2111.00 -47.848 -3.074 47.946 hs 5 hp 7886 2047 in -1 0 1 0 523 -9986 rl 21 np 0
T 1267 1200 7812.00 2108.00 -47.848 -2.574 47.917 hs 0 hp 7847 2111 in -1 0 0 1 5143 -8576 rl 20 np 0
T 1268 1201 7777.00 2106.00 -47.848 -2.074 47.893 hs 0 hp 7812 2108 in -1 0 0 1 -9918 -1278 rl 19 np 0
T 1269 1202 7742.00 2101.00 -47.652 -4.562 47.870 hs 5 hp 7782 2047 in -1 0 1 0 872 -9962 rl 18 np 0
T 1270 1203 7707.00 2097.00 -47.652 -4.062 47.825 hs 0 hp 7742 2101 in -1 0 0 0 924 -383 rl 17 np 0
T 1271 1204 7672.00 2090.00 -47.320 -6.531 47.769 hs 5 hp 7715 2047 in -1 0 1 0 1478 -9890 rl 16 np 0
T 1272 1205 7637.00 2084.00 -47.320 -6.031 47.703 hs 0 hp 7672 2090 in -1 0 0 0 924 -383 rl 15 np 0
T 1273 1206 7602.00 2078.00 -47.320 -5.531 47.642 hs 4 hp 7626 2205 in -1 0 1 0 -939 9956 rl 14 np 0
T 1274 1207 7567.00 2073.00 -47.320 -5.031 47.587 hs 0 hp 7602 2078 in -1 0 0 0 924 -383 rl 13 np 0
T 1275 1208 7532.00 2068.00 -47.320 -4.531 47.537 hs 0 hp 7567 2073 in -1 0 0 0 290 -957 rl 12 np 0
T 1276 1209 7497.00 2064.00 -47.320 -4.031 47.492 hs 4 hp 7515 1947 in -1 0 1 0 -1392 -9903 rl 11 np 0
T 1277 1210 7462.00 2060.00 -47.320 -3.531 47.452 hs 4 hp 7504 1868 in -1 0 1 0 -1392 -9903 rl 10 np 0
T 1278 1211 7427.00 2054.00 -46.984 -5.996 47.365 hs 5 hp 7498 1823 in -1 0 1 0 -2924 9563 rl 9 np 0
T 1279 1212 7392.00 2049.00 -46.984 -5.496 47.305 hs 0 hp 7427 2054 in -1 0 0 0 -981 195 rl 8 np 0
T 1280 1213 7357.00 2044.00 -46.984 -4.996 47.249 hs 4 hp 7509 2084 in -1 0 1 0 9569 2903 rl 7 np 0
T 1281 1214 7322.00 2040.00 -46.984 -4.496 47.199 hs 0 hp 7357 2044 in -1 0 0 0 981 -195 rl 6 np 0
T 1282 1215 7287.00 2036.00 -46.984 -3.996 47.154 hs 0 hp 7322 2040 in -1 0 0 0 981 -195 rl 5 np 0
T 1283 1216 7252.00 2033.00 -46.984 -3.496 47.114 hs 4 hp 7229 2144 in -1 0 1 0 -4714 8819 rl 4 np 0
T 1284 1217 7217.00 2030.00 -46.984 -2.996 47.080 hs 4 hp 7191 2215 in -1 0 1 0 872 -9962 rl 3 np 0
T 1285 1218 7182.00 2028.00 -46.984 -2.496 47.051 hs 5 hp 7161 2272 in -1 0 1 0 -2756 9613 rl 2 np 0
T 1286 1219 7147.00 2026.00 -46.984 -1.996 47.027 hs 0 hp 7182 2028 in -1 0 0 0 -2756 9613 rl 1 np 0
T 1287 1220 7112.00 2025.00 -46.984 -1.496 47.008 hs 4 hp 7026 2038 in -1 0 1 0 -9952 980 rl 0 np 0
T 1288 1221 7077.00 2024.00 -46.984 -0.996 46.995 hs 4 hp 6946 2046 in -1 0 1 1 -172 -9999 rl 24 np 1
T 1289 1222 7039.00 2032.00 -54.258 8.133 54.864 hs 4 hp 6866 2054 in -1 0 1 0 -980 9952 rl 23 np 0
E 1289 1222 ex 7111.3 1983.3 tee 7077.0 2024.0 dist 53.2 |f| 11.28
T 1290 1223 7002.00 2041.00 -54.258 8.633 54.940 hs 4 hp 6786 2062 in -1 0 1 0 -785 -9969 rl 22 np 0
T 1291 1224 6965.00 2050.00 -54.258 9.133 55.021 hs 0 hp 7002 2041 in -1 0 0 0 -9952 980 rl 21 np 0
T 1292 1225 6928.00 2060.00 -54.258 9.633 55.106 hs 5 hp 6935 1951 in -1 0 1 0 -2903 -9569 rl 20 np 0
T 1293 1226 6891.00 2070.00 -54.258 10.133 55.196 hs 0 hp 6928 2060 in -1 0 0 0 -9952 980 rl 19 np 0
T 1294 1227 6853.00 2078.00 -54.680 7.664 55.214 hs 5 hp 6873 1951 in -1 0 1 0 -1478 -9890 rl 18 np 0
T 1295 1228 6815.00 2086.00 -54.680 8.164 55.286 hs 0 hp 6853 2078 in -1 0 0 0 -1045 -9945 rl 17 np 0
T 1296 1229 6777.00 2095.00 -54.680 8.664 55.362 hs 4 hp 6768 1973 in -1 0 1 0 -3827 -9239 rl 16 np 0
T 1297 1230 6739.00 2101.00 -55.035 6.188 55.382 hs 5 hp 6759 1951 in -1 0 1 0 -3827 -9239 rl 15 np 0
T 1298 1231 6701.00 2108.00 -55.035 6.688 55.440 hs 0 hp 6739 2101 in -1 0 0 0 -3827 -9239 rl 14 np 0
T 1299 1232 6663.00 2115.00 -55.035 7.188 55.503 hs 0 hp 6701 2108 in -1 0 0 0 -290 -957 rl 13 np 0
T 1300 1233 6625.00 2123.00 -55.035 7.688 55.569 hs 0 hp 6663 2115 in -1 0 0 0 -290 -957 rl 12 np 0
T 1301 1234 6587.00 2131.00 -55.035 8.188 55.641 hs 0 hp 6625 2123 in -1 0 0 0 -290 -957 rl 11 np 0
T 1302 1235 6549.00 2140.00 -55.035 8.688 55.717 hs 0 hp 6587 2131 in -1 0 0 0 -290 -957 rl 10 np 0
T 1303 1236 6511.00 2149.00 -55.035 9.188 55.797 hs 0 hp 6549 2140 in -1 0 0 0 -290 -957 rl 9 np 0
T 1304 1237 6473.00 2159.00 -55.035 9.688 55.881 hs 0 hp 6511 2149 in -1 0 0 0 -290 -957 rl 8 np 0
T 1305 1238 6435.00 2166.00 -55.434 7.215 55.901 hs 5 hp 6457 2047 in -1 0 1 0 -1392 -9903 rl 7 np 0
T 1306 1239 6397.00 2171.00 -55.023 4.766 55.229 hs 5 hp 6457 2047 in -1 0 1 0 980 9952 rl 6 np 0
T 1307 1240 6359.00 2176.00 -55.023 5.266 55.275 hs 0 hp 6397 2171 in -1 0 0 0 -1219 -9925 rl 5 np 0
T 1308 1241 6321.00 2182.00 -55.023 5.766 55.325 hs 4 hp 6417 2068 in -1 0 1 0 4714 -8819 rl 4 np 0
T 1309 1242 6283.00 2188.00 -55.023 6.266 55.379 hs 0 hp 6321 2182 in -1 0 0 0 -1219 -9925 rl 3 np 0
T 1310 1243 6245.00 2192.00 -55.199 3.770 55.328 hs 5 hp 6278 2111 in -1 0 1 0 -610 -9981 rl 2 np 0
T 1311 1244 6207.00 2196.00 -55.199 4.270 55.364 hs 0 hp 6245 2192 in -1 0 0 0 -471 -882 rl 1 np 0
T 1312 1245 6169.00 2201.00 -55.199 4.770 55.405 hs 4 hp 6315 2254 in -1 0 1 0 8819 4714 rl 0 np 0
T 1313 1246 6131.00 2206.00 -55.199 5.270 55.450 hs 0 hp 6169 2201 in -1 0 0 0 980 -9952 rl 0 np 0
T 1314 1247 6093.00 2212.00 -55.199 5.770 55.500 hs 4 hp 6119 2327 in -1 0 1 0 -980 9952 rl 0 np 0
T 1315 1248 6055.00 2219.00 -54.750 7.152 55.215 hs 5 hp 6118 2336 in -1 0 1 1 -7744 -6327 rl 24 np 1
T 1316 1249 6021.00 2239.00 -48.785 20.227 52.812 hs 5 hp 6118 2336 in 0 0 1 0 -980 9952 rl 23 np 0
E 1316 1249 ex 6046.5 2175.1 tee 6055.0 2219.0 dist 44.7 |f| 12.00
T 1317 1250 5988.00 2260.00 -47.195 21.363 51.805 hs 5 hp 6118 2336 in -1 0 1 1 -6341 -7732 rl 22 np 0
T 1318 1251 5955.00 2282.00 -45.695 21.863 50.656 hs 0 hp 5988 2260 in 1 0 0 0 -6341 -7732 rl 21 np 0
T 1319 1252 5923.00 2304.00 -43.410 22.363 48.832 hs 4 hp 5994 2398 in 0 0 1 0 3173 9483 rl 20 np 0
T 1320 1253 5893.00 2328.00 -40.473 23.641 46.871 hs 5 hp 6016 2463 in 1 0 1 0 -980 9952 rl 19 np 0
T 1321 1254 5864.00 2352.00 -38.449 24.141 45.399 hs 0 hp 5893 2328 in 0 0 0 0 -980 9952 rl 18 np 0
T 1322 1255 5836.00 2377.00 -36.949 24.641 44.412 hs 4 hp 5876 2473 in 1 0 1 0 980 9952 rl 17 np 0
T 1323 1256 5810.00 2403.00 -34.492 25.988 43.187 hs 5 hp 5878 2496 in 1 0 1 0 980 9952 rl 16 np 0
T 1324 1257 5786.00 2430.00 -31.441 27.215 41.584 hs 5 hp 5878 2496 in 0 0 1 0 2840 9588 rl 15 np 0
T 1325 1258 5764.00 2458.00 -28.043 28.238 39.797 hs 5 hp 5878 2496 in 0 0 1 0 2840 9588 rl 14 np 0
T 1326 1259 5745.00 2487.00 -23.840 29.023 37.559 hs 5 hp 5878 2496 in 1 0 1 0 2609 9654 rl 13 np 0
T 1327 1260 5728.00 2517.00 -21.594 29.586 36.628 hs 5 hp 5878 2496 in -1 0 1 0 2609 9654 rl 12 np 0
T 1328 1261 5711.00 2547.00 -21.594 30.086 37.033 hs 0 hp 5728 2517 in -1 0 0 0 2609 9654 rl 11 np 0
T 1329 1262 5694.00 2578.00 -20.516 30.586 36.829 hs 0 hp 5711 2547 in 0 0 0 0 2609 9654 rl 10 np 0
T 1330 1263 5678.00 2609.00 -20.516 31.086 37.245 hs 5 hp 5599 2607 in -1 0 1 0 -9569 2903 rl 9 np 0
T 1331 1264 5662.00 2641.00 -20.516 31.586 37.664 hs 0 hp 5678 2609 in -1 0 0 0 6018 7986 rl 8 np 0
T 1332 1265 5644.00 2671.00 -22.879 30.410 38.056 hs 5 hp 5599 2599 in -1 0 1 0 -8290 -5592 rl 7 np 0
T 1333 1266 5624.00 2699.00 -24.391 28.367 37.411 hs 5 hp 5599 2599 in -1 0 1 0 -8290 -5592 rl 6 np 0
T 1334 1267 5604.00 2725.00 -25.082 25.957 36.095 hs 5 hp 5599 2599 in -1 0 1 0 -8290 -5592 rl 5 np 0
T 1335 1268 5584.00 2751.00 -25.082 26.457 36.457 hs 0 hp 5604 2725 in -1 0 0 0 -707 -707 rl 4 np 0
T 1336 1269 5562.00 2776.00 -26.816 24.578 36.376 hs 5 hp 5510 2655 in -1 0 1 0 -6088 -7934 rl 3 np 0
T 1337 1270 5539.00 2798.00 -27.941 22.320 35.762 hs 5 hp 5510 2655 in -1 0 1 0 -707 -707 rl 2 np 0
T 1338 1271 5516.00 2818.00 -28.508 19.879 34.754 hs 5 hp 5510 2655 in -1 0 1 0 -707 -707 rl 1 np 0
T 1339 1272 5493.00 2838.00 -28.508 20.379 35.043 hs 0 hp 5516 2818 in -1 0 0 0 -707 -707 rl 0 np 0
T 1340 1273 5470.00 2859.00 -28.508 20.879 35.336 hs 4 hp 5393 2768 in -1 0 1 0 -8192 -5736 rl 0 np 0
T 1341 1274 5447.00 2880.00 -28.508 21.379 35.634 hs 4 hp 5327 2722 in -1 0 1 1 -7969 6041 rl 24 np 1
T 1342 1275 5424.00 2902.00 -28.508 21.879 35.936 hs 4 hp 5261 2676 in -1 0 1 0 -7730 -6344 rl 23 np 1
T 1343 1276 5400.00 2922.00 -30.219 19.980 36.227 hs 5 hp 5247 2666 in -1 0 1 0 -831 -556 rl 22 np 1
T 1344 1277 5374.00 2940.00 -31.680 17.906 36.390 hs 5 hp 5247 2666 in -1 0 1 0 -831 -556 rl 21 np 1
T 1345 1278 5347.00 2956.00 -32.879 15.684 36.428 hs 5 hp 5247 2666 in -1 0 1 0 -831 -556 rl 20 np 1
T 1346 1279 5320.00 2961.00 -33.809 0.000 33.809 hs 5 hp 5247 2666 in -1 0 1 0 -831 -556 rl 19 np 1
T 1347 1280 5293.00 2948.00 -33.809 -13.199 36.294 hs 5 hp 5247 2666 in -1 1 1 0 -831 -556 rl 18 np 1
T 1348 1281 5261.00 2929.00 -43.535 -18.930 47.473 hs 0 hp 5293 2948 in -1 0 0 0 -831 -556 rl 17 np 0
E 1348 1281 ex 5336.2 2975.6 tee 5293.0 2948.0 dist 51.2 |f| 11.55
T 1349 1282 5229.00 2911.00 -43.883 -17.535 47.257 hs 5 hp 5255 2976 in -1 0 1 0 -1219 9925 rl 16 np 0
T 1350 1283 5197.00 2894.00 -43.883 -17.035 47.073 hs 0 hp 5229 2911 in -1 0 0 0 2296 -9733 rl 15 np 0
T 1351 1284 5165.00 2877.00 -43.883 -16.535 46.895 hs 0 hp 5197 2894 in -1 0 0 0 2296 -9733 rl 14 np 0
T 1352 1285 5132.00 2861.00 -43.883 -16.035 46.721 hs 4 hp 5115 2988 in -1 0 1 0 -4067 9135 rl 13 np 0
T 1353 1286 5099.00 2845.00 -43.883 -15.535 46.552 hs 0 hp 5132 2861 in -1 0 0 0 -4067 9135 rl 12 np 0
T 1354 1287 5066.00 2830.00 -43.883 -15.035 46.387 hs 4 hp 5212 2892 in -1 0 1 0 924 383 rl 11 np 0
T 1355 1288 5033.00 2815.00 -43.883 -14.535 46.227 hs 0 hp 5066 2830 in -1 0 0 0 924 383 rl 10 np 0
T 1356 1289 5000.00 2801.00 -43.883 -14.035 46.073 hs 0 hp 5033 2815 in -1 0 0 0 924 383 rl 9 np 0
