T 1238 1171 8746.00 2114.00 -40.422 -1.297 40.443 hs 0 hp 8778 2115 in -1 0 0 0 9681 -2507 rl 21 np 0
T 1239 1172 8714.00 2113.00 -40.422 -0.797 40.430 hs 0 hp 8746 2114 in -1 0 0 1 9970 -779 rl 20 np 0
T 1240 1173 8682.00 2113.00 -40.422 -0.297 40.423 hs 0 hp 8714 2113 in -1 0 0 0 0 10000 rl 19 np 0
T 1241 1174 8650.00 2113.00 -40.422 0.203 40.422 hs 0 hp 8682 2113 in -1 0 0 0 0 10000 rl 18 np 0
T 1242 1175 8618.00 2114.00 -40.422 0.703 40.428 hs 4 hp 8615 1996 in -1 0 1 0 -2891 -9573 rl 17 np 0
T 1243 1176 8586.00 2115.00 -40.422 1.203 40.440 hs 0 hp 8618 2114 in -1 0 0 0 -924 383 rl 16 np 0
T 1244 1177 8554.00 2117.00 -40.422 1.703 40.458 hs 0 hp 8586 2115 in -1 0 0 0 -924 383 rl 15 np 0
T 1245 1178 8522.00 2119.00 -40.422 2.203 40.482 hs 0 hp 8554 2117 in -1 0 0 0 -924 383 rl 14 np 0
T 1246 1179 8490.00 2122.00 -40.422 2.703 40.512 hs 0 hp 8522 2119 in -1 0 0 0 -924 383 rl 13 np 0
T 1247 1180 8458.00 2125.00 -40.422 3.203 40.549 hs 0 hp 8490 2122 in -1 0 0 0 -924 383 rl 12 np 0
T 1248 1181 8427.00 2129.00 -40.422 3.703 40.591 hs 5 hp 8372 2079 in -1 0 1 0 -8819 -4714 rl 11 np 0
T 1249 1182 8396.00 2133.00 -40.422 4.203 40.640 hs 5 hp 8372 2079 in -1 0 1 0 -8819 -4714 rl 10 np 0
T 1250 1183 8365.00 2138.00 -40.422 4.703 40.695 hs 0 hp 8396 2133 in -1 0 0 0 556 -831 rl 9 np 0
T 1251 1184 8333.00 2140.00 -40.570 2.207 40.630 hs 5 hp 8362 2079 in -1 0 1 0 -523 -9986 rl 8 np 0
T 1252 1185 8301.00 2143.00 -40.570 2.707 40.661 hs 0 hp 8333 2140 in -1 0 0 0 -6344 -7730 rl 7 np 0
T 1253 1186 8269.00 2143.00 -40.695 0.211 40.696 hs 5 hp 8298 2079 in -1 0 1 0 -436 -9990 rl 6 np 0
T 1254 1187 8237.00 2144.00 -40.695 0.711 40.702 hs 0 hp 8269 2143 in -1 0 0 0 -6344 -7730 rl 5 np 0
T 1255 1188 8205.00 2142.00 -40.656 -1.789 40.696 hs 5 hp 8238 2079 in -1 0 1 0 175 -9998 rl 4 np 0
T 1256 1189 8173.00 2141.00 -40.656 -1.289 40.677 hs 0 hp 8205 2142 in -1 0 0 0 -957 -290 rl 3 np 0
T 1257 1190 8141.00 2137.00 -40.480 -3.781 40.657 hs 5 hp 8178 2079 in -1 0 1 0 785 -9969 rl 2 np 0
T 1258 1191 8109.00 2134.00 -40.480 -3.281 40.613 hs 0 hp 8141 2137 in -1 0 0 0 -957 -290 rl 1 np 0
T 1259 1192 8077.00 2131.00 -40.480 -2.781 40.576 hs 4 hp 8218 2080 in -1 0 1 0 8949 -4462 rl 0 np 0
T 1260 1193 8045.00 2129.00 -40.480 -2.281 40.545 hs 0 hp 8077 2131 in -1 0 0 0 -17 -1000 rl 0 np 0
T 1261 1194 8014.00 2124.00 -40.227 -4.762 40.507 hs 5 hp 8051 2079 in -1 0 1 0 1132 -9936 rl 0 np 0
T 1262 1195 7983.00 2120.00 -40.227 -4.262 40.452 hs 0 hp 8014 2124 in -1 0 0 0 -290 957 rl 0 np 0
T 1263 1196 7952.00 2116.00 -40.227 -3.762 40.402 hs 0 hp 7983 2120 in -1 0 0 1 5143 -8576 rl 24 np 1
T 1264 1197 7917.00 2115.00 -47.988 -1.078 48.000 hs 5 hp 7956 2047 in -1 0 1 0 523 -9986 rl 23 np 0
E 1264 1197 ex 8007.7 2079.4 tee 7952.0 2116.0 dist 66.6 |f| 9.43
T 1265 1198 7882.00 2114.00 -47.988 -0.578 47.992 hs 0 hp 7917 2115 in -1 0 0 0 523 -9986 rl 22 np 0
T 1266 1199 7847.00 2111.00 -47.871 -3.074 47.970 hs 5 hp 7886 2047 in -1 0 1 0 523 -9986 rl 21 np 0
T 1267 1200 7812.00 2108.00 -47.871 -2.574 47.940 hs 0 hp 7847 2111 in -1 0 0 0 523 -9986 rl 20 np 0
T 1268 1201 7777.00 2106.00 -47.871 -2.074 47.916 hs 0 hp 7812 2108 in -1 0 0 1 5143 -8576 rl 19 np 0
T 1269 1202 7742.00 2101.00 -47.676 -4.562 47.894 hs 5 hp 7782 2047 in -1 0 1 0 872 -9962 rl 18 np 0
T 1270 1203 7707.00 2097.00 -47.676 -4.062 47.849 hs 0 hp 7742 2101 in -1 0 0 0 924 -383 rl 17 np 0
T 1271 1204 7672.00 2090.00 -47.344 -6.531 47.792 hs 5 hp 7715 2047 in -1 0 1 0 1478 -9890 rl 16 np 0
T 1272 1205 7637.00 2084.00 -47.344 -6.031 47.726 hs 0 hp 7672 2090 in -1 0 0 0 924 -383 rl 15 np 0
T 1273 1206 7602.00 2078.00 -47.344 -5.531 47.666 hs 4 hp 7560 2178 in -1 0 1 0 -6344 7730 rl 14 np 0
T 1274 1207 7567.00 2073.00 -47.344 -5.031 47.610 hs 4 hp 7509 2240 in -1 0 1 0 -980 9952 rl 13 np 0
T 1275 1208 7532.00 2068.00 -47.344 -4.531 47.560 hs 5 hp 7483 2272 in -1 0 1 0 -980 9952 rl 12 np 0
T 1276 1209 7497.00 2064.00 -47.344 -4.031 47.515 hs 5 hp 7483 2272 in -1 0 1 0 1736 -9848 rl 11 np 0
T 1277 1210 7462.00 2060.00 -47.344 -3.531 47.475 hs 5 hp 7483 2272 in -1 0 1 0 -4714 8819 rl 10 np 0
T 1278 1211 7427.00 2057.00 -47.344 -3.031 47.441 hs 0 hp 7462 2060 in -1 0 0 0 290 -957 rl 9 np 0
T 1279 1212 7392.00 2054.00 -47.344 -2.531 47.411 hs 0 hp 7427 2057 in -1 0 0 0 -981 195 rl 8 np 0
T 1280 1213 7357.00 2049.00 -47.109 -5.016 47.376 hs 5 hp 7403 1951 in -1 0 1 0 1045 -9945 rl 7 np 0
T 1281 1214 7322.00 2044.00 -47.109 -4.516 47.325 hs 0 hp 7357 2049 in -1 0 0 0 981 -195 rl 6 np 0
T 1282 1215 7287.00 2040.00 -47.109 -4.016 47.280 hs 4 hp 7334 2165 in -1 0 1 0 980 9952 rl 5 np 0
T 1283 1216 7252.00 2036.00 -47.109 -3.516 47.240 hs 0 hp 7287 2040 in -1 0 0 0 981 -195 rl 4 np 0
T 1284 1217 7217.00 2033.00 -47.109 -3.016 47.206 hs 0 hp 7252 2036 in -1 0 0 0 981 -195 rl 3 np 0
T 1285 1218 7182.00 2030.00 -47.109 -2.516 47.176 hs 0 hp 7217 2033 in -1 0 0 0 981 -195 rl 2 np 0
T 1286 1219 7147.00 2028.00 -47.109 -2.016 47.152 hs 0 hp 7182 2030 in -1 0 0 0 -2756 9613 rl 1 np 0
T 1287 1220 7112.00 2026.00 -47.109 -1.516 47.134 hs 0 hp 7147 2028 in -1 0 0 0 -2756 9613 rl 0 np 0
T 1288 1221 7077.00 2025.00 -47.109 -1.016 47.120 hs 5 hp 7119 1983 in -1 0 1 1 1671 -9859 rl 24 np 1
T 1289 1222 7039.00 2032.00 -54.492 6.801 54.915 hs 0 hp 7077 2025 in -1 0 0 0 -9952 980 rl 23 np 0
E 1289 1222 ex 7119.4 1983.0 tee 7077.0 2025.0 dist 59.6 |f| 10.40
T 1290 1223 7001.00 2039.00 -54.492 7.301 54.979 hs 4 hp 7027 2153 in -1 0 1 0 -980 9952 rl 22 np 0
T 1291 1224 6963.00 2047.00 -54.492 7.801 55.048 hs 4 hp 7019 2233 in -1 0 1 0 -6344 -7730 rl 21 np 0
T 1292 1225 6925.00 2055.00 -54.492 8.301 55.121 hs 0 hp 6963 2047 in -1 0 0 0 -9952 980 rl 20 np 0
T 1293 1226 6887.00 2064.00 -54.492 8.801 55.198 hs 4 hp 7042 2020 in -1 0 1 0 9569 -2903 rl 19 np 0
T 1294 1227 6849.00 2073.00 -54.492 9.301 55.280 hs 0 hp 6887 2064 in -1 0 0 0 -1045 -9945 rl 18 np 0
T 1295 1228 6811.00 2083.00 -54.492 9.801 55.367 hs 0 hp 6849 2073 in -1 0 0 0 -1045 -9945 rl 17 np 0
T 1296 1229 6774.00 2093.00 -54.492 10.301 55.457 hs 4 hp 6753 1975 in -1 0 1 0 -4714 -8819 rl 16 np 0
T 1297 1230 6737.00 2104.00 -54.492 10.801 55.552 hs 5 hp 6740 1951 in -1 0 1 0 -4714 -8819 rl 15 np 0
T 1298 1231 6699.00 2112.00 -54.449 8.301 55.078 hs 5 hp 6740 1951 in -1 0 1 0 -3827 -9239 rl 14 np 0
T 1299 1232 6661.00 2121.00 -54.449 8.801 55.156 hs 0 hp 6699 2112 in -1 0 0 0 -290 -957 rl 13 np 0
T 1300 1233 6623.00 2127.00 -54.848 6.328 55.212 hs 5 hp 6651 2047 in -1 0 1 0 -1392 -9903 rl 12 np 0
T 1301 1234 6585.00 2134.00 -54.848 6.828 55.271 hs 0 hp 6623 2127 in -1 0 0 0 -290 -957 rl 11 np 0
T 1302 1235 6547.00 2141.00 -54.848 7.328 55.335 hs 4 hp 6578 2012 in -1 0 1 0 -610 -9981 rl 10 np 0
T 1303 1236 6509.00 2149.00 -54.848 7.828 55.403 hs 0 hp 6547 2141 in -1 0 0 0 -290 -957 rl 9 np 0
T 1304 1237 6471.00 2157.00 -54.848 8.328 55.476 hs 0 hp 6509 2149 in -1 0 0 0 -290 -957 rl 8 np 0
T 1305 1238 6433.00 2163.00 -55.195 5.852 55.505 hs 5 hp 6457 2047 in -1 0 1 0 -1219 -9925 rl 7 np 0
T 1306 1239 6395.00 2169.00 -55.195 6.352 55.560 hs 0 hp 6433 2163 in -1 0 0 0 -1219 -9925 rl 6 np 0
T 1307 1240 6357.00 2173.00 -55.445 3.863 55.580 hs 5 hp 6384 2047 in -1 0 1 0 -872 -9962 rl 5 np 0
T 1308 1241 6319.00 2177.00 -55.445 4.363 55.617 hs 0 hp 6357 2173 in -1 0 0 0 -1219 -9925 rl 4 np 0
T 1309 1242 6281.00 2182.00 -55.445 4.863 55.658 hs 4 hp 6436 2212 in -1 0 1 0 9569 2903 rl 3 np 0
T 1310 1243 6243.00 2187.00 -55.445 5.363 55.704 hs 4 hp 6513 2235 in -1 0 1 0 9569 2903 rl 2 np 0
T 1311 1244 6205.00 2193.00 -55.445 5.863 55.754 hs 0 hp 6243 2187 in -1 0 0 0 9569 2903 rl 1 np 0
T 1312 1245 6167.00 2199.00 -55.445 6.363 55.809 hs 0 hp 6205 2193 in -1 0 0 0 980 -9952 rl 0 np 0
T 1313 1246 6129.00 2206.00 -55.445 6.863 55.868 hs 0 hp 6167 2199 in -1 0 0 1 -9549 -2968 rl 24 np 1
T 1314 1247 6091.00 2213.00 -55.445 7.363 55.932 hs 4 hp 6093 2323 in -1 0 1 0 -2924 9563 rl 23 np 1
T 1315 1248 6053.00 2221.00 -55.445 7.863 56.000 hs 5 hp 6070 2400 in -1 0 1 0 6344 7730 rl 22 np 1
T 1316 1249 6014.00 2239.00 -61.086 18.223 63.746 hs 0 hp 6053 2221 in -1 0 0 0 6344 7730 rl 21 np 0
E 1316 1249 ex 6079.1 2175.3 tee 6053.0 2221.0 dist 52.7 |f| 11.36
T 1317 1250 5975.00 2258.00 -61.086 18.723 63.891 hs 0 hp 6014 2239 in -1 0 0 0 6344 7730 rl 20 np 0
