T 1238 1171 8746.00 2114.00 -40.422 -1.297 40.443 hs 0 hp 8778 2115 in -1 0 0 1 9970 -779 rl 21 np 0
T 1239 1172 8714.00 2113.00 -40.422 -0.797 40.430 hs 0 hp 8746 2114 in -1 0 0 1 9970 -779 rl 20 np 0
T 1240 1173 8682.00 2113.00 -40.422 -0.297 40.423 hs 0 hp 8714 2113 in -1 0 0 1 9970 -779 rl 19 np 0
T 1241 1174 8650.00 2113.00 -40.422 0.203 40.422 hs 0 hp 8682 2113 in -1 0 0 0 0 10000 rl 18 np 0
T 1242 1175 8618.00 2114.00 -40.422 0.703 40.428 hs 0 hp 8650 2113 in -1 0 0 0 -924 383 rl 17 np 0
T 1243 1176 8586.00 2115.00 -40.422 1.203 40.440 hs 4 hp 8583 1997 in -1 0 1 0 -2891 -9573 rl 16 np 0
T 1244 1177 8554.00 2117.00 -40.422 1.703 40.458 hs 4 hp 8560 1920 in -1 0 1 0 -9952 -980 rl 15 np 0
T 1245 1178 8522.00 2119.00 -40.422 2.203 40.482 hs 0 hp 8554 2117 in -1 0 0 0 -924 383 rl 14 np 0
T 1246 1179 8490.00 2122.00 -40.422 2.703 40.512 hs 0 hp 8522 2119 in -1 0 0 0 -924 383 rl 13 np 0
T 1247 1180 8458.00 2125.00 -40.422 3.203 40.549 hs 0 hp 8490 2122 in -1 0 0 0 -924 383 rl 12 np 0
T 1248 1181 8427.00 2129.00 -40.422 3.703 40.591 hs 0 hp 8458 2125 in -1 0 0 0 -924 383 rl 11 np 0
T 1249 1182 8396.00 2133.00 -40.422 4.203 40.640 hs 5 hp 8334 2079 in -1 0 1 0 -8819 -4714 rl 10 np 0
T 1250 1183 8365.00 2138.00 -40.422 4.703 40.695 hs 0 hp 8396 2133 in -1 0 0 0 556 -831 rl 9 np 0
T 1251 1184 8333.00 2140.00 -40.547 2.207 40.607 hs 5 hp 8362 2079 in -1 0 1 0 -436 -9990 rl 8 np 0
T 1252 1185 8301.00 2143.00 -40.547 2.707 40.637 hs 0 hp 8333 2140 in -1 0 0 0 -6344 -7730 rl 7 np 0
T 1253 1186 8269.00 2143.00 -40.672 0.211 40.672 hs 5 hp 8298 2079 in -1 0 1 0 -436 -9990 rl 6 np 0
T 1254 1187 8237.00 2144.00 -40.672 0.711 40.678 hs 0 hp 8269 2143 in -1 0 0 0 -6344 -7730 rl 5 np 0
T 1255 1188 8205.00 2142.00 -40.633 -1.789 40.672 hs 5 hp 8238 2079 in -1 0 1 0 175 -9998 rl 4 np 0
T 1256 1189 8173.00 2141.00 -40.633 -1.289 40.653 hs 0 hp 8205 2142 in -1 0 0 0 -957 -290 rl 3 np 0
T 1257 1190 8141.00 2137.00 -40.457 -3.781 40.633 hs 5 hp 8178 2079 in -1 0 1 0 785 -9969 rl 2 np 0
T 1258 1191 8109.00 2134.00 -40.457 -3.281 40.590 hs 0 hp 8141 2137 in -1 0 0 0 -957 -290 rl 1 np 0
T 1259 1192 8077.00 2131.00 -40.457 -2.781 40.553 hs 4 hp 8218 2080 in -1 0 1 0 8949 -4462 rl 0 np 0
T 1260 1193 8045.00 2129.00 -40.457 -2.281 40.521 hs 0 hp 8077 2131 in -1 0 0 0 -17 -1000 rl 0 np 0
T 1261 1194 8014.00 2124.00 -40.203 -4.762 40.484 hs 5 hp 8051 2079 in -1 0 1 0 1132 -9936 rl 0 np 0
T 1262 1195 7983.00 2120.00 -40.203 -4.262 40.428 hs 0 hp 8014 2124 in -1 0 0 0 -290 957 rl 0 np 0
T 1263 1196 7952.00 2116.00 -40.203 -3.762 40.379 hs 0 hp 7983 2120 in -1 0 0 1 5143 -8576 rl 24 np 1
T 1264 1197 7917.00 2115.00 -47.965 -1.078 47.977 hs 5 hp 7956 2047 in -1 0 1 0 523 -9986 rl 23 np 0
E 1264 1197 ex 8007.7 2079.4 tee 7952.0 2116.0 dist 66.6 |f| 9.43
T 1265 1198 7882.00 2114.00 -47.965 -0.578 47.968 hs 0 hp 7917 2115 in -1 0 0 0 523 -9986 rl 22 np 0
T 1266 1199 7847.00 2111.00 -47.848 -3.074 47.946 hs 5 hp 7886 2047 in -1 0 1 0 523 -9986 rl 21 np 0
T 1267 1200 7812.00 2108.00 -47.848 -2.574 47.917 hs 0 hp 7847 2111 in -1 0 0 1 5143 -8576 rl 20 np 0
T 1268 1201 7777.00 2106.00 -47.848 -2.074 47.893 hs 0 hp 7812 2108 in -1 0 0 1 5143 -8576 rl 19 np 0
T 1269 1202 7742.00 2101.00 -47.652 -4.562 47.870 hs 5 hp 7782 2047 in -1 0 1 0 872 -9962 rl 18 np 0
T 1270 1203 7707.00 2097.00 -47.652 -4.062 47.825 hs 0 hp 7742 2101 in -1 0 0 0 924 -383 rl 17 np 0
T 1271 1204 7672.00 2090.00 -47.320 -6.531 47.769 hs 5 hp 7715 2047 in -1 0 1 0 1478 -9890 rl 16 np 0
T 1272 1205 7637.00 2084.00 -47.320 -6.031 47.703 hs 0 hp 7672 2090 in -1 0 0 0 924 -383 rl 15 np 0
T 1273 1206 7602.00 2078.00 -47.320 -5.531 47.642 hs 4 hp 7602 2201 in -1 0 1 0 -2903 9569 rl 14 np 0
T 1274 1207 7567.00 2073.00 -47.320 -5.031 47.587 hs 4 hp 7579 2278 in -1 0 1 0 -980 9952 rl 13 np 0
T 1275 1208 7532.00 2068.00 -47.320 -4.531 47.537 hs 4 hp 7556 2355 in -1 0 1 0 -980 9952 rl 12 np 0
T 1276 1209 7497.00 2064.00 -47.320 -4.031 47.492 hs 0 hp 7532 2068 in -1 0 0 0 290 -957 rl 11 np 0
T 1277 1210 7462.00 2060.00 -47.320 -3.531 47.452 hs 0 hp 7497 2064 in -1 0 0 0 290 -957 rl 10 np 0
T 1278 1211 7427.00 2057.00 -47.320 -3.031 47.417 hs 0 hp 7462 2060 in -1 0 0 0 290 -957 rl 9 np 0
T 1279 1212 7392.00 2054.00 -47.320 -2.531 47.388 hs 0 hp 7427 2057 in -1 0 0 0 -981 195 rl 8 np 0
T 1280 1213 7357.00 2049.00 -47.086 -5.016 47.352 hs 5 hp 7403 1951 in -1 0 1 0 1045 -9945 rl 7 np 0
T 1281 1214 7322.00 2044.00 -47.086 -4.516 47.302 hs 0 hp 7357 2049 in -1 0 0 0 981 -195 rl 6 np 0
T 1282 1215 7287.00 2040.00 -47.086 -4.016 47.257 hs 4 hp 7205 2009 in -1 0 1 0 -9569 -2903 rl 5 np 0
T 1283 1216 7252.00 2036.00 -47.086 -3.516 47.217 hs 4 hp 7128 1986 in -1 0 1 0 980 9952 rl 4 np 0
T 1284 1217 7217.00 2033.00 -47.086 -3.016 47.182 hs 0 hp 7252 2036 in -1 0 0 0 981 -195 rl 3 np 0
T 1285 1218 7182.00 2030.00 -47.086 -2.516 47.153 hs 4 hp 7183 2150 in -1 0 1 0 -2756 9613 rl 2 np 0
T 1286 1219 7147.00 2028.00 -47.086 -2.016 47.129 hs 0 hp 7182 2030 in -1 0 0 0 -2756 9613 rl 1 np 0
T 1287 1220 7112.00 2026.00 -47.086 -1.516 47.110 hs 0 hp 7147 2028 in -1 0 0 0 -2756 9613 rl 0 np 0
T 1288 1221 7077.00 2025.00 -47.086 -1.016 47.097 hs 0 hp 7112 2026 in -1 0 0 1 1671 -9859 rl 24 np 1
T 1289 1222 7039.00 2032.00 -54.469 6.801 54.892 hs 0 hp 7077 2025 in -1 0 0 0 -2756 9613 rl 23 np 0
E 1289 1222 ex 7119.4 1983.0 tee 7077.0 2025.0 dist 59.6 |f| 10.40
T 1290 1223 7001.00 2039.00 -54.469 7.301 54.956 hs 0 hp 7039 2032 in -1 0 0 0 -9952 980 rl 22 np 0
T 1291 1224 6963.00 2047.00 -54.469 7.801 55.025 hs 0 hp 7001 2039 in -1 0 0 0 -9952 980 rl 21 np 0
T 1292 1225 6925.00 2055.00 -54.469 8.301 55.098 hs 0 hp 6963 2047 in -1 0 0 0 -9952 980 rl 20 np 0
T 1293 1226 6887.00 2064.00 -54.469 8.801 55.175 hs 0 hp 6925 2055 in -1 0 0 0 -9952 980 rl 19 np 0
T 1294 1227 6849.00 2073.00 -54.469 9.301 55.257 hs 4 hp 7004 2029 in -1 0 1 0 9569 -2903 rl 18 np 0
T 1295 1228 6811.00 2083.00 -54.469 9.801 55.343 hs 0 hp 6849 2073 in -1 0 0 0 -1045 -9945 rl 17 np 0
T 1296 1229 6774.00 2093.00 -54.469 10.301 55.434 hs 4 hp 6753 1975 in -1 0 1 0 -4714 -8819 rl 16 np 0
T 1297 1230 6737.00 2104.00 -54.469 10.801 55.529 hs 5 hp 6740 1951 in -1 0 1 0 -4714 -8819 rl 15 np 0
T 1298 1231 6699.00 2112.00 -54.426 8.301 55.055 hs 5 hp 6740 1951 in -1 0 1 0 -3827 -9239 rl 14 np 0
T 1299 1232 6661.00 2121.00 -54.426 8.801 55.133 hs 0 hp 6699 2112 in -1 0 0 0 -290 -957 rl 13 np 0
T 1300 1233 6623.00 2127.00 -54.824 6.328 55.188 hs 5 hp 6651 2047 in -1 0 1 0 -1392 -9903 rl 12 np 0
T 1301 1234 6585.00 2134.00 -54.824 6.828 55.248 hs 0 hp 6623 2127 in -1 0 0 0 -290 -957 rl 11 np 0
T 1302 1235 6547.00 2141.00 -54.824 7.328 55.312 hs 4 hp 6578 2012 in -1 0 1 0 -610 -9981 rl 10 np 0
T 1303 1236 6509.00 2149.00 -54.824 7.828 55.380 hs 0 hp 6547 2141 in -1 0 0 0 -290 -957 rl 9 np 0
T 1304 1237 6471.00 2157.00 -54.824 8.328 55.453 hs 4 hp 6502 2027 in -1 0 1 0 -610 -9981 rl 8 np 0
T 1305 1238 6433.00 2166.00 -54.824 8.828 55.530 hs 0 hp 6471 2157 in -1 0 0 0 -290 -957 rl 7 np 0
T 1306 1239 6395.00 2176.00 -54.605 10.223 55.554 hs 5 hp 6443 2272 in -1 0 1 0 980 9952 rl 6 np 0
T 1307 1240 6358.00 2187.00 -54.605 10.723 55.648 hs 0 hp 6395 2176 in -1 0 0 0 -1219 -9925 rl 5 np 0
T 1308 1241 6321.00 2198.00 -54.605 11.223 55.747 hs 0 hp 6358 2187 in -1 0 0 0 -1219 -9925 rl 4 np 0
T 1309 1242 6284.00 2211.00 -54.387 12.617 55.831 hs 5 hp 6328 2272 in -1 0 1 0 980 9952 rl 3 np 0
T 1310 1243 6247.00 2224.00 -54.387 13.117 55.946 hs 0 hp 6284 2211 in -1 0 0 0 -1219 -9925 rl 2 np 0
T 1311 1244 6210.00 2238.00 -53.734 14.477 55.650 hs 5 hp 6261 2272 in -1 0 1 0 2903 9569 rl 1 np 0
T 1312 1245 6173.00 2253.00 -53.734 14.977 55.782 hs 0 hp 6210 2238 in -1 0 0 0 980 -9952 rl 0 np 0
T 1313 1246 6136.00 2269.00 -53.082 16.336 55.539 hs 5 hp 6198 2336 in -1 0 1 0 2903 9569 rl 0 np 0
T 1314 1247 6100.00 2286.00 -53.082 16.836 55.688 hs 0 hp 6136 2269 in -1 0 0 1 -3190 9478 rl 24 np 1
T 1315 1248 6064.00 2303.00 -53.082 17.336 55.841 hs 0 hp 6100 2286 in -1 0 0 0 980 -9952 rl 23 np 1
T 1316 1249 6024.00 2315.00 -61.691 12.102 62.867 hs 0 hp 6064 2303 in -1 0 0 0 980 -9952 rl 22 np 0
E 1316 1249 ex 6113.9 2336.3 tee 6064.0 2303.0 dist 60.0 |f| 10.35
