T 2408 2341 4837.00 4241.00 42.348 0.500 42.351 hs 0 hp 4804 4241 in 1 0 0 1 -8819 4714 rl 22 np 0
T 2409 2342 4870.00 4242.00 42.348 1.000 42.359 hs 0 hp 4837 4241 in 1 0 0 0 -8819 4714 rl 21 np 0
T 2410 2343 4903.00 4243.00 42.348 1.500 42.374 hs 0 hp 4870 4242 in 1 0 0 0 -8819 4714 rl 20 np 0
T 2411 2344 4936.00 4245.00 42.348 2.000 42.395 hs 0 hp 4903 4243 in 1 0 0 0 -8819 4714 rl 19 np 0
T 2412 2345 4969.00 4247.00 42.348 2.500 42.421 hs 0 hp 4936 4245 in 1 0 0 0 -8819 4714 rl 18 np 0
T 2413 2346 5002.00 4250.00 42.348 3.000 42.454 hs 0 hp 4969 4247 in 1 0 0 1 -8819 4714 rl 17 np 0
T 2414 2347 5035.00 4253.00 42.348 3.500 42.492 hs 4 hp 5030 4131 in 1 0 1 0 2334 -9724 rl 16 np 0
T 2415 2348 5068.00 4254.00 42.414 1.000 42.426 hs 5 hp 5039 4095 in 1 0 1 0 3867 -9222 rl 15 np 0
T 2416 2349 5101.00 4255.00 42.414 1.500 42.441 hs 0 hp 5068 4254 in 1 0 0 0 195 -981 rl 14 np 0
T 2417 2350 5134.00 4257.00 42.414 2.000 42.461 hs 4 hp 5136 4372 in 1 0 1 0 2903 9569 rl 13 np 0
T 2418 2351 5167.00 4259.00 42.414 2.500 42.488 hs 5 hp 5159 4448 in 1 0 1 0 2903 9569 rl 12 np 0
T 2419 2352 5199.00 4263.00 42.320 3.898 42.499 hs 5 hp 5159 4448 in 1 0 1 0 2903 9569 rl 11 np 0
T 2420 2353 5231.00 4267.00 42.320 4.398 42.548 hs 0 hp 5199 4263 in 1 0 0 0 195 -981 rl 10 np 0
T 2421 2354 5263.00 4272.00 42.320 4.898 42.603 hs 4 hp 5259 4148 in 1 0 1 0 2334 -9724 rl 9 np 0
T 2422 2355 5296.00 4273.00 42.461 0.000 42.461 hs 5 hp 5272 4095 in 1 0 1 0 2334 -9724 rl 8 np 0
T 2423 2356 5329.00 4273.00 42.461 0.500 42.464 hs 0 hp 5296 4273 in 1 0 0 0 195 -981 rl 7 np 0
T 2424 2357 5362.00 4274.00 42.461 1.000 42.473 hs 4 hp 5341 4152 in 1 0 1 0 951 -9955 rl 6 np 0
T 2425 2358 5394.00 4273.00 42.266 -1.488 42.292 hs 5 hp 5346 4095 in 1 0 1 0 951 -9955 rl 5 np 0
T 2426 2359 5426.00 4272.00 42.266 -0.988 42.277 hs 0 hp 5394 4273 in 1 0 0 0 98 -995 rl 4 np 0
T 2427 2360 5458.00 4272.00 42.266 -0.488 42.268 hs 4 hp 5547 4284 in 1 0 1 0 9952 980 rl 3 np 0
T 2428 2361 5490.00 4272.00 42.266 0.012 42.266 hs 4 hp 5627 4292 in 1 0 1 0 9952 980 rl 2 np 0
T 2429 2362 5522.00 4273.00 42.266 0.512 42.269 hs 4 hp 5707 4300 in 1 0 1 0 9952 980 rl 1 np 0
T 2430 2363 5554.00 4260.00 42.266 -13.199 44.279 hs 4 hp 5787 4308 in 1 1 1 0 -981 -9952 rl 0 np 0
T 2431 2364 5589.00 4239.00 50.711 -21.223 54.973 hs 0 hp 5554 4260 in 1 0 0 1 -7071 7071 rl 24 np 0
E 2431 2364 ex 5526.4 4287.9 tee 5554.0 4260.0 dist 39.3 |f| 12.00
T 2432 2365 5624.00 4218.00 50.711 -20.723 54.782 hs 4 hp 5627 4355 in 1 0 1 0 3090 9511 rl 23 np 0
T 2433 2366 5659.00 4199.00 51.035 -19.328 54.573 hs 5 hp 5647 4416 in 1 0 1 1 -7071 7071 rl 22 np 0
T 2434 2367 5694.00 4180.00 51.035 -18.828 54.397 hs 0 hp 5659 4199 in 1 0 0 1 -7883 6153 rl 21 np 0
T 2435 2368 5729.00 4162.00 51.035 -18.328 54.226 hs 0 hp 5694 4180 in 1 0 0 1 -7883 6153 rl 20 np 0
T 2436 2369 5765.00 4144.00 51.035 -17.828 54.059 hs 0 hp 5729 4162 in 1 0 0 0 -7883 6153 rl 19 np 0
T 2437 2370 5801.00 4127.00 51.035 -17.328 53.897 hs 4 hp 5800 4261 in 1 0 1 0 2883 9575 rl 18 np 0
T 2438 2371 5837.00 4110.00 51.035 -16.828 53.738 hs 4 hp 5823 4338 in 1 0 1 0 2883 9575 rl 17 np 0
T 2439 2372 5873.00 4094.00 51.035 -16.328 53.584 hs 0 hp 5837 4110 in 1 0 0 0 -1153 -9933 rl 16 np 0
T 2440 2373 5909.00 4078.00 51.035 -15.828 53.433 hs 4 hp 5797 3999 in 1 0 1 0 -6225 -7826 rl 15 np 0
T 2441 2374 5945.00 4063.00 51.035 -15.328 53.287 hs 0 hp 5909 4078 in 1 0 0 0 -6225 -7826 rl 14 np 0
T 2442 2375 5981.00 4048.00 51.035 -14.828 53.146 hs 4 hp 5921 3943 in 1 0 1 0 -1994 -9799 rl 13 np 0
T 2443 2376 6016.00 4031.00 50.160 -17.094 52.993 hs 5 hp 5906 3871 in 1 0 1 0 -2893 -9572 rl 12 np 0
T 2444 2377 6051.00 4014.00 50.160 -16.594 52.834 hs 0 hp 6016 4031 in 1 0 0 0 -1153 -9933 rl 11 np 0
T 2445 2378 6086.00 3998.00 50.160 -16.094 52.679 hs 0 hp 6051 4014 in 1 0 0 0 -1153 -9933 rl 10 np 0
T 2446 2379 6121.00 3982.00 50.160 -15.594 52.528 hs 0 hp 6086 3998 in 1 0 0 0 -471 -882 rl 9 np 0
T 2447 2380 6156.00 3967.00 50.160 -15.094 52.382 hs 4 hp 6086 3865 in 1 0 1 0 -2893 -9572 rl 8 np 0
T 2448 2381 6191.00 3952.00 50.160 -14.594 52.240 hs 0 hp 6156 3967 in 1 0 0 0 -471 -882 rl 7 np 0
T 2449 2382 6226.00 3938.00 50.160 -14.094 52.103 hs 4 hp 6312 3964 in 1 0 1 0 9952 980 rl 6 np 0
T 2450 2383 6262.00 3924.00 50.160 -13.594 51.970 hs 0 hp 6226 3938 in 1 0 0 0 -471 -882 rl 5 np 0
T 2451 2384 6298.00 3911.00 50.160 -13.094 51.841 hs 4 hp 6297 4041 in 1 0 1 0 2903 9569 rl 4 np 0
T 2452 2385 6334.00 3898.00 50.160 -12.594 51.717 hs 5 hp 6313 4096 in 1 0 1 0 4929 8701 rl 3 np 0
T 2453 2386 6370.00 3886.00 50.160 -12.094 51.597 hs 0 hp 6334 3898 in 1 0 0 0 1000 0 rl 2 np 0
T 2454 2387 6406.00 3874.00 50.160 -12.000 51.576 hs 4 hp 6491 3898 in 1 1 1 0 9952 980 rl 1 np 0
T 2455 2388 6442.00 3862.00 50.160 -11.500 51.462 hs 4 hp 6571 3906 in 1 0 1 0 9952 980 rl 0 np 0
T 2456 2389 6478.00 3851.00 50.160 -11.000 51.352 hs 0 hp 6442 3862 in 1 0 0 0 1000 0 rl 0 np 0
T 2457 2390 6514.00 3840.00 50.160 -10.500 51.247 hs 0 hp 6478 3851 in 1 0 0 0 1000 0 rl 0 np 0
T 2458 2391 6550.00 3830.00 50.160 -10.000 51.147 hs 0 hp 6514 3840 in 1 0 0 0 1000 0 rl 0 np 0
T 2459 2392 6586.00 3821.00 50.160 -9.500 51.052 hs 0 hp 6550 3830 in 1 0 0 0 1000 0 rl 0 np 0
T 2460 2393 6622.00 3812.00 50.160 -9.000 50.961 hs 0 hp 6586 3821 in 1 0 0 0 1000 0 rl 0 np 0
T 2461 2394 6658.00 3803.00 50.160 -8.500 50.875 hs 0 hp 6622 3812 in 1 0 0 0 1000 0 rl 0 np 0
T 2462 2395 6694.00 3795.00 50.160 -8.000 50.794 hs 0 hp 6658 3803 in 1 0 0 0 1000 0 rl 0 np 0
T 2463 2396 6730.00 3788.00 50.160 -7.500 50.718 hs 5 hp 6705 3904 in 1 0 1 0 980 9952 rl 0 np 0
T 2464 2397 6766.00 3781.00 50.160 -7.000 50.646 hs 0 hp 6730 3788 in 1 0 0 0 773 -634 rl 0 np 0
T 2465 2398 6802.00 3774.00 50.160 -6.500 50.580 hs 5 hp 6775 3872 in 1 0 1 0 980 9952 rl 0 np 0
T 2466 2399 6838.00 3768.00 50.160 -6.000 50.518 hs 0 hp 6802 3774 in 1 0 0 0 -4067 9135 rl 0 np 0
T 2467 2400 6874.00 3762.00 50.160 -5.500 50.461 hs 4 hp 6803 3885 in 1 0 1 0 -2903 9569 rl 0 np 0
T 2468 2401 6910.00 3757.00 50.160 -5.000 50.409 hs 0 hp 6874 3762 in 1 0 0 1 8212 -5706 rl 24 np 1
T 2469 2402 6946.00 3753.00 50.160 -4.500 50.362 hs 4 hp 6852 3865 in 1 0 1 0 -4714 8819 rl 23 np 1
T 2470 2403 6982.00 3749.00 50.160 -4.000 50.319 hs 0 hp 6946 3753 in 1 0 0 0 -4714 8819 rl 22 np 1
T 2471 2404 7021.00 3755.00 57.539 5.961 57.847 hs 0 hp 6982 3749 in 1 0 0 0 -4714 8819 rl 21 np 0
E 2471 2404 ex 6952.6 3711.3 tee 6982.0 3749.0 dist 47.8 |f| 12.00
T 2472 2405 7060.00 3761.00 57.539 6.461 57.901 hs 4 hp 7069 3643 in 1 0 1 0 3907 -9205 rl 20 np 0
T 2473 2406 7099.00 3768.00 57.539 6.961 57.959 hs 0 hp 7060 3761 in 1 0 0 0 3907 -9205 rl 19 np 0
T 2474 2407 7138.00 3775.00 57.539 7.461 58.021 hs 4 hp 7041 3660 in 1 0 1 0 -4714 -8819 rl 18 np 0
T 2475 2408 7177.00 3783.00 57.539 7.961 58.087 hs 0 hp 7138 3775 in 1 0 0 0 556 831 rl 17 np 0
T 2476 2409 7216.00 3791.00 57.539 8.461 58.158 hs 4 hp 7100 3689 in 1 0 1 0 -6344 -7730 rl 16 np 0
T 2477 2410 7255.00 3800.00 57.539 8.961 58.233 hs 4 hp 7049 3627 in 1 0 1 0 980 9952 rl 15 np 0
T 2478 2411 7294.00 3809.00 57.539 9.461 58.312 hs 0 hp 7255 3800 in 1 0 0 0 556 831 rl 14 np 0
T 2479 2412 7333.00 3819.00 57.539 9.961 58.395 hs 4 hp 7371 3903 in 1 0 1 0 6344 7730 rl 13 np 0
T 2480 2413 7372.00 3829.00 57.539 10.461 58.482 hs 4 hp 7422 3965 in 1 0 1 0 2861 9582 rl 12 np 0
T 2481 2414 7411.00 3840.00 57.539 10.961 58.574 hs 0 hp 7372 3829 in 1 0 0 0 2861 9582 rl 11 np 0
T 2482 2415 7450.00 3851.00 57.539 11.461 58.669 hs 0 hp 7411 3840 in 1 0 0 0 2861 9582 rl 10 np 0
T 2483 2416 7488.00 3863.00 57.539 11.961 58.769 hs 4 hp 7470 3971 in 1 0 1 0 1609 9870 rl 9 np 0
T 2484 2417 7526.00 3875.00 57.539 12.461 58.873 hs 5 hp 7480 4032 in 1 0 1 0 2861 9582 rl 8 np 0
T 2485 2418 7564.00 3889.00 56.906 13.824 58.561 hs 5 hp 7480 4032 in 1 0 1 0 1609 9870 rl 7 np 0
T 2486 2419 7602.00 3904.00 55.766 15.102 57.774 hs 5 hp 7480 4032 in 1 0 1 0 2851 9585 rl 6 np 0
T 2487 2420 7640.00 3920.00 55.766 15.602 57.907 hs 0 hp 7602 3904 in 1 0 0 0 2851 9585 rl 5 np 0
T 2488 2421 7678.00 3936.00 55.766 16.102 58.044 hs 5 hp 7664 4000 in 1 0 1 0 2903 9569 rl 4 np 0
T 2489 2422 7715.00 3953.00 55.285 17.480 57.983 hs 5 hp 7664 4000 in 1 0 1 1 -2903 -9569 rl 3 np 0
T 2490 2423 7752.00 3971.00 55.285 17.980 58.136 hs 0 hp 7715 3953 in 1 0 0 0 290 957 rl 2 np 0
T 2491 2424 7789.00 3989.00 55.285 18.480 58.292 hs 0 hp 7752 3971 in 1 0 0 0 290 957 rl 1 np 0
T 2492 2425 7826.00 4009.00 54.633 19.840 58.124 hs 5 hp 7756 4096 in 1 0 1 0 -2903 9569 rl 0 np 0
T 2493 2426 7863.00 4029.00 54.633 20.340 58.296 hs 0 hp 7826 4009 in 1 0 0 0 0 1000 rl 0 np 0
T 2494 2427 7899.00 4051.00 53.980 21.699 58.179 hs 5 hp 7839 4107 in 1 0 1 0 -2903 9569 rl 0 np 0
T 2495 2428 7935.00 4073.00 53.980 22.199 58.367 hs 0 hp 7899 4051 in 1 0 0 0 0 1000 rl 0 np 0
T 2496 2429 7971.00 4096.00 53.980 22.699 58.559 hs 0 hp 7935 4073 in 1 0 0 0 0 1000 rl 0 np 0
T 2497 2430 8007.00 4119.00 53.980 23.199 58.755 hs 4 hp 7936 4213 in 1 0 1 0 -2888 9574 rl 0 np 0
T 2498 2431 8043.00 4143.00 53.980 23.699 58.954 hs 0 hp 8007 4119 in 1 0 0 1 5899 8075 rl 24 np 1
T 2499 2432 8079.00 4167.00 53.980 24.199 59.157 hs 0 hp 8043 4143 in 1 0 0 0 -195 981 rl 23 np 1
T 2500 2433 8116.00 4189.00 54.809 21.828 58.995 hs 5 hp 8110 4063 in 1 0 1 0 2903 -9569 rl 22 np 1
T 2501 2434 8156.00 4211.00 65.406 21.805 68.945 hs 0 hp 8116 4189 in 1 0 0 0 2903 -9569 rl 21 np 0
E 2501 2434 ex 8058.0 4191.9 tee 8116.0 4189.0 dist 58.1 |f| 10.61
T 2502 2435 8197.00 4230.00 66.254 19.441 69.047 hs 5 hp 8192 4095 in 1 0 1 0 2974 -9548 rl 20 np 0
T 2503 2436 8238.00 4250.00 66.254 19.941 69.190 hs 0 hp 8197 4230 in 1 0 0 0 -195 981 rl 19 np 0
T 2504 2437 8279.00 4268.00 66.992 17.543 69.251 hs 5 hp 8262 4159 in 1 0 1 0 2588 -9659 rl 18 np 0
T 2505 2438 8320.00 4286.00 66.992 18.043 69.379 hs 0 hp 8279 4268 in 1 0 0 0 2588 -9659 rl 17 np 0
T 2506 2439 8361.00 4305.00 66.992 18.543 69.511 hs 4 hp 8203 4251 in 1 0 1 0 -9569 -2903 rl 16 np 0
