T 2408 2341 4837.00 4241.00 42.348 0.500 42.351 hs 0 hp 4804 4241 in 1 0 0 1 -8819 4714 rl 22 np 0
T 2409 2342 4870.00 4242.00 42.348 1.000 42.359 hs 0 hp 4837 4241 in 1 0 0 0 -8819 4714 rl 21 np 0
T 2410 2343 4903.00 4243.00 42.348 1.500 42.374 hs 0 hp 4870 4242 in 1 0 0 0 -8819 4714 rl 20 np 0
T 2411 2344 4936.00 4245.00 42.348 2.000 42.395 hs 0 hp 4903 4243 in 1 0 0 0 -8819 4714 rl 19 np 0
T 2412 2345 4969.00 4247.00 42.348 2.500 42.421 hs 0 hp 4936 4245 in 1 0 0 0 -8819 4714 rl 18 np 0
T 2413 2346 5002.00 4250.00 42.348 3.000 42.454 hs 0 hp 4969 4247 in 1 0 0 0 -8819 4714 rl 17 np 0
T 2414 2347 5035.00 4253.00 42.348 3.500 42.492 hs 4 hp 5030 4131 in 1 0 1 0 2334 -9724 rl 16 np 0
T 2415 2348 5068.00 4254.00 42.414 1.000 42.426 hs 5 hp 5039 4095 in 1 0 1 0 3867 -9222 rl 15 np 0
T 2416 2349 5101.00 4255.00 42.414 1.500 42.441 hs 0 hp 5068 4254 in 1 0 0 0 195 -981 rl 14 np 0
T 2417 2350 5134.00 4257.00 42.414 2.000 42.461 hs 4 hp 5136 4372 in 1 0 1 0 2903 9569 rl 13 np 0
T 2418 2351 5167.00 4259.00 42.414 2.500 42.488 hs 5 hp 5159 4448 in 1 0 1 0 2903 9569 rl 12 np 0
T 2419 2352 5199.00 4263.00 42.320 3.898 42.499 hs 5 hp 5159 4448 in 1 0 1 0 2903 9569 rl 11 np 0
T 2420 2353 5231.00 4267.00 42.320 4.398 42.548 hs 0 hp 5199 4263 in 1 0 0 0 195 -981 rl 10 np 0
T 2421 2354 5263.00 4272.00 42.320 4.898 42.603 hs 4 hp 5259 4148 in 1 0 1 0 2334 -9724 rl 9 np 0
T 2422 2355 5296.00 4273.00 42.461 0.000 42.461 hs 5 hp 5272 4095 in 1 0 1 0 2334 -9724 rl 8 np 0
T 2423 2356 5329.00 4273.00 42.461 0.500 42.464 hs 0 hp 5296 4273 in 1 0 0 0 195 -981 rl 7 np 0
T 2424 2357 5362.00 4274.00 42.461 1.000 42.473 hs 4 hp 5348 4153 in 1 0 1 0 1564 -9877 rl 6 np 0
T 2425 2358 5395.00 4273.00 42.398 -1.500 42.425 hs 5 hp 5357 4095 in 1 0 1 0 951 -9955 rl 5 np 0
T 2426 2359 5428.00 4272.00 42.398 -1.000 42.410 hs 0 hp 5395 4273 in 1 0 0 0 98 -995 rl 4 np 0
T 2427 2360 5461.00 4272.00 42.398 -0.500 42.401 hs 0 hp 5428 4272 in 1 0 0 0 98 -995 rl 3 np 0
T 2428 2361 5494.00 4272.00 42.398 0.000 42.398 hs 0 hp 5461 4272 in 1 0 0 0 98 -995 rl 2 np 0
T 2429 2362 5527.00 4272.00 42.398 0.500 42.401 hs 0 hp 5494 4272 in 1 0 0 0 98 -995 rl 1 np 0
T 2430 2363 5559.00 4259.00 42.398 -13.199 44.405 hs 4 hp 5515 4151 in 1 1 1 0 -981 -9952 rl 0 np 0
T 2431 2364 5594.00 4238.00 50.844 -21.223 55.095 hs 0 hp 5559 4259 in 1 0 0 1 -7071 7071 rl 24 np 0
E 2431 2364 ex 5530.7 4287.6 tee 5559.0 4259.0 dist 40.2 |f| 12.00
T 2432 2365 5629.00 4217.00 50.844 -20.723 54.905 hs 4 hp 5629 4355 in 1 0 1 0 2903 9569 rl 23 np 0
T 2433 2366 5664.00 4198.00 51.105 -19.328 54.638 hs 5 hp 5648 4416 in 1 0 1 1 -7071 7071 rl 22 np 0
T 2434 2367 5699.00 4179.00 51.105 -18.828 54.463 hs 0 hp 5664 4198 in 1 0 0 1 -7883 6153 rl 21 np 0
T 2435 2368 5735.00 4161.00 51.105 -18.328 54.293 hs 0 hp 5699 4179 in 1 0 0 0 -7883 6153 rl 20 np 0
T 2436 2369 5771.00 4143.00 51.105 -17.828 54.126 hs 4 hp 5770 4278 in 1 0 1 0 2883 9575 rl 19 np 0
T 2437 2370 5807.00 4126.00 51.105 -17.328 53.963 hs 0 hp 5771 4143 in 1 0 0 0 -1153 -9933 rl 18 np 0
T 2438 2371 5843.00 4109.00 51.105 -16.828 53.805 hs 4 hp 5901 4203 in 1 0 1 0 7730 6344 rl 17 np 0
T 2439 2372 5879.00 4093.00 51.105 -16.328 53.651 hs 4 hp 5963 4254 in 1 0 1 0 -349 -9994 rl 16 np 0
T 2440 2373 5915.00 4077.00 51.105 -15.828 53.500 hs 5 hp 6004 4288 in 1 0 1 0 -349 -9994 rl 15 np 0
T 2441 2374 5951.00 4062.00 51.105 -15.328 53.355 hs 0 hp 5915 4077 in 1 0 0 0 -349 -9994 rl 14 np 0
T 2442 2375 5987.00 4047.00 51.105 -14.828 53.213 hs 4 hp 5927 3942 in 1 0 1 0 -1994 -9799 rl 13 np 0
T 2443 2376 6022.00 4030.00 50.227 -17.090 53.054 hs 5 hp 5913 3871 in 1 0 1 0 -2893 -9572 rl 12 np 0
T 2444 2377 6057.00 4013.00 50.227 -16.590 52.895 hs 0 hp 6022 4030 in 1 0 0 0 -1153 -9933 rl 11 np 0
T 2445 2378 6092.00 3997.00 50.227 -16.090 52.741 hs 0 hp 6057 4013 in 1 0 0 0 -1153 -9933 rl 10 np 0
T 2446 2379 6127.00 3981.00 50.227 -15.590 52.590 hs 4 hp 6057 3880 in 1 0 1 0 -2893 -9572 rl 9 np 0
T 2447 2380 6162.00 3966.00 50.227 -15.090 52.444 hs 0 hp 6127 3981 in 1 0 0 0 -471 -882 rl 8 np 0
T 2448 2381 6197.00 3951.00 50.227 -14.590 52.303 hs 4 hp 6283 3978 in 1 0 1 0 9952 980 rl 7 np 0
T 2449 2382 6233.00 3937.00 50.227 -14.090 52.165 hs 0 hp 6197 3951 in 1 0 0 0 -471 -882 rl 6 np 0
T 2450 2383 6269.00 3923.00 50.227 -13.590 52.033 hs 0 hp 6233 3937 in 1 0 0 0 -471 -882 rl 5 np 0
T 2451 2384 6305.00 3910.00 50.227 -13.090 51.904 hs 4 hp 6303 4040 in 1 0 1 0 2756 9613 rl 4 np 0
T 2452 2385 6341.00 3898.00 50.441 -11.691 51.779 hs 5 hp 6319 4096 in 1 0 1 0 4929 8701 rl 3 np 0
T 2453 2386 6377.00 3887.00 50.441 -11.191 51.668 hs 0 hp 6341 3898 in 1 0 0 0 1000 0 rl 2 np 0
T 2454 2387 6413.00 3875.00 50.441 -12.000 51.849 hs 0 hp 6377 3887 in 1 1 0 0 1000 0 rl 1 np 0
T 2455 2388 6449.00 3863.00 50.441 -11.500 51.736 hs 4 hp 6534 3887 in 1 0 1 0 9952 980 rl 0 np 0
T 2456 2389 6485.00 3852.00 50.441 -11.000 51.627 hs 0 hp 6449 3863 in 1 0 0 0 1000 0 rl 0 np 0
T 2457 2390 6521.00 3841.00 50.441 -10.500 51.523 hs 0 hp 6485 3852 in 1 0 0 0 1000 0 rl 0 np 0
T 2458 2391 6557.00 3831.00 50.441 -10.000 51.423 hs 4 hp 6638 3876 in 1 0 1 0 9569 2903 rl 0 np 0
T 2459 2392 6593.00 3822.00 50.441 -9.500 51.328 hs 0 hp 6557 3831 in 1 0 0 0 1000 0 rl 0 np 0
T 2460 2393 6629.00 3813.00 50.441 -9.000 51.238 hs 0 hp 6593 3822 in 1 0 0 0 1000 0 rl 0 np 0
T 2461 2394 6665.00 3804.00 50.441 -8.500 51.153 hs 4 hp 6737 3871 in 1 0 1 0 8819 4714 rl 0 np 0
T 2462 2395 6701.00 3796.00 50.441 -8.000 51.072 hs 5 hp 6739 3872 in 1 0 1 0 -262 9997 rl 0 np 0
T 2463 2396 6737.00 3789.00 50.441 -7.500 50.996 hs 0 hp 6701 3796 in 1 0 0 0 773 -634 rl 0 np 0
T 2464 2397 6773.00 3782.00 50.441 -7.000 50.925 hs 5 hp 6745 3872 in 1 0 1 0 980 9952 rl 0 np 0
T 2465 2398 6809.00 3775.00 50.441 -6.500 50.858 hs 0 hp 6773 3782 in 1 0 0 0 773 -634 rl 0 np 0
T 2466 2399 6845.00 3769.00 50.441 -6.000 50.797 hs 4 hp 6917 3833 in 1 0 1 0 8819 4714 rl 0 np 0
T 2467 2400 6881.00 3763.00 50.441 -5.500 50.740 hs 0 hp 6845 3769 in 1 0 0 0 -4067 9135 rl 0 np 0
T 2468 2401 6917.00 3758.00 50.441 -5.000 50.689 hs 4 hp 6903 3883 in 1 0 1 0 1822 9833 rl 0 np 0
T 2469 2402 6953.00 3754.00 50.441 -4.500 50.642 hs 4 hp 6918 3962 in 1 0 1 1 6762 -7368 rl 24 np 1
T 2470 2403 6989.00 3750.00 50.441 -4.000 50.600 hs 4 hp 6933 4041 in 1 0 1 0 2863 9581 rl 23 np 1
T 2471 2404 7028.00 3756.00 57.469 6.227 57.805 hs 0 hp 6989 3750 in 1 0 0 0 2863 9581 rl 22 np 0
E 2471 2404 ex 6961.1 3711.4 tee 6989.0 3750.0 dist 47.7 |f| 12.00
T 2472 2405 7067.00 3763.00 57.469 6.727 57.861 hs 4 hp 7075 3643 in 1 0 1 0 3827 -9239 rl 21 np 0
T 2473 2406 7106.00 3770.00 57.469 7.227 57.921 hs 4 hp 7106 3569 in 1 0 1 0 2863 9581 rl 20 np 0
T 2474 2407 7145.00 3778.00 57.469 7.727 57.986 hs 0 hp 7106 3770 in 1 0 0 0 556 831 rl 19 np 0
T 2475 2408 7184.00 3786.00 57.469 8.227 58.055 hs 4 hp 7087 3670 in 1 0 1 0 -4714 -8819 rl 18 np 0
T 2476 2409 7223.00 3795.00 57.469 8.727 58.128 hs 4 hp 7049 3599 in 1 0 1 0 980 9952 rl 17 np 0
T 2477 2410 7262.00 3804.00 57.469 9.227 58.205 hs 0 hp 7223 3795 in 1 0 0 0 556 831 rl 16 np 0
T 2478 2411 7301.00 3814.00 57.469 9.727 58.286 hs 0 hp 7262 3804 in 1 0 0 0 556 831 rl 15 np 0
T 2479 2412 7340.00 3824.00 57.469 10.227 58.372 hs 4 hp 7409 3872 in 1 0 1 0 8819 4714 rl 14 np 0
T 2480 2413 7379.00 3835.00 57.469 10.727 58.461 hs 4 hp 7480 3910 in 1 0 1 0 2861 9582 rl 13 np 0
T 2481 2414 7418.00 3846.00 57.469 11.227 58.555 hs 4 hp 7551 3948 in 1 0 1 0 2861 9582 rl 12 np 0
T 2482 2415 7456.00 3858.00 57.469 11.727 58.653 hs 0 hp 7418 3846 in 1 0 0 0 2861 9582 rl 11 np 0
T 2483 2416 7494.00 3870.00 57.469 12.227 58.755 hs 0 hp 7456 3858 in 1 0 0 0 2861 9582 rl 10 np 0
T 2484 2417 7532.00 3883.00 57.469 12.727 58.861 hs 4 hp 7529 3987 in 1 0 1 0 2861 9582 rl 9 np 0
T 2485 2418 7570.00 3896.00 57.469 13.227 58.971 hs 0 hp 7532 3883 in 1 0 0 1 9881 -1540 rl 8 np 0
T 2486 2419 7608.00 3911.00 56.816 14.586 58.659 hs 5 hp 7539 4000 in 1 0 1 0 -2903 9569 rl 7 np 0
T 2487 2420 7646.00 3926.00 56.816 15.086 58.785 hs 0 hp 7608 3911 in 1 0 0 0 -2903 9569 rl 6 np 0
T 2488 2421 7684.00 3942.00 56.816 15.586 58.915 hs 4 hp 7611 3809 in 1 0 1 1 -2903 -9569 rl 5 np 0
T 2489 2422 7722.00 3958.00 56.816 16.086 59.050 hs 4 hp 7588 3732 in 1 0 1 1 -2903 -9569 rl 4 np 0
T 2490 2423 7760.00 3975.00 56.816 16.586 59.188 hs 0 hp 7722 3958 in 1 0 0 0 290 957 rl 3 np 0
T 2491 2424 7798.00 3993.00 56.523 17.977 59.313 hs 5 hp 7744 4096 in 1 0 1 0 -1305 9914 rl 2 np 0
T 2492 2425 7836.00 4011.00 56.523 18.477 59.467 hs 0 hp 7798 3993 in 1 0 0 0 0 1000 rl 1 np 0
T 2493 2426 7874.00 4030.00 56.523 18.977 59.624 hs 0 hp 7836 4011 in 1 0 0 0 0 1000 rl 0 np 0
T 2494 2427 7911.00 4049.00 56.523 19.477 59.785 hs 0 hp 7874 4030 in 1 0 0 0 0 1000 rl 0 np 0
T 2495 2428 7948.00 4070.00 55.875 20.840 59.635 hs 5 hp 7877 4160 in 1 0 1 0 -2888 9574 rl 0 np 0
T 2496 2429 7985.00 4091.00 55.875 21.340 59.811 hs 0 hp 7948 4070 in 1 0 0 0 0 1000 rl 0 np 0
T 2497 2430 8022.00 4113.00 55.875 21.840 59.992 hs 0 hp 7985 4091 in 1 0 0 0 0 1000 rl 0 np 0
T 2498 2431 8059.00 4136.00 55.387 23.219 60.057 hs 5 hp 8005 4192 in 1 0 1 0 -2164 9763 rl 0 np 0
T 2499 2432 8096.00 4160.00 55.387 23.719 60.252 hs 0 hp 8059 4136 in 1 0 0 0 -195 981 rl 0 np 0
T 2500 2433 8133.00 4184.00 55.387 24.219 60.450 hs 0 hp 8096 4160 in 1 0 0 0 -195 981 rl 0 np 0
T 2501 2434 8170.00 4206.00 56.523 21.969 60.643 hs 5 hp 8172 4095 in 1 0 1 0 3987 -9171 rl 0 np 0
T 2502 2435 8207.00 4228.00 56.523 22.469 60.826 hs 0 hp 8170 4206 in 1 0 0 0 -195 981 rl 0 np 0
T 2503 2436 8245.00 4248.00 57.566 20.176 61.000 hs 5 hp 8234 4159 in 1 0 1 0 3665 -9304 rl 0 np 0
T 2504 2437 8283.00 4269.00 57.566 20.676 61.167 hs 0 hp 8245 4248 in 1 0 0 1 4068 9135 rl 24 np 1
T 2505 2438 8321.00 4290.00 57.566 21.176 61.338 hs 4 hp 8166 4234 in 1 0 1 0 -9569 -2903 rl 23 np 1
T 2506 2439 8362.00 4305.00 66.848 15.465 68.613 hs 4 hp 8089 4211 in 1 0 1 0 -9569 -2903 rl 22 np 0
E 2506 2439 ex 8276.1 4320.0 tee 8321.0 4290.0 dist 54.0 |f| 11.17
