T 2408 2341 4837.00 4241.00 42.348 0.500 42.351 hs 4 hp 4912 4183 in 1 0 1 0 8819 -4714 rl 22 np 0
T 2409 2342 4870.00 4242.00 42.348 1.000 42.359 hs 4 hp 4983 4145 in 1 0 1 0 8819 -4714 rl 21 np 0
T 2410 2343 4903.00 4243.00 42.348 1.500 42.374 hs 4 hp 5054 4107 in 1 0 1 0 8819 -4714 rl 20 np 0
T 2411 2344 4936.00 4245.00 42.348 2.000 42.395 hs 5 hp 5076 4095 in 1 0 1 0 8819 -4714 rl 19 np 0
T 2412 2345 4969.00 4247.00 42.348 2.500 42.421 hs 5 hp 5076 4095 in 1 0 1 0 8819 -4714 rl 18 np 0
T 2413 2346 5002.00 4250.00 42.348 3.000 42.454 hs 5 hp 5076 4095 in 1 0 1 0 3867 -9222 rl 17 np 0
T 2414 2347 5035.00 4253.00 42.348 3.500 42.492 hs 5 hp 5076 4095 in 1 0 1 0 3867 -9222 rl 16 np 0
T 2415 2348 5067.00 4257.00 42.348 4.000 42.536 hs 5 hp 5076 4095 in 1 0 1 0 3867 -9222 rl 15 np 0
T 2416 2349 5100.00 4258.00 42.504 1.504 42.531 hs 5 hp 5076 4095 in 1 0 1 0 3867 -9222 rl 14 np 0
T 2417 2350 5133.00 4260.00 42.504 2.004 42.551 hs 0 hp 5100 4258 in 1 0 0 0 195 -981 rl 13 np 0
T 2418 2351 5166.00 4262.00 42.504 2.504 42.578 hs 4 hp 5191 4368 in 1 0 1 0 4714 8819 rl 12 np 0
T 2419 2352 5199.00 4265.00 42.504 3.004 42.610 hs 4 hp 5229 4439 in 1 0 1 0 4714 8819 rl 11 np 0
T 2420 2353 5232.00 4268.00 42.504 3.504 42.648 hs 5 hp 5251 4480 in 1 0 1 0 4714 8819 rl 10 np 0
T 2421 2354 5265.00 4272.00 42.504 4.004 42.692 hs 5 hp 5251 4480 in 1 0 1 0 4714 8819 rl 9 np 0
T 2422 2355 5297.00 4273.00 42.352 0.000 42.352 hs 5 hp 5251 4480 in 1 0 1 0 2903 -9569 rl 8 np 0
T 2423 2356 5330.00 4273.00 42.352 0.500 42.355 hs 0 hp 5297 4273 in 1 0 0 0 195 -981 rl 7 np 0
T 2424 2357 5363.00 4274.00 42.352 1.000 42.363 hs 4 hp 5349 4153 in 1 0 1 0 1564 -9877 rl 6 np 0
T 2425 2358 5396.00 4273.00 42.289 -1.500 42.316 hs 5 hp 5358 4095 in 1 0 1 0 951 -9955 rl 5 np 0
T 2426 2359 5429.00 4272.00 42.289 -1.000 42.301 hs 0 hp 5396 4273 in 1 0 0 0 98 -995 rl 4 np 0
T 2427 2360 5462.00 4272.00 42.289 -0.500 42.292 hs 0 hp 5429 4272 in 1 0 0 0 98 -995 rl 3 np 0
T 2428 2361 5495.00 4272.00 42.289 0.000 42.289 hs 4 hp 5583 4284 in 1 0 1 0 9952 980 rl 2 np 0
T 2429 2362 5528.00 4272.00 42.289 0.500 42.292 hs 0 hp 5495 4272 in 1 0 0 0 98 -995 rl 1 np 0
T 2430 2363 5560.00 4259.00 42.289 -13.199 44.301 hs 4 hp 5563 4389 in 1 1 1 0 2903 9569 rl 0 np 0
T 2431 2364 5595.00 4239.00 50.938 -20.328 54.844 hs 5 hp 5571 4416 in 1 0 1 1 -7071 7071 rl 24 np 0
E 2431 2364 ex 5531.7 4287.6 tee 5560.0 4259.0 dist 40.2 |f| 12.00
T 2432 2365 5630.00 4219.00 50.938 -19.828 54.661 hs 0 hp 5595 4239 in 1 0 0 1 -7883 6153 rl 23 np 0
T 2433 2366 5665.00 4200.00 50.938 -19.328 54.481 hs 4 hp 5544 4305 in 1 0 1 1 -7071 7071 rl 22 np 0
T 2434 2367 5700.00 4181.00 50.938 -18.828 54.306 hs 0 hp 5665 4200 in 1 0 0 1 -7883 6153 rl 21 np 0
T 2435 2368 5735.00 4163.00 50.938 -18.328 54.135 hs 4 hp 5735 4298 in 1 0 1 0 2883 9575 rl 20 np 0
T 2436 2369 5770.00 4145.00 50.938 -17.828 53.967 hs 0 hp 5735 4163 in 1 0 0 0 -1153 -9933 rl 19 np 0
T 2437 2370 5806.00 4128.00 50.938 -17.328 53.804 hs 4 hp 5805 4262 in 1 0 1 0 2883 9575 rl 18 np 0
T 2438 2371 5842.00 4111.00 50.938 -16.828 53.645 hs 0 hp 5806 4128 in 1 0 0 0 -1153 -9933 rl 17 np 0
T 2439 2372 5878.00 4095.00 50.938 -16.328 53.491 hs 0 hp 5842 4111 in 1 0 0 0 -1153 -9933 rl 16 np 0
T 2440 2373 5914.00 4079.00 50.938 -15.828 53.340 hs 4 hp 5820 3987 in 1 0 1 0 -4714 -8819 rl 15 np 0
T 2441 2374 5950.00 4064.00 50.938 -15.328 53.194 hs 0 hp 5914 4079 in 1 0 0 0 -4714 -8819 rl 14 np 0
T 2442 2375 5986.00 4049.00 50.938 -14.828 53.052 hs 4 hp 5946 3942 in 1 0 1 0 -349 -9994 rl 13 np 0
T 2443 2376 6022.00 4035.00 50.938 -14.328 52.914 hs 0 hp 5986 4049 in 1 0 0 0 -1153 -9933 rl 12 np 0
T 2444 2377 6058.00 4021.00 50.938 -13.828 52.781 hs 4 hp 6010 3914 in 1 0 1 0 -980 -9952 rl 11 np 0
T 2445 2378 6094.00 4008.00 50.938 -13.328 52.652 hs 0 hp 6058 4021 in 1 0 0 0 -980 -9952 rl 10 np 0
T 2446 2379 6130.00 3995.00 50.938 -12.828 52.528 hs 4 hp 6059 3891 in 1 0 1 0 -2893 -9572 rl 9 np 0
T 2447 2380 6166.00 3983.00 50.938 -12.328 52.408 hs 4 hp 6036 3814 in 1 0 1 0 -2893 -9572 rl 8 np 0
T 2448 2381 6202.00 3971.00 50.938 -11.828 52.293 hs 0 hp 6166 3983 in 1 0 0 0 -471 -882 rl 7 np 0
T 2449 2382 6238.00 3960.00 50.938 -11.328 52.182 hs 0 hp 6202 3971 in 1 0 0 0 -471 -882 rl 6 np 0
T 2450 2383 6274.00 3949.00 50.938 -10.828 52.076 hs 4 hp 6226 3839 in 1 0 1 0 -980 -9952 rl 5 np 0
T 2451 2384 6310.00 3936.00 50.266 -13.191 51.968 hs 5 hp 6220 3775 in 1 0 1 0 4929 8701 rl 4 np 0
T 2452 2385 6346.00 3923.00 50.266 -12.691 51.843 hs 0 hp 6310 3936 in 1 0 0 0 1000 0 rl 3 np 0
T 2453 2386 6382.00 3911.00 50.266 -12.191 51.723 hs 4 hp 6406 4029 in 1 0 1 0 4929 8701 rl 2 np 0
T 2454 2387 6418.00 3899.00 50.266 -11.691 51.607 hs 0 hp 6382 3911 in 1 0 0 0 1000 0 rl 1 np 0
T 2455 2388 6454.00 3888.00 50.266 -11.191 51.496 hs 0 hp 6418 3899 in 1 0 0 0 1000 0 rl 0 np 0
T 2456 2389 6490.00 3877.00 50.266 -10.691 51.390 hs 0 hp 6454 3888 in 1 0 0 0 1000 0 rl 0 np 0
T 2457 2390 6526.00 3867.00 50.266 -10.191 51.288 hs 0 hp 6490 3877 in 1 0 0 0 1000 0 rl 0 np 0
T 2458 2391 6562.00 3857.00 50.266 -9.691 51.191 hs 0 hp 6526 3867 in 1 0 0 0 1000 0 rl 0 np 0
T 2459 2392 6598.00 3848.00 50.266 -9.191 51.099 hs 0 hp 6562 3857 in 1 0 0 0 1000 0 rl 0 np 0
T 2460 2393 6634.00 3836.00 50.266 -12.000 51.678 hs 4 hp 6715 3883 in 1 1 1 0 9569 2903 rl 0 np 0
T 2461 2394 6670.00 3824.00 50.266 -11.500 51.564 hs 5 hp 6720 3884 in 1 0 1 0 9569 2903 rl 0 np 0
T 2462 2395 6706.00 3813.00 50.266 -11.000 51.455 hs 5 hp 6720 3884 in 1 0 1 0 -262 9997 rl 0 np 0
T 2463 2396 6742.00 3802.00 50.266 -10.500 51.351 hs 5 hp 6720 3884 in 1 0 1 0 -262 9997 rl 0 np 0
T 2464 2397 6778.00 3792.00 50.266 -10.000 51.251 hs 0 hp 6742 3802 in 1 0 0 0 773 -634 rl 0 np 0
T 2465 2398 6814.00 3783.00 50.363 -8.602 51.093 hs 5 hp 6781 3872 in 1 0 1 0 349 9994 rl 0 np 0
T 2466 2399 6850.00 3775.00 50.363 -8.102 51.011 hs 0 hp 6814 3783 in 1 0 0 0 -4067 9135 rl 0 np 0
T 2467 2400 6886.00 3767.00 50.363 -7.602 50.934 hs 0 hp 6850 3775 in 1 0 0 0 -4067 9135 rl 0 np 0
T 2468 2401 6922.00 3760.00 50.363 -7.102 50.861 hs 0 hp 6886 3767 in 1 0 0 0 -4067 9135 rl 0 np 0
T 2469 2402 6958.00 3753.00 50.363 -6.602 50.794 hs 0 hp 6922 3760 in 1 0 0 1 6698 -7426 rl 24 np 1
T 2470 2403 6994.00 3747.00 50.363 -6.102 50.732 hs 4 hp 6881 3847 in 1 0 1 0 -6344 7730 rl 23 np 1
T 2471 2404 7033.00 3751.00 57.410 4.113 57.557 hs 0 hp 6994 3747 in 1 0 0 0 -6344 7730 rl 22 np 0
E 2471 2404 ex 6967.8 3710.9 tee 6994.0 3747.0 dist 44.6 |f| 12.00
T 2472 2405 7072.00 3756.00 57.410 4.613 57.595 hs 0 hp 7033 3751 in 1 0 0 0 -6344 7730 rl 21 np 0
T 2473 2406 7111.00 3761.00 57.410 5.113 57.637 hs 4 hp 7107 3873 in 1 0 1 0 2863 9581 rl 20 np 0
T 2474 2407 7150.00 3767.00 57.410 5.613 57.684 hs 4 hp 7130 3950 in 1 0 1 0 2863 9581 rl 19 np 0
T 2475 2408 7189.00 3774.00 57.246 7.012 57.674 hs 5 hp 7135 3968 in 1 0 1 0 980 9952 rl 18 np 0
T 2476 2409 7227.00 3782.00 56.645 8.379 57.261 hs 5 hp 7135 3968 in 1 0 1 0 980 9952 rl 17 np 0
T 2477 2410 7265.00 3791.00 56.645 8.879 57.336 hs 0 hp 7227 3782 in 1 0 0 0 556 831 rl 16 np 0
T 2478 2411 7303.00 3800.00 56.645 9.379 57.416 hs 4 hp 7342 3885 in 1 0 1 0 6344 7730 rl 15 np 0
T 2479 2412 7341.00 3810.00 56.645 9.879 57.500 hs 4 hp 7393 3947 in 1 0 1 0 2861 9582 rl 14 np 0
T 2480 2413 7379.00 3820.00 56.645 10.379 57.588 hs 4 hp 7444 4009 in 1 0 1 0 2861 9582 rl 13 np 0
T 2481 2414 7417.00 3831.00 56.645 10.879 57.680 hs 5 hp 7463 4032 in 1 0 1 0 2861 9582 rl 12 np 0
T 2482 2415 7455.00 3842.00 56.645 11.379 57.776 hs 0 hp 7417 3831 in 1 0 0 0 2861 9582 rl 11 np 0
T 2483 2416 7493.00 3854.00 56.645 11.879 57.877 hs 4 hp 7467 3963 in 1 0 1 0 980 9952 rl 10 np 0
T 2484 2417 7531.00 3867.00 56.402 13.273 57.943 hs 5 hp 7474 4032 in 1 0 1 0 2861 9582 rl 9 np 0
T 2485 2418 7569.00 3882.00 55.668 14.625 57.557 hs 5 hp 7474 4032 in 1 0 1 0 1609 9870 rl 8 np 0
T 2486 2419 7607.00 3897.00 55.668 15.125 57.686 hs 0 hp 7569 3882 in 1 0 0 1 9881 -1540 rl 7 np 0
T 2487 2420 7644.00 3913.00 55.016 16.484 57.432 hs 5 hp 7576 4000 in 1 0 1 0 -2903 9569 rl 6 np 0
T 2488 2421 7681.00 3930.00 55.016 16.984 57.578 hs 0 hp 7644 3913 in 1 0 0 0 290 957 rl 5 np 0
T 2489 2422 7718.00 3947.00 55.016 17.484 57.727 hs 5 hp 7736 4032 in 1 0 1 0 4714 8819 rl 4 np 0
T 2490 2423 7755.00 3965.00 55.016 17.984 57.881 hs 5 hp 7736 4032 in 1 0 1 0 -935 9956 rl 3 np 0
T 2491 2424 7792.00 3984.00 54.402 19.352 57.742 hs 5 hp 7736 4032 in 1 0 1 0 -935 9956 rl 2 np 0
T 2492 2425 7829.00 4004.00 54.402 19.852 57.911 hs 0 hp 7792 3984 in 1 0 0 0 0 1000 rl 1 np 0
T 2493 2426 7865.00 4025.00 53.750 21.211 57.784 hs 5 hp 7801 4096 in 1 0 1 0 -2903 9569 rl 0 np 0
T 2494 2427 7901.00 4047.00 53.750 21.711 57.969 hs 0 hp 7865 4025 in 1 0 0 0 0 1000 rl 0 np 0
T 2495 2428 7937.00 4069.00 53.750 22.211 58.158 hs 4 hp 8022 4059 in 1 0 1 0 9952 980 rl 0 np 0
T 2496 2429 7973.00 4092.00 53.750 22.711 58.351 hs 0 hp 7937 4069 in 1 0 0 0 0 1000 rl 0 np 0
T 2497 2430 8009.00 4115.00 53.750 23.211 58.548 hs 4 hp 7938 4209 in 1 0 1 0 -2888 9574 rl 0 np 0
T 2498 2431 8045.00 4139.00 53.750 23.711 58.748 hs 0 hp 8009 4115 in 1 0 0 1 5657 8246 rl 24 np 1
T 2499 2432 8081.00 4163.00 53.750 24.211 58.951 hs 0 hp 8045 4139 in 1 0 0 0 -195 981 rl 23 np 1
T 2500 2433 8118.00 4185.00 54.910 21.969 59.142 hs 5 hp 8125 4063 in 1 0 1 0 4067 -9135 rl 22 np 1
T 2501 2434 8158.00 4206.00 65.328 21.246 68.696 hs 0 hp 8118 4185 in 1 0 0 0 4067 -9135 rl 21 np 0
E 2501 2434 ex 8059.5 4191.9 tee 8118.0 4185.0 dist 59.0 |f| 10.49
T 2502 2435 8199.00 4225.00 66.176 18.883 68.817 hs 5 hp 8193 4095 in 1 0 1 0 2974 -9548 rl 20 np 0
T 2503 2436 8240.00 4244.00 66.176 19.383 68.956 hs 0 hp 8199 4225 in 1 0 0 0 -195 981 rl 19 np 0
T 2504 2437 8281.00 4264.00 66.176 19.883 69.098 hs 4 hp 8361 4256 in 1 0 1 0 9952 980 rl 18 np 0
T 2505 2438 8322.00 4284.00 66.176 20.383 69.244 hs 0 hp 8281 4264 in 1 0 0 0 9952 980 rl 17 np 0
T 2506 2439 8362.00 4305.00 66.176 20.883 69.393 hs 4 hp 8205 4249 in 1 0 1 0 -9569 -2903 rl 16 np 0
