T 1768 1701 6061.00 2884.00 35.770 -22.562 42.291 hs 0 hp 6034 2907 in 1 0 0 0 -3518 -9361 rl 0 np 0
T 1769 1702 6089.00 2862.00 35.770 -22.062 42.026 hs 4 hp 6182 2896 in 1 0 1 0 9952 980 rl 0 np 0
T 1770 1703 6117.00 2840.00 35.770 -21.562 41.766 hs 5 hp 6208 2899 in 1 0 1 0 -4614 -8872 rl 0 np 0
T 1771 1704 6145.00 2819.00 35.770 -21.062 41.510 hs 5 hp 6208 2899 in 1 0 1 0 -4614 -8872 rl 0 np 0
T 1772 1705 6173.00 2798.00 35.770 -20.562 41.259 hs 0 hp 6145 2819 in 1 0 0 0 -9673 -2538 rl 0 np 0
T 1773 1706 6201.00 2778.00 35.770 -20.062 41.012 hs 0 hp 6173 2798 in 1 0 0 0 -9673 -2538 rl 0 np 0
T 1774 1707 6229.00 2758.00 35.770 -19.562 40.769 hs 0 hp 6201 2778 in 1 0 0 0 -9673 -2538 rl 0 np 0
T 1775 1708 6257.00 2739.00 35.770 -19.062 40.532 hs 4 hp 6116 2805 in 1 0 1 0 -9239 3827 rl 0 np 0
T 1776 1709 6285.00 2720.00 35.770 -18.562 40.299 hs 4 hp 6042 2836 in 1 0 1 0 -9239 3827 rl 0 np 0
T 1777 1710 6313.00 2702.00 35.770 -18.062 40.071 hs 4 hp 5968 2867 in 1 0 1 0 1426 9898 rl 0 np 0
T 1778 1711 6341.00 2684.00 35.770 -17.562 39.848 hs 0 hp 6313 2702 in 1 0 0 0 1426 9898 rl 0 np 0
T 1779 1712 6369.00 2668.00 36.168 -16.172 39.619 hs 5 hp 6351 2752 in 1 0 1 0 1392 9903 rl 0 np 0
T 1780 1713 6397.00 2652.00 36.168 -15.672 39.417 hs 0 hp 6369 2668 in 1 0 0 0 1426 9898 rl 0 np 0
T 1781 1714 6426.00 2637.00 36.168 -15.172 39.221 hs 0 hp 6397 2652 in 1 0 0 0 1288 9917 rl 0 np 0
T 1782 1715 6455.00 2622.00 36.168 -14.672 39.031 hs 0 hp 6426 2637 in 1 0 0 0 1288 9917 rl 0 np 0
T 1783 1716 6484.00 2609.00 36.492 -13.277 38.833 hs 5 hp 6466 2720 in 1 0 1 0 1132 9936 rl 0 np 0
T 1784 1717 6513.00 2596.00 36.492 -12.777 38.664 hs 0 hp 6484 2609 in 1 0 0 0 1305 9914 rl 0 np 0
T 1785 1718 6542.00 2584.00 36.492 -12.277 38.502 hs 0 hp 6513 2596 in 1 0 0 0 0 -10000 rl 0 np 0
T 1786 1719 6571.00 2572.00 36.492 -11.777 38.346 hs 4 hp 6659 2619 in 1 0 1 0 9569 2903 rl 0 np 0
T 1787 1720 6600.00 2561.00 36.492 -11.277 38.195 hs 0 hp 6571 2572 in 1 0 0 0 0 -10000 rl 0 np 0
T 1788 1721 6629.00 2550.00 36.492 -10.777 38.050 hs 4 hp 6637 2677 in 1 0 1 0 3007 9537 rl 0 np 0
T 1789 1722 6658.00 2541.00 36.730 -9.379 37.909 hs 5 hp 6641 2688 in 1 0 1 1 9139 -4059 rl 24 np 1
T 1790 1723 6687.00 2532.00 36.730 -8.879 37.788 hs 0 hp 6658 2541 in 1 0 0 0 593 9982 rl 23 np 1
T 1791 1724 6716.00 2524.00 36.730 -8.379 37.674 hs 0 hp 6687 2532 in 1 0 0 0 593 9982 rl 22 np 1
T 1792 1725 6745.00 2516.00 36.730 -7.879 37.566 hs 4 hp 6751 2641 in 1 0 1 0 2903 9569 rl 21 np 1
T 1793 1726 6774.00 2510.00 36.730 0.000 36.730 hs 5 hp 6765 2688 in 1 0 1 0 2240 9746 rl 20 np 1
T 1794 1727 6804.00 2511.00 36.617 1.398 36.644 hs 5 hp 6765 2688 in 1 0 1 0 2250 9744 rl 19 np 1
T 1795 1728 6833.00 2514.00 36.133 2.777 36.239 hs 5 hp 6765 2688 in 1 0 1 0 56 10000 rl 18 np 1
T 1796 1729 6868.00 2522.00 47.168 7.988 47.840 hs 0 hp 6833 2514 in 1 0 0 0 56 10000 rl 17 np 0
E 1796 1729 ex 6789.6 2495.5 tee 6833.0 2514.0 dist 47.2 |f| 12.00
T 1797 1730 6903.00 2530.00 47.168 8.488 47.926 hs 4 hp 6869 2644 in 1 0 1 0 56 10000 rl 16 np 0
T 1798 1731 6938.00 2539.00 47.168 8.988 48.017 hs 0 hp 6903 2530 in 1 0 0 0 9588 2840 rl 15 np 0
T 1799 1732 6973.00 2548.00 47.168 9.488 48.113 hs 4 hp 6996 2431 in 1 0 1 0 4714 -8819 rl 14 np 0
T 1800 1733 7007.00 2558.00 47.168 9.988 48.214 hs 5 hp 7030 2367 in 1 0 1 0 1001 -9950 rl 13 np 0
T 1801 1734 7041.00 2568.00 47.168 10.488 48.320 hs 0 hp 7007 2558 in 1 0 0 0 1305 9914 rl 12 np 0
T 1802 1735 7075.00 2580.00 46.949 11.883 48.430 hs 5 hp 7029 2688 in 1 0 1 0 -980 9952 rl 11 np 0
T 1803 1736 7109.00 2592.00 46.949 12.383 48.555 hs 0 hp 7075 2580 in 1 0 0 0 1305 9914 rl 10 np 0
T 1804 1737 7143.00 2605.00 46.949 12.883 48.685 hs 0 hp 7109 2592 in 1 0 0 0 1564 9877 rl 9 np 0
T 1805 1738 7177.00 2618.00 46.949 13.383 48.819 hs 4 hp 7264 2617 in 1 0 1 0 9952 980 rl 8 np 0
T 1806 1739 7211.00 2632.00 46.949 13.883 48.959 hs 4 hp 7344 2625 in 1 0 1 0 -1127 9936 rl 7 np 0
T 1807 1740 7245.00 2646.00 46.949 14.383 49.103 hs 0 hp 7211 2632 in 1 0 0 0 -2096 9778 rl 6 np 0
T 1808 1741 7279.00 2661.00 46.949 14.883 49.252 hs 5 hp 7284 2720 in 1 0 1 0 4714 8819 rl 5 np 0
T 1809 1742 7313.00 2676.00 46.949 15.383 49.405 hs 5 hp 7284 2720 in 1 0 1 0 -1624 9867 rl 4 np 0
T 1810 1743 7347.00 2692.00 46.949 15.883 49.563 hs 0 hp 7313 2676 in 1 0 0 0 -1582 9874 rl 3 np 0
T 1811 1744 7381.00 2708.00 46.949 16.383 49.726 hs 0 hp 7347 2692 in 1 0 0 0 -1582 9874 rl 2 np 0
T 1812 1745 7415.00 2725.00 46.949 16.883 49.892 hs 4 hp 7503 2708 in 1 0 1 0 10000 0 rl 1 np 0
T 1813 1746 7449.00 2742.00 46.949 17.383 50.064 hs 0 hp 7415 2725 in 1 0 0 0 -1582 9874 rl 0 np 0
T 1814 1747 7483.00 2760.00 46.949 17.883 50.240 hs 4 hp 7571 2742 in 1 0 1 0 10000 0 rl 0 np 0
T 1815 1748 7517.00 2778.00 46.949 18.383 50.420 hs 4 hp 7651 2742 in 1 0 1 0 10000 0 rl 0 np 0
T 1816 1749 7551.00 2797.00 46.949 18.883 50.604 hs 0 hp 7517 2778 in 1 0 0 1 7396 6731 rl 24 np 1
T 1817 1750 7585.00 2816.00 46.949 19.383 50.793 hs 4 hp 7609 2689 in 1 0 1 0 4714 -8819 rl 23 np 1
T 1818 1751 7619.00 2833.00 47.672 16.980 50.606 hs 5 hp 7627 2655 in 1 0 1 0 3363 -9417 rl 22 np 1
T 1819 1752 7658.00 2833.00 58.453 0.000 58.453 hs 0 hp 7619 2833 in 1 0 0 0 3363 -9417 rl 21 np 0
E 1819 1752 ex 7589.0 2847.7 tee 7619.0 2833.0 dist 33.4 |f| 12.00
T 1820 1753 7697.00 2820.00 58.453 -13.199 59.925 hs 0 hp 7658 2833 in 1 1 0 1 -8768 4808 rl 20 np 0
T 1821 1754 7736.00 2807.00 58.453 -12.699 59.817 hs 0 hp 7697 2820 in 1 1 0 1 -8768 4808 rl 19 np 0
T 1822 1755 7775.00 2795.00 58.453 -12.199 59.713 hs 4 hp 7733 2685 in 1 0 1 0 -262 -9997 rl 18 np 0
T 1823 1756 7813.00 2780.00 57.793 -14.566 59.600 hs 5 hp 7732 2655 in 1 0 1 0 -2949 -9555 rl 17 np 0
T 1824 1757 7851.00 2766.00 57.793 -14.066 59.480 hs 0 hp 7813 2780 in 1 0 0 0 383 924 rl 16 np 0
T 1825 1758 7889.00 2752.00 57.793 -13.566 59.364 hs 0 hp 7851 2766 in 1 0 0 0 383 924 rl 15 np 0
T 1826 1759 7928.00 2739.00 57.793 -13.066 59.252 hs 4 hp 7877 2873 in 1 0 1 0 -980 9952 rl 14 np 0
T 1827 1760 7967.00 2726.00 57.793 -12.566 59.143 hs 0 hp 7928 2739 in 1 0 0 0 383 924 rl 13 np 0
T 1828 1761 8006.00 2714.00 57.793 -12.066 59.039 hs 4 hp 7859 2668 in 1 0 1 0 -8819 -4714 rl 12 np 0
T 1829 1762 8045.00 2702.00 57.793 -11.566 58.939 hs 4 hp 7788 2630 in 1 0 1 0 0 -10000 rl 11 np 0
T 1830 1763 8084.00 2691.00 57.793 -11.066 58.843 hs 0 hp 8045 2702 in 1 0 0 0 0 -10000 rl 10 np 0
T 1831 1764 8123.00 2680.00 57.793 -10.566 58.751 hs 0 hp 8084 2691 in 1 0 0 0 1501 9887 rl 9 np 0
T 1832 1765 8162.00 2671.00 57.918 -9.168 58.639 hs 5 hp 8128 2784 in 1 0 1 0 436 9990 rl 8 np 0
T 1833 1766 8201.00 2662.00 57.918 -8.668 58.563 hs 0 hp 8162 2671 in 1 0 0 0 0 10000 rl 7 np 0
T 1834 1767 8240.00 2654.00 57.918 -8.168 58.491 hs 0 hp 8201 2662 in 1 0 0 0 0 10000 rl 6 np 0
T 1835 1768 8279.00 2647.00 57.969 -6.770 58.363 hs 5 hp 8241 2720 in 1 0 1 0 175 9998 rl 5 np 0
T 1836 1769 8318.00 2635.00 57.969 -12.000 59.198 hs 0 hp 8279 2647 in 1 1 0 0 175 9998 rl 4 np 0
T 1837 1770 8357.00 2623.00 57.969 -11.500 59.098 hs 5 hp 8344 2720 in 1 0 1 0 2903 9569 rl 3 np 0
T 1838 1771 8396.00 2612.00 57.969 -11.000 59.003 hs 0 hp 8357 2623 in 1 0 0 0 195 981 rl 2 np 0
T 1839 1772 8435.00 2601.00 57.969 -10.500 58.912 hs 5 hp 8441 2720 in 1 0 1 0 3827 9239 rl 1 np 0
T 1840 1773 8474.00 2592.00 58.113 -9.102 58.822 hs 5 hp 8441 2720 in 1 0 1 0 3827 9239 rl 0 np 0
T 1841 1774 8513.00 2583.00 58.113 -8.602 58.746 hs 0 hp 8474 2592 in 1 0 0 0 3827 9239 rl 0 np 0
T 1842 1775 8552.00 2575.00 58.113 -8.102 58.675 hs 0 hp 8513 2583 in 1 0 0 0 3827 9239 rl 0 np 0
T 1843 1776 8591.00 2567.00 58.113 -7.602 58.608 hs 4 hp 8505 2688 in 1 0 1 0 -3827 9239 rl 0 np 0
T 1844 1777 8630.00 2560.00 58.113 -7.102 58.546 hs 0 hp 8591 2567 in 1 0 0 0 -523 9986 rl 0 np 0
T 1845 1778 8669.00 2553.00 58.113 -6.602 58.487 hs 4 hp 8536 2483 in 1 0 1 0 -7730 -6344 rl 0 np 0
T 1846 1779 8708.00 2547.00 58.113 -6.102 58.433 hs 0 hp 8669 2553 in 1 0 0 1 9384 -3455 rl 24 np 1
T 1847 1780 8747.00 2542.00 58.113 0.000 58.113 hs 4 hp 8727 2667 in 1 0 1 0 1564 9877 rl 23 np 1
T 1848 1781 8786.00 2543.00 57.965 1.398 57.982 hs 5 hp 8735 2720 in 1 0 1 0 -7071 -7071 rl 22 np 1
T 1849 1782 8828.00 2549.00 69.137 6.281 69.421 hs 0 hp 8786 2543 in 1 0 0 0 -7071 -7071 rl 21 np 0
E 1849 1782 ex 8746.0 2527.3 tee 8786.0 2543.0 dist 43.0 |f| 12.00
T 1850 1783 8870.00 2556.00 69.137 6.781 69.468 hs 0 hp 8828 2549 in 1 0 0 1 -4792 -8777 rl 20 np 0
T 1851 1784 8912.00 2563.00 69.137 7.281 69.519 hs 4 hp 8921 2445 in 1 0 1 0 4147 -9100 rl 19 np 0
T 1852 1785 8954.00 2571.00 69.137 7.781 69.573 hs 4 hp 8954 2372 in 1 0 1 0 3305 9438 rl 18 np 0
T 1853 1786 8996.00 2579.00 69.137 8.281 69.631 hs 0 hp 8954 2571 in 1 0 0 0 3305 9438 rl 17 np 0
T 1854 1787 9038.00 2588.00 69.137 8.781 69.692 hs 4 hp 8938 2687 in 1 0 1 0 -4714 8819 rl 16 np 0
T 1855 1788 9080.00 2597.00 69.137 9.281 69.757 hs 0 hp 9038 2588 in 1 0 0 0 3305 9438 rl 15 np 0
