T 1768 1701 6061.00 2884.00 35.770 -22.562 42.291 hs 0 hp 6034 2907 in 1 0 0 0 -3518 -9361 rl 0 np 0
T 1769 1702 6089.00 2862.00 35.770 -22.062 42.026 hs 0 hp 6061 2884 in 1 0 0 0 -3518 -9361 rl 0 np 0
T 1770 1703 6117.00 2840.00 35.770 -21.562 41.766 hs 0 hp 6089 2862 in 1 0 0 0 -3518 -9361 rl 0 np 0
T 1771 1704 6145.00 2819.00 35.770 -21.062 41.510 hs 4 hp 6080 2724 in 1 0 1 0 -3024 -9532 rl 0 np 0
T 1772 1705 6173.00 2798.00 35.770 -20.562 41.259 hs 0 hp 6145 2819 in 1 0 0 0 -9673 -2538 rl 0 np 0
T 1773 1706 6201.00 2778.00 35.770 -20.062 41.012 hs 0 hp 6173 2798 in 1 0 0 0 -9673 -2538 rl 0 np 0
T 1774 1707 6229.00 2758.00 35.770 -19.562 40.769 hs 4 hp 6088 2825 in 1 0 1 0 -9239 3827 rl 0 np 0
T 1775 1708 6257.00 2739.00 35.770 -19.062 40.532 hs 4 hp 6014 2856 in 1 0 1 0 -9239 3827 rl 0 np 0
T 1776 1709 6285.00 2720.00 35.770 -18.562 40.299 hs 4 hp 5940 2887 in 1 0 1 0 -9239 3827 rl 0 np 0
T 1777 1710 6313.00 2702.00 35.770 -18.062 40.071 hs 0 hp 6285 2720 in 1 0 0 0 1426 9898 rl 0 np 0
T 1778 1711 6341.00 2684.00 35.770 -17.562 39.848 hs 0 hp 6313 2702 in 1 0 0 0 1426 9898 rl 0 np 0
T 1779 1712 6369.00 2668.00 36.168 -16.172 39.619 hs 5 hp 6351 2752 in 1 0 1 0 1392 9903 rl 0 np 0
T 1780 1713 6397.00 2652.00 36.168 -15.672 39.417 hs 0 hp 6369 2668 in 1 0 0 0 1426 9898 rl 0 np 0
T 1781 1714 6426.00 2637.00 36.168 -15.172 39.221 hs 5 hp 6406 2720 in 1 0 1 0 1305 9914 rl 0 np 0
T 1782 1715 6455.00 2622.00 36.168 -14.672 39.031 hs 0 hp 6426 2637 in 1 0 0 0 1288 9917 rl 0 np 0
T 1783 1716 6484.00 2609.00 36.492 -13.277 38.833 hs 5 hp 6466 2720 in 1 0 1 0 1132 9936 rl 0 np 0
T 1784 1717 6513.00 2596.00 36.492 -12.777 38.664 hs 0 hp 6484 2609 in 1 0 0 0 1305 9914 rl 0 np 0
T 1785 1718 6542.00 2584.00 36.492 -12.277 38.502 hs 4 hp 6525 2717 in 1 0 1 0 958 9954 rl 0 np 0
T 1786 1719 6571.00 2572.00 36.492 -11.777 38.346 hs 0 hp 6542 2584 in 1 0 0 0 0 -10000 rl 0 np 0
T 1787 1720 6600.00 2561.00 36.492 -11.277 38.195 hs 0 hp 6571 2572 in 1 0 0 0 0 -10000 rl 0 np 0
T 1788 1721 6629.00 2550.00 36.492 -10.777 38.050 hs 4 hp 6637 2677 in 1 0 1 0 3007 9537 rl 0 np 0
T 1789 1722 6658.00 2541.00 36.730 -9.379 37.909 hs 5 hp 6641 2688 in 1 0 1 0 -7071 -7071 rl 0 np 0
T 1790 1723 6687.00 2532.00 36.730 -8.879 37.788 hs 0 hp 6658 2541 in 1 0 0 1 9243 -3817 rl 24 np 1
T 1791 1724 6716.00 2524.00 36.730 -8.379 37.674 hs 0 hp 6687 2532 in 1 0 0 0 593 9982 rl 23 np 1
T 1792 1725 6745.00 2516.00 36.730 -7.879 37.566 hs 4 hp 6751 2641 in 1 0 1 0 2903 9569 rl 22 np 1
T 1793 1726 6774.00 2510.00 36.730 0.000 36.730 hs 0 hp 6745 2516 in 1 0 0 0 9239 3827 rl 21 np 1
T 1794 1727 6804.00 2510.00 36.730 0.500 36.734 hs 4 hp 6786 2631 in 1 0 1 0 980 9952 rl 20 np 1
T 1795 1728 6833.00 2512.00 36.574 1.898 36.623 hs 5 hp 6792 2688 in 1 0 1 0 56 10000 rl 19 np 1
T 1796 1729 6868.00 2519.00 47.465 7.441 48.045 hs 0 hp 6833 2512 in 1 0 0 0 56 10000 rl 18 np 0
E 1796 1729 ex 6797.1 2495.4 tee 6833.0 2512.0 dist 39.6 |f| 12.00
T 1797 1730 6903.00 2527.00 47.465 7.941 48.125 hs 0 hp 6868 2519 in 1 0 0 0 9588 2840 rl 17 np 0
T 1798 1731 6938.00 2535.00 47.465 8.441 48.210 hs 4 hp 7011 2585 in 1 0 1 0 8819 4714 rl 16 np 0
T 1799 1732 6973.00 2544.00 47.465 8.941 48.300 hs 0 hp 6938 2535 in 1 0 0 0 9588 2840 rl 15 np 0
T 1800 1733 7008.00 2553.00 47.465 9.441 48.395 hs 4 hp 6961 2665 in 1 0 1 0 -980 9952 rl 14 np 0
T 1801 1734 7043.00 2563.00 47.465 9.941 48.495 hs 0 hp 7008 2553 in 1 0 0 0 1305 9914 rl 13 np 0
T 1802 1735 7078.00 2573.00 47.465 10.441 48.600 hs 0 hp 7043 2563 in 1 0 0 0 1305 9914 rl 12 np 0
T 1803 1736 7112.00 2585.00 47.246 11.836 48.706 hs 5 hp 7067 2688 in 1 0 1 0 -980 9952 rl 11 np 0
T 1804 1737 7146.00 2597.00 47.246 12.336 48.830 hs 0 hp 7112 2585 in 1 0 0 0 1564 9877 rl 10 np 0
T 1805 1738 7180.00 2611.00 46.992 13.730 48.957 hs 5 hp 7136 2688 in 1 0 1 0 -1127 9936 rl 9 np 0
T 1806 1739 7214.00 2625.00 46.992 14.230 49.100 hs 0 hp 7180 2611 in 1 0 0 0 -2096 9778 rl 8 np 0
T 1807 1740 7248.00 2640.00 46.992 14.730 49.247 hs 0 hp 7214 2625 in 1 0 0 0 -2096 9778 rl 7 np 0
T 1808 1741 7282.00 2656.00 46.633 16.117 49.339 hs 5 hp 7235 2720 in 1 0 1 0 -1601 9871 rl 6 np 0
T 1809 1742 7316.00 2673.00 46.633 16.617 49.505 hs 0 hp 7282 2656 in 1 0 0 0 -2096 9778 rl 5 np 0
T 1810 1743 7349.00 2691.00 46.266 18.004 49.645 hs 5 hp 7303 2752 in 1 0 1 0 -1624 9867 rl 4 np 0
T 1811 1744 7382.00 2710.00 46.266 18.504 49.829 hs 0 hp 7349 2691 in 1 0 0 0 -1582 9874 rl 3 np 0
T 1812 1745 7415.00 2729.00 46.266 19.004 50.017 hs 0 hp 7382 2710 in 1 0 0 0 -1582 9874 rl 2 np 0
T 1813 1746 7448.00 2749.00 46.266 19.504 50.209 hs 4 hp 7537 2729 in 1 0 1 0 10000 0 rl 1 np 0
T 1814 1747 7481.00 2769.00 46.266 20.004 50.405 hs 4 hp 7617 2729 in 1 0 1 0 10000 0 rl 0 np 0
T 1815 1748 7514.00 2789.00 46.266 20.504 50.606 hs 0 hp 7481 2769 in 1 0 0 0 7071 -7071 rl 0 np 0
T 1816 1749 7547.00 2810.00 46.266 21.004 50.810 hs 4 hp 7579 2686 in 1 0 1 0 5299 -8480 rl 0 np 0
T 1817 1750 7581.00 2829.00 47.270 18.695 50.832 hs 5 hp 7616 2627 in 1 0 1 0 3363 -9417 rl 0 np 0
T 1818 1751 7615.00 2833.00 47.758 0.000 47.758 hs 5 hp 7616 2627 in 1 0 1 0 3363 -9417 rl 0 np 0
T 1819 1752 7654.00 2820.00 58.258 -13.199 59.734 hs 0 hp 7615 2833 in 1 1 0 1 -8768 4808 rl 24 np 0
E 1819 1752 ex 7588.2 2847.8 tee 7615.0 2833.0 dist 30.6 |f| 12.00
T 1820 1753 7693.00 2807.00 58.258 -12.699 59.626 hs 0 hp 7654 2820 in 1 0 0 0 -195 -981 rl 23 np 0
T 1821 1754 7732.00 2795.00 58.258 -12.199 59.521 hs 5 hp 7749 2912 in 1 0 1 0 4714 8819 rl 22 np 0
T 1822 1755 7771.00 2783.00 58.258 -11.699 59.421 hs 0 hp 7732 2795 in 1 0 0 0 383 924 rl 21 np 0
T 1823 1756 7810.00 2772.00 58.258 -11.199 59.324 hs 4 hp 7735 2666 in 1 0 1 0 -2949 -9555 rl 20 np 0
T 1824 1757 7849.00 2761.00 58.258 -10.699 59.232 hs 0 hp 7810 2772 in 1 0 0 0 383 924 rl 19 np 0
T 1825 1758 7888.00 2751.00 58.258 -10.199 59.144 hs 0 hp 7849 2761 in 1 0 0 0 383 924 rl 18 np 0
T 1826 1759 7927.00 2741.00 58.258 -9.699 59.060 hs 0 hp 7888 2751 in 1 0 0 0 383 924 rl 17 np 0
T 1827 1760 7966.00 2732.00 58.258 -9.199 58.980 hs 0 hp 7927 2741 in 1 0 0 0 383 924 rl 16 np 0
T 1828 1761 8005.00 2723.00 58.258 -8.699 58.904 hs 0 hp 7966 2732 in 1 0 0 0 383 924 rl 15 np 0
T 1829 1762 8044.00 2715.00 58.258 -8.199 58.832 hs 4 hp 8018 2602 in 1 0 1 0 1045 -9945 rl 14 np 0
T 1830 1763 8083.00 2707.00 58.258 -7.699 58.764 hs 4 hp 8026 2522 in 1 0 1 0 0 -10000 rl 13 np 0
T 1831 1764 8122.00 2695.00 58.258 -12.000 59.481 hs 5 hp 8032 2463 in 1 1 1 0 0 -10000 rl 12 np 0
T 1832 1765 8161.00 2683.00 58.258 -11.500 59.382 hs 0 hp 8122 2695 in 1 0 0 0 1501 9887 rl 11 np 0
T 1833 1766 8200.00 2672.00 58.258 -11.000 59.287 hs 4 hp 8282 2695 in 1 0 1 0 9952 980 rl 10 np 0
T 1834 1767 8239.00 2661.00 58.258 -10.500 59.196 hs 4 hp 8362 2703 in 1 0 1 0 87 10000 rl 9 np 0
T 1835 1768 8278.00 2651.00 58.258 -10.000 59.110 hs 0 hp 8239 2661 in 1 0 0 0 0 10000 rl 8 np 0
T 1836 1769 8317.00 2642.00 58.258 -9.500 59.027 hs 4 hp 8275 2529 in 1 0 1 0 -262 -9997 rl 7 np 0
T 1837 1770 8356.00 2630.00 57.723 -11.914 58.939 hs 5 hp 8273 2463 in 1 0 1 0 -3827 -9239 rl 6 np 0
T 1838 1771 8395.00 2619.00 57.723 -11.414 58.840 hs 0 hp 8356 2630 in 1 0 0 0 195 981 rl 5 np 0
T 1839 1772 8434.00 2608.00 57.723 -10.914 58.745 hs 0 hp 8395 2619 in 1 0 0 0 195 981 rl 4 np 0
T 1840 1773 8473.00 2598.00 57.871 -9.516 58.648 hs 5 hp 8440 2720 in 1 0 1 0 523 9986 rl 3 np 0
T 1841 1774 8512.00 2589.00 57.871 -9.016 58.569 hs 0 hp 8473 2598 in 1 0 0 0 3827 9239 rl 2 np 0
T 1842 1775 8551.00 2580.00 57.871 -8.516 58.494 hs 0 hp 8512 2589 in 1 0 0 0 3827 9239 rl 1 np 0
T 1843 1776 8590.00 2572.00 57.871 -8.016 58.424 hs 4 hp 8504 2693 in 1 0 1 0 -3827 9239 rl 0 np 0
T 1844 1777 8629.00 2564.00 57.871 -7.516 58.357 hs 0 hp 8590 2572 in 1 0 0 0 -523 9986 rl 0 np 0
T 1845 1778 8668.00 2557.00 57.871 -7.016 58.295 hs 4 hp 8571 2456 in 1 0 1 0 -4714 -8819 rl 0 np 0
T 1846 1779 8707.00 2550.00 57.871 -6.516 58.237 hs 0 hp 8668 2557 in 1 0 0 0 -4714 -8819 rl 0 np 0
T 1847 1780 8746.00 2544.00 57.871 -6.016 58.183 hs 4 hp 8737 2668 in 1 0 1 0 2419 9703 rl 0 np 0
T 1848 1781 8785.00 2542.00 57.938 0.000 57.938 hs 5 hp 8750 2720 in 1 0 1 0 -523 -9986 rl 0 np 0
T 1849 1782 8827.00 2547.00 69.051 5.027 69.234 hs 0 hp 8785 2542 in 1 0 0 1 -9239 -3827 rl 24 np 0
E 1849 1782 ex 8749.0 2527.3 tee 8785.0 2542.0 dist 38.9 |f| 12.00
T 1850 1783 8869.00 2553.00 69.051 5.527 69.272 hs 4 hp 8872 2433 in 1 0 1 0 3665 -9304 rl 23 np 0
T 1851 1784 8911.00 2559.00 69.051 6.027 69.313 hs 4 hp 8901 2359 in 1 0 1 0 1900 9818 rl 22 np 0
T 1852 1785 8953.00 2566.00 69.051 6.527 69.359 hs 0 hp 8911 2559 in 1 0 0 0 1900 9818 rl 21 np 0
T 1853 1786 8995.00 2573.00 69.051 7.027 69.407 hs 4 hp 8918 2449 in 1 0 1 0 -2903 -9569 rl 20 np 0
T 1854 1787 9037.00 2581.00 69.051 7.527 69.460 hs 0 hp 8995 2573 in 1 0 0 0 3305 9438 rl 19 np 0
T 1855 1788 9079.00 2589.00 69.051 8.027 69.516 hs 4 hp 9025 2702 in 1 0 1 0 -980 9952 rl 18 np 0
T 1856 1789 9121.00 2598.00 69.051 8.527 69.575 hs 0 hp 9079 2589 in 1 0 0 0 3305 9438 rl 17 np 0
