T 1768 1701 6061.00 2884.00 35.770 -22.562 42.291 hs 0 hp 6034 2907 in 1 0 0 0 -3518 -9361 rl 0 np 0
T 1769 1702 6089.00 2862.00 35.770 -22.062 42.026 hs 4 hp 6005 2776 in 1 0 1 0 -4614 -8872 rl 0 np 0
T 1770 1703 6117.00 2840.00 35.770 -21.562 41.766 hs 0 hp 6089 2862 in 1 0 0 0 -3518 -9361 rl 0 np 0
T 1771 1704 6145.00 2819.00 35.770 -21.062 41.510 hs 4 hp 6061 2732 in 1 0 1 0 -4614 -8872 rl 0 np 0
T 1772 1705 6173.00 2798.00 35.770 -20.562 41.259 hs 4 hp 6024 2661 in 1 0 1 0 -3024 -9532 rl 0 np 0
T 1773 1706 6201.00 2778.00 35.770 -20.062 41.012 hs 0 hp 6173 2798 in 1 0 0 0 -9673 -2538 rl 0 np 0
T 1774 1707 6229.00 2758.00 35.770 -19.562 40.769 hs 0 hp 6201 2778 in 1 0 0 0 -9673 -2538 rl 0 np 0
T 1775 1708 6257.00 2739.00 35.770 -19.062 40.532 hs 0 hp 6229 2758 in 1 0 0 0 3827 9239 rl 0 np 0
T 1776 1709 6285.00 2720.00 35.770 -18.562 40.299 hs 4 hp 6144 2786 in 1 0 1 0 -9239 3827 rl 0 np 0
T 1777 1710 6313.00 2702.00 35.770 -18.062 40.071 hs 4 hp 6070 2817 in 1 0 1 0 1426 9898 rl 0 np 0
T 1778 1711 6341.00 2684.00 35.770 -17.562 39.848 hs 0 hp 6313 2702 in 1 0 0 0 1426 9898 rl 0 np 0
T 1779 1712 6369.00 2668.00 36.168 -16.172 39.619 hs 5 hp 6351 2752 in 1 0 1 0 1392 9903 rl 0 np 0
T 1780 1713 6397.00 2652.00 36.168 -15.672 39.417 hs 0 hp 6369 2668 in 1 0 0 0 1426 9898 rl 0 np 0
T 1781 1714 6426.00 2637.00 36.168 -15.172 39.221 hs 5 hp 6406 2720 in 1 0 1 0 1305 9914 rl 0 np 0
T 1782 1715 6455.00 2622.00 36.168 -14.672 39.031 hs 0 hp 6426 2637 in 1 0 0 0 1288 9917 rl 0 np 0
T 1783 1716 6484.00 2609.00 36.492 -13.277 38.833 hs 5 hp 6466 2720 in 1 0 1 0 1132 9936 rl 0 np 0
T 1784 1717 6513.00 2596.00 36.492 -12.777 38.664 hs 0 hp 6484 2609 in 1 0 0 0 1305 9914 rl 0 np 0
T 1785 1718 6542.00 2584.00 36.492 -12.277 38.502 hs 4 hp 6525 2717 in 1 0 1 0 958 9954 rl 0 np 0
T 1786 1719 6571.00 2572.00 36.492 -11.777 38.346 hs 0 hp 6542 2584 in 1 0 0 0 0 -10000 rl 0 np 0
T 1787 1720 6600.00 2561.00 36.492 -11.277 38.195 hs 0 hp 6571 2572 in 1 0 0 0 0 -10000 rl 0 np 0
T 1788 1721 6629.00 2550.00 36.492 -10.777 38.050 hs 4 hp 6637 2677 in 1 0 1 0 3007 9537 rl 0 np 0
T 1789 1722 6658.00 2541.00 36.730 -9.379 37.909 hs 5 hp 6641 2688 in 1 0 1 0 -7071 -7071 rl 0 np 0
T 1790 1723 6687.00 2532.00 36.730 -8.879 37.788 hs 0 hp 6658 2541 in 1 0 0 1 9339 -3575 rl 24 np 1
T 1791 1724 6716.00 2524.00 36.730 -8.379 37.674 hs 0 hp 6687 2532 in 1 0 0 0 593 9982 rl 23 np 1
T 1792 1725 6745.00 2516.00 36.730 -7.879 37.566 hs 4 hp 6751 2641 in 1 0 1 0 2903 9569 rl 22 np 1
T 1793 1726 6774.00 2510.00 36.730 0.000 36.730 hs 0 hp 6745 2516 in 1 0 0 0 9239 3827 rl 21 np 1
T 1794 1727 6804.00 2510.00 36.730 0.500 36.734 hs 4 hp 6786 2631 in 1 0 1 0 980 9952 rl 20 np 1
T 1795 1728 6833.00 2512.00 36.574 1.898 36.623 hs 5 hp 6792 2688 in 1 0 1 0 56 10000 rl 19 np 1
T 1796 1729 6862.00 2514.00 36.574 2.398 36.653 hs 0 hp 6833 2512 in 1 0 0 0 9588 2840 rl 18 np 1
T 1797 1730 6897.00 2522.00 47.586 7.668 48.200 hs 0 hp 6862 2514 in 1 0 0 0 9588 2840 rl 17 np 0
E 1797 1730 ex 6819.2 2495.5 tee 6862.0 2514.0 dist 46.7 |f| 12.00
T 1798 1731 6932.00 2530.00 47.586 8.168 48.282 hs 4 hp 6898 2644 in 1 0 1 0 56 10000 rl 16 np 0
T 1799 1732 6967.00 2539.00 47.586 8.668 48.369 hs 0 hp 6932 2530 in 1 0 0 0 9588 2840 rl 15 np 0
T 1800 1733 7002.00 2548.00 47.586 9.168 48.461 hs 0 hp 6967 2539 in 1 0 0 0 9588 2840 rl 14 np 0
T 1801 1734 7037.00 2558.00 47.586 9.668 48.558 hs 4 hp 7096 2625 in 1 0 1 0 7730 6344 rl 13 np 0
T 1802 1735 7072.00 2568.00 47.586 10.168 48.660 hs 0 hp 7037 2558 in 1 0 0 0 1305 9914 rl 12 np 0
T 1803 1736 7106.00 2580.00 47.367 11.562 48.758 hs 5 hp 7060 2688 in 1 0 1 0 -980 9952 rl 11 np 0
T 1804 1737 7140.00 2592.00 47.367 12.062 48.879 hs 0 hp 7106 2580 in 1 0 0 0 1564 9877 rl 10 np 0
T 1805 1738 7174.00 2605.00 47.113 13.457 48.997 hs 5 hp 7129 2688 in 1 0 1 0 -1127 9936 rl 9 np 0
T 1806 1739 7208.00 2619.00 47.113 13.957 49.137 hs 0 hp 7174 2605 in 1 0 0 0 -2096 9778 rl 8 np 0
T 1807 1740 7242.00 2633.00 47.113 14.457 49.282 hs 4 hp 7316 2677 in 1 0 1 0 8819 4714 rl 7 np 0
T 1808 1741 7276.00 2648.00 47.113 14.957 49.431 hs 4 hp 7387 2715 in 1 0 1 0 -1601 9871 rl 6 np 0
T 1809 1742 7310.00 2663.00 47.113 15.457 49.584 hs 4 hp 7458 2753 in 1 0 1 0 -1624 9867 rl 5 np 0
T 1810 1743 7344.00 2679.00 47.113 15.957 49.742 hs 0 hp 7310 2663 in 1 0 0 0 -1582 9874 rl 4 np 0
T 1811 1744 7378.00 2695.00 47.113 16.457 49.905 hs 4 hp 7452 2737 in 1 0 1 0 8819 4714 rl 3 np 0
T 1812 1745 7412.00 2712.00 47.113 16.957 50.072 hs 0 hp 7378 2695 in 1 0 0 0 -1582 9874 rl 2 np 0
T 1813 1746 7446.00 2729.00 47.113 17.457 50.243 hs 4 hp 7534 2712 in 1 0 1 0 10000 0 rl 1 np 0
T 1814 1747 7480.00 2747.00 47.113 17.957 50.419 hs 4 hp 7614 2712 in 1 0 1 0 10000 0 rl 0 np 0
T 1815 1748 7514.00 2765.00 47.113 18.457 50.600 hs 0 hp 7480 2747 in 1 0 0 0 7071 -7071 rl 0 np 0
T 1816 1749 7548.00 2784.00 47.113 18.957 50.784 hs 4 hp 7591 2671 in 1 0 1 0 6344 -7730 rl 0 np 0
T 1817 1750 7582.00 2803.00 47.113 19.457 50.973 hs 5 hp 7616 2641 in 1 0 1 0 3363 -9417 rl 0 np 0
T 1818 1751 7616.00 2820.00 47.699 17.020 50.645 hs 5 hp 7616 2641 in 1 0 1 0 3363 -9417 rl 0 np 0
T 1819 1752 7650.00 2833.00 47.699 0.000 47.699 hs 0 hp 7616 2820 in 1 0 0 0 -195 -981 rl 0 np 0
T 1820 1753 7689.00 2820.00 58.199 -13.199 59.677 hs 0 hp 7650 2833 in 1 1 0 1 -8768 4808 rl 24 np 0
E 1820 1753 ex 7623.2 2847.8 tee 7650.0 2833.0 dist 30.6 |f| 12.00
T 1821 1754 7728.00 2807.00 58.199 -12.699 59.569 hs 0 hp 7689 2820 in 1 1 0 1 -8768 4808 rl 23 np 0
T 1822 1755 7767.00 2795.00 58.199 -12.199 59.464 hs 4 hp 7725 2685 in 1 0 1 0 -262 -9997 rl 22 np 0
T 1823 1756 7805.00 2780.00 57.539 -14.566 59.354 hs 5 hp 7724 2655 in 1 0 1 0 -2949 -9555 rl 21 np 0
T 1824 1757 7843.00 2766.00 57.539 -14.066 59.233 hs 0 hp 7805 2780 in 1 0 0 0 383 924 rl 20 np 0
T 1825 1758 7881.00 2752.00 57.539 -13.566 59.117 hs 4 hp 7881 2882 in 1 0 1 0 3090 9511 rl 19 np 0
T 1826 1759 7920.00 2740.00 57.715 -12.168 58.984 hs 5 hp 7891 2912 in 1 0 1 0 9239 -3827 rl 18 np 0
T 1827 1760 7959.00 2728.00 57.715 -11.668 58.882 hs 0 hp 7920 2740 in 1 0 0 0 383 924 rl 17 np 0
T 1828 1761 7998.00 2717.00 57.715 -11.168 58.785 hs 4 hp 7882 2634 in 1 0 1 0 -6344 -7730 rl 16 np 0
T 1829 1762 8037.00 2706.00 57.715 -10.668 58.692 hs 0 hp 7998 2717 in 1 0 0 0 -9952 981 rl 15 np 0
T 1830 1763 8076.00 2697.00 57.840 -9.270 58.578 hs 5 hp 8042 2816 in 1 0 1 0 436 9990 rl 14 np 0
T 1831 1764 8115.00 2688.00 57.840 -8.770 58.501 hs 0 hp 8076 2697 in 1 0 0 0 1501 9887 rl 13 np 0
T 1832 1765 8154.00 2680.00 57.840 -8.270 58.428 hs 0 hp 8115 2688 in 1 0 0 0 1501 9887 rl 12 np 0
T 1833 1766 8193.00 2673.00 57.938 -6.871 58.344 hs 5 hp 8157 2752 in 1 0 1 0 349 9994 rl 11 np 0
T 1834 1767 8232.00 2667.00 57.938 -6.371 58.287 hs 0 hp 8193 2673 in 1 0 0 0 0 10000 rl 10 np 0
T 1835 1768 8271.00 2656.00 58.113 -11.102 59.164 hs 5 hp 8235 2720 in 1 1 1 0 610 9981 rl 9 np 0
T 1836 1769 8310.00 2645.00 58.113 -10.602 59.072 hs 0 hp 8271 2656 in 1 0 0 0 0 10000 rl 8 np 0
T 1837 1770 8349.00 2636.00 58.238 -9.203 58.961 hs 5 hp 8313 2720 in 1 0 1 0 436 9990 rl 7 np 0
T 1838 1771 8388.00 2627.00 58.238 -8.703 58.885 hs 0 hp 8349 2636 in 1 0 0 0 195 981 rl 6 np 0
T 1839 1772 8427.00 2619.00 58.238 -8.203 58.813 hs 4 hp 8391 2505 in 1 0 1 0 262 -9997 rl 5 np 0
T 1840 1773 8466.00 2608.00 57.750 -10.633 58.721 hs 5 hp 8392 2463 in 1 0 1 0 3827 9239 rl 4 np 0
T 1841 1774 8505.00 2598.00 57.750 -10.133 58.632 hs 0 hp 8466 2608 in 1 0 0 0 3827 9239 rl 3 np 0
T 1842 1775 8544.00 2588.00 57.750 -9.633 58.548 hs 0 hp 8505 2598 in 1 0 0 0 3827 9239 rl 2 np 0
T 1843 1776 8583.00 2579.00 57.750 -9.133 58.468 hs 0 hp 8544 2588 in 1 0 0 0 -523 9986 rl 1 np 0
T 1844 1777 8622.00 2570.00 57.750 -8.633 58.392 hs 4 hp 8475 2521 in 1 0 1 0 -8819 -4714 rl 0 np 0
T 1845 1778 8661.00 2562.00 57.750 -8.133 58.320 hs 0 hp 8622 2570 in 1 0 0 0 0 -10000 rl 0 np 0
T 1846 1779 8700.00 2554.00 57.750 -7.633 58.252 hs 0 hp 8661 2562 in 1 0 0 0 0 -10000 rl 0 np 0
T 1847 1780 8739.00 2547.00 57.750 -7.133 58.189 hs 4 hp 8731 2672 in 1 0 1 0 2504 9681 rl 0 np 0
T 1848 1781 8778.00 2542.00 57.750 0.000 57.750 hs 0 hp 8739 2547 in 1 0 0 0 2504 9681 rl 0 np 0
T 1849 1782 8820.00 2547.00 68.863 5.027 69.047 hs 0 hp 8778 2542 in 1 0 0 1 -9239 -3827 rl 24 np 0
E 1849 1782 ex 8742.0 2527.3 tee 8778.0 2542.0 dist 38.9 |f| 12.00
T 1850 1783 8862.00 2553.00 68.863 5.527 69.085 hs 4 hp 8865 2433 in 1 0 1 0 3665 -9304 rl 23 np 0
T 1851 1784 8904.00 2559.00 68.863 6.027 69.127 hs 4 hp 8894 2359 in 1 0 1 0 1900 9818 rl 22 np 0
T 1852 1785 8946.00 2566.00 68.863 6.527 69.172 hs 0 hp 8904 2559 in 1 0 0 0 1900 9818 rl 21 np 0
T 1853 1786 8988.00 2573.00 68.863 7.027 69.221 hs 4 hp 9004 2458 in 1 0 1 0 4714 -8819 rl 20 np 0
T 1854 1787 9030.00 2581.00 68.863 7.527 69.273 hs 0 hp 8988 2573 in 1 0 0 0 3305 9438 rl 19 np 0
T 1855 1788 9072.00 2589.00 68.863 8.027 69.330 hs 4 hp 9066 2464 in 1 0 1 0 2924 -9563 rl 18 np 0
T 1856 1789 9114.00 2598.00 68.863 8.527 69.389 hs 0 hp 9072 2589 in 1 0 0 0 3305 9438 rl 17 np 0
