T 1318 1251 5951.00 2282.00 -44.953 21.168 49.688 hs 5 hp 6235 2336 in 0 0 1 0 -6341 -7732 rl 19 np 0
T 1319 1252 5921.00 2304.00 -40.652 21.836 46.146 hs 5 hp 6235 2336 in 1 0 1 0 -1610 9870 rl 18 np 0
T 1320 1253 5892.00 2326.00 -38.621 22.336 44.615 hs 0 hp 5921 2304 in 0 0 0 0 -1610 9870 rl 17 np 0
T 1321 1254 5865.00 2350.00 -35.777 23.629 42.876 hs 5 hp 5931 2400 in 1 0 1 0 4714 8819 rl 16 np 0
T 1322 1255 5839.00 2375.00 -33.984 24.672 41.996 hs 5 hp 5931 2400 in -1 0 1 0 3803 9249 rl 15 np 0
T 1323 1256 5813.00 2400.00 -33.984 25.172 42.291 hs 0 hp 5839 2375 in -1 0 0 0 -1610 9870 rl 14 np 0
T 1324 1257 5788.00 2427.00 -31.656 26.531 41.304 hs 5 hp 5842 2496 in 1 0 1 0 2903 9569 rl 13 np 0
T 1325 1258 5766.00 2455.00 -28.398 27.738 39.697 hs 5 hp 5842 2496 in 1 0 1 0 2903 9569 rl 12 np 0
T 1326 1259 5747.00 2484.00 -24.391 28.664 37.637 hs 5 hp 5842 2496 in 1 0 1 0 276 961 rl 11 np 0
T 1327 1260 5730.00 2513.00 -20.938 29.277 35.994 hs 5 hp 5842 2496 in 0 0 1 0 2609 9654 rl 10 np 0
T 1328 1261 5713.00 2543.00 -20.938 29.777 36.401 hs 0 hp 5730 2513 in -1 0 0 0 276 961 rl 9 np 0
T 1329 1262 5697.00 2573.00 -19.438 30.277 35.980 hs 0 hp 5713 2543 in 1 0 0 0 276 961 rl 8 np 0
T 1330 1263 5681.00 2604.00 -19.438 30.777 36.401 hs 4 hp 5603 2650 in -1 0 1 0 -7730 6344 rl 7 np 0
T 1331 1264 5665.00 2635.00 -19.438 31.277 36.825 hs 0 hp 5681 2604 in -1 0 0 0 6018 7986 rl 6 np 0
T 1332 1265 5648.00 2665.00 -21.801 30.102 37.167 hs 5 hp 5599 2591 in -1 0 1 0 -8290 -5592 rl 5 np 0
T 1333 1266 5629.00 2693.00 -23.375 28.102 36.553 hs 5 hp 5599 2591 in -1 0 1 0 -7983 -6022 rl 4 np 0
T 1334 1267 5609.00 2719.00 -24.180 25.723 35.303 hs 5 hp 5599 2591 in -1 0 1 0 -8290 -5592 rl 3 np 0
T 1335 1268 5589.00 2745.00 -24.180 26.223 35.669 hs 0 hp 5609 2719 in -1 0 0 0 -707 -707 rl 2 np 0
T 1336 1269 5568.00 2770.00 -26.105 24.512 35.809 hs 5 hp 5507 2655 in -1 0 1 0 -6756 -7373 rl 1 np 0
T 1337 1270 5546.00 2792.00 -27.441 22.363 35.400 hs 5 hp 5507 2655 in -1 0 1 0 -6772 -7358 rl 0 np 0
T 1338 1271 5523.00 2812.00 -28.223 19.977 34.577 hs 5 hp 5507 2655 in -1 0 1 0 -707 -707 rl 0 np 0
T 1339 1272 5500.00 2832.00 -28.223 20.477 34.868 hs 0 hp 5523 2812 in -1 0 0 0 -707 -707 rl 0 np 0
T 1340 1273 5477.00 2853.00 -28.223 20.977 35.164 hs 4 hp 5407 2754 in -1 0 1 0 -7661 -6427 rl 0 np 0
T 1341 1274 5454.00 2874.00 -28.223 21.477 35.465 hs 4 hp 5346 2702 in -1 0 1 0 -7661 -6427 rl 0 np 0
T 1342 1275 5430.00 2894.00 -29.930 19.574 35.762 hs 5 hp 5290 2655 in -1 0 1 0 -7661 -6427 rl 0 np 0
T 1343 1276 5405.00 2911.00 -31.371 17.484 35.914 hs 5 hp 5290 2655 in -1 0 1 0 -7661 -6427 rl 0 np 0
T 1344 1277 5379.00 2926.00 -32.539 15.246 35.934 hs 5 hp 5290 2655 in -1 0 1 1 -9546 2978 rl 24 np 1
T 1345 1278 5352.00 2939.00 -33.430 12.895 35.830 hs 5 hp 5290 2655 in -1 0 1 0 -831 -556 rl 23 np 1
T 1346 1279 5324.00 2949.00 -34.039 10.465 35.611 hs 5 hp 5290 2655 in -1 0 1 0 -831 -556 rl 22 np 1
T 1347 1280 5296.00 2957.00 -34.367 7.984 35.282 hs 5 hp 5290 2655 in -1 0 1 0 -831 -556 rl 21 np 1
T 1348 1281 5268.00 2961.00 -34.422 0.000 34.422 hs 5 hp 5290 2655 in -1 0 1 0 -831 -556 rl 20 np 1
T 1349 1282 5240.00 2961.00 -34.422 0.000 34.422 hs 0 hp 5268 2961 in -1 0 0 0 -831 -556 rl 19 np 1
T 1350 1283 5212.00 2948.00 -34.422 -13.199 36.866 hs 4 hp 5361 2973 in -1 1 1 0 9952 980 rl 18 np 1
T 1351 1284 5180.00 2928.00 -43.613 -20.414 48.154 hs 4 hp 5441 2981 in -1 0 1 0 9952 980 rl 17 np 0
E 1351 1284 ex 5245.2 2975.9 tee 5212.0 2948.0 dist 43.4 |f| 12.00
T 1352 1285 5148.00 2908.00 -43.613 -19.914 47.945 hs 4 hp 5521 2989 in -1 0 1 0 1624 -9867 rl 16 np 0
T 1353 1286 5116.00 2889.00 -43.613 -19.414 47.739 hs 0 hp 5148 2908 in -1 0 0 0 2296 -9733 rl 15 np 0
T 1354 1287 5084.00 2870.00 -43.613 -18.914 47.538 hs 4 hp 5151 2772 in -1 0 1 0 2903 -9569 rl 14 np 0
T 1355 1288 5053.00 2849.00 -42.434 -20.969 47.332 hs 5 hp 5157 2751 in -1 0 1 0 1624 -9867 rl 13 np 0
T 1356 1289 5022.00 2829.00 -42.434 -20.469 47.112 hs 0 hp 5053 2849 in -1 0 0 0 1624 -9867 rl 12 np 0
T 1357 1290 4992.00 2807.00 -41.160 -22.441 46.880 hs 5 hp 5076 2751 in -1 0 1 0 5664 -8241 rl 11 np 0
T 1358 1291 4961.00 2785.00 -41.160 -21.941 46.643 hs 0 hp 4992 2807 in -1 0 0 0 924 383 rl 10 np 0
T 1359 1292 4931.00 2761.00 -39.805 -23.836 46.396 hs 5 hp 4992 2744 in -1 0 1 0 6018 -7986 rl 9 np 0
T 1360 1293 4901.00 2738.00 -39.805 -23.336 46.141 hs 0 hp 4931 2761 in -1 0 0 0 530 -848 rl 8 np 0
T 1361 1294 4872.00 2713.00 -38.379 -25.156 45.889 hs 5 hp 4960 2667 in -1 0 1 0 6344 -7730 rl 7 np 0
T 1362 1295 4843.00 2688.00 -38.379 -24.656 45.617 hs 0 hp 4872 2713 in -1 0 0 0 570 -822 rl 6 np 0
T 1363 1296 4814.00 2664.00 -38.379 -24.156 45.348 hs 4 hp 4903 2582 in -1 0 1 0 4924 -8704 rl 5 np 0
T 1364 1297 4786.00 2638.00 -36.871 -25.883 45.049 hs 5 hp 4928 2538 in -1 0 1 0 4848 -8746 rl 4 np 0
T 1365 1298 4758.00 2613.00 -36.871 -25.383 44.763 hs 0 hp 4786 2638 in -1 0 0 0 4848 -8746 rl 3 np 0
T 1366 1299 4730.00 2588.00 -36.871 -24.883 44.482 hs 5 hp 4746 2495 in -1 0 1 0 -980 -9952 rl 2 np 0
T 1367 1300 4702.00 2564.00 -36.871 -24.383 44.204 hs 0 hp 4730 2588 in -1 0 0 0 3420 -9397 rl 1 np 0
T 1368 1301 4675.00 2538.00 -35.336 -26.078 43.917 hs 5 hp 4766 2495 in -1 0 1 0 6820 -7314 rl 0 np 0
T 1369 1302 4648.00 2512.00 -35.336 -25.578 43.622 hs 0 hp 4675 2538 in -1 0 0 0 3529 -9357 rl 0 np 0
T 1370 1303 4622.00 2485.00 -33.730 -27.180 43.318 hs 5 hp 4704 2457 in -1 0 1 0 7133 -7009 rl 0 np 0
T 1371 1304 4596.00 2458.00 -33.730 -26.680 43.006 hs 0 hp 4622 2485 in -1 0 0 0 3529 -9357 rl 0 np 0
T 1372 1305 4570.00 2432.00 -33.730 -26.180 42.698 hs 4 hp 4713 2493 in -1 0 1 0 9569 2903 rl 0 np 0
T 1373 1306 4544.00 2406.00 -33.730 -25.680 42.393 hs 4 hp 4790 2516 in -1 0 1 0 9952 980 rl 0 np 0
T 1374 1307 4511.00 2384.00 -45.230 -21.754 50.190 hs 4 hp 4867 2539 in -1 0 1 1 9569 -2903 rl 24 np 0
E 1374 1307 ex 4575.6 2396.6 tee 4544.0 2406.0 dist 33.0 |f| 12.00
T 1375 1308 4478.00 2363.00 -45.230 -21.254 49.975 hs 0 hp 4511 2384 in -1 0 0 1 8391 -5439 rl 23 np 0
T 1376 1309 4445.00 2342.00 -45.230 -20.754 49.765 hs 4 hp 4519 2248 in -1 0 1 0 3338 -9426 rl 22 np 0
T 1377 1310 4413.00 2319.00 -44.000 -22.766 49.541 hs 5 hp 4534 2207 in -1 0 1 0 3007 -9537 rl 21 np 0
T 1378 1311 4381.00 2297.00 -44.000 -22.266 49.313 hs 0 hp 4413 2319 in -1 0 0 0 1000 0 rl 20 np 0
T 1379 1312 4349.00 2275.00 -44.000 -21.766 49.089 hs 0 hp 4381 2297 in -1 0 0 0 1000 0 rl 19 np 0
T 1380 1313 4317.00 2254.00 -44.000 -21.266 48.869 hs 4 hp 4291 2383 in -1 0 1 0 -4714 8819 rl 18 np 0
T 1381 1314 4285.00 2233.00 -44.000 -20.766 48.654 hs 5 hp 4255 2450 in -1 0 1 0 -3173 9483 rl 17 np 0
T 1382 1315 4253.00 2214.00 -44.391 -19.375 48.435 hs 5 hp 4255 2450 in -1 0 1 0 1000 0 rl 16 np 0
T 1383 1316 4221.00 2195.00 -44.391 -18.875 48.237 hs 0 hp 4253 2214 in -1 0 0 0 -6344 -7730 rl 15 np 0
T 1384 1317 4188.00 2177.00 -44.391 -18.375 48.043 hs 4 hp 4179 2310 in -1 0 1 0 -3420 9397 rl 14 np 0
T 1385 1318 4155.00 2160.00 -44.719 -16.980 47.834 hs 5 hp 4169 2336 in -1 0 1 0 -3256 9455 rl 13 np 0
T 1386 1319 4122.00 2144.00 -44.719 -16.480 47.659 hs 0 hp 4155 2160 in -1 0 0 0 -6344 -7730 rl 12 np 0
T 1387 1320 4089.00 2128.00 -44.719 -15.980 47.488 hs 4 hp 4085 2260 in -1 0 1 0 -3007 9537 rl 11 np 0
T 1388 1321 4056.00 2113.00 -45.008 -14.586 47.312 hs 5 hp 4071 2304 in -1 0 1 0 -2903 9569 rl 10 np 0
T 1389 1322 4023.00 2101.00 -45.008 -12.000 46.580 hs 0 hp 4056 2113 in -1 1 0 0 -2903 9569 rl 9 np 0
T 1390 1323 3990.00 2090.00 -45.008 -11.500 46.454 hs 0 hp 4023 2101 in -1 0 0 0 -2903 9569 rl 8 np 0
T 1391 1324 3957.00 2079.00 -45.008 -11.000 46.333 hs 0 hp 3990 2090 in -1 0 0 0 -2903 9569 rl 7 np 0
T 1392 1325 3924.00 2068.00 -45.008 -10.500 46.216 hs 4 hp 3916 2194 in -1 0 1 0 -3338 9426 rl 6 np 0
T 1393 1326 3891.00 2058.00 -45.008 -10.000 46.105 hs 4 hp 3889 2269 in -1 0 1 0 -383 924 rl 5 np 0
T 1394 1327 3857.00 2049.00 -45.172 -8.602 45.984 hs 5 hp 3877 2304 in -1 0 1 0 -383 924 rl 4 np 0
T 1395 1328 3823.00 2042.00 -44.996 -7.203 45.569 hs 5 hp 3877 2304 in -1 0 1 0 -436 9990 rl 3 np 0
T 1396 1329 3789.00 2035.00 -44.996 -6.703 45.493 hs 0 hp 3823 2042 in -1 0 0 0 -383 924 rl 2 np 0
T 1397 1330 3756.00 2030.00 -44.344 -5.344 44.665 hs 5 hp 3803 2080 in -1 0 1 0 2903 9569 rl 1 np 0
T 1398 1331 3723.00 2025.00 -44.344 -4.844 44.608 hs 0 hp 3756 2030 in -1 0 0 0 980 -9952 rl 0 np 0
T 1399 1332 3690.00 2022.00 -44.418 -3.445 44.551 hs 5 hp 3722 2080 in -1 0 1 0 -262 9997 rl 0 np 0
T 1400 1333 3656.00 2019.00 -44.418 -2.945 44.516 hs 0 hp 3690 2022 in -1 0 0 1 -9262 -3770 rl 24 np 1
T 1401 1334 3622.00 2017.00 -44.418 -2.445 44.485 hs 4 hp 3630 2138 in -1 0 1 0 -2164 9763 rl 23 np 1
T 1402 1335 3588.00 2016.00 -44.426 -1.047 44.438 hs 5 hp 3622 2176 in -1 0 1 0 1478 9890 rl 22 np 1
T 1403 1336 3554.00 2015.00 -44.426 -0.547 44.429 hs 0 hp 3588 2016 in -1 0 0 1 -9262 -3770 rl 21 np 1
T 1404 1337 3518.00 2025.00 -51.668 9.523 52.538 hs 4 hp 3671 2050 in -1 0 1 0 9569 2903 rl 20 np 0
E 1404 1337 ex 3577.9 1983.4 tee 3554.0 2015.0 dist 39.7 |f| 12.00
T 1405 1338 3482.00 2035.00 -51.668 10.023 52.631 hs 0 hp 3518 2025 in -1 0 0 0 471 -882 rl 19 np 0
T 1406 1339 3446.00 2046.00 -51.668 10.523 52.729 hs 5 hp 3479 1993 in -1 0 1 0 -610 -9981 rl 18 np 0
T 1407 1340 3410.00 2057.00 -51.668 11.023 52.831 hs 0 hp 3446 2046 in -1 0 0 0 -98 -995 rl 17 np 0
