T 1318 1251 5957.00 2273.00 -42.375 21.812 47.659 hs 0 hp 5988 2251 in 1 0 0 0 -6341 -7732 rl 22 np 0
T 1319 1252 5927.00 2296.00 -40.258 23.191 46.460 hs 5 hp 5978 2368 in 1 0 1 0 2164 9763 rl 21 np 0
T 1320 1253 5897.00 2320.00 -40.258 23.691 46.712 hs 0 hp 5927 2296 in -1 0 0 0 2164 9763 rl 20 np 0
T 1321 1254 5869.00 2345.00 -36.367 24.688 43.955 hs 5 hp 5970 2368 in 0 0 1 0 8339 5519 rl 19 np 0
T 1322 1255 5842.00 2370.00 -36.367 25.188 44.238 hs 0 hp 5869 2345 in -1 0 0 0 -1610 9870 rl 18 np 0
T 1323 1256 5816.00 2396.00 -34.547 25.688 43.050 hs 0 hp 5842 2370 in 0 0 0 0 -1610 9870 rl 17 np 0
T 1324 1257 5791.00 2423.00 -32.219 27.047 42.066 hs 5 hp 5846 2496 in 1 0 1 0 2903 9569 rl 16 np 0
T 1325 1258 5768.00 2451.00 -29.004 28.266 40.499 hs 5 hp 5846 2496 in 1 0 1 0 2903 9569 rl 15 np 0
T 1326 1259 5748.00 2480.00 -25.605 29.215 38.848 hs 5 hp 5846 2496 in 0 0 1 0 2609 9654 rl 14 np 0
T 1327 1260 5731.00 2510.00 -21.293 29.859 36.674 hs 5 hp 5846 2496 in 1 0 1 0 276 961 rl 13 np 0
T 1328 1261 5714.00 2540.00 -21.293 30.359 37.082 hs 0 hp 5731 2510 in -1 0 0 0 276 961 rl 12 np 0
T 1329 1262 5698.00 2571.00 -20.227 30.859 36.897 hs 0 hp 5714 2540 in 0 0 0 0 276 961 rl 11 np 0
T 1330 1263 5682.00 2602.00 -20.227 31.359 37.317 hs 4 hp 5604 2648 in -1 0 1 0 -7730 6344 rl 10 np 0
T 1331 1264 5666.00 2634.00 -20.227 31.859 37.738 hs 0 hp 5682 2602 in -1 0 0 0 6018 7986 rl 9 np 0
T 1332 1265 5648.00 2665.00 -22.590 30.684 38.102 hs 5 hp 5599 2589 in -1 0 1 0 -8290 -5592 rl 8 np 0
T 1333 1266 5629.00 2694.00 -24.133 28.664 37.470 hs 5 hp 5599 2589 in -1 0 1 0 -7983 -6022 rl 7 np 0
T 1334 1267 5609.00 2720.00 -24.914 26.281 36.213 hs 5 hp 5599 2589 in -1 0 1 0 -8290 -5592 rl 6 np 0
T 1335 1268 5589.00 2747.00 -24.914 26.781 36.578 hs 0 hp 5609 2720 in -1 0 0 0 -707 -707 rl 5 np 0
T 1336 1269 5567.00 2772.00 -26.766 25.000 36.625 hs 5 hp 5510 2655 in -1 0 1 0 -6494 -7604 rl 4 np 0
T 1337 1270 5544.00 2795.00 -28.016 22.805 36.124 hs 5 hp 5510 2655 in -1 0 1 0 -6772 -7358 rl 3 np 0
T 1338 1271 5521.00 2815.00 -28.688 20.391 35.196 hs 5 hp 5510 2655 in -1 0 1 0 -707 -707 rl 2 np 0
T 1339 1272 5498.00 2836.00 -28.688 20.891 35.488 hs 0 hp 5521 2815 in -1 0 0 0 -707 -707 rl 1 np 0
T 1340 1273 5475.00 2857.00 -28.688 21.391 35.785 hs 4 hp 5405 2758 in -1 0 1 0 -7661 -6427 rl 0 np 0
T 1341 1274 5452.00 2879.00 -28.688 21.891 36.086 hs 4 hp 5344 2706 in -1 0 1 0 -7661 -6427 rl 0 np 0
T 1342 1275 5427.00 2899.00 -30.402 19.992 36.387 hs 5 hp 5284 2655 in -1 0 1 0 -7661 -6427 rl 0 np 0
T 1343 1276 5401.00 2917.00 -31.844 17.902 36.531 hs 5 hp 5284 2655 in -1 0 1 1 -9335 3586 rl 24 np 1
T 1344 1277 5374.00 2933.00 -33.004 15.664 36.532 hs 5 hp 5284 2655 in -1 0 1 0 -831 -556 rl 23 np 1
T 1345 1278 5347.00 2946.00 -33.883 13.309 36.403 hs 5 hp 5284 2655 in -1 0 1 0 -831 -556 rl 22 np 1
T 1346 1279 5319.00 2957.00 -34.484 10.875 36.159 hs 5 hp 5284 2655 in -1 0 1 0 -831 -556 rl 21 np 1
T 1347 1280 5291.00 2961.00 -34.812 0.000 34.812 hs 5 hp 5284 2655 in -1 0 1 0 -831 -556 rl 20 np 1
T 1348 1281 5263.00 2961.00 -34.812 0.000 34.812 hs 5 hp 5284 2655 in -1 0 1 0 -831 -556 rl 19 np 1
T 1349 1282 5235.00 2948.00 -34.812 -13.199 37.231 hs 5 hp 5284 2655 in -1 1 1 0 2296 -9733 rl 18 np 1
T 1350 1283 5203.00 2928.00 -44.039 -20.371 48.522 hs 0 hp 5235 2948 in -1 0 0 0 2296 -9733 rl 17 np 0
E 1350 1283 ex 5268.2 2975.6 tee 5235.0 2948.0 dist 43.2 |f| 12.00
T 1351 1284 5171.00 2909.00 -44.410 -18.980 48.296 hs 5 hp 5197 2976 in -1 0 1 0 -1305 9914 rl 16 np 0
T 1352 1285 5138.00 2891.00 -44.410 -18.480 48.102 hs 0 hp 5171 2909 in -1 0 0 0 2296 -9733 rl 15 np 0
T 1353 1286 5105.00 2873.00 -44.410 -17.980 47.912 hs 0 hp 5138 2891 in -1 0 0 0 2296 -9733 rl 14 np 0
T 1354 1287 5072.00 2856.00 -44.410 -17.480 47.727 hs 4 hp 5131 2754 in -1 0 1 0 2164 -9763 rl 13 np 0
T 1355 1288 5040.00 2836.00 -43.297 -19.590 47.522 hs 5 hp 5132 2751 in -1 0 1 0 1624 -9867 rl 12 np 0
T 1356 1289 5008.00 2817.00 -43.297 -19.090 47.319 hs 0 hp 5040 2836 in -1 0 0 0 1624 -9867 rl 11 np 0
T 1357 1290 4977.00 2796.00 -42.105 -21.133 47.111 hs 5 hp 5049 2751 in -1 0 1 0 5299 -8480 rl 10 np 0
T 1358 1291 4946.00 2775.00 -42.105 -20.633 46.889 hs 0 hp 4977 2796 in -1 0 0 0 530 -848 rl 9 np 0
T 1359 1292 4916.00 2752.00 -40.816 -22.590 46.651 hs 5 hp 4985 2719 in -1 0 1 0 5736 -8192 rl 8 np 0
T 1360 1293 4886.00 2730.00 -40.816 -22.090 46.411 hs 0 hp 4916 2752 in -1 0 0 0 570 -822 rl 7 np 0
T 1361 1294 4856.00 2708.00 -40.816 -21.590 46.175 hs 4 hp 4927 2615 in -1 0 1 0 3338 -9426 rl 6 np 0
T 1362 1295 4827.00 2685.00 -39.461 -23.484 45.920 hs 5 hp 4928 2613 in -1 0 1 0 6344 -7730 rl 5 np 0
T 1363 1296 4798.00 2662.00 -39.461 -22.984 45.667 hs 0 hp 4827 2685 in -1 0 0 0 570 -822 rl 4 np 0
T 1364 1297 4768.00 2640.00 -39.461 -22.484 45.417 hs 4 hp 4857 2555 in -1 0 1 0 4848 -8746 rl 3 np 0
T 1365 1298 4739.00 2616.00 -38.031 -24.301 45.132 hs 5 hp 4896 2485 in -1 0 1 0 6344 -7730 rl 2 np 0
T 1366 1299 4712.00 2590.00 -36.305 -25.723 44.494 hs 5 hp 4896 2485 in -1 0 1 0 3420 -9397 rl 1 np 0
T 1367 1300 4685.00 2565.00 -36.305 -25.223 44.206 hs 0 hp 4712 2590 in -1 0 0 0 3420 -9397 rl 0 np 0
T 1368 1301 4659.00 2538.00 -34.727 -26.863 43.904 hs 5 hp 4754 2495 in -1 0 1 0 7009 -7133 rl 0 np 0
T 1369 1302 4633.00 2512.00 -34.727 -26.363 43.600 hs 0 hp 4659 2538 in -1 0 0 0 3529 -9357 rl 0 np 0
T 1370 1303 4608.00 2484.00 -33.082 -27.910 43.283 hs 5 hp 4704 2446 in -1 0 1 0 7314 -6820 rl 0 np 0
T 1371 1304 4583.00 2457.00 -33.082 -27.410 42.962 hs 0 hp 4608 2484 in -1 0 0 1 -3152 -9490 rl 24 np 1
T 1372 1305 4558.00 2430.00 -33.082 -26.910 42.645 hs 4 hp 4700 2492 in -1 0 1 0 9569 2903 rl 23 np 1
T 1373 1306 4533.00 2404.00 -33.082 -26.410 42.331 hs 4 hp 4777 2515 in -1 0 1 0 9952 980 rl 22 np 1
T 1374 1307 4501.00 2379.00 -45.008 -24.574 51.280 hs 0 hp 4533 2404 in -1 0 0 0 9952 980 rl 21 np 0
E 1374 1307 ex 4578.5 2398.9 tee 4533.0 2404.0 dist 45.8 |f| 12.00
T 1375 1308 4469.00 2355.00 -45.008 -24.074 51.042 hs 0 hp 4501 2379 in -1 0 0 1 8391 -5439 rl 20 np 0
T 1376 1309 4437.00 2331.00 -45.008 -23.574 50.808 hs 0 hp 4469 2355 in -1 0 0 0 7730 -6344 rl 19 np 0
T 1377 1310 4405.00 2308.00 -45.008 -23.074 50.578 hs 0 hp 4437 2331 in -1 0 0 0 -4714 8819 rl 18 np 0
T 1378 1311 4373.00 2285.00 -45.008 -22.574 50.352 hs 4 hp 4328 2402 in -1 0 1 0 -6344 7730 rl 17 np 0
T 1379 1312 4341.00 2263.00 -45.008 -22.074 50.130 hs 5 hp 4277 2464 in -1 0 1 1 1000 0 rl 16 np 0
T 1380 1313 4309.00 2241.00 -45.008 -21.574 49.911 hs 5 hp 4277 2464 in -1 0 1 0 -3173 9483 rl 15 np 0
T 1381 1314 4276.00 2220.00 -45.008 -21.074 49.697 hs 0 hp 4309 2241 in -1 0 0 0 -3173 9483 rl 14 np 0
T 1382 1315 4243.00 2199.00 -45.008 -20.574 49.487 hs 4 hp 4241 2337 in -1 0 1 0 -2903 9569 rl 13 np 0
T 1383 1316 4210.00 2179.00 -45.008 -20.074 49.282 hs 0 hp 4243 2199 in -1 0 0 0 -6344 -7730 rl 12 np 0
T 1384 1317 4177.00 2159.00 -45.008 -19.574 49.080 hs 0 hp 4210 2179 in -1 0 0 0 -6344 -7730 rl 11 np 0
T 1385 1318 4144.00 2140.00 -45.008 -19.074 48.883 hs 4 hp 4137 2274 in -1 0 1 0 -3256 9455 rl 10 np 0
T 1386 1319 4111.00 2121.00 -45.008 -18.574 48.690 hs 0 hp 4144 2140 in -1 0 0 0 -6344 -7730 rl 9 np 0
T 1387 1320 4078.00 2109.00 -45.008 -12.000 46.580 hs 0 hp 4111 2121 in -1 1 0 0 -6344 -7730 rl 8 np 0
T 1388 1321 4045.00 2098.00 -45.008 -11.500 46.454 hs 0 hp 4078 2109 in -1 0 0 0 0 1000 rl 7 np 0
T 1389 1322 4012.00 2087.00 -45.008 -11.000 46.333 hs 4 hp 4001 2212 in -1 0 1 0 -3584 9336 rl 6 np 0
T 1390 1323 3979.00 2076.00 -45.008 -10.500 46.216 hs 4 hp 3972 2287 in -1 0 1 0 -4714 8819 rl 5 np 0
T 1391 1324 3945.00 2067.00 -45.176 -9.102 46.084 hs 5 hp 3966 2304 in -1 1 1 0 -383 924 rl 4 np 0
T 1392 1325 3911.00 2059.00 -44.977 -7.703 45.631 hs 5 hp 3966 2304 in -1 0 1 0 -383 924 rl 3 np 0
T 1393 1326 3877.00 2052.00 -44.977 -7.203 45.550 hs 0 hp 3911 2059 in -1 0 0 0 -383 924 rl 2 np 0
T 1394 1327 3843.00 2045.00 -44.977 -6.703 45.473 hs 0 hp 3877 2052 in -1 0 0 0 -383 924 rl 1 np 0
T 1395 1328 3809.00 2039.00 -44.977 -6.203 45.402 hs 5 hp 3807 2112 in -1 0 1 0 -4714 8819 rl 0 np 0
T 1396 1329 3775.00 2034.00 -45.055 -4.805 45.310 hs 5 hp 3807 2112 in -1 0 1 0 -436 9990 rl 0 np 0
T 1397 1330 3741.00 2030.00 -45.055 -4.305 45.260 hs 0 hp 3775 2034 in -1 0 0 0 980 -9952 rl 0 np 0
T 1398 1331 3707.00 2027.00 -45.105 -2.906 45.199 hs 5 hp 3740 2080 in -1 0 1 0 -175 9998 rl 0 np 0
T 1399 1332 3673.00 2025.00 -45.105 -2.406 45.170 hs 0 hp 3707 2027 in -1 0 0 1 -9224 -3863 rl 24 np 1
T 1400 1333 3639.00 2024.00 -45.129 -1.008 45.140 hs 5 hp 3672 2144 in -1 0 1 0 -87 10000 rl 23 np 1
T 1401 1334 3605.00 2023.00 -45.129 -0.508 45.132 hs 0 hp 3639 2024 in -1 0 0 0 -87 10000 rl 22 np 1
T 1402 1335 3571.00 2023.00 -45.129 -0.008 45.129 hs 0 hp 3605 2023 in -1 0 0 0 471 -882 rl 21 np 1
T 1403 1336 3537.00 2023.00 -45.129 0.492 45.132 hs 4 hp 3583 2144 in -1 0 1 0 980 9952 rl 20 np 1
T 1404 1337 3500.00 2031.00 -52.879 8.191 53.510 hs 0 hp 3537 2023 in -1 0 0 0 980 9952 rl 19 np 0
E 1404 1337 ex 3579.7 1983.3 tee 3537.0 2023.0 dist 58.3 |f| 10.58
T 1405 1338 3463.00 2040.00 -52.879 8.691 53.588 hs 4 hp 3617 2066 in -1 0 1 0 9569 2903 rl 18 np 0
T 1406 1339 3426.00 2049.00 -52.879 9.191 53.672 hs 4 hp 3694 2089 in -1 0 1 0 -610 -9981 rl 17 np 0
T 1407 1340 3389.00 2059.00 -52.879 9.691 53.760 hs 0 hp 3426 2049 in -1 0 0 0 -98 -995 rl 16 np 0
