T 1650 1583 3271.00 3195.00 9.035 -42.102 43.060 hs 5 hp 3328 3268 in -1 0 1 0 8988 4384 rl 22 np 0
T 1651 1584 3278.00 3153.00 9.035 -41.602 42.571 hs 0 hp 3271 3195 in 1 0 0 0 1045 9945 rl 21 np 0
T 1652 1585 3283.00 3111.00 6.809 -41.520 42.074 hs 5 hp 3199 3142 in 1 0 1 0 -9903 -1392 rl 20 np 0
T 1653 1586 3288.00 3070.00 6.809 -41.020 41.581 hs 0 hp 3283 3111 in 1 0 0 0 1045 9945 rl 19 np 0
T 1654 1587 3293.00 3029.00 6.809 -40.520 41.088 hs 0 hp 3288 3070 in 1 0 0 0 9239 -3827 rl 18 np 0
T 1655 1588 3298.00 2989.00 6.809 -40.020 40.595 hs 4 hp 3409 3067 in 1 0 1 0 9511 3090 rl 17 np 0
T 1656 1589 3305.00 2950.00 8.348 -39.023 39.906 hs 5 hp 3424 3072 in 0 0 1 0 9882 1530 rl 16 np 0
T 1657 1590 3313.00 2912.00 10.336 -37.879 39.264 hs 5 hp 3424 3072 in 1 0 1 0 98 995 rl 15 np 0
T 1658 1591 3322.00 2875.00 11.961 -36.641 38.543 hs 5 hp 3424 3072 in 1 0 1 0 98 995 rl 14 np 0
T 1659 1592 3333.00 2840.00 13.270 -35.340 37.749 hs 5 hp 3424 3072 in 1 0 1 0 98 995 rl 13 np 0
T 1660 1593 3344.00 2805.00 13.270 -34.840 37.281 hs 0 hp 3333 2840 in 1 0 0 0 98 995 rl 12 np 0
T 1661 1594 3355.00 2771.00 14.113 -33.672 36.510 hs 5 hp 3424 2893 in 0 0 1 0 6691 7431 rl 11 np 0
T 1662 1595 3368.00 2739.00 15.516 -32.387 35.911 hs 5 hp 3424 2893 in 1 0 1 0 98 995 rl 10 np 0
T 1663 1596 3381.00 2708.00 16.488 -31.039 35.147 hs 5 hp 3424 2893 in 1 0 1 0 98 995 rl 9 np 0
T 1664 1597 3395.00 2678.00 17.133 -29.664 34.256 hs 5 hp 3424 2893 in 1 0 1 0 98 995 rl 8 np 0
T 1665 1598 3410.00 2666.00 15.633 -12.000 19.707 hs 0 hp 3395 2678 in -1 1 0 0 98 995 rl 7 np 0
T 1666 1599 3423.00 2654.00 14.133 -11.500 18.220 hs 4 hp 3319 2585 in -1 0 1 0 -7490 -6626 rl 6 np 0
T 1667 1600 3435.00 2643.00 12.633 -11.000 16.751 hs 4 hp 3259 2532 in -1 0 1 0 -7490 -6626 rl 5 np 0
T 1668 1601 3445.00 2631.00 10.152 -12.211 15.880 hs 5 hp 3199 2479 in 0 0 1 0 -7490 -6626 rl 4 np 0
T 1669 1602 3451.00 2618.00 6.227 -13.289 14.675 hs 5 hp 3199 2479 in -1 0 1 0 -7490 -6626 rl 3 np 0
T 1670 1603 3453.00 2604.00 2.230 -14.238 14.412 hs 5 hp 3199 2479 in -1 0 1 0 -7490 -6626 rl 2 np 0
T 1671 1604 3455.00 2590.00 2.117 -13.738 13.900 hs 0 hp 3453 2604 in 0 0 0 0 -7490 -6626 rl 1 np 0
T 1672 1605 3458.00 2576.00 2.770 -14.109 14.379 hs 5 hp 3552 2561 in -1 0 1 0 9569 -2903 rl 0 np 0
T 1673 1606 3463.00 2562.00 4.852 -14.082 14.894 hs 5 hp 3552 2561 in 0 0 1 0 9569 -2903 rl 0 np 0
T 1674 1607 3468.00 2548.00 5.602 -13.617 14.724 hs 5 hp 3552 2561 in -1 0 1 0 9569 -2903 rl 0 np 0
T 1675 1608 3473.00 2535.00 5.602 -13.117 14.263 hs 0 hp 3468 2548 in 1 0 0 0 4163 9092 rl 0 np 0
T 1676 1609 3481.00 2523.00 8.328 -12.355 14.900 hs 5 hp 3554 2560 in 1 0 1 0 9569 2903 rl 0 np 0
T 1677 1610 3489.00 2511.00 8.328 -11.855 14.488 hs 0 hp 3481 2523 in 1 0 0 0 4163 9092 rl 0 np 0
T 1678 1611 3497.00 2500.00 8.328 -11.355 14.082 hs 5 hp 3580 2560 in 1 0 1 0 8819 4714 rl 0 np 0
T 1679 1612 3507.00 2490.00 10.637 -10.328 14.826 hs 5 hp 3580 2560 in 1 1 1 0 471 882 rl 0 np 0
T 1680 1613 3517.00 2480.00 10.637 -9.828 14.482 hs 5 hp 3580 2560 in 1 0 1 0 2284 9736 rl 0 np 0
T 1681 1614 3528.00 2471.00 11.496 -8.621 14.370 hs 5 hp 3580 2560 in 0 0 1 0 2284 9736 rl 0 np 0
T 1682 1615 3541.00 2464.00 12.934 -7.344 14.873 hs 5 hp 3580 2560 in 1 0 1 0 471 882 rl 0 np 0
T 1683 1616 3554.00 2457.00 12.934 -6.844 14.633 hs 0 hp 3541 2464 in 1 0 0 0 98 995 rl 0 np 0
T 1684 1617 3567.00 2451.00 12.934 -6.344 14.406 hs 4 hp 3611 2565 in 1 0 1 0 471 882 rl 0 np 0
T 1685 1618 3580.00 2445.00 12.934 -5.844 14.193 hs 4 hp 3649 2636 in 1 0 1 0 1253 9921 rl 0 np 0
T 1686 1619 3594.00 2440.00 13.988 -4.508 14.697 hs 5 hp 3677 2688 in 1 0 1 0 1253 9921 rl 0 np 0
T 1687 1620 3608.00 2436.00 13.988 -4.008 14.551 hs 5 hp 3677 2688 in 1 0 1 0 1253 9921 rl 0 np 0
T 1688 1621 3622.00 2433.00 14.742 -2.641 14.977 hs 5 hp 3677 2688 in 1 0 1 1 -6964 -7177 rl 24 np 1
T 1689 1622 3643.00 2437.00 23.297 3.578 23.570 hs 5 hp 3677 2688 in 1 0 1 0 1253 9921 rl 23 np 0
E 1689 1622 ex 3571.8 2399.4 tee 3622.0 2433.0 dist 60.4 |f| 10.29
T 1690 1623 3664.00 2441.00 23.297 4.078 23.651 hs 0 hp 3643 2437 in 1 0 0 0 -471 882 rl 22 np 0
T 1691 1624 3685.00 2446.00 23.297 4.578 23.742 hs 0 hp 3664 2441 in 1 0 0 0 471 882 rl 21 np 0
T 1692 1625 3706.00 2451.00 23.297 5.078 23.844 hs 5 hp 3681 2560 in 1 0 1 0 -314 9995 rl 20 np 0
T 1693 1626 3727.00 2457.00 23.297 5.578 23.955 hs 0 hp 3706 2451 in 1 0 0 0 471 882 rl 19 np 0
T 1694 1627 3748.00 2463.00 23.297 6.078 24.077 hs 0 hp 3727 2457 in 1 0 0 0 -314 9995 rl 18 np 0
T 1695 1628 3769.00 2470.00 23.297 6.578 24.208 hs 5 hp 3745 2560 in 1 0 1 0 -314 9995 rl 17 np 0
T 1696 1629 3790.00 2477.00 23.297 7.078 24.348 hs 0 hp 3769 2470 in 1 0 0 0 -314 9995 rl 16 np 0
T 1697 1630 3811.00 2485.00 23.297 7.578 24.498 hs 4 hp 3911 2489 in 1 0 1 0 9952 980 rl 15 np 0
T 1698 1631 3832.00 2493.00 23.297 8.078 24.658 hs 0 hp 3811 2485 in 1 0 0 0 -195 -981 rl 14 np 0
T 1699 1632 3853.00 2502.00 23.297 8.578 24.826 hs 0 hp 3832 2493 in 1 0 0 0 633 -774 rl 13 np 0
T 1700 1633 3874.00 2511.00 23.297 9.078 25.003 hs 4 hp 3829 2622 in 1 0 1 0 -1951 9808 rl 12 np 0
T 1701 1634 3895.00 2521.00 23.297 9.578 25.189 hs 0 hp 3874 2511 in 1 0 0 0 633 -774 rl 11 np 0
T 1702 1635 3916.00 2531.00 23.297 10.078 25.383 hs 4 hp 4016 2533 in 1 0 1 0 9952 980 rl 10 np 0
T 1703 1636 3937.00 2542.00 23.297 10.578 25.586 hs 0 hp 3916 2531 in 1 0 0 0 633 -774 rl 9 np 0
T 1704 1637 3958.00 2553.00 23.297 11.078 25.797 hs 4 hp 3933 2664 in 1 0 1 0 -314 9995 rl 8 np 0
T 1705 1638 3979.00 2565.00 23.297 11.578 26.015 hs 0 hp 3958 2553 in 1 0 0 0 -314 9995 rl 7 np 0
T 1706 1639 3999.00 2577.00 23.297 12.078 26.242 hs 4 hp 4092 2612 in 1 0 1 0 9239 3827 rl 6 np 0
T 1707 1640 4019.00 2590.00 23.297 12.578 26.476 hs 4 hp 4166 2643 in 1 0 1 0 9239 3827 rl 5 np 0
T 1708 1641 4039.00 2603.00 23.297 13.078 26.717 hs 5 hp 4197 2656 in 1 0 1 0 957 -290 rl 4 np 0
T 1709 1642 4059.00 2617.00 23.297 13.578 26.965 hs 5 hp 4197 2656 in 1 0 1 0 -2284 9736 rl 3 np 0
T 1710 1643 4079.00 2631.00 23.297 14.078 27.220 hs 0 hp 4059 2617 in 1 0 0 0 -2284 9736 rl 2 np 0
T 1711 1644 4099.00 2646.00 23.297 14.578 27.482 hs 4 hp 4201 2631 in 1 0 1 0 1000 0 rl 1 np 0
T 1712 1645 4119.00 2661.00 23.297 15.078 27.751 hs 4 hp 4281 2631 in 1 0 1 0 1000 0 rl 0 np 0
T 1713 1646 4139.00 2677.00 23.297 15.578 28.025 hs 0 hp 4119 2661 in 1 0 0 0 1000 0 rl 0 np 0
T 1714 1647 4159.00 2693.00 23.297 16.078 28.306 hs 4 hp 4081 2785 in 1 0 1 0 -4714 8819 rl 0 np 0
T 1715 1648 4179.00 2710.00 23.297 16.578 28.593 hs 0 hp 4159 2693 in 1 0 0 0 1000 0 rl 0 np 0
T 1716 1649 4199.00 2727.00 23.297 17.078 28.886 hs 4 hp 4300 2698 in 1 0 1 0 9952 -980 rl 0 np 0
T 1717 1650 4218.00 2757.00 24.480 29.520 38.350 hs 4 hp 4380 2690 in 1 0 1 1 -980 -9952 rl 24 np 0
E 1717 1650 ex 4195.1 2687.5 tee 4199.0 2727.0 dist 39.7 |f| 12.00
T 1718 1651 4237.00 2787.00 24.480 30.020 38.736 hs 0 hp 4218 2757 in 1 0 0 1 980 -9952 rl 23 np 0
T 1719 1652 4256.00 2818.00 24.480 30.520 39.125 hs 0 hp 4237 2787 in 1 0 0 0 980 -9952 rl 22 np 0
T 1720 1653 4275.00 2849.00 24.480 31.020 39.516 hs 4 hp 4373 2783 in 1 0 1 0 9569 -2903 rl 21 np 0
T 1721 1654 4294.00 2881.00 24.480 31.520 39.910 hs 5 hp 4448 2760 in 1 0 1 0 1000 0 rl 20 np 0
T 1722 1655 4315.00 2911.00 26.723 30.168 40.301 hs 5 hp 4448 2760 in 1 0 1 0 707 -707 rl 19 np 0
T 1723 1656 4337.00 2939.00 28.605 28.418 40.322 hs 5 hp 4448 2760 in 1 0 1 0 707 -707 rl 18 np 0
T 1724 1657 4361.00 2965.00 30.109 26.367 40.023 hs 5 hp 4448 2760 in 1 0 1 0 8315 -5556 rl 17 np 0
T 1725 1658 4385.00 2992.00 30.109 26.867 40.354 hs 0 hp 4361 2965 in 1 0 0 0 8315 -5556 rl 16 np 0
T 1726 1659 4408.00 3019.00 30.109 27.367 40.688 hs 4 hp 4482 2918 in 1 0 1 0 7934 -6088 rl 15 np 0
T 1727 1660 4433.00 3045.00 32.004 25.625 40.999 hs 5 hp 4532 2879 in 1 0 1 0 707 -707 rl 14 np 0
T 1728 1661 4459.00 3069.00 33.465 23.547 40.919 hs 5 hp 4532 2879 in 1 0 1 0 707 -707 rl 13 np 0
T 1729 1662 4485.00 3093.00 33.465 24.047 41.209 hs 0 hp 4459 3069 in 1 0 0 0 707 -707 rl 12 np 0
T 1730 1663 4511.00 3118.00 33.465 24.547 41.502 hs 4 hp 4571 3007 in 1 0 1 0 707 -707 rl 11 np 0
T 1731 1664 4538.00 3141.00 35.008 22.523 41.628 hs 5 hp 4603 2975 in 1 0 1 0 707 -707 rl 10 np 0
T 1732 1665 4566.00 3161.00 36.047 20.230 41.336 hs 5 hp 4603 2975 in 1 0 1 0 707 -707 rl 9 np 0
T 1733 1666 4594.00 3182.00 36.047 20.730 41.583 hs 0 hp 4566 3161 in 1 0 0 0 383 -924 rl 8 np 0
T 1734 1667 4622.00 3203.00 36.047 21.230 41.834 hs 4 hp 4671 3088 in 1 0 1 0 6344 -7730 rl 7 np 0
T 1735 1668 4651.00 3222.00 37.168 18.973 41.730 hs 5 hp 4672 3087 in 1 0 1 0 4540 -8910 rl 6 np 0
T 1736 1669 4680.00 3241.00 37.168 19.473 41.960 hs 0 hp 4651 3222 in 1 0 0 0 4540 -8910 rl 5 np 0
T 1737 1670 4709.00 3261.00 37.168 19.973 42.194 hs 4 hp 4757 3147 in 1 0 1 0 6344 -7730 rl 4 np 0
T 1738 1671 4738.00 3279.00 38.363 17.750 42.271 hs 5 hp 4768 3134 in 1 0 1 0 3289 -9444 rl 3 np 0
T 1739 1672 4767.00 3297.00 38.363 18.250 42.483 hs 0 hp 4738 3279 in 1 0 0 0 399 -917 rl 2 np 0
T 1740 1673 4796.00 3316.00 38.363 18.750 42.700 hs 4 hp 4832 3194 in 1 0 1 0 5299 -8480 rl 1 np 0
T 1741 1674 4826.00 3332.00 39.430 16.469 42.731 hs 5 hp 4869 3135 in 1 0 1 0 2790 -9603 rl 0 np 0
T 1742 1675 4857.00 3346.00 40.039 14.039 42.429 hs 5 hp 4869 3135 in 1 0 1 0 1874 -9823 rl 0 np 0
T 1743 1676 4888.00 3358.00 40.199 11.543 41.824 hs 5 hp 4869 3135 in 1 0 1 0 1874 -9823 rl 0 np 0
T 1744 1677 4919.00 3370.00 40.199 12.043 41.964 hs 0 hp 4888 3358 in 1 0 0 0 1874 -9823 rl 0 np 0
T 1745 1678 4950.00 3383.00 40.199 12.543 42.111 hs 4 hp 4977 3263 in 1 0 1 0 4772 -8788 rl 0 np 0
T 1746 1679 4981.00 3396.00 40.199 13.043 42.262 hs 4 hp 5015 3193 in 1 1 1 1 7970 6040 rl 24 np 1
T 1747 1680 5012.00 3407.00 40.891 10.633 42.250 hs 5 hp 5046 3135 in 1 1 1 0 872 -9962 rl 23 np 1
T 1748 1681 5044.00 3415.00 41.242 8.156 42.041 hs 5 hp 5046 3135 in 1 1 1 0 872 -9962 rl 22 np 1
T 1749 1682 5076.00 3421.00 41.262 5.656 41.648 hs 5 hp 5046 3135 in 1 0 1 0 383 924 rl 21 np 1
T 1750 1683 5112.00 3416.00 49.508 -4.688 49.729 hs 5 hp 5046 3135 in 1 0 1 0 383 924 rl 20 np 0
E 1750 1683 ex 5038.5 3455.8 tee 5076.0 3421.0 dist 51.2 |f| 11.56
T 1751 1684 5147.00 3409.00 48.992 -7.109 49.505 hs 5 hp 5046 3135 in 1 0 1 0 -523 -9986 rl 19 np 0
T 1752 1685 5182.00 3402.00 48.992 -6.609 49.436 hs 0 hp 5147 3409 in 1 0 0 0 -523 -9986 rl 18 np 0
T 1753 1686 5218.00 3397.00 49.090 -5.211 49.366 hs 5 hp 5185 3488 in 1 0 1 0 349 9994 rl 17 np 0
T 1754 1687 5254.00 3392.00 49.090 -4.711 49.315 hs 0 hp 5218 3397 in 1 0 0 0 634 773 rl 16 np 0
T 1755 1688 5290.00 3388.00 49.090 -4.211 49.270 hs 0 hp 5254 3392 in 1 0 0 0 634 773 rl 15 np 0
T 1756 1689 5326.00 3384.00 49.090 -3.711 49.230 hs 0 hp 5290 3388 in 1 0 0 0 4147 9100 rl 14 np 0
T 1757 1690 5362.00 3381.00 49.090 -3.211 49.195 hs 0 hp 5326 3384 in 1 0 0 1 9989 -476 rl 13 np 0
T 1758 1691 5398.00 3378.00 49.090 -2.711 49.165 hs 0 hp 5362 3381 in 1 0 0 1 9989 -476 rl 12 np 0
T 1759 1692 5434.00 3376.00 49.090 -2.211 49.140 hs 0 hp 5398 3378 in 1 0 0 0 9899 1421 rl 11 np 0
