T 1650 1583 3279.00 3207.00 10.453 -41.824 43.111 hs 5 hp 3178 3199 in -1 0 1 0 -8819 -4714 rl 22 np 0
T 1651 1584 3284.00 3165.00 6.113 -41.562 42.010 hs 5 hp 3178 3199 in -1 0 1 0 -8819 -4714 rl 21 np 0
T 1652 1585 3288.00 3124.00 5.809 -41.062 41.471 hs 0 hp 3284 3165 in 0 0 0 0 0 1000 rl 20 np 0
T 1653 1586 3292.00 3083.00 5.520 -40.562 40.936 hs 4 hp 3396 3066 in 0 0 1 0 8819 -4714 rl 19 np 0
T 1654 1587 3296.00 3043.00 5.242 -40.062 40.404 hs 5 hp 3424 3051 in 0 0 1 0 8819 -4714 rl 18 np 0
T 1655 1588 3300.00 3003.00 4.980 -39.562 39.875 hs 5 hp 3424 3051 in 0 0 1 0 8819 -4714 rl 17 np 0
T 1656 1589 3305.00 2964.00 6.828 -38.738 39.335 hs 5 hp 3424 3051 in 0 0 1 0 9882 1530 rl 16 np 0
T 1657 1590 3312.00 2926.00 9.129 -37.707 38.796 hs 5 hp 3424 3051 in 1 0 1 0 98 995 rl 15 np 0
T 1658 1591 3321.00 2889.00 11.031 -36.535 38.164 hs 5 hp 3424 3051 in 1 0 1 0 98 995 rl 14 np 0
T 1659 1592 3330.00 2853.00 11.031 -36.035 37.686 hs 0 hp 3321 2889 in 1 0 0 0 98 995 rl 13 np 0
T 1660 1593 3340.00 2818.00 12.219 -34.965 37.038 hs 5 hp 3424 2930 in 0 0 1 0 7730 6344 rl 12 np 0
T 1661 1594 3351.00 2784.00 13.930 -33.746 36.508 hs 5 hp 3424 2930 in 1 0 1 0 98 995 rl 11 np 0
T 1662 1595 3363.00 2752.00 15.203 -32.441 35.827 hs 5 hp 3424 2930 in 1 0 1 0 98 995 rl 10 np 0
T 1663 1596 3376.00 2721.00 16.129 -31.090 35.025 hs 5 hp 3424 2930 in 1 0 1 0 98 995 rl 9 np 0
T 1664 1597 3389.00 2690.00 16.129 -30.590 34.582 hs 0 hp 3376 2721 in 1 0 0 0 98 995 rl 8 np 0
T 1665 1598 3404.00 2678.00 16.129 -12.000 20.103 hs 4 hp 3291 2617 in 1 1 1 0 -8039 -5948 rl 7 np 0
T 1666 1599 3418.00 2666.00 14.629 -11.500 18.608 hs 4 hp 3227 2570 in -1 0 1 0 -8039 -5948 rl 6 np 0
T 1667 1600 3428.00 2654.00 10.613 -12.410 16.330 hs 5 hp 3199 2549 in -1 0 1 0 -8039 -5948 rl 5 np 0
T 1668 1601 3436.00 2641.00 8.566 -13.160 15.703 hs 5 hp 3199 2549 in 1 0 1 0 4818 8763 rl 4 np 0
T 1669 1602 3442.00 2627.00 6.469 -13.746 15.192 hs 5 hp 3199 2549 in 1 0 1 0 4818 8763 rl 3 np 0
T 1670 1603 3444.00 2613.00 2.254 -14.164 14.342 hs 5 hp 3199 2549 in -1 0 1 0 4818 8763 rl 2 np 0
T 1671 1604 3446.00 2599.00 2.141 -13.664 13.831 hs 0 hp 3444 2613 in 0 0 0 0 4818 8763 rl 1 np 0
T 1672 1605 3449.00 2585.00 2.793 -14.035 14.310 hs 5 hp 3552 2567 in -1 0 1 0 9569 -2903 rl 0 np 0
T 1673 1606 3454.00 2571.00 4.871 -14.051 14.871 hs 5 hp 3552 2567 in 0 0 1 0 9569 -2903 rl 0 np 0
T 1674 1607 3459.00 2557.00 4.629 -13.551 14.320 hs 0 hp 3454 2571 in 0 0 0 0 9569 -2903 rl 0 np 0
T 1675 1608 3465.00 2544.00 6.637 -12.961 14.561 hs 5 hp 3552 2566 in 0 0 1 0 9952 980 rl 0 np 0
T 1676 1609 3473.00 2532.00 8.484 -12.242 14.895 hs 5 hp 3552 2566 in 0 0 1 0 9952 980 rl 0 np 0
T 1677 1610 3481.00 2520.00 8.484 -11.742 14.487 hs 0 hp 3473 2532 in 1 0 0 0 4163 9092 rl 0 np 0
T 1678 1611 3489.00 2509.00 8.484 -11.242 14.084 hs 0 hp 3481 2520 in 1 0 0 0 4163 9092 rl 0 np 0
T 1679 1612 3497.00 2498.00 8.484 -10.742 13.689 hs 4 hp 3606 2544 in 1 0 1 0 9569 2903 rl 0 np 0
T 1680 1613 3508.00 2488.00 11.152 -9.926 14.930 hs 5 hp 3680 2566 in 1 0 1 0 2284 9736 rl 0 np 0
T 1681 1614 3519.00 2479.00 11.703 -9.055 14.797 hs 5 hp 3680 2566 in -1 0 1 0 2284 9736 rl 0 np 0
T 1682 1615 3530.00 2470.00 11.703 -8.555 14.496 hs 5 hp 3680 2566 in 1 0 1 0 471 882 rl 0 np 0
T 1683 1616 3542.00 2462.00 12.098 -7.570 14.271 hs 5 hp 3680 2566 in -1 0 1 0 471 882 rl 0 np 0
T 1684 1617 3555.00 2455.00 13.289 -6.527 14.806 hs 5 hp 3680 2566 in 0 0 1 0 471 882 rl 0 np 0
T 1685 1618 3568.00 2449.00 13.289 -6.027 14.592 hs 5 hp 3680 2566 in 1 0 1 0 471 882 rl 0 np 0
T 1686 1619 3582.00 2444.00 14.180 -4.879 14.996 hs 5 hp 3680 2566 in 0 0 1 0 471 882 rl 0 np 0
T 1687 1620 3596.00 2440.00 14.180 -4.379 14.840 hs 0 hp 3582 2444 in 1 0 0 0 471 882 rl 0 np 0
T 1688 1621 3610.00 2436.00 14.180 -3.879 14.701 hs 4 hp 3673 2534 in 1 0 1 0 6344 7730 rl 0 np 0
T 1689 1622 3624.00 2433.00 14.734 -2.633 14.968 hs 5 hp 3694 2560 in 0 0 1 1 -6964 -7177 rl 24 np 1
T 1690 1623 3645.00 2437.00 23.289 3.586 23.564 hs 0 hp 3624 2433 in 1 0 0 0 6344 7730 rl 23 np 0
E 1690 1623 ex 3573.8 2399.4 tee 3624.0 2433.0 dist 60.4 |f| 10.29
T 1691 1624 3666.00 2441.00 23.289 4.086 23.645 hs 4 hp 3702 2545 in 1 0 1 0 471 882 rl 22 np 0
T 1692 1625 3687.00 2446.00 23.289 4.586 23.736 hs 5 hp 3710 2560 in 1 0 1 0 471 882 rl 21 np 0
T 1693 1626 3708.00 2451.00 23.289 5.086 23.838 hs 5 hp 3710 2560 in 1 0 1 0 -314 9995 rl 20 np 0
T 1694 1627 3729.00 2457.00 23.289 5.586 23.950 hs 5 hp 3710 2560 in 1 0 1 0 -314 9995 rl 19 np 0
T 1695 1628 3750.00 2463.00 23.289 6.086 24.071 hs 0 hp 3729 2457 in 1 0 0 0 -314 9995 rl 18 np 0
T 1696 1629 3771.00 2470.00 23.289 6.586 24.202 hs 5 hp 3742 2560 in 1 0 1 0 -837 9965 rl 17 np 0
T 1697 1630 3792.00 2477.00 23.289 7.086 24.343 hs 0 hp 3771 2470 in 1 0 0 0 -314 9995 rl 16 np 0
T 1698 1631 3813.00 2485.00 23.289 7.586 24.493 hs 5 hp 3782 2592 in 1 0 1 0 -837 9965 rl 15 np 0
T 1699 1632 3834.00 2493.00 23.289 8.086 24.653 hs 0 hp 3813 2485 in 1 0 0 0 -195 -981 rl 14 np 0
T 1700 1633 3855.00 2502.00 23.289 8.586 24.821 hs 4 hp 3776 2385 in 1 0 1 0 -4714 -8819 rl 13 np 0
T 1701 1634 3876.00 2511.00 23.289 9.086 24.999 hs 4 hp 3738 2314 in 1 0 1 0 -1951 9808 rl 12 np 0
T 1702 1635 3897.00 2521.00 23.289 9.586 25.185 hs 4 hp 3700 2243 in 1 0 1 0 -1951 9808 rl 11 np 0
T 1703 1636 3918.00 2531.00 23.289 10.086 25.379 hs 1 hp 3700 2243 in 1 0 1 0 -1951 9808 rl 10 np 0
T 1704 1637 3939.00 2542.00 23.289 10.586 25.582 hs 2 hp 3700 2243 in 1 0 1 0 -314 9995 rl 9 np 0
T 1705 1638 3960.00 2553.00 23.289 11.086 25.793 hs 3 hp 3700 2243 in 1 0 1 0 -314 9995 rl 8 np 0
T 1706 1639 3981.00 2565.00 23.289 11.586 26.012 hs -1 hp 3700 2243 in 1 0 1 0 -314 9995 rl 7 np 0
T 1707 1640 4001.00 2577.00 23.289 12.086 26.238 hs -1 hp 3700 2243 in 1 0 1 0 9239 3827 rl 6 np 0
T 1708 1641 4021.00 2590.00 23.289 12.586 26.472 hs -1 hp 3700 2243 in 1 0 1 0 9239 3827 rl 5 np 0
T 1709 1642 4041.00 2603.00 23.289 13.086 26.714 hs -1 hp 3700 2243 in 1 0 1 0 957 -290 rl 4 np 0
T 1710 1643 4061.00 2617.00 23.289 13.586 26.962 hs -1 hp 3700 2243 in 1 0 1 0 -2284 9736 rl 3 np 0
T 1711 1644 4081.00 2631.00 23.289 14.086 27.218 hs -1 hp 3700 2243 in 1 0 1 0 -2284 9736 rl 2 np 0
T 1712 1645 4101.00 2646.00 23.289 14.586 27.480 hs -1 hp 3700 2243 in 1 0 1 0 1000 0 rl 1 np 0
T 1713 1646 4121.00 2661.00 23.289 15.086 27.748 hs -1 hp 3700 2243 in 1 0 1 0 1000 0 rl 0 np 0
T 1714 1647 4141.00 2677.00 23.289 15.586 28.023 hs -1 hp 3700 2243 in 1 0 1 0 1000 0 rl 0 np 0
T 1715 1648 4161.00 2693.00 23.289 16.086 28.304 hs -1 hp 3700 2243 in 1 0 1 0 1000 0 rl 0 np 0
T 1716 1649 4181.00 2710.00 23.289 16.586 28.591 hs -1 hp 3700 2243 in 1 0 1 0 0 -10000 rl 0 np 0
T 1717 1650 4201.00 2727.00 23.289 17.086 28.884 hs 0 hp 4181 2710 in 1 0 0 0 0 -10000 rl 0 np 0
T 1718 1651 4221.00 2756.00 25.645 29.352 38.976 hs 0 hp 4201 2727 in 1 0 0 1 -1951 -9808 rl 24 np 0
E 1718 1651 ex 4193.0 2687.1 tee 4201.0 2727.0 dist 40.7 |f| 12.00
T 1719 1652 4241.00 2786.00 25.645 29.852 39.354 hs 0 hp 4221 2756 in 1 0 0 1 980 -9952 rl 23 np 0
T 1720 1653 4261.00 2816.00 25.645 30.352 39.735 hs 4 hp 4358 2751 in 1 0 1 0 9569 -2903 rl 22 np 0
T 1721 1654 4281.00 2847.00 25.645 30.852 40.118 hs 5 hp 4416 2733 in 1 0 1 0 1000 0 rl 21 np 0
T 1722 1655 4303.00 2876.00 27.820 29.418 40.489 hs 5 hp 4416 2733 in 1 0 1 0 1000 0 rl 20 np 0
T 1723 1656 4326.00 2904.00 29.586 27.562 40.435 hs 5 hp 4416 2733 in 1 0 1 0 707 -707 rl 19 np 0
T 1724 1657 4349.00 2932.00 29.586 28.062 40.778 hs 0 hp 4326 2904 in 1 0 0 0 707 -707 rl 18 np 0
T 1725 1658 4372.00 2961.00 29.586 28.562 41.124 hs 4 hp 4443 2855 in 1 0 1 0 7730 -6344 rl 17 np 0
T 1726 1659 4396.00 2988.00 31.395 26.742 41.240 hs 5 hp 4492 2815 in 1 0 1 0 8315 -5556 rl 16 np 0
T 1727 1660 4420.00 3015.00 31.395 27.242 41.566 hs 0 hp 4396 2988 in 1 0 0 0 8315 -5556 rl 15 np 0
T 1728 1661 4444.00 3043.00 31.395 27.742 41.896 hs 4 hp 4514 2938 in 1 0 1 0 7730 -6344 rl 14 np 0
T 1729 1662 4470.00 3069.00 33.145 25.875 42.048 hs 5 hp 4546 2911 in 1 0 1 0 707 -707 rl 13 np 0
T 1730 1663 4497.00 3093.00 34.379 23.672 41.740 hs 5 hp 4546 2911 in 1 0 1 0 707 -707 rl 12 np 0
T 1731 1664 4523.00 3117.00 34.379 24.172 42.026 hs 0 hp 4497 3093 in 1 0 0 0 707 -707 rl 11 np 0
T 1732 1665 4549.00 3142.00 34.379 24.672 42.316 hs 4 hp 4609 3031 in 1 0 1 0 707 -707 rl 10 np 0
T 1733 1666 4577.00 3165.00 35.883 22.625 42.420 hs 5 hp 4633 3007 in 1 0 1 0 383 -924 rl 9 np 0
T 1734 1667 4605.00 3185.00 36.836 20.297 42.058 hs 5 hp 4633 3007 in 1 0 1 0 383 -924 rl 8 np 0
T 1735 1668 4633.00 3206.00 36.836 20.797 42.301 hs 0 hp 4605 3185 in 1 0 0 0 383 -924 rl 7 np 0
T 1736 1669 4662.00 3225.00 38.176 18.648 42.487 hs 5 hp 4688 3103 in 1 0 1 0 4695 -8829 rl 6 np 0
T 1737 1670 4691.00 3244.00 38.176 19.148 42.709 hs 0 hp 4662 3225 in 1 0 0 0 4540 -8910 rl 5 np 0
T 1738 1671 4720.00 3264.00 38.176 19.648 42.935 hs 4 hp 4768 3150 in 1 0 1 0 6344 -7730 rl 4 np 0
T 1739 1672 4750.00 3281.00 39.379 17.430 43.064 hs 5 hp 4780 3135 in 1 0 1 0 3289 -9444 rl 3 np 0
T 1740 1673 4781.00 3296.00 39.953 14.992 42.673 hs 5 hp 4780 3135 in 1 0 1 0 3289 -9444 rl 2 np 0
T 1741 1674 4812.00 3311.00 39.953 15.492 42.852 hs 0 hp 4781 3296 in 1 0 0 0 399 -917 rl 1 np 0
T 1742 1675 4843.00 3327.00 39.953 15.992 43.035 hs 4 hp 4870 3203 in 1 0 1 0 4714 -8819 rl 0 np 0
T 1743 1676 4874.00 3341.00 40.848 13.645 43.066 hs 5 hp 4906 3135 in 1 0 1 0 1874 -9823 rl 0 np 0
T 1744 1677 4906.00 3352.00 41.285 11.180 42.772 hs 5 hp 4906 3135 in 1 0 1 0 1874 -9823 rl 0 np 0
T 1745 1678 4938.00 3364.00 41.285 11.680 42.905 hs 0 hp 4906 3352 in 1 0 0 0 1874 -9823 rl 0 np 0
T 1746 1679 4970.00 3376.00 41.285 12.180 43.044 hs 4 hp 4996 3256 in 1 0 1 0 4714 -8819 rl 0 np 0
T 1747 1680 5001.00 3389.00 41.285 12.680 43.188 hs 4 hp 5034 3185 in 1 1 1 0 872 -9962 rl 0 np 0
T 1748 1681 5033.00 3399.00 41.938 10.258 43.174 hs 5 hp 5061 3135 in 1 1 1 0 872 -9962 rl 0 np 0
T 1749 1682 5065.00 3410.00 41.938 10.758 43.295 hs 0 hp 5033 3399 in 1 0 0 0 383 924 rl 0 np 0
T 1750 1683 5097.00 3421.00 41.938 11.258 43.422 hs 4 hp 5123 3302 in 1 0 1 0 4714 -8819 rl 0 np 0
T 1751 1684 5129.00 3433.00 41.938 11.758 43.555 hs 4 hp 5161 3231 in 1 0 1 0 -523 -9986 rl 0 np 0
T 1752 1685 5161.00 3442.00 42.625 9.348 43.638 hs 5 hp 5195 3167 in 1 0 1 1 8872 4614 rl 24 np 1
T 1753 1686 5194.00 3449.00 42.977 6.871 43.522 hs 5 hp 5195 3167 in 1 0 1 0 -523 -9986 rl 23 np 1
T 1754 1687 5227.00 3453.00 42.988 4.371 43.210 hs 5 hp 5195 3167 in 1 0 1 0 -1951 -9808 rl 22 np 1
T 1755 1688 5260.00 3455.00 42.738 1.891 42.780 hs 5 hp 5195 3167 in 1 0 1 0 -1951 -9808 rl 21 np 1
T 1756 1689 5296.00 3446.00 51.027 -8.602 51.747 hs 5 hp 5195 3167 in 1 0 1 0 -1951 -9808 rl 20 np 0
E 1756 1689 ex 5224.3 3487.8 tee 5260.0 3455.0 dist 48.5 |f| 11.93
T 1757 1690 5332.00 3438.00 51.027 -8.102 51.666 hs 0 hp 5296 3446 in 1 0 0 0 4147 9100 rl 19 np 0
T 1758 1691 5368.00 3430.00 51.027 -7.602 51.590 hs 0 hp 5332 3438 in 1 0 0 1 9989 -476 rl 18 np 0
T 1759 1692 5404.00 3423.00 51.027 -7.102 51.519 hs 0 hp 5368 3430 in 1 0 0 1 9989 -476 rl 17 np 0
T 1760 1693 5440.00 3416.00 51.027 -6.602 51.453 hs 4 hp 5392 3302 in 1 0 1 0 -980 -9952 rl 16 np 0
