T 2027 1960 4133.00 3514.00 -20.754 -25.059 32.537 hs 5 hp 4256 3512 in 0 0 1 0 6494 -7604 rl 0 np 0
T 2028 1961 4116.00 3489.00 -20.754 -24.559 32.154 hs 0 hp 4133 3514 in -1 0 0 1 -9782 -2076 rl 24 np 1
T 2029 1962 4100.00 3465.00 -19.254 -24.059 30.814 hs 4 hp 4233 3524 in 1 0 1 0 9569 2903 rl 23 np 1
T 2030 1963 4093.00 3434.00 -8.914 -31.148 32.399 hs 5 hp 4256 3531 in -1 0 1 0 9569 2903 rl 22 np 0
E 2030 1963 ex 4062.6 3500.9 tee 4100.0 3465.0 dist 51.9 |f| 11.46
T 2031 1964 4086.00 3403.00 -8.914 -30.648 31.918 hs 0 hp 4093 3434 in -1 0 0 0 6794 -7337 rl 21 np 0
T 2032 1965 4078.00 3373.00 -10.047 -29.508 31.171 hs 5 hp 4003 3488 in 0 0 1 0 -7009 7133 rl 20 np 0
T 2033 1966 4068.00 3345.00 -11.605 -28.254 30.545 hs 5 hp 4003 3488 in -1 0 1 0 -6808 7325 rl 19 np 0
T 2034 1967 4057.00 3318.00 -12.785 -26.934 29.814 hs 5 hp 4003 3488 in -1 0 1 0 -6820 7314 rl 18 np 0
T 2035 1968 4045.00 3292.00 -13.648 -25.574 28.988 hs 5 hp 4003 3488 in -1 0 1 0 -6820 7314 rl 17 np 0
T 2036 1969 4033.00 3268.00 -14.246 -24.195 28.078 hs 5 hp 4003 3488 in -1 0 1 0 -6820 7314 rl 16 np 0
T 2037 1970 4020.00 3245.00 -14.633 -22.805 27.096 hs 5 hp 4003 3488 in -1 0 1 0 -8111 5850 rl 15 np 0
T 2038 1971 4007.00 3224.00 -14.832 -21.406 26.043 hs 5 hp 4003 3488 in -1 0 1 0 -8111 5850 rl 14 np 0
T 2039 1972 3994.00 3204.00 -14.875 -20.008 24.931 hs 5 hp 4003 3488 in -1 0 1 0 -8111 5850 rl 13 np 0
T 2040 1973 3981.00 3184.00 -14.875 -19.508 24.532 hs 0 hp 3994 3204 in -1 0 0 0 -8111 5850 rl 12 np 0
T 2041 1974 3968.00 3166.00 -14.973 -18.172 23.546 hs 5 hp 3935 3297 in 0 0 1 0 -3746 9272 rl 11 np 0
T 2042 1975 3954.00 3149.00 -15.668 -16.801 22.973 hs 5 hp 3935 3297 in -1 0 1 0 -8111 5850 rl 10 np 0
T 2043 1976 3939.00 3134.00 -16.031 -15.406 22.234 hs 5 hp 3935 3297 in -1 0 1 0 -8111 5850 rl 9 np 0
T 2044 1977 3924.00 3120.00 -16.102 -14.008 21.342 hs 5 hp 3935 3297 in -1 0 1 0 -8111 5850 rl 8 np 0
T 2045 1978 3909.00 3107.00 -15.961 -12.609 20.341 hs 5 hp 3935 3297 in -1 0 1 0 -8111 5850 rl 7 np 0
T 2046 1979 3894.00 3096.00 -15.656 -11.219 19.261 hs 5 hp 3935 3297 in -1 0 1 0 -8111 5850 rl 6 np 0
T 2047 1980 3881.00 3086.00 -13.586 -9.836 16.773 hs 5 hp 3935 3297 in 1 0 1 0 -8111 5850 rl 5 np 0
T 2048 1981 3868.00 3078.00 -13.027 -8.465 15.536 hs 5 hp 3935 3297 in -1 0 1 0 -8111 5850 rl 4 np 0
T 2049 1982 3856.00 3071.00 -12.367 -7.105 14.263 hs 5 hp 3935 3297 in -1 0 1 0 -8111 5850 rl 3 np 0
T 2050 1983 3845.00 3065.00 -11.625 -5.758 12.973 hs 5 hp 3935 3297 in -1 0 1 0 -8111 5850 rl 2 np 0
T 2051 1984 3835.00 3061.00 -10.230 -4.418 11.144 hs 5 hp 3935 3297 in 0 0 1 0 -8111 5850 rl 1 np 0
T 2052 1985 3826.00 3058.00 -9.352 -3.090 9.849 hs 5 hp 3935 3297 in -1 0 1 0 -8111 5850 rl 0 np 0
T 2053 1986 3818.00 3056.00 -8.418 -1.770 8.602 hs 5 hp 3935 3297 in -1 0 1 0 -8377 5461 rl 0 np 0
T 2054 1987 3811.00 3056.00 -7.434 -0.461 7.448 hs 5 hp 3935 3297 in -1 0 1 0 -8377 5461 rl 0 np 0
T 2055 1988 3804.00 3056.00 -7.434 0.039 7.434 hs 0 hp 3811 3056 in -1 0 0 0 -8377 5461 rl 0 np 0
T 2056 1989 3795.00 3057.00 -8.516 1.371 8.625 hs 5 hp 3758 3168 in -1 0 1 0 -3799 9250 rl 0 np 0
T 2057 1990 3786.00 3060.00 -9.418 2.727 9.805 hs 5 hp 3758 3168 in -1 0 1 0 -3799 9250 rl 0 np 0
T 2058 1991 3776.00 3064.00 -10.133 4.098 10.930 hs 5 hp 3758 3168 in -1 0 1 0 -3799 9250 rl 0 np 0
T 2059 1992 3765.00 3069.00 -10.617 5.484 11.950 hs 5 hp 3758 3168 in -1 0 1 0 -3799 9250 rl 0 np 0
T 2060 1993 3754.00 3076.00 -10.816 6.883 12.821 hs 5 hp 3758 3168 in -1 0 1 0 -3827 9239 rl 0 np 0
T 2061 1994 3744.00 3084.00 -10.719 8.281 13.545 hs 5 hp 3758 3168 in -1 0 1 0 -3827 9239 rl 0 np 0
T 2062 1995 3734.00 3094.00 -10.348 9.668 14.161 hs 5 hp 3758 3168 in -1 0 1 0 -3827 9239 rl 0 np 0
T 2063 1996 3725.00 3105.00 -9.652 11.023 14.652 hs 5 hp 3758 3168 in -1 0 1 0 -1357 9907 rl 0 np 0
T 2064 1997 3717.00 3117.00 -8.609 12.320 15.030 hs 5 hp 3758 3168 in -1 0 1 0 -1357 9907 rl 0 np 0
T 2065 1998 3710.00 3131.00 -7.199 13.523 15.320 hs 5 hp 3758 3168 in -1 0 1 0 -1357 9907 rl 0 np 0
T 2066 1999 3705.00 3146.00 -5.418 14.574 15.549 hs 5 hp 3758 3168 in -1 0 1 0 -1357 9907 rl 0 np 0
T 2067 2000 3700.00 3161.00 -5.418 15.074 16.018 hs 0 hp 3705 3146 in -1 0 0 0 -1357 9907 rl 0 np 0
T 2068 2001 3695.00 3177.00 -5.418 15.574 16.490 hs 0 hp 3700 3161 in -1 0 0 0 -1357 9907 rl 0 np 0
T 2069 2002 3690.00 3193.00 -5.418 16.074 16.963 hs 0 hp 3695 3177 in -1 0 0 1 9889 -1488 rl 24 np 1
T 2070 2003 3677.00 3214.00 -15.086 20.621 25.550 hs 0 hp 3690 3193 in -1 0 0 0 -1357 9907 rl 23 np 0
E 2070 2003 ex 3744.4 3170.2 tee 3690.0 3193.0 dist 59.0 |f| 10.48
T 2071 2004 3664.00 3235.00 -15.086 21.121 25.955 hs 0 hp 3677 3214 in -1 0 0 0 -1357 9907 rl 22 np 0
T 2072 2005 3651.00 3257.00 -15.086 21.621 26.364 hs 4 hp 3699 3352 in -1 0 1 0 2903 9569 rl 21 np 0
T 2073 2006 3638.00 3279.00 -15.086 22.121 26.776 hs 5 hp 3712 3394 in -1 0 1 0 4772 8788 rl 20 np 0
T 2074 2007 3626.00 3302.00 -13.867 23.379 27.182 hs 5 hp 3712 3394 in -1 0 1 0 4772 8788 rl 19 np 0
T 2075 2008 3614.00 3326.00 -13.867 23.879 27.613 hs 0 hp 3626 3302 in -1 0 0 0 4772 8788 rl 18 np 0
T 2076 2009 3602.00 3350.00 -13.867 24.379 28.047 hs 4 hp 3672 3434 in -1 0 1 0 4714 8819 rl 17 np 0
T 2077 2010 3591.00 3376.00 -12.473 25.586 28.464 hs 5 hp 3680 3449 in -1 0 1 0 4714 8819 rl 16 np 0
T 2078 2011 3580.00 3402.00 -12.473 26.086 28.914 hs 0 hp 3591 3376 in -1 0 0 0 7071 7071 rl 15 np 0
T 2079 2012 3569.00 3429.00 -12.473 26.586 29.366 hs 0 hp 3580 3402 in -1 0 0 0 7071 7071 rl 14 np 0
T 2080 2013 3556.00 3455.00 -14.977 25.656 29.708 hs 5 hp 3487 3384 in -1 0 1 0 -8788 -4772 rl 13 np 0
T 2081 2014 3543.00 3481.00 -14.977 26.156 30.140 hs 0 hp 3556 3455 in -1 0 0 0 -9239 -3827 rl 12 np 0
T 2082 2015 3528.00 3506.00 -17.367 25.023 30.460 hs 5 hp 3487 3445 in -1 0 1 0 -8387 -5446 rl 11 np 0
T 2083 2016 3513.00 3532.00 -17.367 25.523 30.872 hs 0 hp 3528 3506 in -1 0 0 0 -9239 -3827 rl 10 np 0
T 2084 2017 3498.00 3558.00 -17.367 26.023 31.286 hs 0 hp 3513 3532 in -1 0 0 0 -9239 -3827 rl 9 np 0
T 2085 2018 3481.00 3583.00 -19.645 24.719 31.574 hs 5 hp 3404 3487 in -1 0 1 0 -7986 -6018 rl 8 np 0
T 2086 2019 3463.00 3606.00 -21.430 22.879 31.348 hs 5 hp 3404 3487 in -1 0 1 0 -8819 -4714 rl 7 np 0
T 2087 2020 3444.00 3627.00 -22.695 20.691 30.712 hs 5 hp 3404 3487 in -1 0 1 0 -8819 -4714 rl 6 np 0
T 2088 2021 3425.00 3648.00 -22.695 21.191 31.051 hs 0 hp 3444 3627 in -1 0 0 0 -9026 -4305 rl 5 np 0
T 2089 2022 3406.00 3670.00 -22.695 21.691 31.394 hs 0 hp 3425 3648 in -1 0 0 0 -9026 -4305 rl 4 np 0
T 2090 2023 3387.00 3692.00 -22.695 22.191 31.742 hs 4 hp 3307 3599 in -1 0 1 0 -8119 -5838 rl 3 np 0
T 2091 2024 3366.00 3713.00 -24.645 20.504 32.059 hs 5 hp 3285 3583 in -1 0 1 0 -8119 -5838 rl 2 np 0
T 2092 2025 3344.00 3731.00 -26.152 18.457 32.009 hs 5 hp 3285 3583 in -1 0 1 0 -8119 -5838 rl 1 np 0
T 2093 2026 3321.00 3747.00 -27.207 16.172 31.650 hs 5 hp 3285 3583 in -1 0 1 0 -8119 -5838 rl 0 np 0
T 2094 2027 3298.00 3764.00 -27.207 16.672 31.909 hs 0 hp 3321 3747 in -1 0 0 0 -8090 -5878 rl 0 np 0
T 2095 2028 3275.00 3781.00 -27.207 17.172 32.173 hs 4 hp 3221 3670 in -1 0 1 0 -6332 -7740 rl 0 np 0
T 2096 2029 3251.00 3796.00 -28.668 15.094 32.399 hs 5 hp 3176 3615 in -1 0 1 0 -6332 -7740 rl 0 np 0
T 2097 2030 3226.00 3809.00 -29.758 12.820 32.402 hs 5 hp 3176 3615 in -1 0 1 0 -6344 -7730 rl 0 np 0
T 2098 2031 3201.00 3822.00 -29.758 13.320 32.603 hs 0 hp 3226 3809 in -1 0 0 0 -6740 -7387 rl 0 np 0
T 2099 2032 3176.00 3836.00 -29.758 13.820 32.810 hs 4 hp 3143 3715 in -1 0 1 0 -4759 -8795 rl 0 np 0
T 2100 2033 3150.00 3848.00 -30.746 11.508 32.829 hs 5 hp 3106 3647 in -1 0 1 0 -4759 -8795 rl 0 np 0
T 2101 2034 3124.00 3857.00 -31.355 9.078 32.643 hs 5 hp 3106 3647 in -1 0 1 0 -4759 -8795 rl 0 np 0
T 2102 2035 3098.00 3864.00 -31.598 6.590 32.278 hs 5 hp 3106 3647 in -1 0 1 0 -4759 -8795 rl 0 np 0
T 2103 2036 3072.00 3868.00 -31.516 4.094 31.780 hs 5 hp 3106 3647 in -1 0 1 1 3370 9415 rl 24 np 1
T 2104 2037 3041.00 3862.00 -39.531 -5.828 39.959 hs 5 hp 3106 3647 in -1 0 1 1 3370 9415 rl 23 np 0
E 2104 2037 ex 3112.1 3903.8 tee 3072.0 3868.0 dist 53.8 |f| 11.20
T 2105 2038 3010.00 3854.00 -38.879 -8.199 39.734 hs 5 hp 3106 3647 in -1 0 1 0 -6740 -7387 rl 22 np 0
T 2106 2039 2979.00 3846.00 -38.879 -7.699 39.634 hs 0 hp 3010 3854 in -1 0 0 0 -5270 -8499 rl 21 np 0
T 2107 2040 2948.00 3839.00 -38.879 -7.199 39.540 hs 4 hp 2994 3725 in -1 0 1 0 1219 -9925 rl 20 np 0
T 2108 2041 2918.00 3829.00 -38.254 -9.582 39.436 hs 5 hp 3004 3647 in -1 0 1 0 1499 -9887 rl 19 np 0
T 2109 2042 2888.00 3820.00 -38.254 -9.082 39.317 hs 0 hp 2918 3829 in -1 0 0 0 1499 -9887 rl 18 np 0
T 2110 2043 2858.00 3809.00 -37.504 -11.410 39.201 hs 5 hp 2915 3743 in -1 0 1 0 3338 -9426 rl 17 np 0
T 2111 2044 2828.00 3798.00 -37.504 -10.910 39.059 hs 0 hp 2858 3809 in -1 0 0 0 1499 -9887 rl 16 np 0
T 2112 2045 2799.00 3785.00 -36.605 -13.160 38.899 hs 5 hp 2852 3743 in -1 0 1 0 3987 -9171 rl 15 np 0
T 2113 2046 2770.00 3772.00 -36.605 -12.660 38.733 hs 0 hp 2799 3785 in -1 0 0 0 -3827 -9239 rl 14 np 0
T 2114 2047 2741.00 3760.00 -36.605 -12.160 38.572 hs 0 hp 2770 3772 in -1 0 0 0 -3827 -9239 rl 13 np 0
T 2115 2048 2712.00 3748.00 -36.605 -11.660 38.418 hs 0 hp 2741 3760 in -1 0 0 0 -3827 -9239 rl 12 np 0
T 2116 2049 2683.00 3737.00 -36.605 -11.160 38.269 hs 4 hp 2679 3866 in -1 0 1 0 -2672 9636 rl 11 np 0
T 2117 2050 2654.00 3726.00 -36.605 -10.660 38.126 hs 0 hp 2683 3737 in -1 0 0 0 -2396 -9709 rl 10 np 0
