T 2031 1964 4087.00 3404.00 -10.762 -30.043 31.912 hs 5 hp 4046 3488 in -1 0 1 0 -6820 7314 rl 22 np 0
T 2032 1965 4077.00 3375.00 -12.012 -28.734 31.144 hs 5 hp 4046 3488 in -1 0 1 0 -6808 7325 rl 21 np 0
T 2033 1966 4067.00 3347.00 -12.012 -28.234 30.683 hs 0 hp 4077 3375 in -1 0 0 0 6794 -7337 rl 20 np 0
T 2034 1967 4057.00 3319.00 -12.012 -27.734 30.224 hs 4 hp 3984 3436 in -1 0 1 0 -6808 7325 rl 19 np 0
T 2035 1968 4046.00 3292.00 -12.723 -26.504 29.399 hs 5 hp 3936 3488 in 0 0 1 0 -6808 7325 rl 18 np 0
T 2036 1969 4034.00 3267.00 -14.117 -25.219 28.901 hs 5 hp 3936 3488 in -1 0 1 0 -6820 7314 rl 17 np 0
T 2037 1970 4021.00 3243.00 -15.273 -23.895 28.359 hs 5 hp 3936 3488 in -1 0 1 0 -8111 5850 rl 16 np 0
T 2038 1971 4007.00 3220.00 -16.207 -22.543 27.764 hs 5 hp 3936 3488 in -1 0 1 0 -8111 5850 rl 15 np 0
T 2039 1972 3992.00 3199.00 -16.938 -21.172 27.113 hs 5 hp 3936 3488 in -1 0 1 0 -8111 5850 rl 14 np 0
T 2040 1973 3977.00 3179.00 -17.480 -19.789 26.404 hs 5 hp 3936 3488 in -1 0 1 0 -8111 5850 rl 13 np 0
T 2041 1974 3962.00 3160.00 -17.480 -19.289 26.031 hs 0 hp 3977 3179 in -1 0 0 0 -8111 5850 rl 12 np 0
T 2042 1975 3946.00 3142.00 -18.195 -17.918 25.537 hs 5 hp 3935 3263 in -1 0 1 0 -2504 9681 rl 11 np 0
T 2043 1976 3930.00 3125.00 -18.195 -17.418 25.188 hs 0 hp 3946 3142 in -1 0 0 0 -2504 9681 rl 10 np 0
T 2044 1977 3913.00 3109.00 -18.957 -16.051 24.839 hs 5 hp 3909 3200 in -1 0 1 0 -2672 9636 rl 9 np 0
T 2045 1978 3896.00 3094.00 -19.082 -14.652 24.059 hs 5 hp 3909 3200 in -1 0 1 0 -8111 5850 rl 8 np 0
T 2046 1979 3879.00 3080.00 -19.082 -14.152 23.757 hs 0 hp 3896 3094 in -1 0 0 0 -8111 5850 rl 7 np 0
T 2047 1980 3861.00 3067.00 -19.676 -12.773 23.458 hs 5 hp 3860 3168 in -1 0 1 0 -2079 9781 rl 6 np 0
T 2048 1981 3843.00 3055.00 -19.676 -12.273 23.190 hs 0 hp 3861 3067 in -1 0 0 0 -2079 9781 rl 5 np 0
T 2049 1982 3825.00 3044.00 -20.172 -10.887 22.922 hs 5 hp 3823 3168 in -1 0 1 0 -1736 9848 rl 4 np 0
T 2050 1983 3807.00 3035.00 -20.219 -9.488 22.334 hs 5 hp 3823 3168 in -1 0 1 0 -8377 5461 rl 3 np 0
T 2051 1984 3789.00 3027.00 -19.949 -8.094 21.529 hs 5 hp 3823 3168 in -1 0 1 0 -8377 5461 rl 2 np 0
T 2052 1985 3771.00 3020.00 -19.422 -6.719 20.551 hs 5 hp 3823 3168 in -1 0 1 0 -3799 9250 rl 1 np 0
T 2053 1986 3754.00 3015.00 -18.676 -5.371 19.433 hs 5 hp 3823 3168 in -1 0 1 0 -3799 9250 rl 0 np 0
T 2054 1987 3737.00 3011.00 -17.750 -4.051 18.206 hs 5 hp 3823 3168 in -1 0 1 0 -3799 9250 rl 0 np 0
T 2055 1988 3721.00 3008.00 -16.668 -2.762 16.895 hs 5 hp 3823 3168 in -1 0 1 0 -3799 9250 rl 0 np 0
T 2056 1989 3705.00 3006.00 -16.668 -2.262 16.821 hs 0 hp 3721 3008 in -1 0 0 0 -3799 9250 rl 0 np 0
T 2057 1990 3689.00 3004.00 -16.668 -1.762 16.761 hs 0 hp 3705 3006 in -1 0 0 0 -3799 9250 rl 0 np 0
T 2058 1991 3673.00 3003.00 -16.668 -1.262 16.716 hs 4 hp 3747 3112 in -1 0 1 0 4714 8819 rl 0 np 0
T 2059 1992 3657.00 3002.00 -16.668 -0.762 16.685 hs 0 hp 3673 3003 in -1 0 0 0 4714 8819 rl 0 np 0
T 2060 1993 3641.00 3002.00 -16.668 -0.262 16.670 hs 4 hp 3692 3119 in -1 0 1 0 2903 9569 rl 0 np 0
T 2061 1994 3625.00 3014.00 -17.848 12.180 21.607 hs 4 hp 3715 3196 in -1 0 1 1 980 -9952 rl 24 np 0
E 2061 1994 ex 3643.6 2975.2 tee 3641.0 3002.0 dist 26.9 |f| 12.00
T 2062 1995 3610.00 3028.00 -16.938 13.504 21.662 hs 5 hp 3736 3264 in -1 0 1 0 -1357 9907 rl 23 np 0
T 2063 1996 3595.00 3043.00 -15.879 14.797 21.705 hs 5 hp 3736 3264 in -1 0 1 0 -1357 9907 rl 22 np 0
T 2064 1997 3582.00 3059.00 -14.668 16.055 21.746 hs 5 hp 3736 3264 in -1 0 1 0 -1357 9907 rl 21 np 0
T 2065 1998 3570.00 3076.00 -13.316 17.273 21.811 hs 5 hp 3736 3264 in -1 0 1 0 -1357 9907 rl 20 np 0
T 2066 1999 3560.00 3094.00 -11.160 18.449 21.562 hs 5 hp 3736 3264 in 0 0 1 0 -1357 9907 rl 19 np 0
T 2067 2000 3551.00 3114.00 -9.543 19.574 21.777 hs 5 hp 3736 3264 in -1 0 1 0 -1357 9907 rl 18 np 0
T 2068 2001 3544.00 3135.00 -7.797 20.641 22.064 hs 5 hp 3736 3264 in -1 0 1 0 -1357 9907 rl 17 np 0
T 2069 2002 3539.00 3157.00 -5.930 21.641 22.438 hs 5 hp 3736 3264 in -1 0 1 0 -1357 9907 rl 16 np 0
T 2070 2003 3535.00 3180.00 -3.953 22.570 22.914 hs 5 hp 3736 3264 in -1 0 1 0 -1357 9907 rl 15 np 0
T 2071 2004 3532.00 3203.00 -2.926 23.418 23.600 hs 5 hp 3736 3264 in -1 0 1 0 -1357 9907 rl 14 np 0
T 2072 2005 3530.00 3227.00 -2.270 24.176 24.282 hs 5 hp 3736 3264 in -1 0 1 0 4772 8788 rl 13 np 0
T 2073 2006 3529.00 3252.00 -1.555 24.836 24.885 hs 5 hp 3736 3264 in -1 0 1 0 4772 8788 rl 12 np 0
T 2074 2007 3529.00 3277.00 -0.055 25.336 25.336 hs 0 hp 3529 3252 in 1 0 0 0 4772 8788 rl 11 np 0
T 2075 2008 3530.00 3303.00 1.445 25.836 25.876 hs 4 hp 3650 3289 in 1 0 1 0 9952 980 rl 10 np 0
T 2076 2009 3533.00 3329.00 2.945 26.336 26.500 hs 0 hp 3530 3303 in 1 0 0 0 9952 980 rl 9 np 0
T 2077 2010 3535.00 3356.00 2.293 27.098 27.194 hs 5 hp 3487 3343 in 1 0 1 0 -9563 2924 rl 8 np 0
T 2078 2011 3536.00 3384.00 0.793 27.598 27.609 hs 0 hp 3535 3356 in -1 0 0 0 7071 7071 rl 7 np 0
T 2079 2012 3535.00 3412.00 -0.707 28.098 28.107 hs 0 hp 3536 3384 in -1 0 0 0 7071 7071 rl 6 np 0
T 2080 2013 3534.00 3441.00 -1.457 28.547 28.584 hs 5 hp 3487 3411 in 1 0 1 0 -9998 -175 rl 5 np 0
T 2081 2014 3531.00 3470.00 -2.957 29.047 29.197 hs 0 hp 3534 3441 in -1 0 0 0 -9239 -3827 rl 4 np 0
T 2082 2015 3527.00 3500.00 -4.457 29.547 29.881 hs 0 hp 3531 3470 in -1 0 0 0 -9239 -3827 rl 3 np 0
T 2083 2016 3523.00 3530.00 -5.000 30.047 30.460 hs 0 hp 3527 3500 in -1 0 0 0 -9239 -3827 rl 2 np 0
T 2084 2017 3519.00 3561.00 -5.000 30.547 30.953 hs 4 hp 3401 3525 in -1 0 1 0 -9990 -436 rl 1 np 0
T 2085 2018 3512.00 3591.00 -7.793 30.445 31.427 hs 5 hp 3327 3522 in -1 0 1 0 -7792 -6268 rl 0 np 0
T 2086 2019 3503.00 3621.00 -10.465 29.898 31.677 hs 5 hp 3327 3522 in -1 0 1 0 -8819 -4714 rl 0 np 0
T 2087 2020 3492.00 3650.00 -12.949 28.926 31.692 hs 5 hp 3327 3522 in -1 0 1 0 -8819 -4714 rl 0 np 0
T 2088 2021 3479.00 3678.00 -15.199 27.586 31.496 hs 5 hp 3327 3522 in -1 0 1 0 -8745 -4851 rl 0 np 0
T 2089 2022 3464.00 3704.00 -17.188 25.938 31.115 hs 5 hp 3327 3522 in -1 0 1 1 1588 9873 rl 24 np 1
T 2090 2023 3448.00 3728.00 -18.902 24.039 30.581 hs 5 hp 3327 3522 in -1 0 1 0 -8745 -4851 rl 23 np 1
T 2091 2024 3422.00 3746.00 -31.527 17.590 36.102 hs 5 hp 3327 3522 in -1 0 1 0 -8745 -4851 rl 22 np 0
E 2091 2024 ex 3489.4 3744.2 tee 3448.0 3728.0 dist 44.4 |f| 12.00
T 2092 2025 3396.00 3761.00 -32.641 15.328 36.061 hs 5 hp 3327 3522 in -1 0 1 0 -8119 -5838 rl 21 np 0
T 2093 2026 3369.00 3774.00 -33.430 12.945 35.849 hs 5 hp 3327 3522 in -1 0 1 0 -8119 -5838 rl 20 np 0
T 2094 2027 3341.00 3784.00 -33.898 10.484 35.483 hs 5 hp 3327 3522 in -1 0 1 0 -8119 -5838 rl 19 np 0
T 2095 2028 3313.00 3792.00 -34.051 7.988 34.975 hs 5 hp 3327 3522 in -1 0 1 0 -8090 -5878 rl 18 np 0
T 2096 2029 3285.00 3800.00 -34.051 8.488 35.093 hs 0 hp 3313 3792 in -1 0 0 0 -8090 -5878 rl 17 np 0
T 2097 2030 3257.00 3809.00 -34.051 8.988 35.217 hs 4 hp 3245 3685 in -1 0 1 0 -3256 -9455 rl 16 np 0
T 2098 2031 3229.00 3816.00 -34.570 6.539 35.183 hs 5 hp 3221 3615 in -1 0 1 0 -6344 -7730 rl 15 np 0
T 2099 2032 3201.00 3820.00 -34.684 4.043 34.918 hs 5 hp 3221 3615 in -1 0 1 0 -6344 -7730 rl 14 np 0
T 2100 2033 3173.00 3822.00 -34.465 1.559 34.500 hs 5 hp 3221 3615 in -1 0 1 0 -4759 -8795 rl 13 np 0
T 2101 2034 3145.00 3821.00 -33.957 -0.863 33.968 hs 5 hp 3221 3615 in -1 0 1 0 -4759 -8795 rl 12 np 0
T 2102 2035 3118.00 3818.00 -33.180 -3.180 33.332 hs 5 hp 3221 3615 in -1 0 1 0 -4759 -8795 rl 11 np 0
T 2103 2036 3090.00 3815.00 -33.180 -2.680 33.288 hs 0 hp 3118 3818 in -1 0 0 0 -4759 -8795 rl 10 np 0
T 2104 2037 3062.00 3813.00 -33.180 -2.180 33.251 hs 0 hp 3090 3815 in -1 0 0 0 -4759 -8795 rl 9 np 0
T 2105 2038 3034.00 3811.00 -33.180 -1.680 33.222 hs 4 hp 3056 3691 in -1 0 1 0 -523 -9986 rl 8 np 0
T 2106 2039 3007.00 3807.00 -32.910 -4.160 33.172 hs 5 hp 3054 3647 in -1 0 1 1 3370 9415 rl 7 np 0
T 2107 2040 2980.00 3800.00 -32.277 -6.539 32.933 hs 5 hp 3054 3647 in -1 0 1 1 3370 9415 rl 6 np 0
T 2108 2041 2954.00 3791.00 -31.297 -8.738 32.494 hs 5 hp 3054 3647 in -1 0 1 0 1499 -9887 rl 5 np 0
T 2109 2042 2928.00 3783.00 -31.297 -8.238 32.363 hs 0 hp 2954 3791 in -1 0 0 0 1499 -9887 rl 4 np 0
T 2110 2043 2902.00 3775.00 -31.297 -7.738 32.239 hs 4 hp 2895 3901 in -1 0 1 0 -2672 9636 rl 3 np 0
T 2111 2044 2876.00 3769.00 -31.469 -6.340 32.101 hs 5 hp 2894 3904 in -1 0 1 0 -610 9981 rl 2 np 0
T 2112 2045 2850.00 3763.00 -31.469 -5.840 32.006 hs 0 hp 2876 3769 in -1 0 0 0 1499 -9887 rl 1 np 0
T 2113 2046 2824.00 3758.00 -31.469 -5.340 31.919 hs 5 hp 2839 3647 in -1 0 1 0 -980 -9952 rl 0 np 0
T 2114 2047 2791.00 3758.00 -42.582 -0.312 42.583 hs 0 hp 2824 3758 in -1 0 0 1 9239 -3827 rl 24 np 0
E 2114 2047 ex 2860.0 3743.3 tee 2824.0 3758.0 dist 38.9 |f| 12.00
T 2115 2048 2758.00 3755.00 -42.465 -2.809 42.558 hs 5 hp 2797 3647 in -1 0 1 0 523 -9986 rl 23 np 0
T 2116 2049 2725.00 3753.00 -42.465 -2.309 42.528 hs 0 hp 2758 3755 in -1 0 0 0 -3827 -9239 rl 22 np 0
T 2117 2050 2692.00 3751.00 -42.465 -1.809 42.503 hs 4 hp 2802 3659 in -1 0 1 0 6344 -7730 rl 21 np 0
T 2118 2051 2659.00 3750.00 -42.465 -1.309 42.485 hs 0 hp 2692 3751 in -1 0 0 0 -2396 -9709 rl 20 np 0
