T 2291 2224 1840.00 4134.00 43.434 15.645 46.165 hs 5 hp 1759 4230 in 1 0 1 0 -3987 9171 rl 21 np 0
T 2292 2225 1872.00 4150.00 43.434 16.145 46.337 hs 0 hp 1840 4134 in 1 0 0 0 0 -1000 rl 20 np 0
T 2293 2226 1904.00 4167.00 43.434 16.645 46.514 hs 0 hp 1872 4150 in 1 0 0 0 0 -1000 rl 19 np 0
T 2294 2227 1936.00 4184.00 43.434 17.145 46.695 hs 0 hp 1904 4167 in 1 0 0 0 0 -1000 rl 18 np 0
T 2295 2228 1968.00 4202.00 43.434 17.645 46.881 hs 0 hp 1936 4184 in 1 0 0 0 0 -1000 rl 17 np 0
T 2296 2229 2000.00 4220.00 43.434 18.145 47.071 hs 0 hp 1968 4202 in 1 0 0 0 0 -1000 rl 16 np 0
T 2297 2230 2032.00 4239.00 43.434 18.645 47.266 hs 0 hp 2000 4220 in 1 0 0 0 0 -1000 rl 15 np 0
T 2298 2231 2064.00 4258.00 43.434 19.145 47.466 hs 5 hp 2144 4250 in 1 0 1 0 9952 980 rl 14 np 0
T 2299 2232 2096.00 4278.00 43.434 19.645 47.670 hs 0 hp 2064 4258 in 1 0 0 0 0 -1000 rl 13 np 0
T 2300 2233 2128.00 4298.00 43.434 20.145 47.878 hs 4 hp 2204 4336 in 1 0 1 0 8819 4714 rl 12 np 0
T 2301 2234 2160.00 4319.00 43.434 20.645 48.090 hs 0 hp 2128 4298 in 1 0 0 0 0 -1000 rl 11 np 0
T 2302 2235 2193.00 4337.00 44.523 18.371 48.165 hs 5 hp 2187 4255 in 1 0 1 0 3827 -9239 rl 10 np 0
T 2303 2236 2226.00 4356.00 44.523 18.871 48.358 hs 0 hp 2193 4337 in 1 0 0 0 383 -924 rl 9 np 0
T 2304 2237 2258.00 4375.00 44.523 19.371 48.555 hs 4 hp 2303 4262 in 1 0 1 0 6349 -7726 rl 8 np 0
T 2305 2238 2291.00 4392.00 45.633 17.109 48.735 hs 5 hp 2309 4255 in 1 0 1 0 6349 -7726 rl 7 np 0
T 2306 2239 2324.00 4410.00 45.633 17.609 48.913 hs 0 hp 2291 4392 in 1 0 0 0 471 882 rl 6 np 0
T 2307 2240 2357.00 4428.00 45.633 18.109 49.095 hs 0 hp 2324 4410 in 1 0 0 0 471 882 rl 5 np 0
T 2308 2241 2390.00 4447.00 45.633 18.609 49.281 hs 4 hp 2438 4337 in 1 0 1 0 6626 -7490 rl 4 np 0
T 2309 2242 2423.00 4466.00 45.633 19.109 49.472 hs 4 hp 2491 4277 in 1 0 1 0 6345 -7730 rl 3 np 0
T 2310 2243 2457.00 4483.00 46.727 16.840 49.668 hs 5 hp 2511 4255 in 1 0 1 0 6345 -7730 rl 2 np 0
T 2311 2244 2491.00 4497.00 47.383 14.422 49.529 hs 5 hp 2511 4255 in 1 0 1 0 6345 -7730 rl 1 np 0
T 2312 2245 2525.00 4497.00 47.383 0.000 47.383 hs 0 hp 2491 4497 in 1 0 0 0 6345 -7730 rl 0 np 0
T 2313 2246 2559.00 4484.00 47.383 -13.199 49.187 hs 0 hp 2525 4497 in 1 1 0 0 9099 4147 rl 0 np 0
T 2314 2247 2596.00 4463.00 55.828 -21.223 59.726 hs 0 hp 2559 4484 in 1 0 0 1 -7071 7071 rl 24 np 0
E 2314 2247 ex 2531.4 4511.9 tee 2559.0 4484.0 dist 39.3 |f| 12.00
T 2315 2248 2633.00 4442.00 55.828 -20.723 59.550 hs 4 hp 2631 4580 in 1 0 1 0 2903 9569 rl 23 np 0
T 2316 2249 2670.00 4423.00 56.059 -19.324 59.296 hs 5 hp 2649 4640 in 1 0 1 0 2883 9575 rl 22 np 0
T 2317 2250 2707.00 4405.00 55.844 -17.930 58.651 hs 5 hp 2649 4640 in 1 0 1 0 2883 9575 rl 21 np 0
T 2318 2251 2744.00 4388.00 55.844 -17.430 58.501 hs 0 hp 2707 4405 in 1 0 0 0 2883 9575 rl 20 np 0
T 2319 2252 2781.00 4371.00 55.844 -16.930 58.354 hs 0 hp 2744 4388 in 1 0 0 0 -995 -98 rl 19 np 0
T 2320 2253 2819.00 4355.00 55.844 -16.430 58.210 hs 4 hp 2898 4406 in 1 0 1 0 9569 2903 rl 18 np 0
T 2321 2254 2857.00 4339.00 55.844 -15.930 58.071 hs 4 hp 2975 4429 in 1 0 1 0 9569 2903 rl 17 np 0
T 2322 2255 2895.00 4324.00 55.844 -15.430 57.936 hs 5 hp 3008 4439 in 1 0 1 0 9569 2903 rl 16 np 0
T 2323 2256 2933.00 4309.00 55.844 -14.930 57.805 hs 5 hp 3008 4439 in 1 0 1 0 9569 2903 rl 15 np 0
T 2324 2257 2971.00 4295.00 55.844 -14.430 57.678 hs 0 hp 2933 4309 in 1 0 0 0 -995 -98 rl 14 np 0
T 2325 2258 3009.00 4281.00 55.844 -13.930 57.555 hs 0 hp 2971 4295 in 1 0 0 0 -995 -98 rl 13 np 0
T 2326 2259 3047.00 4268.00 55.844 -13.430 57.436 hs 5 hp 3095 4352 in 1 0 1 0 7730 6344 rl 12 np 0
T 2327 2260 3085.00 4255.00 55.844 -12.930 57.321 hs 0 hp 3047 4268 in 1 0 0 0 383 924 rl 11 np 0
T 2328 2261 3123.00 4243.00 55.844 -12.430 57.210 hs 5 hp 3114 4352 in 1 0 1 0 2903 9569 rl 10 np 0
T 2329 2262 3161.00 4232.00 55.660 -11.031 56.743 hs 5 hp 3114 4352 in 1 0 1 0 535 9986 rl 9 np 0
T 2330 2263 3199.00 4221.00 55.660 -10.531 56.648 hs 0 hp 3161 4232 in 1 0 0 0 -882 471 rl 8 np 0
T 2331 2264 3237.00 4211.00 55.660 -10.031 56.557 hs 5 hp 3280 4288 in 1 0 1 0 7730 6344 rl 7 np 0
T 2332 2265 3275.00 4201.00 55.660 -9.531 56.470 hs 0 hp 3237 4211 in 1 0 0 0 -882 471 rl 6 np 0
T 2333 2266 3313.00 4192.00 55.660 -9.031 56.388 hs 4 hp 3396 4213 in 1 0 1 0 9952 980 rl 5 np 0
T 2334 2267 3351.00 4183.00 55.660 -8.531 56.310 hs 4 hp 3476 4221 in 1 0 1 0 349 9994 rl 4 np 0
T 2335 2268 3389.00 4171.00 55.660 -12.000 56.939 hs 4 hp 3556 4229 in 1 1 1 0 349 9994 rl 3 np 0
T 2336 2269 3427.00 4159.00 55.660 -11.500 56.836 hs 0 hp 3389 4171 in 1 0 0 0 -882 471 rl 2 np 0
T 2337 2270 3465.00 4148.00 55.660 -11.000 56.737 hs 0 hp 3427 4159 in 1 0 0 0 -882 471 rl 1 np 0
T 2338 2271 3503.00 4137.00 55.660 -10.500 56.642 hs 4 hp 3458 4026 in 1 0 1 0 -610 -9981 rl 0 np 0
T 2339 2272 3541.00 4124.00 55.043 -12.883 56.530 hs 5 hp 3454 3967 in 1 0 1 0 -610 -9981 rl 0 np 0
T 2340 2273 3578.00 4109.00 53.953 -15.008 56.002 hs 5 hp 3454 3967 in 1 0 1 1 7229 6909 rl 24 np 1
T 2341 2274 3600.00 4083.00 27.031 -26.148 37.609 hs 5 hp 3454 3967 in 0 0 1 0 -610 -9981 rl 23 np 0
E 2341 2274 ex 3577.5 4159.6 tee 3578.0 4109.0 dist 50.6 |f| 11.64
T 2342 2275 3619.00 4055.00 23.301 -27.516 36.056 hs 5 hp 3454 3967 in -1 0 1 0 -2859 -9583 rl 22 np 0
T 2343 2276 3635.00 4027.00 20.152 -28.426 34.845 hs 5 hp 3454 3967 in 0 0 1 0 -2859 -9583 rl 21 np 0
T 2344 2277 3652.00 3999.00 20.152 -27.926 34.438 hs 0 hp 3635 4027 in 1 0 0 0 4714 8819 rl 20 np 0
T 2345 2278 3669.00 3972.00 20.152 -27.426 34.034 hs 0 hp 3652 3999 in 1 0 0 0 4714 8819 rl 19 np 0
T 2346 2279 3684.00 3944.00 18.148 -28.289 33.610 hs 5 hp 3597 3935 in 1 0 1 0 -8910 -4540 rl 18 np 0
T 2347 2280 3699.00 3916.00 18.148 -27.789 33.190 hs 0 hp 3684 3944 in 1 0 0 0 4714 8819 rl 17 np 0
T 2348 2281 3714.00 3889.00 18.148 -27.289 32.773 hs 0 hp 3699 3916 in 1 0 0 0 4714 8819 rl 16 np 0
T 2349 2282 3729.00 3862.00 18.148 -26.789 32.358 hs 5 hp 3776 3895 in 1 0 1 0 9952 980 rl 15 np 0
T 2350 2283 3744.00 3836.00 18.148 -26.289 31.945 hs 0 hp 3729 3862 in 1 0 0 0 4714 8819 rl 14 np 0
T 2351 2284 3760.00 3811.00 19.168 -24.949 31.462 hs 5 hp 3776 3919 in 1 0 1 0 3584 9336 rl 13 np 0
T 2352 2285 3778.00 3800.00 19.586 -11.109 22.517 hs 5 hp 3776 3919 in 1 1 1 0 3827 9239 rl 12 np 0
T 2353 2286 3796.00 3789.00 19.586 -10.609 22.275 hs 0 hp 3778 3800 in 1 0 0 0 3827 9239 rl 11 np 0
T 2354 2287 3814.00 3780.00 20.008 -9.219 22.029 hs 5 hp 3808 3872 in 1 0 1 0 1478 9890 rl 10 np 0
T 2355 2288 3832.00 3771.00 20.008 -8.719 21.825 hs 0 hp 3814 3780 in 1 1 0 0 773 634 rl 9 np 0
T 2356 2289 3850.00 3763.00 20.008 -8.219 21.630 hs 0 hp 3832 3771 in 1 0 0 0 773 634 rl 8 np 0
T 2357 2290 3868.00 3758.00 20.008 0.000 20.008 hs 0 hp 3850 3763 in 1 0 0 0 773 634 rl 7 np 0
T 2358 2291 3886.00 3759.00 19.445 1.371 19.494 hs 5 hp 3838 3872 in 1 0 1 0 -2504 9681 rl 6 np 0
T 2359 2292 3902.00 3762.00 16.832 2.699 17.047 hs 5 hp 3838 3872 in -1 0 1 0 -2250 9744 rl 5 np 0
T 2360 2293 3916.00 3766.00 14.859 3.977 15.382 hs 5 hp 3838 3872 in 0 0 1 0 -2334 9724 rl 4 np 0
T 2361 2294 3927.00 3771.00 11.672 5.203 12.779 hs 5 hp 3838 3872 in -1 0 1 0 -2250 9744 rl 3 np 0
T 2362 2295 3935.00 3777.00 8.289 6.379 10.459 hs 5 hp 3838 3872 in -1 0 1 0 -2250 9744 rl 2 np 0
T 2363 2296 3940.00 3785.00 4.754 7.508 8.886 hs 5 hp 3838 3872 in -1 0 1 0 -2250 9744 rl 1 np 0
T 2364 2297 3941.00 3794.00 1.086 8.594 8.662 hs 5 hp 3838 3872 in -1 0 1 0 -2250 9744 rl 0 np 0
T 2365 2298 3940.00 3804.00 -0.762 9.637 9.667 hs 5 hp 3838 3872 in 0 0 1 0 -2250 9744 rl 0 np 0
T 2366 2299 3938.00 3814.00 -2.262 10.137 10.386 hs 0 hp 3940 3804 in -1 0 0 0 -2250 9744 rl 0 np 0
T 2367 2300 3936.00 3825.00 -2.148 10.637 10.852 hs 4 hp 3926 3935 in 0 0 1 0 -980 9952 rl 0 np 0
T 2368 2301 3935.00 3837.00 -0.855 12.031 12.062 hs 5 hp 3923 3968 in 1 0 1 0 -969 9953 rl 0 np 0
T 2369 2302 3935.00 3850.00 0.438 13.426 13.433 hs 5 hp 3923 3968 in 1 0 1 0 -969 9953 rl 0 np 0
T 2370 2303 3937.00 3865.00 1.711 14.820 14.919 hs 5 hp 3923 3968 in 1 0 1 0 -969 9953 rl 0 np 0
T 2371 2304 3940.00 3880.00 3.211 15.320 15.653 hs 5 hp 3923 3968 in 1 0 1 0 -969 9953 rl 0 np 0
T 2372 2305 3944.00 3896.00 4.711 15.820 16.507 hs 0 hp 3940 3880 in 1 0 0 0 859 -511 rl 0 np 0
T 2373 2306 3951.00 3911.00 7.582 15.051 16.853 hs 5 hp 4000 3870 in 1 0 1 0 9063 -4226 rl 0 np 0
T 2374 2307 3960.00 3925.00 9.770 13.625 16.766 hs 5 hp 4000 3870 in 1 0 1 0 9063 -4226 rl 0 np 0
T 2375 2308 3969.00 3939.00 9.770 14.125 17.174 hs 0 hp 3960 3925 in 1 0 0 0 817 -577 rl 0 np 0
T 2376 2309 3980.00 3952.00 11.996 12.750 17.506 hs 5 hp 4014 3903 in 1 0 1 0 7809 -6247 rl 0 np 0
T 2377 2310 3991.00 3965.00 11.996 13.250 17.874 hs 0 hp 3980 3952 in 1 0 0 0 785 -619 rl 0 np 0
T 2378 2311 4004.00 3976.00 13.789 11.418 17.903 hs 5 hp 4041 3903 in 1 0 1 0 6293 -7771 rl 0 np 0
T 2379 2312 4027.00 3988.00 26.859 11.512 29.222 hs 5 hp 4041 3903 in 1 0 1 1 -9808 -1951 rl 24 np 0
E 2379 2312 ex 3966.7 3968.8 tee 4004.0 3976.0 dist 38.0 |f| 12.00
T 2380 2313 4050.00 4000.00 26.859 12.012 29.423 hs 0 hp 4027 3988 in 1 0 0 0 785 -619 rl 23 np 0
T 2381 2314 4074.00 4010.00 27.902 9.719 29.546 hs 5 hp 4088 3903 in 1 0 1 0 3665 -9304 rl 22 np 0
T 2382 2315 4098.00 4020.00 27.902 10.219 29.715 hs 0 hp 4074 4010 in 1 0 0 0 -981 195 rl 21 np 0
T 2383 2316 4122.00 4031.00 27.902 10.719 29.890 hs 4 hp 4192 3943 in 1 0 1 0 7730 -6344 rl 20 np 0
T 2384 2317 4146.00 4042.00 27.902 11.219 30.073 hs 5 hp 4241 3903 in 1 0 1 0 7730 -6344 rl 19 np 0
T 2385 2318 4170.00 4054.00 27.902 11.719 30.263 hs 5 hp 4241 3903 in 1 0 1 0 7730 -6344 rl 18 np 0
T 2386 2319 4194.00 4066.00 27.902 12.219 30.460 hs 5 hp 4241 3903 in 1 0 1 0 7730 -6344 rl 17 np 0
T 2387 2320 4218.00 4079.00 27.902 12.719 30.664 hs 0 hp 4194 4066 in 1 0 0 0 -981 195 rl 16 np 0
T 2388 2321 4242.00 4092.00 27.902 13.219 30.875 hs 4 hp 4295 3985 in 1 0 1 0 6332 -7740 rl 15 np 0
T 2389 2322 4266.00 4106.00 27.902 13.719 31.093 hs 4 hp 4346 3923 in 1 0 1 0 6332 -7740 rl 14 np 0
T 2390 2323 4291.00 4118.00 29.125 11.508 31.316 hs 5 hp 4362 3903 in 1 0 1 0 6332 -7740 rl 13 np 0
T 2391 2324 4316.00 4127.00 30.020 9.160 31.386 hs 5 hp 4362 3903 in 1 0 1 0 6332 -7740 rl 12 np 0
T 2392 2325 4342.00 4134.00 30.594 6.723 31.324 hs 5 hp 4362 3903 in 1 0 1 0 6332 -7740 rl 11 np 0
T 2393 2326 4368.00 4141.00 30.594 7.223 31.435 hs 0 hp 4342 4134 in 1 0 0 0 634 -773 rl 10 np 0
T 2394 2327 4394.00 4149.00 30.594 7.723 31.553 hs 4 hp 4485 4176 in 1 0 1 0 9569 2903 rl 9 np 0
T 2395 2328 4420.00 4157.00 30.594 8.223 31.679 hs 4 hp 4562 4199 in 1 0 1 0 9569 2903 rl 8 np 0
T 2396 2329 4446.00 4166.00 30.594 8.723 31.813 hs 0 hp 4420 4157 in 1 0 0 0 634 -773 rl 7 np 0
T 2397 2330 4472.00 4175.00 30.594 9.223 31.954 hs 4 hp 4504 4058 in 1 0 1 0 4714 -8819 rl 6 np 0
T 2398 2331 4498.00 4185.00 30.594 9.723 32.102 hs 4 hp 4542 3987 in 1 0 1 0 4602 -8878 rl 5 np 0
T 2399 2332 4524.00 4192.00 31.383 7.340 32.230 hs 5 hp 4570 3935 in 1 0 1 0 4602 -8878 rl 4 np 0
T 2400 2333 4550.00 4180.00 31.383 -12.000 33.599 hs 0 hp 4524 4192 in 1 1 0 0 4602 -8878 rl 3 np 0
