T 1151 1084 7685.00 1471.00 45.078 12.723 46.839 hs 0 hp 7652 1458 in 1 0 0 1 -7071 -7071 rl 21 np 0
T 1152 1085 7718.00 1484.00 45.078 13.223 46.977 hs 4 hp 7650 1588 in 1 0 1 0 -2903 9569 rl 20 np 0
T 1153 1086 7751.00 1498.00 45.078 13.723 47.121 hs 0 hp 7718 1484 in 1 0 0 0 773 -634 rl 19 np 0
T 1154 1087 7785.00 1509.00 45.863 11.340 47.244 hs 5 hp 7776 1412 in 1 0 1 0 2756 -9613 rl 18 np 0
T 1155 1088 7819.00 1521.00 45.863 11.840 47.367 hs 0 hp 7785 1509 in 1 0 0 0 773 -634 rl 17 np 0
T 1156 1089 7853.00 1530.00 46.457 9.406 47.400 hs 5 hp 7830 1471 in 1 0 1 0 2079 -9781 rl 16 np 0
T 1157 1090 7887.00 1540.00 46.457 9.906 47.501 hs 0 hp 7853 1530 in 1 0 0 0 -773 634 rl 15 np 0
T 1158 1091 7922.00 1547.00 46.926 7.449 47.513 hs 5 hp 7899 1471 in 1 0 1 0 1650 -9863 rl 14 np 0
T 1159 1092 7956.00 1555.00 46.926 7.949 47.594 hs 0 hp 7922 1547 in 1 0 0 0 98 -995 rl 13 np 0
T 1160 1093 7991.00 1560.00 47.297 5.477 47.613 hs 5 hp 7967 1471 in 1 0 1 0 1305 -9914 rl 12 np 0
T 1161 1094 8026.00 1566.00 47.297 5.977 47.673 hs 0 hp 7991 1560 in 1 0 0 0 98 -995 rl 11 np 0
T 1162 1095 8061.00 1572.00 47.297 6.477 47.738 hs 0 hp 8026 1566 in 1 0 0 0 98 -995 rl 10 np 0
T 1163 1096 8096.00 1579.00 47.297 6.977 47.809 hs 4 hp 8138 1478 in 1 0 1 0 6344 -7730 rl 9 np 0
T 1164 1097 8131.00 1586.00 47.297 7.477 47.884 hs 4 hp 8189 1416 in 1 0 1 0 4714 -8819 rl 8 np 0
T 1165 1098 8166.00 1594.00 47.297 7.977 47.965 hs 0 hp 8131 1586 in 1 0 0 0 4714 -8819 rl 7 np 0
T 1166 1099 8201.00 1602.00 47.297 8.477 48.050 hs 4 hp 8201 1477 in 1 0 1 0 2903 -9569 rl 6 np 0
T 1167 1100 8236.00 1608.00 47.605 5.992 47.981 hs 5 hp 8222 1407 in 1 0 1 0 634 -773 rl 5 np 0
T 1168 1101 8271.00 1614.00 47.605 6.492 48.046 hs 0 hp 8236 1608 in 1 0 0 0 634 -773 rl 4 np 0
T 1169 1102 8306.00 1621.00 47.605 6.992 48.116 hs 0 hp 8271 1614 in 1 0 0 0 3131 -9497 rl 3 np 0
T 1170 1103 8341.00 1625.00 47.703 4.492 47.914 hs 5 hp 8310 1503 in 1 0 1 0 349 -9994 rl 2 np 0
T 1171 1104 8376.00 1630.00 47.703 4.992 47.964 hs 0 hp 8341 1625 in 1 0 0 0 3131 -9497 rl 1 np 0
T 1172 1105 8411.00 1632.00 47.879 2.496 47.944 hs 5 hp 8382 1535 in 1 0 1 0 610 -9981 rl 0 np 0
T 1173 1106 8446.00 1635.00 47.879 2.996 47.973 hs 0 hp 8411 1632 in 1 0 0 1 9351 -3544 rl 24 np 1
T 1174 1107 8481.00 1635.00 47.953 0.496 47.956 hs 5 hp 8448 1577 in 1 0 1 0 262 -9997 rl 23 np 1
T 1175 1108 8516.00 1636.00 47.953 0.996 47.963 hs 0 hp 8481 1635 in 1 0 0 0 831 -556 rl 22 np 1
T 1176 1109 8551.00 1637.00 47.953 1.496 47.976 hs 4 hp 8624 1694 in 1 0 1 0 8819 4714 rl 21 np 1
T 1177 1110 8589.00 1647.00 55.988 9.578 56.802 hs 4 hp 8695 1732 in 1 0 1 0 8819 4714 rl 20 np 0
E 1177 1110 ex 8511.1 1599.3 tee 8551.0 1637.0 dist 54.9 |f| 11.05
T 1178 1111 8627.00 1657.00 55.988 10.078 56.888 hs 0 hp 8589 1647 in 1 0 0 0 8819 4714 rl 19 np 0
T 1179 1112 8665.00 1665.00 56.410 7.609 56.921 hs 5 hp 8640 1567 in 1 0 1 0 1478 -9890 rl 18 np 0
T 1180 1113 8703.00 1673.00 56.410 8.109 56.990 hs 0 hp 8665 1665 in 1 0 0 0 785 -9969 rl 17 np 0
T 1181 1114 8742.00 1679.00 56.758 5.633 57.037 hs 5 hp 8716 1567 in 1 0 1 0 1219 -9925 rl 16 np 0
T 1182 1115 8781.00 1685.00 56.758 6.133 57.088 hs 0 hp 8742 1679 in 1 0 0 0 785 -9969 rl 15 np 0
T 1183 1116 8820.00 1689.00 57.008 3.645 57.124 hs 5 hp 8791 1567 in 1 0 1 0 872 -9962 rl 14 np 0
T 1184 1117 8859.00 1693.00 57.008 4.145 57.158 hs 0 hp 8820 1689 in 1 0 0 0 785 -9969 rl 13 np 0
T 1185 1118 8898.00 1698.00 57.008 4.645 57.197 hs 4 hp 8871 1814 in 1 0 1 0 980 9952 rl 12 np 0
T 1186 1119 8937.00 1704.00 56.688 6.035 57.008 hs 5 hp 8875 1856 in 1 0 1 0 -4560 -8900 rl 11 np 0
T 1187 1120 8975.00 1711.00 56.688 6.535 57.063 hs 0 hp 8937 1704 in 1 0 0 0 -980 9952 rl 10 np 0
T 1188 1121 9013.00 1718.00 56.688 7.035 57.122 hs 0 hp 8975 1711 in 1 0 0 0 -980 9952 rl 9 np 0
T 1189 1122 9051.00 1726.00 56.688 7.535 57.186 hs 0 hp 9013 1718 in 1 0 0 0 -980 9952 rl 8 np 0
T 1190 1123 9089.00 1734.00 55.188 8.035 55.769 hs 5 hp 9081 1824 in -1 0 1 0 2903 9569 rl 7 np 0
T 1191 1124 9126.00 1743.00 52.230 9.430 53.075 hs 5 hp 9081 1824 in 0 0 1 0 2903 9569 rl 6 np 0
T 1192 1125 9162.00 1753.00 50.730 9.930 51.693 hs 0 hp 9126 1743 in -1 0 0 0 2903 9569 rl 5 np 0
T 1193 1126 9196.00 1764.00 47.035 11.199 48.350 hs 5 hp 9119 1824 in 0 0 1 0 -5150 8572 rl 4 np 0
T 1194 1127 9229.00 1776.00 44.684 11.699 46.190 hs 0 hp 9196 1764 in 0 0 0 0 -2903 9569 rl 3 np 0
T 1195 1128 9261.00 1789.00 41.605 13.035 43.600 hs 5 hp 9184 1888 in 0 0 1 0 -3746 9272 rl 2 np 0
T 1196 1129 9291.00 1803.00 38.355 14.246 40.916 hs 5 hp 9184 1888 in -1 0 1 0 -4714 8819 rl 1 np 0
T 1197 1130 9319.00 1818.00 34.676 15.305 37.903 hs 5 hp 9184 1888 in 0 0 1 0 -4654 8851 rl 0 np 0
T 1198 1131 9344.00 1834.00 30.645 16.219 34.672 hs 5 hp 9184 1888 in -1 0 1 0 -985 9951 rl 0 np 0
T 1199 1132 9367.00 1851.00 26.980 17.008 31.894 hs 5 hp 9184 1888 in 0 0 1 0 -985 9951 rl 0 np 0
T 1200 1133 9387.00 1869.00 22.688 17.688 28.768 hs 5 hp 9184 1888 in -1 0 1 0 -985 9951 rl 0 np 0
T 1201 1134 9405.00 1887.00 21.188 18.188 27.923 hs 0 hp 9387 1869 in -1 0 0 0 -985 9951 rl 0 np 0
T 1202 1135 9420.00 1906.00 17.488 19.262 26.016 hs 5 hp 9311 1965 in -1 0 1 0 -7716 6361 rl 0 np 0
T 1203 1136 9432.00 1926.00 13.480 20.191 24.278 hs 5 hp 9311 1965 in -1 0 1 0 -7880 6157 rl 0 np 0
T 1204 1137 9440.00 1947.00 9.270 20.969 22.926 hs 5 hp 9311 1965 in -1 0 1 0 -7880 6157 rl 0 np 0
T 1205 1138 9445.00 1969.00 4.945 21.594 22.153 hs 5 hp 9311 1965 in -1 0 1 0 -7920 6105 rl 0 np 0
T 1206 1139 9446.00 1991.00 0.598 22.004 22.012 hs 5 hp 9311 1965 in -1 0 1 0 -7986 6018 rl 0 np 0
T 1207 1140 9443.00 2013.00 -3.699 21.938 22.247 hs 5 hp 9311 1965 in -1 0 1 0 -7986 6018 rl 0 np 0
T 1208 1141 9436.00 2034.00 -7.680 21.414 22.749 hs 5 hp 9311 1965 in -1 0 1 0 -924 383 rl 0 np 0
T 1209 1142 9427.00 2054.00 -10.176 20.465 22.855 hs 5 hp 9311 1965 in -1 0 1 1 5291 8486 rl 24 np 1
T 1210 1143 9416.00 2073.00 -12.438 19.141 22.827 hs 5 hp 9311 1965 in -1 0 1 0 -924 383 rl 23 np 1
T 1211 1144 9397.00 2089.00 -22.312 16.141 27.538 hs 5 hp 9311 1965 in -1 0 1 0 -924 383 rl 22 np 0
E 1211 1144 ex 9471.6 2092.7 tee 9416.0 2073.0 dist 59.0 |f| 10.48
T 1212 1145 9376.00 2103.00 -23.938 14.176 27.820 hs 5 hp 9311 1965 in -1 0 1 0 -924 383 rl 21 np 0
T 1213 1146 9354.00 2115.00 -25.152 11.961 27.851 hs 5 hp 9311 1965 in -1 0 1 0 -924 383 rl 20 np 0
T 1214 1147 9332.00 2127.00 -25.152 12.461 28.070 hs 0 hp 9354 2115 in -1 0 0 0 8535 5212 rl 19 np 0
T 1215 1148 9309.00 2137.00 -26.266 10.199 28.176 hs 5 hp 9298 2047 in -1 0 1 0 -3907 -9205 rl 18 np 0
T 1216 1149 9286.00 2148.00 -26.266 10.699 28.361 hs 0 hp 9309 2137 in -1 0 0 0 8535 5212 rl 17 np 0
T 1217 1150 9263.00 2156.00 -27.219 8.371 28.477 hs 5 hp 9250 2047 in -1 0 1 0 -3338 -9426 rl 16 np 0
T 1218 1151 9240.00 2165.00 -27.219 8.871 28.628 hs 0 hp 9263 2156 in -1 0 0 0 8535 5212 rl 15 np 0
T 1219 1152 9217.00 2174.00 -27.219 9.371 28.787 hs 4 hp 9191 2053 in -1 0 1 0 -3987 -9171 rl 14 np 0
T 1220 1153 9193.00 2181.00 -28.023 6.992 28.883 hs 5 hp 9161 1983 in -1 0 1 0 -3173 -9483 rl 13 np 0
T 1221 1154 9168.00 2186.00 -28.477 4.531 28.835 hs 5 hp 9161 1983 in -1 0 1 0 -3987 -9171 rl 12 np 0
T 1222 1155 9143.00 2188.00 -28.574 2.031 28.646 hs 5 hp 9161 1983 in -1 0 1 0 -4226 -9063 rl 11 np 0
T 1223 1156 9118.00 2191.00 -28.574 2.531 28.686 hs 0 hp 9143 2188 in -1 0 0 0 -4226 -9063 rl 10 np 0
T 1224 1157 9093.00 2194.00 -28.574 3.031 28.735 hs 0 hp 9118 2191 in -1 0 0 0 -4226 -9063 rl 9 np 0
T 1225 1158 9069.00 2183.00 -28.922 -11.105 30.981 hs 5 hp 9079 2304 in -1 1 1 0 -1219 9925 rl 8 np 0
T 1226 1159 9045.00 2172.00 -28.922 -10.605 30.805 hs 0 hp 9069 2183 in -1 1 0 0 -995 -98 rl 7 np 0
T 1227 1160 9020.00 2163.00 -29.195 -9.211 30.614 hs 5 hp 9035 2272 in -1 0 1 0 -958 9954 rl 6 np 0
T 1228 1161 8995.00 2154.00 -29.195 -8.711 30.467 hs 0 hp 9020 2163 in -1 1 0 0 -995 -98 rl 5 np 0
T 1229 1162 8970.00 2147.00 -29.418 -7.312 30.313 hs 5 hp 8988 2240 in -1 0 1 0 -785 9969 rl 4 np 0
T 1230 1163 8945.00 2140.00 -29.418 -6.812 30.196 hs 0 hp 8970 2147 in -1 1 0 0 -995 -98 rl 3 np 0
T 1231 1164 8920.00 2135.00 -29.594 -5.414 30.085 hs 5 hp 8939 2240 in -1 0 1 0 -610 9981 rl 2 np 0
T 1232 1165 8895.00 2130.00 -29.594 -4.914 29.999 hs 0 hp 8920 2135 in -1 0 0 0 634 773 rl 1 np 0
T 1233 1166 8870.00 2126.00 -29.594 -4.414 29.921 hs 4 hp 8989 2207 in -1 0 1 0 7730 6344 rl 0 np 0
T 1234 1167 8838.00 2127.00 -40.707 0.613 40.712 hs 0 hp 8870 2126 in -1 0 0 1 9239 -3827 rl 24 np 0
E 1234 1167 ex 8906.0 2111.3 tee 8870.0 2126.0 dist 38.9 |f| 12.00
T 1235 1168 8806.00 2125.00 -40.668 -1.887 40.712 hs 5 hp 8839 2047 in -1 0 1 0 175 -9998 rl 23 np 0
T 1236 1169 8774.00 2124.00 -40.668 -1.387 40.692 hs 0 hp 8806 2125 in -1 0 0 1 9681 -2507 rl 22 np 0
T 1237 1170 8742.00 2124.00 -40.668 0.012 40.668 hs 5 hp 8774 2240 in -1 0 1 0 0 10000 rl 21 np 0
T 1238 1171 8710.00 2125.00 -40.668 0.512 40.671 hs 0 hp 8742 2124 in -1 0 0 1 9970 -779 rl 20 np 0
T 1239 1172 8678.00 2126.00 -40.668 1.012 40.681 hs 4 hp 8675 2008 in -1 0 1 0 -2903 -9569 rl 19 np 0
T 1240 1173 8646.00 2128.00 -40.668 1.512 40.696 hs 4 hp 8652 1931 in -1 0 1 0 6344 -7730 rl 18 np 0
T 1241 1174 8614.00 2127.00 -40.645 -0.988 40.657 hs 5 hp 8648 1919 in -1 0 1 0 6344 -7730 rl 17 np 0
T 1242 1175 8582.00 2127.00 -40.645 -0.488 40.647 hs 0 hp 8614 2127 in -1 0 0 0 -924 383 rl 16 np 0
T 1243 1176 8550.00 2127.00 -40.645 0.012 40.645 hs 0 hp 8582 2127 in -1 0 0 0 -924 383 rl 15 np 0
T 1244 1177 8518.00 2128.00 -40.566 1.410 40.591 hs 5 hp 8554 2240 in -1 0 1 0 349 9994 rl 14 np 0
T 1245 1178 8486.00 2130.00 -40.566 1.910 40.611 hs 0 hp 8518 2128 in -1 0 0 0 -924 383 rl 13 np 0
T 1246 1179 8454.00 2132.00 -40.566 2.410 40.638 hs 0 hp 8486 2130 in -1 0 0 0 -924 383 rl 12 np 0
T 1247 1180 8422.00 2135.00 -40.566 2.910 40.671 hs 5 hp 8355 2079 in -1 0 1 0 -8819 -4714 rl 11 np 0
T 1248 1181 8390.00 2138.00 -40.566 3.410 40.709 hs 5 hp 8355 2079 in -1 0 1 0 -8819 -4714 rl 10 np 0
T 1249 1182 8358.00 2142.00 -40.566 3.910 40.754 hs 5 hp 8355 2079 in -1 0 1 0 -8819 -4714 rl 9 np 0
T 1250 1183 8326.00 2143.00 -40.703 1.414 40.728 hs 5 hp 8355 2079 in -1 0 1 0 -436 -9990 rl 8 np 0
T 1251 1184 8294.00 2145.00 -40.703 1.914 40.748 hs 0 hp 8326 2143 in -1 0 0 0 -6344 -7730 rl 7 np 0
T 1252 1185 8262.00 2144.00 -40.727 -0.586 40.731 hs 5 hp 8293 2079 in -1 0 1 0 -87 -10000 rl 6 np 0
T 1253 1186 8230.00 2144.00 -40.727 -0.086 40.727 hs 0 hp 8262 2144 in -1 0 0 0 -6344 -7730 rl 5 np 0
T 1254 1187 8198.00 2141.00 -40.629 -2.582 40.711 hs 5 hp 8233 2079 in -1 0 1 0 436 -9990 rl 4 np 0
T 1255 1188 8166.00 2139.00 -40.629 -2.082 40.682 hs 0 hp 8198 2141 in -1 0 0 0 -957 -290 rl 3 np 0
T 1256 1189 8134.00 2137.00 -40.629 -1.582 40.660 hs 4 hp 8279 2092 in -1 0 1 0 9239 -3827 rl 2 np 0
T 1257 1190 8102.00 2136.00 -40.629 -1.082 40.643 hs 0 hp 8134 2137 in -1 0 0 0 -957 -290 rl 1 np 0
T 1258 1191 8070.00 2132.00 -40.453 -3.574 40.611 hs 5 hp 8106 2079 in -1 0 1 0 785 -9969 rl 0 np 0
T 1259 1192 8038.00 2129.00 -40.453 -3.074 40.570 hs 0 hp 8070 2132 in -1 0 0 0 -17 -1000 rl 0 np 0
T 1260 1193 8007.00 2123.00 -40.141 -5.547 40.522 hs 5 hp 8045 2079 in -1 0 1 0 1392 -9903 rl 0 np 0
T 1261 1194 7976.00 2118.00 -40.141 -5.047 40.457 hs 0 hp 8007 2123 in -1 0 0 0 -290 957 rl 0 np 0
T 1262 1195 7945.00 2113.00 -40.141 -4.547 40.397 hs 0 hp 7976 2118 in -1 0 0 1 5143 -8576 rl 24 np 1
T 1263 1196 7910.00 2111.00 -48.301 -1.898 48.338 hs 5 hp 7948 2047 in -1 0 1 0 523 -9986 rl 23 np 0
E 1263 1196 ex 7999.7 2079.0 tee 7945.0 2113.0 dist 64.3 |f| 9.74
T 1264 1197 7875.00 2110.00 -48.301 -1.398 48.321 hs 0 hp 7910 2111 in -1 0 0 0 523 -9986 rl 22 np 0
T 1265 1198 7840.00 2106.00 -48.145 -3.891 48.301 hs 5 hp 7879 2047 in -1 0 1 0 698 -9976 rl 21 np 0
T 1266 1199 7805.00 2103.00 -48.145 -3.391 48.264 hs 0 hp 7840 2106 in -1 0 0 1 5143 -8576 rl 20 np 0
T 1267 1200 7770.00 2100.00 -48.145 -2.891 48.231 hs 0 hp 7805 2103 in -1 0 0 1 5143 -8576 rl 19 np 0
T 1268 1201 7735.00 2098.00 -48.145 -2.391 48.204 hs 5 hp 7671 2047 in -1 0 1 0 -8819 -4714 rl 18 np 0
T 1269 1202 7700.00 2096.00 -48.145 -1.891 48.182 hs 5 hp 7671 2047 in -1 0 1 0 872 -9962 rl 17 np 0
T 1270 1203 7665.00 2095.00 -48.145 -1.391 48.165 hs 5 hp 7671 2047 in -1 0 1 0 1478 -9890 rl 16 np 0
T 1271 1204 7630.00 2094.00 -48.145 -0.891 48.153 hs 0 hp 7665 2095 in -1 0 0 0 924 -383 rl 15 np 0
T 1272 1205 7595.00 2094.00 -48.145 -0.391 48.146 hs 5 hp 7619 1983 in -1 0 1 0 -980 -9952 rl 14 np 0
T 1273 1206 7560.00 2094.00 -48.145 0.109 48.145 hs 0 hp 7595 2094 in -1 0 0 0 924 -383 rl 13 np 0
T 1274 1207 7525.00 2095.00 -48.145 0.609 48.148 hs 4 hp 7581 1974 in -1 0 1 0 1736 -9848 rl 12 np 0
T 1275 1208 7490.00 2096.00 -48.145 1.109 48.157 hs 0 hp 7525 2095 in -1 0 0 0 290 -957 rl 11 np 0
T 1276 1209 7455.00 2098.00 -48.145 1.609 48.171 hs 0 hp 7490 2096 in -1 0 0 0 290 -957 rl 10 np 0
T 1277 1210 7420.00 2087.00 -48.344 -11.102 49.602 hs 5 hp 7450 2176 in -1 1 1 0 -698 9976 rl 9 np 0
T 1278 1211 7385.00 2076.00 -48.344 -10.602 49.493 hs 0 hp 7420 2087 in -1 0 0 0 -981 195 rl 8 np 0
T 1279 1212 7350.00 2067.00 -48.520 -9.203 49.385 hs 5 hp 7381 2144 in -1 0 1 0 -610 9981 rl 7 np 0
T 1280 1213 7315.00 2058.00 -48.520 -8.703 49.294 hs 0 hp 7350 2067 in -1 0 0 0 981 -195 rl 6 np 0
T 1281 1214 7280.00 2050.00 -48.520 -8.203 49.208 hs 4 hp 7288 2177 in -1 0 1 0 -2250 9744 rl 5 np 0
T 1282 1215 7245.00 2043.00 -48.621 -6.805 49.095 hs 5 hp 7273 2240 in -1 0 1 0 980 9952 rl 4 np 0
T 1283 1216 7210.00 2038.00 -48.305 -5.414 48.607 hs 5 hp 7273 2240 in -1 0 1 0 -2756 9613 rl 3 np 0
T 1284 1217 7175.00 2033.00 -48.305 -4.914 48.554 hs 0 hp 7210 2038 in -1 0 0 0 981 -195 rl 2 np 0
T 1285 1218 7140.00 2029.00 -48.305 -4.414 48.506 hs 4 hp 7141 2150 in -1 0 1 0 -2756 9613 rl 1 np 0
T 1286 1219 7105.00 2025.00 -48.305 -3.914 48.463 hs 0 hp 7140 2029 in -1 0 0 0 -2756 9613 rl 0 np 0
T 1287 1220 7070.00 2022.00 -48.305 -3.414 48.425 hs 0 hp 7105 2025 in -1 0 0 1 -1890 -9820 rl 24 np 1
T 1288 1221 7032.00 2029.00 -55.129 6.957 55.566 hs 0 hp 7070 2022 in -1 0 0 0 -2756 9613 rl 23 np 0
E 1288 1221 ex 7096.9 1983.1 tee 7070.0 2022.0 dist 47.2 |f| 12.00
T 1289 1222 6994.00 2036.00 -55.129 7.457 55.631 hs 4 hp 7020 2150 in -1 0 1 0 -980 9952 rl 22 np 0
T 1290 1223 6956.00 2044.00 -55.129 7.957 55.700 hs 4 hp 7012 2230 in -1 0 1 0 -6344 -7730 rl 21 np 0
T 1291 1224 6918.00 2053.00 -54.715 9.340 55.506 hs 5 hp 7005 2304 in -1 0 1 0 -6344 -7730 rl 20 np 0
T 1292 1225 6880.00 2063.00 -54.715 9.840 55.593 hs 0 hp 6918 2053 in -1 0 0 0 -9952 980 rl 19 np 0
T 1293 1226 6842.00 2073.00 -54.715 10.340 55.683 hs 4 hp 6997 2028 in -1 0 1 0 9569 -2903 rl 18 np 0
T 1294 1227 6804.00 2084.00 -54.715 10.840 55.778 hs 0 hp 6842 2073 in -1 0 0 0 -1045 -9945 rl 17 np 0
T 1295 1228 6766.00 2095.00 -54.715 11.340 55.878 hs 4 hp 6727 1990 in -1 0 1 0 -6344 -7730 rl 16 np 0
T 1296 1229 6729.00 2107.00 -54.715 11.840 55.981 hs 5 hp 6695 1951 in -1 0 1 0 -4714 -8819 rl 15 np 0
T 1297 1230 6692.00 2119.00 -54.715 12.340 56.089 hs 5 hp 6695 1951 in -1 0 1 0 -3827 -9239 rl 14 np 0
T 1298 1231 6655.00 2132.00 -54.715 12.840 56.201 hs 0 hp 6692 2119 in -1 0 0 0 -290 -957 rl 13 np 0
