T 1225 1158 9068.00 2198.00 -28.574 3.531 28.792 hs 4 hp 9081 2073 in -1 0 1 0 -980 -9952 rl 8 np 0
T 1226 1159 9044.00 2186.00 -28.574 -12.000 30.992 hs 0 hp 9068 2198 in -1 1 0 0 -995 -98 rl 7 np 0
T 1227 1160 9020.00 2174.00 -28.574 -11.500 30.802 hs 0 hp 9044 2186 in -1 1 0 0 -995 -98 rl 6 np 0
T 1228 1161 8996.00 2164.00 -28.898 -10.105 30.614 hs 5 hp 9012 2240 in -1 0 1 0 -1132 9936 rl 5 np 0
T 1229 1162 8971.00 2154.00 -28.898 -9.605 30.453 hs 0 hp 8996 2164 in -1 0 0 0 -1132 9936 rl 4 np 0
T 1230 1163 8946.00 2145.00 -28.898 -9.105 30.299 hs 0 hp 8971 2154 in -1 0 0 0 634 773 rl 3 np 0
T 1231 1164 8921.00 2137.00 -29.121 -7.707 30.124 hs 5 hp 8939 2240 in -1 0 1 0 -785 9969 rl 2 np 0
T 1232 1165 8896.00 2130.00 -29.121 -7.207 30.000 hs 0 hp 8921 2137 in -1 0 0 0 634 773 rl 1 np 0
T 1233 1166 8871.00 2123.00 -29.121 -6.707 29.883 hs 4 hp 8802 2207 in -1 0 1 0 -7730 6344 rl 0 np 0
T 1234 1167 8839.00 2120.00 -40.625 -2.797 40.721 hs 5 hp 8762 2240 in -1 0 1 1 9569 -2903 rl 24 np 0
E 1234 1167 ex 8910.2 2111.4 tee 8871.0 2123.0 dist 40.9 |f| 12.00
T 1235 1168 8807.00 2118.00 -40.625 -2.297 40.690 hs 5 hp 8762 2240 in -1 0 1 0 -175 9998 rl 23 np 0
T 1236 1169 8775.00 2116.00 -40.625 -1.797 40.665 hs 5 hp 8762 2240 in -1 0 1 0 -175 9998 rl 22 np 0
T 1237 1170 8743.00 2115.00 -40.625 -1.297 40.646 hs 5 hp 8762 2240 in -1 0 1 0 -175 9998 rl 21 np 0
T 1238 1171 8711.00 2114.00 -40.625 -0.797 40.633 hs 0 hp 8743 2115 in -1 0 0 1 9970 -779 rl 20 np 0
T 1239 1172 8679.00 2114.00 -40.625 -0.297 40.626 hs 4 hp 8788 2020 in -1 0 1 0 6344 -7730 rl 19 np 0
T 1240 1173 8647.00 2114.00 -40.625 0.203 40.626 hs 0 hp 8679 2114 in -1 0 0 0 0 10000 rl 18 np 0
T 1241 1174 8615.00 2115.00 -40.625 0.703 40.631 hs 4 hp 8530 2079 in -1 0 1 0 -9569 -2903 rl 17 np 0
T 1242 1175 8583.00 2116.00 -40.625 1.203 40.643 hs 4 hp 8453 2056 in -1 0 1 0 -2891 -9573 rl 16 np 0
T 1243 1176 8551.00 2118.00 -40.625 1.703 40.661 hs 5 hp 8383 2035 in -1 0 1 0 -9952 -980 rl 15 np 0
T 1244 1177 8519.00 2120.00 -40.625 2.203 40.685 hs 5 hp 8383 2035 in -1 0 1 0 -9952 -980 rl 14 np 0
T 1245 1178 8487.00 2123.00 -40.625 2.703 40.715 hs 5 hp 8383 2035 in -1 0 1 0 -9952 -980 rl 13 np 0
T 1246 1179 8455.00 2126.00 -40.625 3.203 40.751 hs 5 hp 8383 2035 in -1 0 1 0 -9952 -980 rl 12 np 0
T 1247 1180 8423.00 2130.00 -40.625 3.703 40.793 hs 5 hp 8383 2035 in -1 0 1 0 -8819 -4714 rl 11 np 0
T 1248 1181 8391.00 2134.00 -40.625 4.203 40.842 hs 5 hp 8383 2035 in -1 0 1 0 -8819 -4714 rl 10 np 0
T 1249 1182 8359.00 2136.00 -40.855 1.711 40.891 hs 5 hp 8383 2035 in -1 0 1 0 -8819 -4714 rl 9 np 0
T 1250 1183 8327.00 2138.00 -40.855 2.211 40.915 hs 0 hp 8359 2136 in -1 0 0 0 556 -831 rl 8 np 0
T 1251 1184 8295.00 2141.00 -40.855 2.711 40.945 hs 0 hp 8327 2138 in -1 0 0 0 -6344 -7730 rl 7 np 0
T 1252 1185 8263.00 2141.00 -40.980 0.215 40.981 hs 5 hp 8292 2079 in -1 0 1 0 -436 -9990 rl 6 np 0
T 1253 1186 8231.00 2142.00 -40.980 0.715 40.987 hs 0 hp 8263 2141 in -1 0 0 0 -6344 -7730 rl 5 np 0
T 1254 1187 8199.00 2140.00 -40.941 -1.785 40.980 hs 5 hp 8232 2079 in -1 0 1 0 175 -9998 rl 4 np 0
T 1255 1188 8167.00 2139.00 -40.941 -1.285 40.962 hs 0 hp 8199 2140 in -1 0 0 0 -957 -290 rl 3 np 0
T 1256 1189 8135.00 2138.00 -40.941 -0.785 40.949 hs 0 hp 8167 2139 in -1 0 0 0 -957 -290 rl 2 np 0
T 1257 1190 8103.00 2135.00 -40.805 -3.281 40.936 hs 5 hp 8139 2079 in -1 0 1 0 610 -9981 rl 1 np 0
T 1258 1191 8071.00 2132.00 -40.805 -2.781 40.899 hs 0 hp 8103 2135 in -1 0 0 0 -957 -290 rl 0 np 0
T 1259 1192 8039.00 2127.00 -40.512 -5.254 40.851 hs 5 hp 8078 2079 in -1 0 1 0 1305 -9914 rl 0 np 0
T 1260 1193 8007.00 2122.00 -40.512 -4.754 40.790 hs 0 hp 8039 2127 in -1 0 0 0 -17 -1000 rl 0 np 0
T 1261 1194 7975.00 2118.00 -40.512 -4.254 40.734 hs 4 hp 8084 2216 in -1 0 1 0 6344 7730 rl 0 np 0
T 1262 1195 7943.00 2114.00 -40.512 -3.754 40.685 hs 0 hp 7975 2118 in -1 0 0 1 5143 -8576 rl 24 np 1
T 1263 1196 7908.00 2113.00 -48.484 -1.168 48.498 hs 5 hp 7947 2047 in -1 0 1 0 523 -9986 rl 23 np 0
E 1263 1196 ex 7998.7 2079.0 tee 7943.0 2114.0 dist 65.7 |f| 9.55
T 1264 1197 7873.00 2112.00 -48.484 -0.668 48.489 hs 0 hp 7908 2113 in -1 0 0 0 523 -9986 rl 22 np 0
T 1265 1198 7838.00 2112.00 -48.484 -0.168 48.485 hs 0 hp 7873 2112 in -1 0 0 1 5143 -8576 rl 21 np 0
T 1266 1199 7803.00 2109.00 -48.367 -2.664 48.440 hs 5 hp 7841 2047 in -1 0 1 0 523 -9986 rl 20 np 0
T 1267 1200 7768.00 2107.00 -48.367 -2.164 48.416 hs 0 hp 7803 2109 in -1 0 0 1 5143 -8576 rl 19 np 0
T 1268 1201 7733.00 2102.00 -48.172 -4.652 48.396 hs 5 hp 7773 2047 in -1 0 1 0 872 -9962 rl 18 np 0
T 1269 1202 7698.00 2098.00 -48.172 -4.152 48.351 hs 0 hp 7733 2102 in -1 0 0 0 924 -383 rl 17 np 0
T 1270 1203 7663.00 2091.00 -47.840 -6.621 48.296 hs 5 hp 7706 2047 in -1 0 1 0 1478 -9890 rl 16 np 0
T 1271 1204 7628.00 2085.00 -47.840 -6.121 48.230 hs 0 hp 7663 2091 in -1 0 0 0 924 -383 rl 15 np 0
T 1272 1205 7593.00 2079.00 -47.840 -5.621 48.169 hs 0 hp 7628 2085 in -1 0 0 0 924 -383 rl 14 np 0
T 1273 1206 7558.00 2074.00 -47.840 -5.121 48.113 hs 4 hp 7581 2200 in -1 0 1 0 -980 9952 rl 13 np 0
T 1274 1207 7523.00 2069.00 -47.840 -4.621 48.063 hs 0 hp 7558 2074 in -1 0 0 0 290 -957 rl 12 np 0
T 1275 1208 7488.00 2065.00 -47.840 -4.121 48.017 hs 0 hp 7523 2069 in -1 0 0 0 290 -957 rl 11 np 0
T 1276 1209 7453.00 2061.00 -47.840 -3.621 47.977 hs 5 hp 7423 2144 in -1 0 1 0 -6344 7730 rl 10 np 0
T 1277 1210 7418.00 2058.00 -47.840 -3.121 47.942 hs 5 hp 7423 2144 in -1 0 1 0 -4714 8819 rl 9 np 0
T 1278 1211 7383.00 2055.00 -47.840 -2.621 47.912 hs 0 hp 7418 2058 in -1 0 0 0 -981 195 rl 8 np 0
T 1279 1212 7348.00 2050.00 -47.488 -5.086 47.760 hs 5 hp 7399 1951 in -1 0 1 0 1564 -9877 rl 7 np 0
T 1280 1213 7313.00 2045.00 -47.488 -4.586 47.709 hs 0 hp 7348 2050 in -1 0 0 0 981 -195 rl 6 np 0
T 1281 1214 7278.00 2041.00 -47.488 -4.086 47.664 hs 0 hp 7313 2045 in -1 0 0 0 981 -195 rl 5 np 0
T 1282 1215 7243.00 2037.00 -47.488 -3.586 47.623 hs 0 hp 7278 2041 in -1 0 0 0 981 -195 rl 4 np 0
T 1283 1216 7208.00 2034.00 -47.488 -3.086 47.588 hs 4 hp 7209 2154 in -1 0 1 0 -2756 9613 rl 3 np 0
T 1284 1217 7173.00 2031.00 -47.488 -2.586 47.559 hs 0 hp 7208 2034 in -1 0 0 0 981 -195 rl 2 np 0
T 1285 1218 7138.00 2029.00 -47.488 -2.086 47.534 hs 0 hp 7173 2031 in -1 0 0 0 -2756 9613 rl 1 np 0
T 1286 1219 7103.00 2027.00 -47.488 -1.586 47.515 hs 4 hp 7044 2106 in -1 0 1 0 -7730 6344 rl 0 np 0
T 1287 1220 7068.00 2026.00 -47.488 -1.086 47.501 hs 4 hp 6982 2157 in -1 0 1 1 -1505 -9886 rl 24 np 1
T 1288 1221 7031.00 2035.00 -53.809 9.047 54.564 hs 4 hp 6920 2208 in -1 0 1 0 -7730 6344 rl 23 np 0
E 1288 1221 ex 7096.2 1983.0 tee 7068.0 2026.0 dist 51.5 |f| 11.52
T 1289 1222 6994.00 2045.00 -53.809 9.547 54.649 hs 0 hp 7031 2035 in -1 0 0 0 -9952 980 rl 22 np 0
T 1290 1223 6957.00 2055.00 -53.809 10.047 54.739 hs 0 hp 6994 2045 in -1 0 0 0 -9952 980 rl 21 np 0
T 1291 1224 6920.00 2066.00 -53.809 10.547 54.832 hs 5 hp 6901 1951 in -1 0 1 0 -4714 -8819 rl 20 np 0
T 1292 1225 6882.00 2074.00 -54.273 8.086 54.872 hs 5 hp 6901 1951 in -1 0 1 0 9569 -2903 rl 19 np 0
T 1293 1226 6845.00 2080.00 -53.930 5.621 54.222 hs 5 hp 6901 1951 in -1 0 1 0 9569 -2903 rl 18 np 0
T 1294 1227 6808.00 2086.00 -53.930 6.121 54.276 hs 0 hp 6845 2080 in -1 0 0 0 -1045 -9945 rl 17 np 0
T 1295 1228 6771.00 2093.00 -53.930 6.621 54.335 hs 5 hp 6741 2079 in -1 0 1 0 -9952 -980 rl 16 np 0
T 1296 1229 6734.00 2100.00 -53.930 7.121 54.398 hs 5 hp 6741 2079 in -1 0 1 0 -4714 -8819 rl 15 np 0
T 1297 1230 6697.00 2108.00 -53.930 7.621 54.466 hs 5 hp 6741 2079 in -1 0 1 0 -3827 -9239 rl 14 np 0
T 1298 1231 6660.00 2116.00 -53.930 8.121 54.538 hs 0 hp 6697 2108 in -1 0 0 0 -290 -957 rl 13 np 0
T 1299 1232 6622.00 2122.00 -54.254 5.641 54.546 hs 5 hp 6652 2047 in -1 0 1 0 -1132 -9936 rl 12 np 0
T 1300 1233 6584.00 2128.00 -54.254 6.141 54.600 hs 0 hp 6622 2122 in -1 0 0 0 -290 -957 rl 11 np 0
T 1301 1234 6546.00 2135.00 -54.254 6.641 54.659 hs 0 hp 6584 2128 in -1 0 0 0 -290 -957 rl 10 np 0
T 1302 1235 6508.00 2142.00 -54.254 7.141 54.722 hs 4 hp 6654 2077 in -1 0 1 0 8819 -4714 rl 9 np 0
T 1303 1236 6470.00 2150.00 -54.254 7.641 54.789 hs 0 hp 6508 2142 in -1 0 0 0 -290 -957 rl 8 np 0
T 1304 1237 6432.00 2158.00 -54.254 8.141 54.861 hs 0 hp 6470 2150 in -1 0 0 0 -290 -957 rl 7 np 0
T 1305 1238 6394.00 2164.00 -54.602 5.664 54.895 hs 5 hp 6418 2047 in -1 0 1 0 -1219 -9925 rl 6 np 0
T 1306 1239 6356.00 2170.00 -54.602 6.164 54.948 hs 0 hp 6394 2164 in -1 0 0 0 -1219 -9925 rl 5 np 0
T 1307 1240 6318.00 2177.00 -54.602 6.664 55.007 hs 0 hp 6356 2170 in -1 0 0 0 -1219 -9925 rl 4 np 0
T 1308 1241 6280.00 2184.00 -54.602 7.164 55.070 hs 0 hp 6318 2177 in -1 0 0 0 -1219 -9925 rl 3 np 0
T 1309 1242 6242.00 2189.00 -54.879 4.680 55.078 hs 5 hp 6273 2111 in -1 0 1 0 -980 -9952 rl 2 np 0
T 1310 1243 6204.00 2194.00 -54.879 5.180 55.123 hs 0 hp 6242 2189 in -1 0 0 0 -980 -9952 rl 1 np 0
T 1311 1244 6166.00 2200.00 -54.879 5.680 55.172 hs 4 hp 6321 2229 in -1 0 1 0 9569 2903 rl 0 np 0
T 1312 1245 6128.00 2206.00 -54.879 6.180 55.226 hs 0 hp 6166 2200 in -1 0 0 0 980 -9952 rl 0 np 0
T 1313 1246 6090.00 2213.00 -54.879 6.680 55.284 hs 4 hp 6186 2314 in -1 0 1 0 4714 8819 rl 0 np 0
T 1314 1247 6054.00 2221.00 -50.652 7.855 51.258 hs 5 hp 6198 2336 in 0 0 1 0 6344 7730 rl 0 np 0
T 1315 1248 6019.00 2230.00 -48.895 8.918 49.701 hs 5 hp 6198 2336 in -1 0 1 1 -6341 -7732 rl 24 np 1
T 1316 1249 5987.00 2251.00 -43.816 20.863 48.530 hs 5 hp 6198 2336 in 0 0 1 0 -6341 -7732 rl 23 np 0
E 1316 1249 ex 6015.3 2175.0 tee 6019.0 2230.0 dist 55.2 |f| 11.01
T 1317 1250 5956.00 2273.00 -41.730 21.699 47.035 hs 5 hp 6198 2336 in -1 0 1 0 -6341 -7732 rl 22 np 0
T 1318 1251 5926.00 2295.00 -39.645 22.199 45.437 hs 0 hp 5956 2273 in 0 0 0 0 -980 9952 rl 21 np 0
T 1319 1252 5897.00 2318.00 -38.145 22.699 44.388 hs 5 hp 5916 2400 in 1 0 1 0 -980 9952 rl 20 np 0
T 1320 1253 5870.00 2342.00 -36.000 24.074 43.308 hs 5 hp 5916 2400 in 1 0 1 0 -1610 9870 rl 19 np 0
T 1321 1254 5844.00 2367.00 -34.602 25.281 42.853 hs 5 hp 5916 2400 in -1 0 1 0 3803 9249 rl 18 np 0
T 1322 1255 5818.00 2393.00 -34.602 25.781 43.150 hs 0 hp 5844 2367 in -1 0 0 0 -1610 9870 rl 17 np 0
T 1323 1256 5793.00 2420.00 -32.273 27.141 42.169 hs 5 hp 5849 2496 in 1 0 1 0 2903 9569 rl 16 np 0
T 1324 1257 5770.00 2448.00 -29.082 28.363 40.623 hs 5 hp 5849 2496 in 1 0 1 0 2903 9569 rl 15 np 0
T 1325 1258 5750.00 2477.00 -25.145 29.332 38.634 hs 5 hp 5849 2496 in 1 0 1 0 276 961 rl 14 np 0
T 1326 1259 5731.00 2507.00 -23.645 29.832 38.066 hs 0 hp 5750 2477 in 1 0 0 0 276 961 rl 13 np 0
T 1327 1260 5714.00 2538.00 -21.488 30.586 37.380 hs 5 hp 5792 2525 in -1 0 1 0 9588 2840 rl 12 np 0
T 1328 1261 5698.00 2569.00 -20.414 31.086 37.190 hs 0 hp 5714 2538 in 0 0 0 0 9588 2840 rl 11 np 0
T 1329 1262 5682.00 2601.00 -20.414 31.586 37.609 hs 0 hp 5698 2569 in -1 0 0 0 6018 7986 rl 10 np 0
T 1330 1263 5666.00 2633.00 -20.414 32.086 38.029 hs 0 hp 5682 2601 in -1 0 0 0 6018 7986 rl 9 np 0
T 1331 1264 5648.00 2664.00 -22.691 30.781 38.241 hs 5 hp 5599 2583 in -1 0 1 0 -7986 -6018 rl 8 np 0
T 1332 1265 5629.00 2693.00 -24.168 28.715 37.532 hs 5 hp 5599 2583 in -1 0 1 0 -7983 -6022 rl 7 np 0
T 1333 1266 5609.00 2719.00 -24.918 26.320 36.245 hs 5 hp 5599 2583 in -1 0 1 0 -8290 -5592 rl 6 np 0
T 1334 1267 5589.00 2746.00 -24.918 26.820 36.609 hs 0 hp 5609 2719 in -1 0 0 0 -707 -707 rl 5 np 0
T 1335 1268 5567.00 2771.00 -26.805 25.074 36.704 hs 5 hp 5509 2655 in -1 0 1 0 -6626 -7490 rl 4 np 0
T 1336 1269 5544.00 2794.00 -28.078 22.891 36.227 hs 5 hp 5509 2655 in -1 0 1 0 -6772 -7358 rl 3 np 0
T 1337 1270 5521.00 2814.00 -28.773 20.480 35.318 hs 5 hp 5509 2655 in -1 0 1 0 -707 -707 rl 2 np 0
T 1338 1271 5498.00 2835.00 -28.773 20.980 35.610 hs 0 hp 5521 2814 in -1 0 0 0 -707 -707 rl 1 np 0
T 1339 1272 5475.00 2856.00 -28.773 21.480 35.907 hs 4 hp 5405 2757 in -1 0 1 0 -7661 -6427 rl 0 np 0
T 1340 1273 5452.00 2878.00 -28.773 21.980 36.208 hs 4 hp 5344 2705 in -1 0 1 0 -7661 -6427 rl 0 np 0
T 1341 1274 5427.00 2898.00 -30.484 20.082 36.505 hs 5 hp 5285 2655 in -1 0 1 0 -7661 -6427 rl 0 np 0
T 1342 1275 5401.00 2916.00 -31.922 17.992 36.643 hs 5 hp 5285 2655 in -1 0 1 1 -9201 3916 rl 24 np 1
T 1343 1276 5374.00 2932.00 -33.078 15.750 36.636 hs 5 hp 5285 2655 in -1 0 1 0 -831 -556 rl 23 np 1
T 1344 1277 5347.00 2945.00 -33.949 13.395 36.496 hs 5 hp 5285 2655 in -1 0 1 0 -831 -556 rl 22 np 1
T 1345 1278 5319.00 2956.00 -34.547 10.961 36.244 hs 5 hp 5285 2655 in -1 0 1 0 -831 -556 rl 21 np 1
T 1346 1279 5291.00 2961.00 -34.867 0.000 34.867 hs 5 hp 5285 2655 in -1 0 1 0 -831 -556 rl 20 np 1
T 1347 1280 5262.00 2961.00 -34.867 0.000 34.867 hs 0 hp 5291 2961 in -1 0 0 0 -831 -556 rl 19 np 1
T 1348 1281 5234.00 2948.00 -34.867 -13.199 37.282 hs 5 hp 5213 2976 in -1 1 1 0 -9569 2903 rl 18 np 1
T 1349 1282 5201.00 2929.00 -44.559 -18.949 48.420 hs 5 hp 5213 2976 in -1 0 1 0 -9569 2903 rl 17 np 0
E 1349 1282 ex 5277.2 2975.9 tee 5234.0 2948.0 dist 51.4 |f| 11.53
T 1350 1283 5168.00 2911.00 -44.559 -18.449 48.227 hs 0 hp 5201 2929 in -1 0 0 0 2296 -9733 rl 16 np 0
T 1351 1284 5135.00 2893.00 -44.559 -17.949 48.038 hs 4 hp 5188 2791 in -1 0 1 0 1624 -9867 rl 15 np 0
T 1352 1285 5102.00 2876.00 -44.559 -17.449 47.853 hs 5 hp 5195 2751 in -1 0 1 0 1624 -9867 rl 14 np 0
T 1353 1286 5070.00 2857.00 -43.215 -19.355 47.351 hs 5 hp 5195 2751 in -1 0 1 0 1624 -9867 rl 13 np 0
T 1354 1287 5038.00 2838.00 -43.215 -18.855 47.149 hs 0 hp 5070 2857 in -1 0 0 0 1624 -9867 rl 12 np 0
T 1355 1288 5007.00 2817.00 -42.023 -20.898 46.933 hs 5 hp 5092 2751 in -1 0 1 0 5299 -8480 rl 11 np 0
T 1356 1289 4976.00 2797.00 -42.023 -20.398 46.713 hs 0 hp 5007 2817 in -1 0 0 0 924 383 rl 10 np 0
T 1357 1290 4946.00 2775.00 -40.750 -22.371 46.487 hs 5 hp 5008 2751 in -1 0 1 0 5664 -8241 rl 9 np 0
T 1358 1291 4916.00 2753.00 -40.750 -21.871 46.248 hs 0 hp 4946 2775 in -1 0 0 0 530 -848 rl 8 np 0
T 1359 1292 4887.00 2729.00 -39.395 -23.766 46.008 hs 5 hp 4960 2695 in -1 0 1 0 6018 -7986 rl 7 np 0
T 1360 1293 4858.00 2706.00 -39.395 -23.266 45.752 hs 0 hp 4887 2729 in -1 0 0 0 570 -822 rl 6 np 0
T 1361 1294 4830.00 2681.00 -37.949 -25.062 45.478 hs 5 hp 4928 2623 in -1 0 1 0 6428 -7660 rl 5 np 0
T 1362 1295 4802.00 2656.00 -37.949 -24.562 45.205 hs 0 hp 4830 2681 in -1 0 0 0 570 -822 rl 4 np 0
T 1363 1296 4773.00 2632.00 -37.949 -24.062 44.935 hs 4 hp 4843 2541 in -1 0 1 0 3338 -9426 rl 3 np 0
T 1364 1297 4744.00 2608.00 -37.949 -23.562 44.669 hs 4 hp 4870 2466 in -1 0 1 0 6344 -7730 rl 2 np 0
T 1365 1298 4716.00 2583.00 -36.465 -25.316 44.391 hs 5 hp 4871 2463 in -1 0 1 0 3420 -9397 rl 1 np 0
T 1366 1299 4688.00 2558.00 -36.465 -24.816 44.108 hs 0 hp 4716 2583 in -1 0 0 0 3420 -9397 rl 0 np 0
T 1367 1300 4662.00 2532.00 -34.902 -26.473 43.806 hs 5 hp 4749 2495 in -1 0 1 0 6947 -7193 rl 0 np 0
T 1368 1301 4635.00 2506.00 -34.902 -25.973 43.506 hs 0 hp 4662 2532 in -1 0 0 0 3529 -9357 rl 0 np 0
T 1369 1302 4610.00 2478.00 -33.270 -27.539 43.189 hs 5 hp 4704 2440 in -1 0 1 0 7254 -6884 rl 0 np 0
T 1370 1303 4585.00 2451.00 -33.270 -27.039 42.872 hs 0 hp 4610 2478 in -1 0 0 1 -3613 -9324 rl 24 np 1
T 1371 1304 4561.00 2422.00 -31.570 -28.508 42.537 hs 5 hp 4644 2399 in -1 0 1 0 7547 -6561 rl 23 np 1
T 1372 1305 4537.00 2394.00 -31.570 -28.008 42.203 hs 0 hp 4561 2422 in -1 0 0 0 7730 -6344 rl 22 np 1
T 1373 1306 4506.00 2365.00 -43.488 -28.914 52.223 hs 0 hp 4537 2394 in -1 0 0 0 7730 -6344 rl 21 np 0
E 1373 1306 ex 4578.1 2398.8 tee 4537.0 2394.0 dist 41.4 |f| 12.00
