T 1299 1232 6622.00 2122.00 -54.254 5.641 54.546 hs 5 hp 6652 2047 in -1 0 1 0 -1132 -9936 rl 12 np 0
T 1300 1233 6584.00 2128.00 -54.254 6.141 54.600 hs 0 hp 6622 2122 in -1 0 0 0 -290 -957 rl 11 np 0
T 1301 1234 6546.00 2135.00 -54.254 6.641 54.659 hs 0 hp 6584 2128 in -1 0 0 0 -290 -957 rl 10 np 0
T 1302 1235 6508.00 2142.00 -54.254 7.141 54.722 hs 4 hp 6654 2077 in -1 0 1 0 8819 -4714 rl 9 np 0
T 1303 1236 6470.00 2150.00 -54.254 7.641 54.789 hs 0 hp 6508 2142 in -1 0 0 0 -290 -957 rl 8 np 0
T 1304 1237 6432.00 2158.00 -54.254 8.141 54.861 hs 0 hp 6470 2150 in -1 0 0 0 -290 -957 rl 7 np 0
T 1305 1238 6394.00 2164.00 -54.602 5.664 54.895 hs 5 hp 6418 2047 in -1 0 1 0 -1219 -9925 rl 6 np 0
T 1306 1239 6356.00 2170.00 -54.602 6.164 54.948 hs 0 hp 6394 2164 in -1 0 0 0 -1219 -9925 rl 5 np 0
T 1307 1240 6318.00 2177.00 -54.602 6.664 55.007 hs 0 hp 6356 2170 in -1 0 0 0 -1219 -9925 rl 4 np 0
T 1308 1241 6280.00 2184.00 -54.602 7.164 55.070 hs 0 hp 6318 2177 in -1 0 0 0 -1219 -9925 rl 3 np 0
T 1309 1242 6242.00 2189.00 -54.879 4.680 55.078 hs 5 hp 6273 2111 in -1 0 1 0 -980 -9952 rl 2 np 0
T 1310 1243 6204.00 2194.00 -54.879 5.180 55.123 hs 0 hp 6242 2189 in -1 0 0 0 -980 -9952 rl 1 np 0
T 1311 1244 6166.00 2200.00 -54.879 5.680 55.172 hs 4 hp 6321 2229 in -1 0 1 0 9569 2903 rl 0 np 0
T 1312 1245 6128.00 2206.00 -54.879 6.180 55.226 hs 0 hp 6166 2200 in -1 0 0 0 980 -9952 rl 0 np 0
T 1313 1246 6090.00 2213.00 -54.879 6.680 55.284 hs 4 hp 6186 2314 in -1 0 1 0 4714 8819 rl 0 np 0
T 1314 1247 6054.00 2221.00 -50.652 7.855 51.258 hs 5 hp 6198 2336 in 0 0 1 0 6344 7730 rl 0 np 0
T 1315 1248 6019.00 2230.00 -48.895 8.918 49.701 hs 5 hp 6198 2336 in -1 0 1 1 -6341 -7732 rl 24 np 1
T 1316 1249 5987.00 2251.00 -43.816 20.863 48.530 hs 5 hp 6198 2336 in 0 0 1 0 -6341 -7732 rl 23 np 0
E 1316 1249 ex 6015.3 2175.0 tee 6019.0 2230.0 dist 55.2 |f| 11.01
T 1317 1250 5956.00 2273.00 -41.730 21.699 47.035 hs 5 hp 6198 2336 in -1 0 1 0 -6341 -7732 rl 22 np 0
T 1318 1251 5926.00 2295.00 -39.645 22.199 45.437 hs 0 hp 5956 2273 in 0 0 0 0 -980 9952 rl 21 np 0
T 1319 1252 5897.00 2318.00 -38.145 22.699 44.388 hs 5 hp 5916 2400 in 1 0 1 0 -980 9952 rl 20 np 0
T 1320 1253 5870.00 2342.00 -36.000 24.074 43.308 hs 5 hp 5916 2400 in 1 0 1 0 -1610 9870 rl 19 np 0
T 1321 1254 5844.00 2367.00 -34.602 25.281 42.853 hs 5 hp 5916 2400 in -1 0 1 0 3803 9249 rl 18 np 0
T 1322 1255 5818.00 2393.00 -34.602 25.781 43.150 hs 0 hp 5844 2367 in -1 0 0 0 -1610 9870 rl 17 np 0
T 1323 1256 5793.00 2420.00 -32.273 27.141 42.169 hs 5 hp 5849 2496 in 1 0 1 0 2903 9569 rl 16 np 0
T 1324 1257 5770.00 2448.00 -29.082 28.363 40.623 hs 5 hp 5849 2496 in 1 0 1 0 2903 9569 rl 15 np 0
T 1325 1258 5750.00 2477.00 -25.145 29.332 38.634 hs 5 hp 5849 2496 in 1 0 1 0 276 961 rl 14 np 0
T 1326 1259 5731.00 2507.00 -23.645 29.832 38.066 hs 0 hp 5750 2477 in 1 0 0 0 276 961 rl 13 np 0
T 1327 1260 5714.00 2538.00 -21.488 30.586 37.380 hs 5 hp 5792 2525 in -1 0 1 0 9588 2840 rl 12 np 0
T 1328 1261 5698.00 2569.00 -20.414 31.086 37.190 hs 0 hp 5714 2538 in 0 0 0 0 9588 2840 rl 11 np 0
T 1329 1262 5682.00 2601.00 -20.414 31.586 37.609 hs 0 hp 5698 2569 in -1 0 0 0 6018 7986 rl 10 np 0
T 1330 1263 5666.00 2633.00 -20.414 32.086 38.029 hs 0 hp 5682 2601 in -1 0 0 0 6018 7986 rl 9 np 0
T 1331 1264 5648.00 2664.00 -22.691 30.781 38.241 hs 5 hp 5599 2583 in -1 0 1 0 -7986 -6018 rl 8 np 0
T 1332 1265 5629.00 2693.00 -24.168 28.715 37.532 hs 5 hp 5599 2583 in -1 0 1 0 -7983 -6022 rl 7 np 0
T 1333 1266 5609.00 2719.00 -24.918 26.320 36.245 hs 5 hp 5599 2583 in -1 0 1 0 -8290 -5592 rl 6 np 0
T 1334 1267 5589.00 2746.00 -24.918 26.820 36.609 hs 0 hp 5609 2719 in -1 0 0 0 -707 -707 rl 5 np 0
T 1335 1268 5567.00 2771.00 -26.805 25.074 36.704 hs 5 hp 5509 2655 in -1 0 1 0 -6626 -7490 rl 4 np 0
T 1336 1269 5544.00 2794.00 -28.078 22.891 36.227 hs 5 hp 5509 2655 in -1 0 1 0 -6772 -7358 rl 3 np 0
T 1337 1270 5521.00 2814.00 -28.773 20.480 35.318 hs 5 hp 5509 2655 in -1 0 1 0 -707 -707 rl 2 np 0
T 1338 1271 5498.00 2835.00 -28.773 20.980 35.610 hs 0 hp 5521 2814 in -1 0 0 0 -707 -707 rl 1 np 0
T 1339 1272 5475.00 2856.00 -28.773 21.480 35.907 hs 4 hp 5405 2757 in -1 0 1 0 -7661 -6427 rl 0 np 0
T 1340 1273 5452.00 2878.00 -28.773 21.980 36.208 hs 4 hp 5344 2705 in -1 0 1 0 -7661 -6427 rl 0 np 0
T 1341 1274 5427.00 2898.00 -30.484 20.082 36.505 hs 5 hp 5285 2655 in -1 0 1 0 -7661 -6427 rl 0 np 0
T 1342 1275 5401.00 2916.00 -31.922 17.992 36.643 hs 5 hp 5285 2655 in -1 0 1 1 -9201 3916 rl 24 np 1
T 1343 1276 5374.00 2932.00 -33.078 15.750 36.636 hs 5 hp 5285 2655 in -1 0 1 0 -831 -556 rl 23 np 1
T 1344 1277 5347.00 2945.00 -33.949 13.395 36.496 hs 5 hp 5285 2655 in -1 0 1 0 -831 -556 rl 22 np 1
T 1345 1278 5319.00 2956.00 -34.547 10.961 36.244 hs 5 hp 5285 2655 in -1 0 1 0 -831 -556 rl 21 np 1
T 1346 1279 5291.00 2961.00 -34.867 0.000 34.867 hs 5 hp 5285 2655 in -1 0 1 0 -831 -556 rl 20 np 1
T 1347 1280 5262.00 2961.00 -34.867 0.000 34.867 hs 0 hp 5291 2961 in -1 0 0 0 -831 -556 rl 19 np 1
T 1348 1281 5234.00 2948.00 -34.867 -13.199 37.282 hs 5 hp 5213 2976 in -1 1 1 0 -9569 2903 rl 18 np 1
T 1349 1282 5201.00 2929.00 -44.559 -18.949 48.420 hs 5 hp 5213 2976 in -1 0 1 0 -9569 2903 rl 17 np 0
E 1349 1282 ex 5277.2 2975.9 tee 5234.0 2948.0 dist 51.4 |f| 11.53
T 1350 1283 5168.00 2911.00 -44.559 -18.449 48.227 hs 0 hp 5201 2929 in -1 0 0 0 2296 -9733 rl 16 np 0
T 1351 1284 5135.00 2893.00 -44.559 -17.949 48.038 hs 4 hp 5188 2791 in -1 0 1 0 1624 -9867 rl 15 np 0
T 1352 1285 5102.00 2876.00 -44.559 -17.449 47.853 hs 5 hp 5195 2751 in -1 0 1 0 1624 -9867 rl 14 np 0
T 1353 1286 5070.00 2857.00 -43.215 -19.355 47.351 hs 5 hp 5195 2751 in -1 0 1 0 1624 -9867 rl 13 np 0
T 1354 1287 5038.00 2838.00 -43.215 -18.855 47.149 hs 0 hp 5070 2857 in -1 0 0 0 1624 -9867 rl 12 np 0
T 1355 1288 5007.00 2817.00 -42.023 -20.898 46.933 hs 5 hp 5092 2751 in -1 0 1 0 5299 -8480 rl 11 np 0
T 1356 1289 4976.00 2797.00 -42.023 -20.398 46.713 hs 0 hp 5007 2817 in -1 0 0 0 924 383 rl 10 np 0
T 1357 1290 4946.00 2775.00 -40.750 -22.371 46.487 hs 5 hp 5008 2751 in -1 0 1 0 5664 -8241 rl 9 np 0
T 1358 1291 4916.00 2753.00 -40.750 -21.871 46.248 hs 0 hp 4946 2775 in -1 0 0 0 530 -848 rl 8 np 0
T 1359 1292 4887.00 2729.00 -39.395 -23.766 46.008 hs 5 hp 4960 2695 in -1 0 1 0 6018 -7986 rl 7 np 0
T 1360 1293 4858.00 2706.00 -39.395 -23.266 45.752 hs 0 hp 4887 2729 in -1 0 0 0 570 -822 rl 6 np 0
T 1361 1294 4830.00 2681.00 -37.949 -25.062 45.478 hs 5 hp 4928 2623 in -1 0 1 0 6428 -7660 rl 5 np 0
T 1362 1295 4802.00 2656.00 -37.949 -24.562 45.205 hs 0 hp 4830 2681 in -1 0 0 0 570 -822 rl 4 np 0
T 1363 1296 4773.00 2632.00 -37.949 -24.062 44.935 hs 4 hp 4843 2541 in -1 0 1 0 3338 -9426 rl 3 np 0
T 1364 1297 4744.00 2608.00 -37.949 -23.562 44.669 hs 4 hp 4870 2466 in -1 0 1 0 6344 -7730 rl 2 np 0
T 1365 1298 4716.00 2583.00 -36.465 -25.316 44.391 hs 5 hp 4871 2463 in -1 0 1 0 3420 -9397 rl 1 np 0
T 1366 1299 4688.00 2558.00 -36.465 -24.816 44.108 hs 0 hp 4716 2583 in -1 0 0 0 3420 -9397 rl 0 np 0
T 1367 1300 4662.00 2532.00 -34.902 -26.473 43.806 hs 5 hp 4749 2495 in -1 0 1 0 6947 -7193 rl 0 np 0
T 1368 1301 4635.00 2506.00 -34.902 -25.973 43.506 hs 0 hp 4662 2532 in -1 0 0 0 3529 -9357 rl 0 np 0
T 1369 1302 4608.00 2481.00 -34.902 -25.473 43.209 hs 4 hp 4756 2518 in -1 0 1 0 9952 980 rl 0 np 0
T 1370 1303 4581.00 2456.00 -34.902 -24.973 42.916 hs 0 hp 4608 2481 in -1 0 0 1 -3373 -9414 rl 24 np 1
T 1371 1304 4554.00 2432.00 -34.902 -24.473 42.627 hs 5 hp 4587 2399 in -1 0 1 0 980 -9952 rl 23 np 1
T 1372 1305 4527.00 2408.00 -34.902 -23.973 42.342 hs 0 hp 4554 2432 in -1 0 0 0 7730 -6344 rl 22 np 1
T 1373 1306 4494.00 2386.00 -46.289 -21.504 51.040 hs 0 hp 4527 2408 in -1 0 0 0 7730 -6344 rl 21 np 0
E 1373 1306 ex 4577.5 2399.3 tee 4527.0 2408.0 dist 51.2 |f| 11.55
T 1374 1307 4461.00 2365.00 -46.289 -21.004 50.832 hs 0 hp 4494 2386 in -1 0 0 1 8391 -5439 rl 20 np 0
T 1375 1308 4428.00 2345.00 -46.289 -20.504 50.627 hs 4 hp 4501 2250 in -1 0 1 0 3256 -9455 rl 19 np 0
T 1376 1309 4396.00 2322.00 -45.082 -22.535 50.401 hs 5 hp 4516 2207 in -1 0 1 0 3007 -9537 rl 18 np 0
T 1377 1310 4364.00 2300.00 -45.082 -22.035 50.179 hs 0 hp 4396 2322 in -1 0 0 0 1000 0 rl 17 np 0
T 1378 1311 4332.00 2278.00 -45.082 -21.535 49.962 hs 4 hp 4486 2300 in -1 0 1 1 1000 0 rl 16 np 0
T 1379 1312 4299.00 2257.00 -45.082 -21.035 49.748 hs 4 hp 4566 2300 in -1 0 1 0 -3173 9483 rl 15 np 0
T 1380 1313 4266.00 2236.00 -45.082 -20.535 49.539 hs 0 hp 4299 2257 in -1 0 0 0 -3173 9483 rl 14 np 0
T 1381 1314 4233.00 2216.00 -45.082 -20.035 49.334 hs 4 hp 4388 2236 in -1 0 1 0 1000 0 rl 13 np 0
T 1382 1315 4200.00 2196.00 -45.082 -19.535 49.133 hs 4 hp 4468 2236 in -1 0 1 0 1000 0 rl 12 np 0
T 1383 1316 4167.00 2177.00 -45.082 -19.035 48.936 hs 4 hp 4548 2236 in -1 0 1 0 -6344 -7730 rl 11 np 0
T 1384 1317 4134.00 2158.00 -45.082 -18.535 48.744 hs 1 hp 4548 2236 in -1 0 1 0 -3256 9455 rl 10 np 0
T 1385 1318 4101.00 2140.00 -45.082 -18.035 48.556 hs 0 hp 4134 2158 in -1 0 0 0 -6344 -7730 rl 9 np 0
T 1386 1319 4068.00 2122.00 -45.082 -17.535 48.372 hs 4 hp 4061 2255 in -1 0 1 0 -3256 9455 rl 8 np 0
T 1387 1320 4035.00 2105.00 -45.082 -17.035 48.193 hs 5 hp 4044 2304 in -1 0 1 0 -2903 9569 rl 7 np 0
T 1388 1321 4002.00 2093.00 -45.082 -12.000 46.652 hs 0 hp 4035 2105 in -1 1 0 0 -2903 9569 rl 6 np 0
T 1389 1322 3969.00 2082.00 -45.082 -11.500 46.526 hs 0 hp 4002 2093 in -1 0 0 0 -2903 9569 rl 5 np 0
T 1390 1323 3936.00 2071.00 -45.082 -11.000 46.405 hs 4 hp 3927 2197 in -1 0 1 0 -3420 9397 rl 4 np 0
T 1391 1324 3902.00 2060.00 -45.082 -10.500 46.289 hs 4 hp 3900 2272 in -1 0 1 0 -383 924 rl 3 np 0
T 1392 1325 3868.00 2051.00 -45.238 -9.102 46.145 hs 5 hp 3888 2304 in -1 1 1 0 -383 924 rl 2 np 0
T 1393 1326 3834.00 2043.00 -45.062 -7.703 45.716 hs 5 hp 3888 2304 in -1 0 1 0 -383 924 rl 1 np 0
T 1394 1327 3801.00 2037.00 -44.605 -6.320 45.051 hs 5 hp 3888 2304 in -1 0 1 0 -436 9990 rl 0 np 0
T 1395 1328 3767.00 2031.00 -44.605 -5.820 44.984 hs 0 hp 3801 2037 in -1 0 0 0 -383 924 rl 0 np 0
T 1396 1329 3733.00 2027.00 -44.547 -4.422 44.766 hs 5 hp 3768 2080 in -1 0 1 0 262 9997 rl 0 np 0
T 1397 1330 3699.00 2023.00 -44.547 -3.922 44.719 hs 0 hp 3733 2027 in -1 0 0 0 980 -9952 rl 0 np 0
T 1398 1331 3665.00 2020.00 -44.469 -2.523 44.540 hs 5 hp 3702 2112 in -1 0 1 0 349 9994 rl 0 np 0
T 1399 1332 3631.00 2018.00 -44.469 -2.023 44.515 hs 0 hp 3665 2020 in -1 0 0 1 -9013 -4331 rl 24 np 1
T 1400 1333 3597.00 2016.00 -44.469 -1.523 44.495 hs 0 hp 3631 2018 in -1 0 0 0 349 9994 rl 23 np 1
T 1401 1334 3563.00 2015.00 -44.469 -1.023 44.481 hs 4 hp 3609 2137 in -1 0 1 0 980 9952 rl 22 np 1
T 1402 1335 3527.00 2025.00 -50.453 9.879 51.411 hs 0 hp 3563 2015 in -1 0 0 0 980 9952 rl 21 np 0
E 1402 1335 ex 3581.2 1983.4 tee 3563.0 2015.0 dist 36.4 |f| 12.00
T 1403 1336 3491.00 2035.00 -50.453 10.379 51.510 hs 4 hp 3539 2146 in -1 0 1 0 980 9952 rl 20 np 0
T 1404 1337 3455.00 2046.00 -50.453 10.879 51.613 hs 4 hp 3547 2226 in -1 0 1 0 -610 -9981 rl 19 np 0
T 1405 1338 3419.00 2057.00 -50.453 11.379 51.720 hs 0 hp 3455 2046 in -1 0 0 0 -98 -995 rl 18 np 0
T 1406 1339 3383.00 2069.00 -50.453 11.879 51.833 hs 4 hp 3373 1944 in -1 0 1 0 -3746 -9272 rl 17 np 0
T 1407 1340 3347.00 2078.00 -50.965 9.426 51.829 hs 5 hp 3350 1887 in -1 0 1 0 3746 -9272 rl 16 np 0
T 1408 1341 3311.00 2088.00 -50.965 9.926 51.922 hs 0 hp 3347 2078 in -1 0 0 0 -98 -995 rl 15 np 0
T 1409 1342 3275.00 2098.00 -50.965 10.426 52.020 hs 4 hp 3323 2209 in -1 0 1 0 980 9952 rl 14 np 0
T 1410 1343 3239.00 2109.00 -50.965 10.926 52.123 hs 4 hp 3331 2289 in -1 0 1 0 -3584 -9336 rl 13 np 0
T 1411 1344 3203.00 2120.00 -50.965 11.426 52.230 hs 0 hp 3239 2109 in -1 0 0 0 -383 -924 rl 12 np 0
T 1412 1345 3167.00 2132.00 -50.965 11.926 52.342 hs 5 hp 3142 2015 in -1 0 1 0 -5000 -8660 rl 11 np 0
T 1413 1346 3131.00 2141.00 -51.559 9.492 52.425 hs 5 hp 3142 2015 in -1 0 1 0 -995 98 rl 10 np 0
T 1414 1347 3095.00 2151.00 -51.559 9.992 52.518 hs 0 hp 3131 2141 in -1 0 0 0 -995 98 rl 9 np 0
T 1415 1348 3058.00 2159.00 -52.004 7.527 52.546 hs 5 hp 3079 2047 in -1 0 1 0 -1564 -9877 rl 8 np 0
T 1416 1349 3021.00 2167.00 -52.004 8.027 52.620 hs 0 hp 3058 2159 in -1 0 0 0 -995 98 rl 7 np 0
T 1417 1350 2984.00 2173.00 -52.352 5.551 52.645 hs 5 hp 3010 2079 in -1 0 1 0 -1219 -9925 rl 6 np 0
T 1418 1351 2947.00 2179.00 -52.352 6.051 52.700 hs 0 hp 2984 2173 in -1 0 0 0 -634 773 rl 5 np 0
T 1419 1352 2910.00 2186.00 -52.352 6.551 52.760 hs 0 hp 2947 2179 in -1 0 0 0 -634 773 rl 4 np 0
T 1420 1353 2873.00 2190.00 -52.602 4.062 52.758 hs 5 hp 2903 2111 in -1 0 1 0 -872 -9962 rl 3 np 0
T 1421 1354 2836.00 2193.00 -52.602 0.000 52.602 hs 0 hp 2873 2190 in -1 0 0 0 -471 882 rl 2 np 0
T 1422 1355 2800.00 2181.00 -52.039 -12.328 53.479 hs 5 hp 2848 2238 in -1 1 1 0 2504 9681 rl 1 np 0
T 1423 1356 2764.00 2169.00 -52.039 -11.828 53.366 hs 0 hp 2800 2181 in -1 0 0 0 -882 -471 rl 0 np 0
T 1424 1357 2728.00 2158.00 -52.039 -11.328 53.258 hs 0 hp 2764 2169 in -1 0 0 1 -5258 -8506 rl 24 np 1
T 1425 1358 2691.00 2147.00 -52.039 -10.828 53.154 hs 5 hp 2704 2079 in -1 0 1 0 -2903 -9569 rl 23 np 1
T 1426 1359 2651.00 2145.00 -60.207 -2.109 60.244 hs 0 hp 2691 2147 in -1 0 0 0 -2903 -9569 rl 22 np 0
E 1426 1359 ex 2726.9 2110.8 tee 2691.0 2147.0 dist 51.0 |f| 11.59
T 1427 1360 2611.00 2140.00 -60.031 -4.602 60.207 hs 5 hp 2659 2047 in -1 0 1 0 785 -9969 rl 21 np 0
T 1428 1361 2571.00 2136.00 -60.031 -4.102 60.171 hs 0 hp 2611 2140 in -1 0 0 0 785 -9969 rl 20 np 0
T 1429 1362 2531.00 2132.00 -60.031 -3.602 60.139 hs 0 hp 2571 2136 in -1 0 0 0 208 -978 rl 19 np 0
T 1430 1363 2491.00 2129.00 -60.031 -3.102 60.111 hs 0 hp 2531 2132 in -1 0 0 0 208 -978 rl 18 np 0
T 1431 1364 2452.00 2118.00 -60.180 -11.102 61.195 hs 5 hp 2485 2240 in -1 1 1 0 -523 9986 rl 17 np 0
T 1432 1365 2413.00 2107.00 -60.180 -10.602 61.106 hs 0 hp 2452 2118 in -1 0 0 0 -957 290 rl 16 np 0
T 1433 1366 2373.00 2097.00 -60.180 -10.102 61.022 hs 4 hp 2530 2142 in -1 0 1 0 9569 2903 rl 15 np 0
T 1434 1367 2333.00 2087.00 -60.180 -9.602 60.941 hs 4 hp 2607 2165 in -1 0 1 0 -523 9986 rl 14 np 0
T 1435 1368 2293.00 2078.00 -60.180 -9.102 60.864 hs 4 hp 2684 2188 in -1 0 1 0 -436 9990 rl 13 np 0
T 1436 1369 2253.00 2069.00 -60.180 -8.602 60.791 hs 1 hp 2684 2188 in -1 0 1 0 -436 9990 rl 12 np 0
T 1437 1370 2213.00 2061.00 -60.180 -8.102 60.723 hs 0 hp 2253 2069 in -1 0 0 0 924 383 rl 11 np 0
T 1438 1371 2173.00 2053.00 -60.180 -7.602 60.658 hs 5 hp 2171 2112 in -1 0 1 0 -6344 7730 rl 10 np 0
T 1439 1372 2133.00 2046.00 -60.180 -7.102 60.597 hs 0 hp 2173 2053 in -1 0 0 0 924 383 rl 9 np 0
T 1440 1373 2093.00 2039.00 -60.180 -6.602 60.541 hs 4 hp 2227 2123 in -1 0 1 0 7730 6344 rl 8 np 0
T 1441 1374 2053.00 2033.00 -60.180 -6.102 60.488 hs 0 hp 2093 2039 in -1 0 0 0 290 -957 rl 7 np 0
T 1442 1375 2013.00 2027.00 -60.180 -5.602 60.440 hs 0 hp 2053 2033 in -1 0 0 0 290 -957 rl 6 np 0
T 1443 1376 1973.00 2022.00 -60.180 -5.102 60.396 hs 5 hp 1985 2080 in -1 0 1 0 -4714 8819 rl 5 np 0
T 1444 1377 1933.00 2017.00 -60.180 -4.602 60.355 hs 0 hp 1973 2022 in -1 0 0 0 -4714 8819 rl 4 np 0
T 1445 1378 1893.00 2013.00 -60.180 -4.102 60.319 hs 4 hp 1898 1900 in -1 0 1 0 -290 -957 rl 3 np 0
T 1446 1379 1853.00 2009.00 -60.180 -3.602 60.287 hs 4 hp 1875 1823 in -1 0 1 0 -290 -957 rl 2 np 0
T 1447 1380 1813.00 2006.00 -60.180 -3.102 60.260 hs 0 hp 1853 2009 in -1 0 0 0 -290 -957 rl 1 np 0
