T 1374 1307 4461.00 2365.00 -46.289 -21.004 50.832 hs 0 hp 4494 2386 in -1 0 0 1 8391 -5439 rl 20 np 0
T 1375 1308 4428.00 2345.00 -46.289 -20.504 50.627 hs 4 hp 4501 2250 in -1 0 1 0 3256 -9455 rl 19 np 0
T 1376 1309 4396.00 2322.00 -45.082 -22.535 50.401 hs 5 hp 4516 2207 in -1 0 1 0 3007 -9537 rl 18 np 0
T 1377 1310 4364.00 2300.00 -45.082 -22.035 50.179 hs 0 hp 4396 2322 in -1 0 0 0 1000 0 rl 17 np 0
T 1378 1311 4332.00 2278.00 -45.082 -21.535 49.962 hs 4 hp 4486 2300 in -1 0 1 1 1000 0 rl 16 np 0
T 1379 1312 4299.00 2257.00 -45.082 -21.035 49.748 hs 4 hp 4566 2300 in -1 0 1 0 -3173 9483 rl 15 np 0
T 1380 1313 4266.00 2236.00 -45.082 -20.535 49.539 hs 0 hp 4299 2257 in -1 0 0 0 -3173 9483 rl 14 np 0
T 1381 1314 4233.00 2216.00 -45.082 -20.035 49.334 hs 4 hp 4388 2236 in -1 0 1 0 1000 0 rl 13 np 0
T 1382 1315 4200.00 2196.00 -45.082 -19.535 49.133 hs 4 hp 4468 2236 in -1 0 1 0 1000 0 rl 12 np 0
T 1383 1316 4167.00 2177.00 -45.082 -19.035 48.936 hs 4 hp 4548 2236 in -1 0 1 0 -6344 -7730 rl 11 np 0
T 1384 1317 4134.00 2158.00 -45.082 -18.535 48.744 hs 1 hp 4548 2236 in -1 0 1 0 -3256 9455 rl 10 np 0
T 1385 1318 4101.00 2140.00 -45.082 -18.035 48.556 hs 0 hp 4134 2158 in -1 0 0 0 -6344 -7730 rl 9 np 0
T 1386 1319 4068.00 2122.00 -45.082 -17.535 48.372 hs 4 hp 4061 2255 in -1 0 1 0 -3256 9455 rl 8 np 0
T 1387 1320 4035.00 2105.00 -45.082 -17.035 48.193 hs 5 hp 4044 2304 in -1 0 1 0 -2903 9569 rl 7 np 0
T 1388 1321 4002.00 2093.00 -45.082 -12.000 46.652 hs 0 hp 4035 2105 in -1 1 0 0 -2903 9569 rl 6 np 0
T 1389 1322 3969.00 2082.00 -45.082 -11.500 46.526 hs 0 hp 4002 2093 in -1 0 0 0 -2903 9569 rl 5 np 0
T 1390 1323 3936.00 2071.00 -45.082 -11.000 46.405 hs 4 hp 3927 2197 in -1 0 1 0 -3420 9397 rl 4 np 0
T 1391 1324 3902.00 2060.00 -45.082 -10.500 46.289 hs 4 hp 3900 2272 in -1 0 1 0 -383 924 rl 3 np 0
T 1392 1325 3868.00 2051.00 -45.238 -9.102 46.145 hs 5 hp 3888 2304 in -1 1 1 0 -383 924 rl 2 np 0
T 1393 1326 3834.00 2043.00 -45.062 -7.703 45.716 hs 5 hp 3888 2304 in -1 0 1 0 -383 924 rl 1 np 0
T 1394 1327 3801.00 2037.00 -44.605 -6.320 45.051 hs 5 hp 3888 2304 in -1 0 1 0 -436 9990 rl 0 np 0
T 1395 1328 3767.00 2031.00 -44.605 -5.820 44.984 hs 0 hp 3801 2037 in -1 0 0 0 -383 924 rl 0 np 0
T 1396 1329 3733.00 2027.00 -44.547 -4.422 44.766 hs 5 hp 3768 2080 in -1 0 1 0 262 9997 rl 0 np 0
T 1397 1330 3699.00 2023.00 -44.547 -3.922 44.719 hs 0 hp 3733 2027 in -1 0 0 0 980 -9952 rl 0 np 0
T 1398 1331 3665.00 2020.00 -44.469 -2.523 44.540 hs 5 hp 3702 2112 in -1 0 1 0 349 9994 rl 0 np 0
T 1399 1332 3631.00 2018.00 -44.469 -2.023 44.515 hs 0 hp 3665 2020 in -1 0 0 1 -9013 -4331 rl 24 np 1
T 1400 1333 3597.00 2016.00 -44.469 -1.523 44.495 hs 0 hp 3631 2018 in -1 0 0 0 349 9994 rl 23 np 1
T 1401 1334 3563.00 2015.00 -44.469 -1.023 44.481 hs 4 hp 3609 2137 in -1 0 1 0 980 9952 rl 22 np 1
T 1402 1335 3527.00 2025.00 -50.453 9.879 51.411 hs 0 hp 3563 2015 in -1 0 0 0 980 9952 rl 21 np 0
E 1402 1335 ex 3581.2 1983.4 tee 3563.0 2015.0 dist 36.4 |f| 12.00
T 1403 1336 3491.00 2035.00 -50.453 10.379 51.510 hs 4 hp 3539 2146 in -1 0 1 0 980 9952 rl 20 np 0
T 1404 1337 3455.00 2046.00 -50.453 10.879 51.613 hs 4 hp 3547 2226 in -1 0 1 0 -610 -9981 rl 19 np 0
T 1405 1338 3419.00 2057.00 -50.453 11.379 51.720 hs 0 hp 3455 2046 in -1 0 0 0 -98 -995 rl 18 np 0
T 1406 1339 3383.00 2069.00 -50.453 11.879 51.833 hs 4 hp 3373 1944 in -1 0 1 0 -3746 -9272 rl 17 np 0
T 1407 1340 3347.00 2078.00 -50.965 9.426 51.829 hs 5 hp 3350 1887 in -1 0 1 0 3746 -9272 rl 16 np 0
T 1408 1341 3311.00 2088.00 -50.965 9.926 51.922 hs 0 hp 3347 2078 in -1 0 0 0 -98 -995 rl 15 np 0
T 1409 1342 3275.00 2098.00 -50.965 10.426 52.020 hs 4 hp 3323 2209 in -1 0 1 0 980 9952 rl 14 np 0
T 1410 1343 3239.00 2109.00 -50.965 10.926 52.123 hs 4 hp 3331 2289 in -1 0 1 0 -3584 -9336 rl 13 np 0
T 1411 1344 3203.00 2120.00 -50.965 11.426 52.230 hs 0 hp 3239 2109 in -1 0 0 0 -383 -924 rl 12 np 0
T 1412 1345 3167.00 2132.00 -50.965 11.926 52.342 hs 5 hp 3142 2015 in -1 0 1 0 -5000 -8660 rl 11 np 0
T 1413 1346 3131.00 2141.00 -51.559 9.492 52.425 hs 5 hp 3142 2015 in -1 0 1 0 -995 98 rl 10 np 0
T 1414 1347 3095.00 2151.00 -51.559 9.992 52.518 hs 0 hp 3131 2141 in -1 0 0 0 -995 98 rl 9 np 0
T 1415 1348 3058.00 2159.00 -52.004 7.527 52.546 hs 5 hp 3079 2047 in -1 0 1 0 -1564 -9877 rl 8 np 0
T 1416 1349 3021.00 2167.00 -52.004 8.027 52.620 hs 0 hp 3058 2159 in -1 0 0 0 -995 98 rl 7 np 0
T 1417 1350 2984.00 2173.00 -52.352 5.551 52.645 hs 5 hp 3010 2079 in -1 0 1 0 -1219 -9925 rl 6 np 0
T 1418 1351 2947.00 2179.00 -52.352 6.051 52.700 hs 0 hp 2984 2173 in -1 0 0 0 -634 773 rl 5 np 0
T 1419 1352 2910.00 2186.00 -52.352 6.551 52.760 hs 0 hp 2947 2179 in -1 0 0 0 -634 773 rl 4 np 0
T 1420 1353 2873.00 2190.00 -52.602 4.062 52.758 hs 5 hp 2903 2111 in -1 0 1 0 -872 -9962 rl 3 np 0
T 1421 1354 2836.00 2193.00 -52.602 0.000 52.602 hs 0 hp 2873 2190 in -1 0 0 0 -471 882 rl 2 np 0
T 1422 1355 2800.00 2181.00 -52.039 -12.328 53.479 hs 5 hp 2848 2238 in -1 1 1 0 2504 9681 rl 1 np 0
T 1423 1356 2764.00 2169.00 -52.039 -11.828 53.366 hs 0 hp 2800 2181 in -1 0 0 0 -882 -471 rl 0 np 0
T 1424 1357 2728.00 2158.00 -52.039 -11.328 53.258 hs 0 hp 2764 2169 in -1 0 0 1 -5258 -8506 rl 24 np 1
T 1425 1358 2691.00 2147.00 -52.039 -10.828 53.154 hs 5 hp 2704 2079 in -1 0 1 0 -2903 -9569 rl 23 np 1
T 1426 1359 2652.00 2135.00 -60.207 -12.000 61.391 hs 0 hp 2691 2147 in -1 1 0 0 -2903 -9569 rl 22 np 0
E 1426 1359 ex 2726.9 2110.8 tee 2691.0 2147.0 dist 51.0 |f| 11.59
T 1427 1360 2613.00 2123.00 -60.207 -11.500 61.295 hs 4 hp 2575 2229 in -1 0 1 0 -6344 7730 rl 21 np 0
T 1428 1361 2574.00 2112.00 -60.207 -11.000 61.204 hs 5 hp 2527 2288 in -1 0 1 0 -1650 -9863 rl 20 np 0
T 1429 1362 2535.00 2101.00 -60.207 -10.500 61.116 hs 0 hp 2574 2112 in -1 0 0 0 208 -978 rl 19 np 0
T 1430 1363 2495.00 2091.00 -60.207 -10.000 61.032 hs 0 hp 2535 2101 in -1 0 0 0 208 -978 rl 18 np 0
T 1431 1364 2455.00 2082.00 -60.207 -9.500 60.952 hs 0 hp 2495 2091 in -1 0 0 0 208 -978 rl 17 np 0
T 1432 1365 2415.00 2073.00 -60.207 -9.000 60.876 hs 0 hp 2455 2082 in -1 0 0 0 -957 290 rl 16 np 0
T 1433 1366 2375.00 2065.00 -60.207 -8.500 60.804 hs 0 hp 2415 2073 in -1 0 0 0 -957 290 rl 15 np 0
T 1434 1367 2335.00 2057.00 -60.207 -8.000 60.736 hs 0 hp 2375 2065 in -1 0 0 0 924 383 rl 14 np 0
T 1435 1368 2295.00 2050.00 -60.207 -7.500 60.672 hs 4 hp 2300 2174 in -1 0 1 0 -2903 9569 rl 13 np 0
T 1436 1369 2255.00 2043.00 -60.207 -7.000 60.613 hs 0 hp 2295 2050 in -1 0 0 0 924 383 rl 12 np 0
T 1437 1370 2215.00 2037.00 -60.281 -5.602 60.541 hs 5 hp 2252 2144 in -1 0 1 0 -262 9997 rl 11 np 0
T 1438 1371 2175.00 2032.00 -60.281 -5.102 60.497 hs 0 hp 2215 2037 in -1 0 0 0 924 383 rl 10 np 0
T 1439 1372 2135.00 2027.00 -60.281 -4.602 60.457 hs 4 hp 2296 2044 in -1 0 1 0 9952 980 rl 9 np 0
T 1440 1373 2095.00 2023.00 -60.281 -4.102 60.421 hs 4 hp 2376 2052 in -1 0 1 0 -262 9997 rl 8 np 0
T 1441 1374 2055.00 2019.00 -60.281 -3.602 60.389 hs 0 hp 2095 2023 in -1 0 0 0 290 -957 rl 7 np 0
T 1442 1375 2015.00 2016.00 -60.281 -3.102 60.361 hs 0 hp 2055 2019 in -1 0 0 0 290 -957 rl 6 np 0
T 1443 1376 1975.00 2013.00 -60.281 -2.602 60.337 hs 4 hp 1999 1895 in -1 0 1 0 -1305 -9914 rl 5 np 0
T 1444 1377 1935.00 2011.00 -60.281 -2.102 60.318 hs 0 hp 1975 2013 in -1 0 0 0 -1305 -9914 rl 4 np 0
T 1445 1378 1895.00 2009.00 -60.281 -1.602 60.303 hs 4 hp 1900 1894 in -1 0 1 0 -290 -957 rl 3 np 0
T 1446 1379 1855.00 2008.00 -60.281 -1.102 60.291 hs 4 hp 1877 1817 in -1 0 1 0 -290 -957 rl 2 np 0
T 1447 1380 1815.00 2007.00 -60.281 -0.602 60.284 hs 4 hp 1854 1740 in -1 0 1 0 -8819 4714 rl 1 np 0
T 1448 1381 1775.00 2004.00 -60.176 -3.098 60.255 hs 5 hp 1831 1663 in -1 0 1 0 -8819 4714 rl 0 np 0
T 1449 1382 1735.00 2001.00 -60.176 -2.598 60.232 hs 0 hp 1775 2004 in -1 0 0 1 -9615 -2749 rl 24 np 1
T 1450 1383 1695.00 1999.00 -60.176 -2.098 60.212 hs 4 hp 1856 1989 in -1 0 1 0 995 -98 rl 23 np 1
T 1451 1384 1655.00 1998.00 -60.176 0.000 60.176 hs 4 hp 1936 1981 in -1 0 1 0 995 -98 rl 22 np 1
T 1452 1385 1612.00 2003.00 -71.348 4.879 71.514 hs 0 hp 1655 1998 in -1 0 0 0 995 -98 rl 21 np 0
E 1452 1385 ex 1692.3 1983.4 tee 1655.0 1998.0 dist 40.1 |f| 12.00
T 1453 1386 1569.00 2008.00 -71.348 5.379 71.550 hs 0 hp 1612 2003 in -1 0 0 0 995 -98 rl 20 np 0
T 1454 1387 1526.00 2014.00 -71.348 5.879 71.589 hs 0 hp 1569 2008 in -1 0 0 0 995 -98 rl 19 np 0
T 1455 1388 1483.00 2020.00 -71.348 6.379 71.632 hs 4 hp 1634 1956 in -1 0 1 0 8819 -4714 rl 18 np 0
T 1456 1389 1440.00 2027.00 -71.348 6.879 71.679 hs 0 hp 1483 2020 in -1 0 0 0 -882 471 rl 17 np 0
T 1457 1390 1397.00 2034.00 -71.348 7.379 71.728 hs 4 hp 1397 1913 in -1 0 1 0 -3502 -9367 rl 16 np 0
T 1458 1391 1354.00 2039.00 -71.535 4.887 71.702 hs 5 hp 1387 1887 in -1 0 1 0 -882 471 rl 15 np 0
T 1459 1392 1311.00 2044.00 -71.535 5.387 71.738 hs 0 hp 1354 2039 in -1 0 0 0 -882 471 rl 14 np 0
T 1460 1393 1268.00 2050.00 -71.535 5.887 71.777 hs 4 hp 1431 2068 in -1 0 1 0 981 195 rl 13 np 0
T 1461 1394 1225.00 2056.00 -71.535 6.387 71.820 hs 4 hp 1509 2084 in -1 0 1 0 -872 -9962 rl 12 np 0
T 1462 1395 1182.00 2063.00 -71.535 6.887 71.866 hs 0 hp 1225 2056 in -1 0 0 0 831 -556 rl 11 np 0
T 1463 1396 1139.00 2070.00 -71.535 7.387 71.916 hs 0 hp 1182 2063 in -1 0 0 0 831 -556 rl 10 np 0
T 1464 1397 1096.00 2078.00 -71.535 7.887 71.969 hs 0 hp 1139 2070 in -1 0 0 0 831 -556 rl 9 np 0
T 1465 1398 1053.00 2083.00 -71.816 5.402 72.019 hs 5 hp 1090 2015 in -1 0 1 0 -980 -9952 rl 8 np 0
T 1466 1399 1010.00 2089.00 -71.816 5.902 72.059 hs 0 hp 1053 2083 in -1 0 0 0 -957 290 rl 7 np 0
T 1467 1400 967.00 2096.00 -71.598 7.297 71.969 hs 5 hp 1019 2176 in -1 0 1 0 980 9952 rl 6 np 0
T 1468 1401 924.00 2104.00 -71.598 7.797 72.021 hs 0 hp 967 2096 in -1 0 0 0 -957 290 rl 5 np 0
T 1469 1402 881.00 2112.00 -71.598 8.297 72.077 hs 0 hp 924 2104 in -1 0 0 0 -98 -995 rl 4 np 0
T 1470 1403 838.00 2121.00 -71.598 8.797 72.136 hs 0 hp 881 2112 in -1 0 0 0 -98 -995 rl 3 np 0
T 1471 1404 795.00 2130.00 -71.598 9.297 72.199 hs 4 hp 873 2238 in -1 0 1 0 2903 9569 rl 2 np 0
T 1472 1405 752.00 2140.00 -71.598 9.797 72.265 hs 0 hp 795 2130 in -1 0 0 0 -195 981 rl 1 np 0
T 1473 1406 709.00 2150.00 -71.598 10.297 72.334 hs 0 hp 752 2140 in -1 0 0 0 -195 981 rl 0 np 0
T 1474 1407 668.00 2161.00 -66.039 11.227 66.987 hs 5 hp 815 2208 in 0 0 1 0 8788 4772 rl 0 np 0
T 1475 1408 628.00 2173.00 -62.738 11.727 63.825 hs 0 hp 668 2161 in 0 0 0 0 8788 4772 rl 0 np 0
T 1476 1409 588.00 2185.00 -62.738 12.227 63.919 hs 0 hp 628 2173 in -1 0 0 0 78 997 rl 0 np 0
T 1477 1410 549.00 2198.00 -58.512 12.988 59.936 hs 5 hp 704 2220 in 1 0 1 0 9569 2903 rl 0 np 0
T 1478 1411 511.00 2211.00 -55.586 13.488 57.199 hs 0 hp 549 2198 in 0 0 0 0 9569 2903 rl 0 np 0
T 1479 1412 474.00 2225.00 -54.086 13.988 55.866 hs 5 hp 479 2272 in 1 0 1 0 -4714 8819 rl 0 np 0
T 1480 1413 438.00 2240.00 -52.285 15.383 54.501 hs 5 hp 479 2272 in 1 0 1 0 -98 995 rl 0 np 0
T 1481 1414 402.00 2256.00 -50.785 15.883 53.211 hs 0 hp 438 2240 in 1 0 0 0 -98 995 rl 0 np 0
T 1482 1415 380.00 2272.00 -25.395 16.383 30.221 hs 4 hp 390 2377 in 0 0 1 0 -98 995 rl 0 np 0
T 1483 1416 358.00 2289.00 -25.395 16.883 30.494 hs 0 hp 380 2272 in -1 0 0 1 -9990 -457 rl 24 np 1
T 1484 1417 338.00 2306.00 -23.895 17.383 29.548 hs 4 hp 393 2406 in 1 0 1 0 2903 9569 rl 23 np 1
T 1485 1418 318.00 2324.00 -23.895 17.883 29.845 hs 4 hp 416 2483 in -1 0 1 0 290 957 rl 22 np 1
T 1486 1419 305.00 2352.00 -15.730 27.910 32.038 hs 5 hp 420 2496 in 1 0 1 0 290 957 rl 21 np 0
E 1486 1419 ex 286.7 2271.5 tee 318.0 2324.0 dist 61.1 |f| 10.19
T 1487 1420 293.00 2381.00 -14.328 29.113 32.448 hs 5 hp 420 2496 in -1 0 1 0 290 957 rl 20 np 0
T 1488 1421 284.00 2411.00 -10.715 30.219 32.062 hs 5 hp 420 2496 in 1 0 1 0 290 957 rl 19 np 0
T 1489 1422 275.00 2442.00 -10.180 30.719 32.362 hs 0 hp 284 2411 in 0 0 0 0 290 957 rl 18 np 0
T 1490 1423 268.00 2473.00 -8.680 31.219 32.403 hs 4 hp 369 2519 in 1 0 1 0 7730 6344 rl 17 np 0
T 1491 1424 262.00 2505.00 -6.727 32.164 32.860 hs 5 hp 416 2558 in -1 0 1 0 290 957 rl 16 np 0
T 1492 1425 258.00 2538.00 -4.262 32.957 33.231 hs 5 hp 416 2558 in 0 0 1 0 290 957 rl 15 np 0
T 1493 1426 258.00 2572.00 0.066 33.570 33.570 hs 5 hp 416 2558 in 1 0 1 0 290 957 rl 14 np 0
T 1494 1427 262.00 2606.00 4.406 33.805 34.091 hs 5 hp 416 2558 in 1 0 1 0 290 957 rl 13 np 0
T 1495 1428 266.00 2640.00 5.000 34.305 34.667 hs 0 hp 262 2606 in 1 0 0 0 -831 556 rl 12 np 0
T 1496 1429 272.00 2674.00 6.980 34.414 35.115 hs 5 hp 384 2624 in 0 0 1 0 9914 -1305 rl 11 np 0
T 1497 1430 278.00 2709.00 6.980 34.914 35.605 hs 0 hp 272 2674 in 1 0 0 0 9914 -1305 rl 10 np 0
T 1498 1431 286.00 2744.00 9.750 34.715 36.058 hs 5 hp 384 2684 in 1 0 1 0 9724 -2334 rl 9 np 0
T 1499 1432 294.00 2779.00 9.750 35.215 36.540 hs 0 hp 286 2744 in 1 0 0 0 9724 -2334 rl 8 np 0
T 1500 1433 304.00 2814.00 12.469 34.812 36.978 hs 5 hp 384 2751 in 1 0 1 0 9537 -3007 rl 7 np 0
T 1501 1434 314.00 2849.00 12.469 35.312 37.449 hs 0 hp 304 2814 in 1 0 0 0 9537 -3007 rl 6 np 0
T 1502 1435 326.00 2884.00 15.121 34.715 37.865 hs 5 hp 384 2821 in 1 0 1 0 9304 -3665 rl 5 np 0
T 1503 1436 338.00 2919.00 15.121 35.215 38.324 hs 0 hp 326 2884 in 1 0 0 0 9304 -3665 rl 4 np 0
T 1504 1437 350.00 2955.00 15.121 35.715 38.784 hs 0 hp 338 2919 in 1 0 0 0 882 471 rl 3 np 0
T 1505 1438 362.00 2991.00 15.121 36.215 39.245 hs 5 hp 345 3008 in 1 0 1 0 -980 9952 rl 2 np 0
T 1506 1439 374.00 2993.00 15.121 0.000 15.121 hs 0 hp 362 2991 in 1 0 0 0 882 471 rl 1 np 0
T 1507 1440 389.00 2994.00 15.121 0.500 15.129 hs 0 hp 374 2993 in 1 0 0 0 882 471 rl 0 np 0
T 1508 1441 403.00 2982.00 15.121 -12.000 19.304 hs 0 hp 389 2994 in 1 1 0 1 -8616 5076 rl 24 np 1
T 1509 1442 423.00 2965.00 23.453 -17.078 29.012 hs 0 hp 403 2982 in 1 0 0 0 707 -707 rl 23 np 0
E 1509 1442 ex 351.2 3016.7 tee 403.0 2982.0 dist 62.3 |f| 10.03
T 1510 1443 443.00 2948.00 23.453 -16.578 28.721 hs 4 hp 355 2864 in 1 0 1 0 -5592 -8290 rl 22 np 0
T 1511 1444 463.00 2932.00 23.453 -16.078 28.435 hs 4 hp 310 2798 in 1 0 1 0 -4700 -8827 rl 21 np 0
T 1512 1445 483.00 2916.00 23.453 -15.578 28.155 hs 4 hp 265 2732 in 1 0 1 0 -471 -882 rl 20 np 0
T 1513 1446 502.00 2899.00 21.820 -17.141 27.748 hs 5 hp 223 2670 in 1 0 1 0 -471 -882 rl 19 np 0
T 1514 1447 520.00 2880.00 20.082 -18.543 27.334 hs 5 hp 223 2670 in 1 0 1 0 -471 -882 rl 18 np 0
T 1515 1448 536.00 2860.00 18.246 -19.773 26.906 hs 5 hp 223 2670 in 1 0 1 0 -471 -882 rl 17 np 0
T 1516 1449 550.00 2839.00 16.324 -20.832 26.466 hs 5 hp 223 2670 in 1 0 1 0 -471 -882 rl 16 np 0
T 1517 1450 564.00 2819.00 16.324 -20.332 26.074 hs 0 hp 550 2839 in 1 0 0 0 -471 -882 rl 15 np 0
T 1518 1451 578.00 2799.00 16.324 -19.832 25.686 hs 0 hp 564 2819 in 1 0 0 0 -471 -882 rl 14 np 0
T 1519 1452 592.00 2780.00 16.324 -19.332 25.302 hs 0 hp 578 2799 in 1 0 0 0 -471 -882 rl 13 np 0
T 1520 1453 607.00 2761.00 16.324 -18.832 24.922 hs 4 hp 498 2703 in 1 0 1 0 -7730 -6344 rl 12 np 0
T 1521 1454 620.00 2741.00 14.375 -19.828 24.491 hs 5 hp 479 2687 in 1 0 1 0 -471 -882 rl 11 np 0
T 1522 1455 633.00 2722.00 14.375 -19.328 24.088 hs 0 hp 620 2741 in 1 0 0 0 -471 -882 rl 10 np 0
T 1523 1456 646.00 2703.00 14.375 -18.828 23.688 hs 4 hp 576 2614 in 1 0 1 0 -471 -882 rl 9 np 0
