T 1448 1381 1775.00 2004.00 -60.176 -3.098 60.255 hs 5 hp 1831 1663 in -1 0 1 0 -8819 4714 rl 0 np 0
T 1449 1382 1735.00 2001.00 -60.176 -2.598 60.232 hs 0 hp 1775 2004 in -1 0 0 1 -9676 -2525 rl 24 np 1
T 1450 1383 1695.00 1999.00 -60.176 -2.098 60.212 hs 0 hp 1735 2001 in -1 0 0 0 -8819 4714 rl 23 np 1
T 1451 1384 1655.00 1998.00 -60.176 0.000 60.176 hs 4 hp 1683 2120 in -1 0 1 0 -980 9952 rl 22 np 1
T 1452 1385 1612.00 2005.00 -70.172 7.395 70.560 hs 5 hp 1681 2144 in -1 0 1 0 -980 9952 rl 21 np 0
E 1452 1385 ex 1680.2 1983.4 tee 1655.0 1998.0 dist 29.1 |f| 12.00
T 1453 1386 1569.00 2013.00 -70.172 7.895 70.615 hs 0 hp 1612 2005 in -1 0 0 0 -980 9952 rl 20 np 0
T 1454 1387 1527.00 2021.00 -70.172 8.395 70.672 hs 4 hp 1511 1905 in -1 0 1 0 -4714 -8819 rl 19 np 0
T 1455 1388 1485.00 2030.00 -70.172 8.895 70.733 hs 4 hp 1473 1834 in -1 0 1 0 980 9952 rl 18 np 0
T 1456 1389 1442.00 2036.00 -70.371 6.402 70.662 hs 5 hp 1471 1831 in -1 0 1 0 -882 471 rl 17 np 0
T 1457 1390 1399.00 2043.00 -70.371 6.902 70.709 hs 0 hp 1442 2036 in -1 0 0 0 -882 471 rl 16 np 0
T 1458 1391 1356.00 2050.00 -70.371 7.402 70.759 hs 4 hp 1291 2100 in -1 0 1 0 -882 471 rl 15 np 0
T 1459 1392 1313.00 2058.00 -70.371 7.902 70.813 hs 0 hp 1356 2050 in -1 0 0 0 -882 471 rl 14 np 0
T 1460 1393 1270.00 2063.00 -70.621 5.414 70.828 hs 5 hp 1306 1983 in -1 0 1 0 -872 -9962 rl 13 np 0
T 1461 1394 1227.00 2069.00 -70.621 5.914 70.868 hs 0 hp 1270 2063 in -1 0 0 0 981 195 rl 12 np 0
T 1462 1395 1184.00 2075.00 -70.621 6.414 70.912 hs 0 hp 1227 2069 in -1 0 0 0 831 -556 rl 11 np 0
T 1463 1396 1141.00 2082.00 -70.621 6.914 70.959 hs 0 hp 1184 2075 in -1 0 0 0 831 -556 rl 10 np 0
T 1464 1397 1098.00 2086.00 -70.797 4.418 70.935 hs 5 hp 1137 2015 in -1 0 1 0 -610 -9981 rl 9 np 0
T 1465 1398 1055.00 2091.00 -70.797 4.918 70.967 hs 0 hp 1098 2086 in -1 0 0 0 -98 -995 rl 8 np 0
T 1466 1399 1012.00 2096.00 -70.797 5.418 71.004 hs 0 hp 1055 2091 in -1 0 0 0 -957 290 rl 7 np 0
T 1467 1400 969.00 2102.00 -70.797 5.918 71.044 hs 5 hp 947 2176 in -1 0 1 0 -6344 7730 rl 6 np 0
T 1468 1401 926.00 2108.00 -70.797 6.418 71.087 hs 0 hp 969 2102 in -1 0 0 0 -957 290 rl 5 np 0
T 1469 1402 883.00 2115.00 -70.797 6.918 71.134 hs 4 hp 891 2225 in -1 0 1 0 -2903 9569 rl 4 np 0
T 1470 1403 840.00 2122.00 -70.797 7.418 71.184 hs 0 hp 883 2115 in -1 0 0 0 -98 -995 rl 3 np 0
T 1471 1404 797.00 2130.00 -70.797 7.918 71.238 hs 0 hp 840 2122 in -1 0 0 0 -195 981 rl 2 np 0
T 1472 1405 754.00 2139.00 -70.578 9.312 71.190 hs 5 hp 805 2208 in -1 0 1 0 980 9952 rl 1 np 0
T 1473 1406 713.00 2150.00 -65.711 10.535 66.550 hs 5 hp 805 2208 in 0 0 1 0 980 9952 rl 0 np 0
T 1474 1407 672.00 2161.00 -65.711 11.035 66.631 hs 0 hp 713 2150 in -1 0 0 0 78 997 rl 0 np 0
T 1475 1408 632.00 2173.00 -62.426 11.535 63.483 hs 0 hp 672 2161 in 0 0 0 0 78 997 rl 0 np 0
T 1476 1409 592.00 2185.00 -62.426 12.035 63.575 hs 0 hp 632 2173 in -1 0 0 0 78 997 rl 0 np 0
T 1477 1410 553.00 2198.00 -59.305 12.535 60.615 hs 0 hp 592 2185 in 0 0 0 0 78 997 rl 0 np 0
T 1478 1411 515.00 2211.00 -56.340 13.035 57.828 hs 4 hp 518 2315 in 0 0 1 0 -2903 9569 rl 0 np 0
T 1479 1412 478.00 2225.00 -53.523 13.535 55.208 hs 4 hp 495 2392 in 0 0 1 0 -2903 9569 rl 0 np 0
T 1480 1413 442.00 2239.00 -52.023 14.035 53.883 hs 5 hp 493 2400 in 1 0 1 0 -98 995 rl 0 np 0
T 1481 1414 406.00 2254.00 -51.344 15.395 53.602 hs 5 hp 493 2400 in -1 0 1 0 -98 995 rl 0 np 0
T 1482 1415 384.00 2270.00 -25.672 15.895 30.194 hs 0 hp 406 2254 in 0 0 0 1 -9961 877 rl 24 np 1
T 1483 1416 362.00 2286.00 -25.672 16.395 30.460 hs 4 hp 419 2387 in -1 0 1 0 2903 9569 rl 23 np 1
T 1484 1417 341.00 2303.00 -24.387 16.895 29.667 hs 4 hp 442 2464 in 0 0 1 0 -98 995 rl 22 np 1
T 1485 1418 321.00 2321.00 -23.238 18.168 29.497 hs 5 hp 448 2483 in -1 0 1 0 -98 995 rl 21 np 1
T 1486 1419 308.00 2349.00 -16.066 27.938 32.228 hs 5 hp 448 2483 in -1 0 1 0 -98 995 rl 20 np 0
E 1486 1419 ex 287.4 2271.2 tee 321.0 2321.0 dist 60.1 |f| 10.33
T 1487 1420 296.00 2378.00 -14.441 29.059 32.449 hs 5 hp 448 2483 in -1 0 1 0 290 957 rl 19 np 0
T 1488 1421 286.00 2408.00 -11.867 30.070 32.327 hs 5 hp 448 2483 in 0 0 1 0 290 957 rl 18 np 0
T 1489 1422 277.00 2439.00 -10.367 30.570 32.280 hs 0 hp 286 2408 in 1 0 0 0 290 957 rl 17 np 0
T 1490 1423 270.00 2470.00 -8.867 31.070 32.311 hs 4 hp 371 2516 in 1 0 1 0 7730 6344 rl 16 np 0
T 1491 1424 264.00 2502.00 -6.910 32.016 32.753 hs 5 hp 416 2553 in -1 0 1 0 290 957 rl 15 np 0
T 1492 1425 260.00 2535.00 -4.430 32.801 33.099 hs 5 hp 416 2553 in 0 0 1 0 290 957 rl 14 np 0
T 1493 1426 260.00 2568.00 -0.098 33.402 33.402 hs 5 hp 416 2553 in 1 0 1 0 290 957 rl 13 np 0
T 1494 1427 263.00 2602.00 4.238 33.613 33.879 hs 5 hp 416 2553 in 1 0 1 0 290 957 rl 12 np 0
T 1495 1428 269.00 2635.00 7.715 33.199 34.084 hs 5 hp 416 2553 in 1 0 1 0 290 957 rl 11 np 0
T 1496 1429 275.00 2669.00 7.715 33.699 34.571 hs 0 hp 269 2635 in 1 0 0 0 -831 556 rl 10 np 0
T 1497 1430 284.00 2702.00 10.461 33.398 34.998 hs 5 hp 384 2639 in 1 0 1 0 9636 -2672 rl 9 np 0
T 1498 1431 293.00 2736.00 10.461 33.898 35.476 hs 0 hp 284 2702 in 1 0 0 0 9636 -2672 rl 8 np 0
T 1499 1432 301.00 2770.00 10.461 34.398 35.954 hs 0 hp 293 2736 in 1 0 0 0 9636 -2672 rl 7 np 0
T 1500 1433 312.00 2804.00 13.156 33.922 36.384 hs 5 hp 384 2741 in 1 0 1 0 9455 -3256 rl 6 np 0
T 1501 1434 323.00 2838.00 13.156 34.422 36.850 hs 0 hp 312 2804 in 1 0 0 0 9455 -3256 rl 5 np 0
T 1502 1435 334.00 2873.00 13.156 34.922 37.318 hs 0 hp 323 2838 in 1 0 0 0 9455 -3256 rl 4 np 0
T 1503 1436 347.00 2907.00 15.781 34.250 37.711 hs 5 hp 384 2852 in 1 0 1 0 9205 -3907 rl 3 np 0
T 1504 1437 360.00 2942.00 15.781 34.750 38.166 hs 0 hp 347 2907 in 1 0 0 0 882 471 rl 2 np 0
T 1505 1438 373.00 2977.00 15.781 35.250 38.621 hs 0 hp 360 2942 in 1 0 0 0 882 471 rl 1 np 0
T 1506 1439 387.00 3010.00 17.457 33.324 37.620 hs 5 hp 444 2879 in 1 0 1 0 5878 -8090 rl 0 np 0
T 1507 1440 403.00 2998.00 17.457 -12.000 21.184 hs 0 hp 387 3010 in 1 1 0 1 -8488 5288 rl 24 np 1
T 1508 1441 425.00 2981.00 25.820 -17.090 30.964 hs 0 hp 403 2998 in 1 0 0 0 707 -707 rl 23 np 0
E 1508 1441 ex 351.4 3032.5 tee 403.0 2998.0 dist 62.1 |f| 10.06
T 1509 1442 447.00 2964.00 25.820 -16.590 30.691 hs 4 hp 357 2880 in 1 0 1 0 -5592 -8290 rl 22 np 0
T 1510 1443 469.00 2948.00 25.820 -16.090 30.423 hs 4 hp 312 2814 in 1 0 1 0 -4700 -8827 rl 21 np 0
T 1511 1444 491.00 2932.00 25.820 -15.590 30.162 hs 4 hp 267 2748 in 1 0 1 0 -471 -882 rl 20 np 0
T 1512 1445 512.00 2915.00 24.172 -17.133 29.628 hs 5 hp 223 2683 in 1 0 1 0 -471 -882 rl 19 np 0
T 1513 1446 531.00 2896.00 22.418 -18.512 29.073 hs 5 hp 223 2683 in 1 0 1 0 -471 -882 rl 18 np 0
T 1514 1447 549.00 2876.00 20.566 -19.719 28.492 hs 5 hp 223 2683 in 1 0 1 0 -471 -882 rl 17 np 0
T 1515 1448 565.00 2855.00 18.629 -20.746 27.883 hs 5 hp 223 2683 in 1 0 1 0 -471 -882 rl 16 np 0
T 1516 1449 579.00 2833.00 16.617 -21.594 27.247 hs 5 hp 223 2683 in 1 0 1 0 -471 -882 rl 15 np 0
T 1517 1450 592.00 2811.00 14.543 -22.258 26.588 hs 5 hp 223 2683 in 1 0 1 0 -471 -882 rl 14 np 0
T 1518 1451 605.00 2789.00 14.543 -21.758 26.171 hs 0 hp 592 2811 in 1 0 0 0 -471 -882 rl 13 np 0
T 1519 1452 618.00 2768.00 14.543 -21.258 25.756 hs 0 hp 605 2789 in 1 0 0 0 -471 -882 rl 12 np 0
T 1520 1453 631.00 2747.00 14.543 -20.758 25.345 hs 4 hp 517 2700 in 1 0 1 0 -8290 -5592 rl 11 np 0
T 1521 1454 642.00 2725.00 12.512 -21.551 24.919 hs 5 hp 479 2674 in 1 0 1 0 -471 -882 rl 10 np 0
T 1522 1455 653.00 2704.00 12.512 -21.051 24.488 hs 0 hp 642 2725 in 1 0 0 0 -471 -882 rl 9 np 0
T 1523 1456 664.00 2683.00 12.512 -20.551 24.060 hs 4 hp 718 2807 in 1 0 1 0 5299 8480 rl 8 np 0
T 1524 1457 675.00 2663.00 12.512 -20.051 23.634 hs 4 hp 761 2875 in 1 0 1 0 5150 8572 rl 7 np 0
T 1525 1458 687.00 2644.00 13.695 -18.730 23.203 hs 5 hp 800 2937 in 1 0 1 0 556 831 rl 6 np 0
T 1526 1459 700.00 2627.00 14.723 -17.391 22.786 hs 5 hp 800 2937 in 1 0 1 0 556 831 rl 5 np 0
T 1527 1460 713.00 2610.00 14.723 -16.891 22.406 hs 0 hp 700 2627 in 1 0 0 0 556 831 rl 4 np 0
T 1528 1461 727.00 2594.00 15.602 -15.535 22.017 hs 5 hp 736 2679 in 1 0 1 0 3090 9511 rl 3 np 0
T 1529 1462 741.00 2579.00 15.602 -15.035 21.667 hs 0 hp 727 2594 in 1 0 0 0 556 831 rl 2 np 0
T 1530 1463 755.00 2564.00 15.602 -14.535 21.323 hs 5 hp 771 2624 in 1 0 1 0 556 831 rl 1 np 0
T 1531 1464 770.00 2551.00 16.336 -13.164 20.980 hs 5 hp 771 2624 in 1 0 1 0 556 831 rl 0 np 0
T 1532 1465 785.00 2538.00 16.336 -12.664 20.670 hs 0 hp 770 2551 in 1 0 0 0 556 831 rl 0 np 0
T 1533 1466 801.00 2527.00 16.930 -11.285 20.346 hs 5 hp 800 2606 in 1 0 1 0 2079 9781 rl 0 np 0
T 1534 1467 817.00 2516.00 16.930 -10.785 20.073 hs 0 hp 801 2527 in 1 0 0 0 556 831 rl 0 np 0
T 1535 1468 833.00 2507.00 17.426 -9.398 19.799 hs 5 hp 830 2592 in 1 0 1 0 1736 9848 rl 0 np 0
T 1536 1469 849.00 2498.00 17.426 -8.898 19.566 hs 0 hp 833 2507 in 1 0 0 0 556 831 rl 0 np 0
T 1537 1470 866.00 2490.00 17.824 -7.508 19.341 hs 5 hp 858 2560 in 1 0 1 0 1392 9903 rl 0 np 0
T 1538 1471 883.00 2483.00 17.824 -7.008 19.152 hs 0 hp 866 2490 in 1 0 0 0 556 831 rl 0 np 0
T 1539 1472 900.00 2477.00 18.102 -5.613 18.952 hs 5 hp 891 2560 in 1 0 1 0 980 9952 rl 0 np 0
T 1540 1473 917.00 2472.00 18.102 -5.113 18.810 hs 0 hp 900 2477 in 1 0 0 0 980 9952 rl 0 np 0
T 1541 1474 934.00 2467.00 18.102 -4.613 18.680 hs 0 hp 917 2472 in 1 0 0 0 882 471 rl 0 np 0
T 1542 1475 951.00 2464.00 18.277 -3.215 18.558 hs 5 hp 940 2560 in 1 0 1 0 610 9981 rl 0 np 0
T 1543 1476 968.00 2461.00 18.277 -2.715 18.478 hs 0 hp 951 2464 in 1 0 0 0 882 471 rl 0 np 0
T 1544 1477 985.00 2460.00 18.352 -1.316 18.399 hs 5 hp 971 2560 in 1 0 1 0 262 9997 rl 0 np 0
T 1545 1478 1002.00 2459.00 18.352 -0.816 18.370 hs 0 hp 985 2460 in 1 0 0 0 882 471 rl 0 np 0
T 1546 1479 1019.00 2460.00 18.293 0.582 18.302 hs 5 hp 999 2560 in 1 0 1 0 -262 9997 rl 0 np 0
T 1547 1480 1036.00 2461.00 18.293 1.082 18.325 hs 0 hp 1019 2460 in 1 0 0 0 -262 9997 rl 0 np 0
T 1548 1481 1053.00 2463.00 18.293 1.582 18.361 hs 0 hp 1036 2461 in 1 0 0 0 -262 9997 rl 0 np 0
T 1549 1482 1070.00 2465.00 18.293 2.082 18.411 hs 5 hp 1105 2560 in 1 0 1 0 4714 8819 rl 0 np 0
T 1550 1483 1087.00 2468.00 18.293 2.582 18.474 hs 0 hp 1070 2465 in 1 0 0 0 -924 -383 rl 0 np 0
T 1551 1484 1104.00 2472.00 18.074 3.977 18.506 hs 5 hp 1078 2560 in 1 0 1 0 -980 9952 rl 0 np 0
T 1552 1485 1121.00 2476.00 18.074 4.477 18.620 hs 0 hp 1104 2472 in 1 0 0 0 -924 -383 rl 0 np 0
T 1553 1486 1138.00 2481.00 18.074 4.977 18.747 hs 0 hp 1121 2476 in 1 0 0 0 -924 -383 rl 0 np 0
T 1554 1487 1155.00 2486.00 18.074 5.477 18.886 hs 4 hp 1171 2363 in 1 0 1 0 2672 -9636 rl 0 np 0
T 1555 1488 1172.00 2489.00 18.516 3.012 18.759 hs 5 hp 1179 2335 in 1 0 1 0 8819 -4714 rl 0 np 0
T 1556 1489 1189.00 2490.00 18.645 0.516 18.652 hs 5 hp 1179 2335 in 1 0 1 0 8819 -4714 rl 0 np 0
T 1557 1490 1206.00 2491.00 18.645 1.016 18.672 hs 0 hp 1189 2490 in 1 0 0 1 -4791 8777 rl 24 np 1
T 1558 1491 1229.00 2485.00 26.727 -6.449 27.494 hs 0 hp 1206 2491 in 1 0 0 0 383 924 rl 23 np 0
E 1558 1491 ex 1168.4 2528.0 tee 1206.0 2491.0 dist 52.7 |f| 11.35
T 1559 1492 1252.00 2479.00 26.727 -5.949 27.381 hs 0 hp 1229 2485 in 1 0 0 0 383 924 rl 22 np 0
T 1560 1493 1275.00 2474.00 26.875 -4.551 27.258 hs 5 hp 1255 2528 in 1 0 1 0 523 9986 rl 21 np 0
T 1561 1494 1298.00 2470.00 26.875 -4.051 27.179 hs 0 hp 1275 2474 in 1 0 0 0 98 995 rl 20 np 0
T 1562 1495 1322.00 2467.00 26.973 -2.652 27.103 hs 5 hp 1300 2528 in 1 0 1 0 349 9994 rl 19 np 0
T 1563 1496 1346.00 2465.00 26.973 -2.152 27.058 hs 0 hp 1322 2467 in 1 0 0 0 -981 -195 rl 18 np 0
T 1564 1497 1370.00 2463.00 26.973 -1.652 27.023 hs 0 hp 1346 2465 in 1 0 0 0 267 -964 rl 17 np 0
T 1565 1498 1394.00 2463.00 26.973 -0.254 26.974 hs 5 hp 1370 2560 in 1 0 1 0 0 10000 rl 16 np 0
T 1566 1499 1418.00 2463.00 26.973 0.246 26.974 hs 0 hp 1394 2463 in 1 0 0 0 267 -964 rl 15 np 0
T 1567 1500 1441.00 2465.00 26.758 1.641 26.808 hs 5 hp 1409 2560 in 1 0 1 0 -958 9954 rl 14 np 0
T 1568 1501 1464.00 2467.00 26.758 2.141 26.843 hs 0 hp 1441 2465 in 1 0 0 0 -958 9954 rl 13 np 0
T 1569 1502 1487.00 2471.00 26.539 3.535 26.773 hs 5 hp 1455 2560 in 1 0 1 0 -980 9952 rl 12 np 0
T 1570 1503 1510.00 2475.00 26.539 4.035 26.844 hs 0 hp 1487 2471 in 1 0 0 0 -980 9952 rl 11 np 0
T 1571 1504 1533.00 2480.00 26.539 4.535 26.924 hs 0 hp 1510 2475 in 1 0 0 0 -980 9952 rl 10 np 0
T 1572 1505 1556.00 2486.00 26.320 5.930 26.980 hs 5 hp 1525 2560 in 1 0 1 0 -980 9952 rl 9 np 0
T 1573 1506 1579.00 2492.00 26.320 6.430 27.094 hs 0 hp 1556 2486 in 1 0 0 0 556 -831 rl 8 np 0
T 1574 1507 1602.00 2499.00 26.320 6.930 27.217 hs 0 hp 1579 2492 in 1 0 0 0 556 -831 rl 7 np 0
T 1575 1508 1625.00 2507.00 25.957 8.316 27.257 hs 5 hp 1592 2560 in 1 0 1 0 -161 987 rl 6 np 0
T 1576 1509 1648.00 2516.00 25.957 8.816 27.413 hs 0 hp 1625 2507 in 1 0 0 0 -161 987 rl 5 np 0
T 1577 1510 1671.00 2525.00 25.957 9.316 27.578 hs 5 hp 1656 2592 in 1 0 1 0 980 9952 rl 4 np 0
T 1578 1511 1693.00 2536.00 25.465 10.695 27.620 hs 5 hp 1656 2592 in 1 0 1 0 7659 -6430 rl 3 np 0
T 1579 1512 1715.00 2547.00 25.465 11.195 27.817 hs 0 hp 1693 2536 in 1 0 0 0 -161 987 rl 2 np 0
T 1580 1513 1737.00 2560.00 24.812 12.555 27.808 hs 5 hp 1695 2612 in 1 0 1 0 -2903 9569 rl 1 np 0
T 1581 1514 1758.00 2573.00 24.812 13.055 28.037 hs 0 hp 1737 2560 in 1 0 0 0 -2903 9569 rl 0 np 0
T 1582 1515 1779.00 2587.00 24.812 13.555 28.273 hs 4 hp 1835 2479 in 1 0 1 0 6344 -7730 rl 0 np 0
T 1583 1516 1800.00 2601.00 24.812 14.055 28.517 hs 4 hp 1886 2417 in 1 0 1 0 773 -634 rl 0 np 0
T 1584 1517 1823.00 2613.00 26.172 11.918 28.758 hs 5 hp 1927 2367 in 1 0 1 0 773 -634 rl 0 np 0
T 1585 1518 1846.00 2623.00 27.281 9.656 28.940 hs 5 hp 1927 2367 in 1 0 1 1 9897 -1433 rl 24 np 1
T 1586 1519 1870.00 2630.00 28.141 7.297 29.071 hs 5 hp 1927 2367 in 1 0 1 0 773 -634 rl 23 np 1
T 1587 1520 1895.00 2635.00 28.746 4.863 29.155 hs 5 hp 1927 2367 in 1 0 1 0 773 -634 rl 22 np 1
T 1588 1521 1920.00 2637.00 29.086 2.383 29.183 hs 5 hp 1927 2367 in 1 0 1 0 773 -634 rl 21 np 1
T 1589 1522 1945.00 2637.00 29.160 -0.117 29.160 hs 5 hp 1927 2367 in 1 0 1 0 773 -634 rl 20 np 1
T 1590 1523 1970.00 2634.00 29.012 -2.609 29.129 hs 5 hp 1927 2367 in 1 0 1 0 773 -634 rl 19 np 1
T 1591 1524 1995.00 2632.00 29.012 -2.109 29.088 hs 5 hp 1927 2367 in 1 0 1 0 773 -634 rl 18 np 1
T 1592 1525 2019.00 2627.00 28.453 -4.516 28.809 hs 5 hp 1927 2367 in 1 0 1 0 773 -634 rl 17 np 1
T 1593 1526 2044.00 2623.00 28.453 -4.016 28.735 hs 0 hp 2019 2627 in 1 0 0 0 773 -634 rl 16 np 1
T 1594 1527 2069.00 2620.00 28.527 -2.617 28.647 hs 5 hp 2047 2720 in 1 0 1 0 262 9997 rl 15 np 1
T 1595 1528 2094.00 2618.00 28.527 -2.117 28.606 hs 0 hp 2069 2620 in 1 0 0 0 -924 383 rl 14 np 1
T 1596 1529 2119.00 2617.00 28.551 -0.719 28.560 hs 5 hp 2095 2688 in 1 0 1 0 87 10000 rl 13 np 1
T 1597 1530 2144.00 2617.00 28.551 -0.219 28.552 hs 0 hp 2119 2617 in 1 0 0 0 -924 383 rl 12 np 1
T 1598 1531 2169.00 2617.00 28.551 0.281 28.552 hs 0 hp 2144 2617 in 1 0 0 0 -924 383 rl 11 np 1
T 1599 1532 2194.00 2618.00 28.551 0.781 28.561 hs 5 hp 2185 2656 in 1 0 1 0 3827 9239 rl 10 np 1
T 1600 1533 2219.00 2619.00 28.551 1.281 28.580 hs 0 hp 2194 2618 in 1 0 0 0 4 1000 rl 9 np 1
T 1601 1534 2244.00 2621.00 28.551 1.781 28.606 hs 0 hp 2219 2619 in 1 0 0 0 4 1000 rl 8 np 1
T 1602 1535 2269.00 2623.00 28.551 2.281 28.642 hs 4 hp 2365 2633 in 1 0 1 0 9952 980 rl 7 np 1
T 1603 1536 2299.00 2620.00 37.164 -2.637 37.257 hs 0 hp 2269 2623 in 1 0 0 0 9952 980 rl 6 np 0
E 1603 1536 ex 2217.2 2655.6 tee 2269.0 2623.0 dist 61.2 |f| 10.17
T 1604 1537 2328.00 2619.00 36.543 -1.273 36.565 hs 5 hp 2270 2720 in 1 0 1 0 -2756 9613 rl 5 np 0
T 1605 1538 2357.00 2618.00 36.543 -0.773 36.551 hs 0 hp 2328 2619 in 1 0 0 0 -2756 9613 rl 4 np 0
T 1606 1539 2386.00 2618.00 36.543 -0.273 36.544 hs 4 hp 2263 2541 in 1 0 1 0 -7730 -6344 rl 3 np 0
T 1607 1540 2415.00 2618.00 36.543 0.227 36.544 hs 4 hp 2201 2490 in 1 0 1 0 0 1000 rl 2 np 0
