T 1523 1456 664.00 2683.00 12.512 -20.551 24.060 hs 4 hp 718 2807 in 1 0 1 0 5299 8480 rl 8 np 0
T 1524 1457 675.00 2663.00 12.512 -20.051 23.634 hs 4 hp 761 2875 in 1 0 1 0 5150 8572 rl 7 np 0
T 1525 1458 687.00 2644.00 13.695 -18.730 23.203 hs 5 hp 800 2937 in 1 0 1 0 556 831 rl 6 np 0
T 1526 1459 700.00 2627.00 14.723 -17.391 22.786 hs 5 hp 800 2937 in 1 0 1 0 556 831 rl 5 np 0
T 1527 1460 713.00 2610.00 14.723 -16.891 22.406 hs 0 hp 700 2627 in 1 0 0 0 556 831 rl 4 np 0
T 1528 1461 727.00 2594.00 15.602 -15.535 22.017 hs 5 hp 736 2679 in 1 0 1 0 3090 9511 rl 3 np 0
T 1529 1462 741.00 2579.00 15.602 -15.035 21.667 hs 0 hp 727 2594 in 1 0 0 0 556 831 rl 2 np 0
T 1530 1463 755.00 2564.00 15.602 -14.535 21.323 hs 5 hp 771 2624 in 1 0 1 0 556 831 rl 1 np 0
T 1531 1464 770.00 2551.00 16.336 -13.164 20.980 hs 5 hp 771 2624 in 1 0 1 0 556 831 rl 0 np 0
T 1532 1465 785.00 2538.00 16.336 -12.664 20.670 hs 0 hp 770 2551 in 1 0 0 0 556 831 rl 0 np 0
T 1533 1466 801.00 2527.00 16.930 -11.285 20.346 hs 5 hp 800 2606 in 1 0 1 0 2079 9781 rl 0 np 0
T 1534 1467 817.00 2516.00 16.930 -10.785 20.073 hs 0 hp 801 2527 in 1 0 0 0 556 831 rl 0 np 0
T 1535 1468 833.00 2507.00 17.426 -9.398 19.799 hs 5 hp 830 2592 in 1 0 1 0 1736 9848 rl 0 np 0
T 1536 1469 849.00 2498.00 17.426 -8.898 19.566 hs 0 hp 833 2507 in 1 0 0 0 556 831 rl 0 np 0
T 1537 1470 866.00 2490.00 17.824 -7.508 19.341 hs 5 hp 858 2560 in 1 0 1 0 1392 9903 rl 0 np 0
T 1538 1471 883.00 2483.00 17.824 -7.008 19.152 hs 0 hp 866 2490 in 1 0 0 0 556 831 rl 0 np 0
T 1539 1472 900.00 2477.00 18.102 -5.613 18.952 hs 5 hp 891 2560 in 1 0 1 0 980 9952 rl 0 np 0
T 1540 1473 917.00 2472.00 18.102 -5.113 18.810 hs 0 hp 900 2477 in 1 0 0 0 980 9952 rl 0 np 0
T 1541 1474 934.00 2467.00 18.102 -4.613 18.680 hs 0 hp 917 2472 in 1 0 0 0 882 471 rl 0 np 0
T 1542 1475 951.00 2464.00 18.277 -3.215 18.558 hs 5 hp 940 2560 in 1 0 1 0 610 9981 rl 0 np 0
T 1543 1476 968.00 2461.00 18.277 -2.715 18.478 hs 0 hp 951 2464 in 1 0 0 0 882 471 rl 0 np 0
T 1544 1477 985.00 2460.00 18.352 -1.316 18.399 hs 5 hp 971 2560 in 1 0 1 0 262 9997 rl 0 np 0
T 1545 1478 1002.00 2459.00 18.352 -0.816 18.370 hs 0 hp 985 2460 in 1 0 0 0 882 471 rl 0 np 0
T 1546 1479 1019.00 2460.00 18.293 0.582 18.302 hs 5 hp 999 2560 in 1 0 1 0 -262 9997 rl 0 np 0
T 1547 1480 1036.00 2461.00 18.293 1.082 18.325 hs 0 hp 1019 2460 in 1 0 0 0 -262 9997 rl 0 np 0
T 1548 1481 1053.00 2463.00 18.293 1.582 18.361 hs 0 hp 1036 2461 in 1 0 0 0 -262 9997 rl 0 np 0
T 1549 1482 1070.00 2465.00 18.293 2.082 18.411 hs 5 hp 1105 2560 in 1 0 1 0 4714 8819 rl 0 np 0
T 1550 1483 1087.00 2468.00 18.293 2.582 18.474 hs 0 hp 1070 2465 in 1 0 0 0 -924 -383 rl 0 np 0
T 1551 1484 1104.00 2472.00 18.074 3.977 18.506 hs 5 hp 1078 2560 in 1 0 1 0 -980 9952 rl 0 np 0
T 1552 1485 1121.00 2476.00 18.074 4.477 18.620 hs 0 hp 1104 2472 in 1 0 0 0 -924 -383 rl 0 np 0
T 1553 1486 1138.00 2481.00 18.074 4.977 18.747 hs 0 hp 1121 2476 in 1 0 0 0 -924 -383 rl 0 np 0
T 1554 1487 1155.00 2486.00 18.074 5.477 18.886 hs 4 hp 1171 2363 in 1 0 1 0 2672 -9636 rl 0 np 0
T 1555 1488 1172.00 2489.00 18.516 3.012 18.759 hs 5 hp 1179 2335 in 1 0 1 0 8819 -4714 rl 0 np 0
T 1556 1489 1189.00 2490.00 18.645 0.516 18.652 hs 5 hp 1179 2335 in 1 0 1 0 8819 -4714 rl 0 np 0
T 1557 1490 1206.00 2491.00 18.645 1.016 18.672 hs 0 hp 1189 2490 in 1 0 0 1 -4791 8777 rl 24 np 1
T 1558 1491 1229.00 2485.00 26.727 -6.449 27.494 hs 0 hp 1206 2491 in 1 0 0 0 383 924 rl 23 np 0
E 1558 1491 ex 1168.4 2528.0 tee 1206.0 2491.0 dist 52.7 |f| 11.35
T 1559 1492 1252.00 2479.00 26.727 -5.949 27.381 hs 0 hp 1229 2485 in 1 0 0 0 383 924 rl 22 np 0
T 1560 1493 1275.00 2474.00 26.875 -4.551 27.258 hs 5 hp 1255 2528 in 1 0 1 0 523 9986 rl 21 np 0
T 1561 1494 1298.00 2470.00 26.875 -4.051 27.179 hs 0 hp 1275 2474 in 1 0 0 0 98 995 rl 20 np 0
T 1562 1495 1322.00 2467.00 26.973 -2.652 27.103 hs 5 hp 1300 2528 in 1 0 1 0 349 9994 rl 19 np 0
T 1563 1496 1346.00 2465.00 26.973 -2.152 27.058 hs 0 hp 1322 2467 in 1 0 0 0 -981 -195 rl 18 np 0
T 1564 1497 1370.00 2463.00 26.973 -1.652 27.023 hs 0 hp 1346 2465 in 1 0 0 0 267 -964 rl 17 np 0
T 1565 1498 1394.00 2463.00 26.973 -0.254 26.974 hs 5 hp 1370 2560 in 1 0 1 0 0 10000 rl 16 np 0
T 1566 1499 1418.00 2463.00 26.973 0.246 26.974 hs 0 hp 1394 2463 in 1 0 0 0 267 -964 rl 15 np 0
T 1567 1500 1441.00 2465.00 26.758 1.641 26.808 hs 5 hp 1409 2560 in 1 0 1 0 -958 9954 rl 14 np 0
T 1568 1501 1464.00 2467.00 26.758 2.141 26.843 hs 0 hp 1441 2465 in 1 0 0 0 -958 9954 rl 13 np 0
T 1569 1502 1487.00 2471.00 26.539 3.535 26.773 hs 5 hp 1455 2560 in 1 0 1 0 -980 9952 rl 12 np 0
T 1570 1503 1510.00 2475.00 26.539 4.035 26.844 hs 0 hp 1487 2471 in 1 0 0 0 -980 9952 rl 11 np 0
T 1571 1504 1533.00 2480.00 26.539 4.535 26.924 hs 0 hp 1510 2475 in 1 0 0 0 -980 9952 rl 10 np 0
T 1572 1505 1556.00 2486.00 26.320 5.930 26.980 hs 5 hp 1525 2560 in 1 0 1 0 -980 9952 rl 9 np 0
T 1573 1506 1579.00 2492.00 26.320 6.430 27.094 hs 0 hp 1556 2486 in 1 0 0 0 556 -831 rl 8 np 0
T 1574 1507 1602.00 2499.00 26.320 6.930 27.217 hs 0 hp 1579 2492 in 1 0 0 0 556 -831 rl 7 np 0
T 1575 1508 1625.00 2507.00 25.957 8.316 27.257 hs 5 hp 1592 2560 in 1 0 1 0 -161 987 rl 6 np 0
T 1576 1509 1648.00 2516.00 25.957 8.816 27.413 hs 0 hp 1625 2507 in 1 0 0 0 -161 987 rl 5 np 0
T 1577 1510 1670.00 2526.00 25.305 10.176 27.274 hs 5 hp 1631 2571 in 1 0 1 0 -2903 9569 rl 4 np 0
T 1578 1511 1692.00 2537.00 25.305 10.676 27.465 hs 0 hp 1670 2526 in 1 0 0 0 -161 987 rl 3 np 0
T 1579 1512 1714.00 2548.00 25.305 11.176 27.663 hs 0 hp 1692 2537 in 1 0 0 0 -161 987 rl 2 np 0
T 1580 1513 1735.00 2561.00 24.652 12.535 27.656 hs 5 hp 1695 2609 in 1 0 1 0 -2903 9569 rl 1 np 0
T 1581 1514 1756.00 2574.00 24.652 13.035 27.886 hs 0 hp 1735 2561 in 1 0 0 0 -2903 9569 rl 0 np 0
T 1582 1515 1777.00 2588.00 24.652 13.535 28.124 hs 4 hp 1833 2480 in 1 0 1 0 6344 -7730 rl 0 np 0
T 1583 1516 1798.00 2602.00 24.652 14.035 28.368 hs 4 hp 1884 2418 in 1 0 1 0 773 -634 rl 0 np 0
T 1584 1517 1820.00 2614.00 26.012 11.898 28.604 hs 5 hp 1926 2367 in 1 0 1 0 773 -634 rl 0 np 0
T 1585 1518 1843.00 2624.00 27.137 9.641 28.798 hs 5 hp 1926 2367 in 1 0 1 0 773 -634 rl 0 np 0
T 1586 1519 1867.00 2631.00 28.012 7.285 28.944 hs 5 hp 1926 2367 in 1 0 1 0 773 -634 rl 0 np 0
T 1587 1520 1892.00 2636.00 28.633 4.855 29.042 hs 5 hp 1926 2367 in 1 0 1 0 773 -634 rl 0 np 0
T 1588 1521 1917.00 2638.00 28.988 2.379 29.086 hs 5 hp 1926 2367 in 1 0 1 0 773 -634 rl 0 np 0
T 1589 1522 1942.00 2638.00 29.082 -0.121 29.082 hs 5 hp 1926 2367 in 1 0 1 0 773 -634 rl 0 np 0
T 1590 1523 1967.00 2635.00 28.949 -2.617 29.067 hs 5 hp 1926 2367 in 1 0 1 0 773 -634 rl 0 np 0
T 1591 1524 1992.00 2633.00 28.949 -2.117 29.027 hs 5 hp 1926 2367 in 1 0 1 0 773 -634 rl 0 np 0
T 1592 1525 2016.00 2628.00 28.406 -4.527 28.765 hs 5 hp 1926 2367 in 1 0 1 0 773 -634 rl 0 np 0
T 1593 1526 2040.00 2624.00 28.406 -4.027 28.690 hs 0 hp 2016 2628 in 1 0 0 0 773 -634 rl 0 np 0
T 1594 1527 2064.00 2620.00 28.406 -3.527 28.624 hs 0 hp 2040 2624 in 1 0 0 1 9889 -1484 rl 24 np 1
T 1595 1528 2089.00 2618.00 28.480 -2.129 28.560 hs 5 hp 2066 2688 in 1 0 1 0 262 9997 rl 23 np 1
T 1596 1529 2114.00 2616.00 28.480 -1.629 28.527 hs 0 hp 2089 2618 in 1 0 0 0 -924 383 rl 22 np 1
T 1597 1530 2139.00 2616.00 28.480 -0.230 28.481 hs 5 hp 2114 2688 in 1 0 1 0 0 10000 rl 21 np 1
T 1598 1531 2164.00 2616.00 28.480 0.270 28.482 hs 0 hp 2139 2616 in 1 0 0 0 -924 383 rl 20 np 1
T 1599 1532 2189.00 2617.00 28.480 0.770 28.491 hs 4 hp 2285 2628 in 1 0 1 0 9952 980 rl 19 np 1
T 1600 1533 2214.00 2618.00 28.480 1.270 28.509 hs 0 hp 2189 2617 in 1 0 0 0 4 1000 rl 18 np 1
T 1601 1534 2239.00 2620.00 28.480 1.770 28.535 hs 4 hp 2226 2497 in 1 0 1 0 980 -9952 rl 17 np 1
T 1602 1535 2264.00 2622.00 28.480 2.270 28.571 hs 0 hp 2239 2620 in 1 0 0 0 4 1000 rl 16 np 1
T 1603 1536 2289.00 2625.00 28.480 2.770 28.615 hs 4 hp 2276 2743 in 1 0 1 0 980 9952 rl 15 np 1
T 1604 1537 2313.00 2629.00 28.355 4.168 28.660 hs 5 hp 2280 2784 in 1 0 1 0 -7730 6344 rl 14 np 1
T 1605 1538 2337.00 2635.00 27.887 5.547 28.433 hs 5 hp 2280 2784 in 1 0 1 0 431 9991 rl 13 np 1
T 1606 1539 2360.00 2642.00 27.082 6.887 27.944 hs 5 hp 2280 2784 in 1 0 1 0 431 9991 rl 12 np 1
T 1607 1540 2383.00 2649.00 27.082 7.387 28.071 hs 0 hp 2360 2642 in 1 0 0 0 431 9991 rl 11 np 1
T 1608 1541 2406.00 2657.00 27.082 7.887 28.207 hs 4 hp 2371 2770 in 1 0 1 0 -980 9952 rl 10 np 1
T 1609 1542 2429.00 2666.00 26.590 9.266 28.158 hs 5 hp 2363 2848 in 1 0 1 0 0 1000 rl 9 np 1
T 1610 1543 2449.00 2677.00 0.000 10.613 10.613 hs 5 hp 2363 2848 in 1 0 1 0 0 1000 rl 8 np 1
T 1611 1544 2449.00 2689.00 0.488 11.918 11.928 hs 5 hp 2363 2848 in 1 0 1 0 0 1000 rl 7 np 1
T 1612 1545 2449.00 2702.00 0.000 13.211 13.211 hs 5 hp 2363 2848 in 1 0 1 0 0 1000 rl 6 np 1
T 1613 1546 2449.00 2716.00 0.359 14.488 14.493 hs 5 hp 2363 2848 in 1 0 1 0 -2587 9660 rl 5 np 1
T 1614 1547 2447.00 2742.00 -2.293 26.246 26.346 hs 0 hp 2449 2716 in 1 0 0 0 -2587 9660 rl 4 np 0
E 1614 1547 ex 2463.5 2676.6 tee 2449.0 2716.0 dist 42.0 |f| 12.00
T 1615 1548 2446.00 2769.00 -0.793 26.746 26.758 hs 4 hp 2568 2730 in 1 0 1 0 9952 -980 rl 3 np 0
T 1616 1549 2447.00 2796.00 0.707 27.246 27.255 hs 0 hp 2446 2769 in 1 0 0 0 9952 -980 rl 2 np 0
T 1617 1550 2449.00 2824.00 2.207 27.746 27.834 hs 4 hp 2569 2796 in 1 0 1 0 10000 0 rl 1 np 0
T 1618 1551 2455.00 2852.00 6.504 27.668 28.422 hs 5 hp 2592 2796 in 1 0 1 0 -290 957 rl 0 np 0
T 1619 1552 2463.00 2879.00 9.141 27.031 28.535 hs 5 hp 2592 2796 in 1 0 1 0 471 -882 rl 0 np 0
T 1620 1553 2473.00 2905.00 11.539 25.906 28.360 hs 5 hp 2592 2796 in 1 0 1 0 471 -882 rl 0 np 0
T 1621 1554 2483.00 2931.00 11.539 26.406 28.817 hs 0 hp 2473 2905 in 1 0 0 0 471 -882 rl 0 np 0
T 1622 1555 2493.00 2958.00 11.539 26.906 29.276 hs 4 hp 2600 2896 in 1 0 1 0 9569 -2903 rl 0 np 0
T 1623 1556 2505.00 2984.00 14.059 26.004 29.561 hs 5 hp 2624 2889 in 1 0 1 0 383 -924 rl 0 np 0
T 1624 1557 2519.00 3009.00 16.285 24.633 29.529 hs 5 hp 2624 2889 in 1 0 1 1 -8694 4940 rl 24 np 1
T 1625 1558 2542.00 3032.00 29.020 22.949 36.997 hs 5 hp 2624 2889 in 1 0 1 0 -195 981 rl 23 np 0
E 1625 1558 ex 2462.7 3008.6 tee 2519.0 3009.0 dist 56.3 |f| 10.86
T 1626 1559 2565.00 3055.00 29.020 23.449 37.310 hs 0 hp 2542 3032 in 1 0 0 0 -195 981 rl 22 np 0
T 1627 1560 2587.00 3080.00 27.957 24.742 37.333 hs 5 hp 2522 3136 in 1 0 1 0 -4714 8819 rl 21 np 0
T 1628 1561 2609.00 3105.00 27.957 25.242 37.666 hs 0 hp 2587 3080 in 1 0 0 0 -195 981 rl 20 np 0
T 1629 1562 2631.00 3131.00 27.957 25.742 38.003 hs 0 hp 2609 3105 in 1 0 0 0 882 -471 rl 19 np 0
T 1630 1563 2655.00 3155.00 29.691 23.863 38.092 hs 5 hp 2702 3039 in 1 0 1 0 6088 -7934 rl 18 np 0
T 1631 1564 2679.00 3179.00 29.691 24.363 38.408 hs 0 hp 2655 3155 in 1 0 0 0 882 -471 rl 17 np 0
T 1632 1565 2703.00 3204.00 29.691 24.863 38.727 hs 4 hp 2558 3167 in 1 0 1 0 -9952 -980 rl 16 np 0
T 1633 1566 2724.00 3229.00 25.414 24.699 35.439 hs 5 hp 2527 3164 in -1 0 1 0 -9952 -980 rl 15 np 0
T 1634 1567 2745.00 3254.00 25.414 25.199 35.789 hs 0 hp 2724 3229 in 1 0 0 0 541 841 rl 14 np 0
T 1635 1568 2765.00 3280.00 23.914 25.699 35.105 hs 0 hp 2745 3254 in -1 0 0 0 541 841 rl 13 np 0
T 1636 1569 2784.00 3306.00 23.914 26.199 35.472 hs 4 hp 2878 3234 in 1 0 1 0 9245 -3811 rl 12 np 0
T 1637 1570 2803.00 3333.00 22.719 26.699 35.057 hs 4 hp 2952 3203 in 0 0 1 0 9245 -3811 rl 11 np 0
T 1638 1571 2822.00 3358.00 23.301 25.262 34.367 hs 5 hp 2961 3199 in 0 0 1 0 9245 -3811 rl 10 np 0
T 1639 1572 2843.00 3382.00 25.176 23.504 34.442 hs 5 hp 2961 3199 in 1 0 1 0 831 -556 rl 9 np 0
T 1640 1573 2865.00 3403.00 26.719 21.484 34.285 hs 5 hp 2961 3199 in 1 0 1 0 831 -556 rl 8 np 0
T 1641 1574 2888.00 3422.00 27.934 19.270 33.935 hs 5 hp 2961 3199 in 1 0 1 0 831 -556 rl 7 np 0
T 1642 1575 2912.00 3439.00 28.820 16.918 33.419 hs 5 hp 2961 3199 in 1 0 1 0 831 -556 rl 6 np 0
T 1643 1576 2936.00 3453.00 29.391 14.480 32.764 hs 5 hp 2961 3199 in 1 0 1 0 831 -556 rl 5 np 0
T 1644 1577 2961.00 3465.00 29.668 11.996 32.001 hs 5 hp 2961 3199 in 1 0 1 0 831 -556 rl 4 np 0
T 1645 1578 2986.00 3474.00 29.668 9.496 31.151 hs 5 hp 2961 3199 in 1 0 1 0 831 -556 rl 3 np 0
T 1646 1579 3011.00 3481.00 29.465 7.008 30.287 hs 5 hp 2961 3199 in 1 0 1 0 831 -556 rl 2 np 0
T 1647 1580 3036.00 3486.00 29.070 4.555 29.425 hs 5 hp 2961 3199 in 1 0 1 0 831 -556 rl 1 np 0
T 1648 1581 3060.00 3474.00 29.070 -12.000 31.450 hs 5 hp 2961 3199 in 1 1 1 0 831 -556 rl 0 np 0
T 1649 1582 3085.00 3463.00 29.070 -11.500 31.262 hs 5 hp 2961 3199 in 1 1 1 0 831 -556 rl 0 np 0
T 1650 1583 3110.00 3452.00 29.070 -11.000 31.082 hs 5 hp 2961 3199 in 1 1 1 0 831 -556 rl 0 np 0
T 1651 1584 3133.00 3439.00 26.477 -13.086 29.534 hs 5 hp 2961 3199 in 0 0 1 0 831 -556 rl 0 np 0
T 1652 1585 3155.00 3424.00 25.164 -15.023 29.308 hs 5 hp 2961 3199 in 1 0 1 1 7842 -6205 rl 24 np 1
T 1653 1586 3175.00 3407.00 23.695 -16.797 29.045 hs 5 hp 2961 3199 in 1 0 1 0 831 -556 rl 23 np 1
T 1654 1587 3194.00 3389.00 22.082 -18.387 28.735 hs 5 hp 2961 3199 in 1 0 1 0 831 -556 rl 22 np 1
T 1655 1588 3212.00 3369.00 20.340 -19.781 28.373 hs 5 hp 2961 3199 in 1 0 1 0 831 -556 rl 21 np 1
T 1656 1589 3228.00 3348.00 18.477 -20.965 27.945 hs 5 hp 2961 3199 in 1 0 1 0 831 -556 rl 20 np 1
T 1657 1590 3242.00 3326.00 16.512 -21.926 27.448 hs 5 hp 2961 3199 in 1 0 1 0 831 -556 rl 19 np 1
T 1658 1591 3255.00 3303.00 14.461 -22.660 26.881 hs 5 hp 2961 3199 in 1 0 1 0 831 -556 rl 18 np 1
T 1659 1592 3265.00 3269.00 12.328 -33.926 36.096 hs 5 hp 2961 3199 in 1 0 1 0 831 -556 rl 17 np 0
E 1659 1592 ex 3263.6 3350.5 tee 3255.0 3303.0 dist 48.3 |f| 11.96
T 1660 1593 3273.00 3235.00 10.137 -34.098 35.573 hs 5 hp 2961 3199 in 1 0 1 0 831 -556 rl 16 np 0
T 1661 1594 3281.00 3201.00 10.137 -33.598 35.094 hs 0 hp 3273 3235 in 1 0 0 0 3827 9239 rl 15 np 0
T 1662 1595 3288.00 3167.00 7.930 -33.672 34.593 hs 5 hp 3199 3185 in 1 0 1 0 -9816 -1908 rl 14 np 0
T 1663 1596 3295.00 3134.00 7.930 -33.172 34.106 hs 0 hp 3288 3167 in 1 0 0 0 1045 9945 rl 13 np 0
T 1664 1597 3300.00 3101.00 5.703 -33.117 33.605 hs 5 hp 3199 3120 in 1 0 1 0 -9890 -1478 rl 12 np 0
T 1665 1598 3305.00 3068.00 5.703 -32.617 33.112 hs 0 hp 3300 3101 in 1 0 0 0 1045 9945 rl 11 np 0
T 1666 1599 3308.00 3036.00 3.465 -32.430 32.614 hs 5 hp 3199 3057 in 1 0 1 0 -9945 -1045 rl 10 np 0
T 1667 1600 3312.00 3004.00 4.965 -31.930 32.313 hs 0 hp 3308 3036 in 1 0 0 0 9239 -3827 rl 9 np 0
T 1668 1601 3316.00 2973.00 5.000 -31.430 31.825 hs 0 hp 3312 3004 in 1 0 0 0 9239 -3827 rl 8 np 0
T 1669 1602 3320.00 2942.00 4.750 -30.930 31.292 hs 0 hp 3316 2973 in 0 0 0 0 9239 -3827 rl 7 np 0
T 1670 1603 3322.00 2911.00 2.758 -30.691 30.815 hs 5 hp 3199 2931 in 1 0 1 0 -9962 -872 rl 6 np 0
T 1671 1604 3326.00 2881.00 4.258 -30.191 30.490 hs 0 hp 3322 2911 in 1 0 0 0 98 995 rl 5 np 0
T 1672 1605 3332.00 2852.00 7.363 -29.188 30.102 hs 5 hp 3424 2947 in 1 0 1 0 8290 5592 rl 4 np 0
T 1673 1606 3338.00 2823.00 7.363 -28.688 29.617 hs 0 hp 3332 2852 in 1 0 0 0 98 995 rl 3 np 0
T 1674 1607 3346.00 2795.00 9.395 -27.559 29.116 hs 5 hp 3424 2907 in 1 0 1 0 7133 7009 rl 2 np 0
T 1675 1608 3356.00 2769.00 11.023 -26.320 28.536 hs 5 hp 3424 2907 in 1 0 1 0 98 995 rl 1 np 0
T 1676 1609 3366.00 2743.00 11.023 -25.820 28.075 hs 0 hp 3356 2769 in 1 0 0 0 98 995 rl 0 np 0
T 1677 1610 3376.00 2718.00 11.965 -24.645 27.395 hs 5 hp 3424 2808 in 0 0 1 0 6626 7490 rl 0 np 0
T 1678 1611 3388.00 2695.00 13.305 -23.352 26.876 hs 5 hp 3424 2808 in 1 0 1 0 98 995 rl 0 np 0
T 1679 1612 3400.00 2672.00 13.305 -22.852 26.443 hs 0 hp 3388 2695 in 1 0 0 0 98 995 rl 0 np 0
T 1680 1613 3413.00 2650.00 14.555 -21.543 25.999 hs 5 hp 3424 2721 in 1 0 1 0 4384 8988 rl 0 np 0
T 1681 1614 3426.00 2629.00 14.555 -21.043 25.586 hs 0 hp 3413 2650 in 1 0 0 0 829 559 rl 0 np 0
T 1682 1615 3440.00 2609.00 15.645 -19.711 25.165 hs 5 hp 3464 2720 in 1 0 1 0 3827 9239 rl 0 np 0
T 1683 1616 3454.00 2590.00 15.645 -19.211 24.775 hs 0 hp 3440 2609 in 1 0 0 0 829 559 rl 0 np 0
T 1684 1617 3469.00 2572.00 16.598 -17.863 24.384 hs 5 hp 3489 2688 in 1 0 1 0 3338 9426 rl 0 np 0
T 1685 1618 3484.00 2555.00 16.598 -17.363 24.020 hs 0 hp 3469 2572 in 1 0 0 0 829 559 rl 0 np 0
T 1686 1619 3499.00 2538.00 16.598 -16.863 23.661 hs 4 hp 3533 2667 in 1 0 1 0 3987 9171 rl 0 np 0
T 1687 1620 3515.00 2523.00 17.383 -15.500 23.290 hs 5 hp 3542 2688 in 1 0 1 0 2284 9736 rl 0 np 0
T 1688 1621 3531.00 2508.00 17.383 -15.000 22.960 hs 0 hp 3515 2523 in 1 0 0 0 2284 9736 rl 0 np 0
T 1689 1622 3547.00 2493.00 17.383 -14.500 22.637 hs 5 hp 3559 2560 in 1 0 1 0 471 882 rl 0 np 0
T 1690 1623 3563.00 2479.00 17.383 -14.000 22.320 hs 0 hp 3547 2493 in 1 0 0 0 98 995 rl 0 np 0
T 1691 1624 3579.00 2466.00 17.383 -13.500 22.009 hs 4 hp 3620 2587 in 1 0 1 0 471 882 rl 0 np 0
