T 1075 1008 5392.00 1915.00 30.234 -8.152 31.314 hs 4 hp 5391 2043 in 1 0 1 0 1999 9798 rl 21 np 0
T 1076 1009 5418.00 1907.00 30.234 -7.652 31.188 hs 4 hp 5407 2121 in 1 0 1 0 1999 9798 rl 20 np 0
T 1077 1010 5444.00 1901.00 30.125 -6.254 30.767 hs 5 hp 5408 2124 in 1 0 1 0 1999 9798 rl 19 np 0
T 1078 1011 5470.00 1895.00 30.125 -5.754 30.670 hs 0 hp 5444 1901 in 1 0 0 0 195 981 rl 18 np 0
T 1079 1012 5496.00 1890.00 30.125 -5.254 30.580 hs 0 hp 5470 1895 in 1 0 0 0 195 981 rl 17 np 0
T 1080 1013 5522.00 1886.00 30.223 -3.855 30.468 hs 5 hp 5498 1952 in 1 0 1 0 349 9994 rl 16 np 0
T 1081 1014 5548.00 1883.00 30.223 -3.355 30.408 hs 0 hp 5522 1886 in 1 0 0 0 0 1000 rl 15 np 0
T 1082 1015 5574.00 1881.00 30.066 -1.957 30.130 hs 5 hp 5541 1984 in 1 0 1 0 -698 9976 rl 14 np 0
T 1083 1016 5600.00 1880.00 30.066 -1.457 30.102 hs 0 hp 5574 1881 in 1 0 0 0 0 1000 rl 13 np 0
T 1084 1017 5626.00 1879.00 30.066 -0.957 30.082 hs 4 hp 5658 1988 in 1 0 1 0 4714 8819 rl 12 np 0
T 1085 1018 5652.00 1879.00 30.066 -0.457 30.070 hs 4 hp 5696 2059 in 1 0 1 0 4714 8819 rl 11 np 0
T 1086 1019 5678.00 1879.00 30.066 0.043 30.066 hs 5 hp 5724 2112 in 1 0 1 0 4714 8819 rl 10 np 0
T 1087 1020 5704.00 1880.00 30.066 0.543 30.071 hs 0 hp 5678 1879 in 1 0 0 0 -98 995 rl 9 np 0
T 1088 1021 5730.00 1881.00 30.066 1.043 30.084 hs 4 hp 5790 1794 in 1 0 1 0 7071 -7071 rl 8 np 0
T 1089 1022 5756.00 1883.00 30.066 1.543 30.106 hs 4 hp 5847 1737 in 1 0 1 0 7071 -7071 rl 7 np 0
T 1090 1023 5782.00 1885.00 30.066 2.043 30.136 hs 4 hp 5904 1680 in 1 0 1 0 773 -634 rl 6 np 0
T 1091 1024 5808.00 1888.00 30.066 2.543 30.174 hs 5 hp 5953 1631 in 1 0 1 0 773 -634 rl 5 np 0
T 1092 1025 5834.00 1891.00 30.066 3.043 30.220 hs 0 hp 5808 1888 in 1 0 0 0 773 -634 rl 4 np 0
T 1093 1026 5860.00 1895.00 30.066 3.543 30.274 hs 4 hp 5869 1774 in 1 0 1 0 2873 -9578 rl 3 np 0
T 1094 1027 5886.00 1899.00 30.066 4.043 30.337 hs 4 hp 5892 1697 in 1 0 1 0 2873 -9578 rl 2 np 0
T 1095 1028 5912.00 1901.00 30.340 1.559 30.380 hs 5 hp 5912 1631 in 1 0 1 0 2903 -9569 rl 1 np 0
T 1096 1029 5938.00 1900.00 30.340 -0.941 30.354 hs 5 hp 5912 1631 in 1 0 1 0 2903 -9569 rl 0 np 0
T 1097 1030 5970.00 1894.00 40.887 -6.160 41.348 hs 0 hp 5938 1900 in 1 0 0 1 -8819 4714 rl 24 np 0
E 1097 1030 ex 5901.8 1919.6 tee 5938.0 1900.0 dist 41.1 |f| 12.00
T 1098 1031 6002.00 1888.00 40.887 -5.660 41.277 hs 0 hp 5970 1894 in 1 0 0 1 -8819 4714 rl 23 np 0
T 1099 1032 6034.00 1883.00 40.887 -5.160 41.211 hs 4 hp 6123 1900 in 1 0 1 0 9952 980 rl 22 np 0
T 1100 1033 6066.00 1878.00 40.887 -4.660 41.151 hs 0 hp 6034 1883 in 1 0 0 1 -8819 4714 rl 21 np 0
T 1101 1034 6098.00 1874.00 40.887 -4.160 41.098 hs 4 hp 6124 1770 in 1 0 1 0 4722 -8815 rl 20 np 0
T 1102 1035 6130.00 1870.00 40.887 -3.660 41.050 hs 0 hp 6098 1874 in 1 0 0 1 -9190 3942 rl 19 np 0
T 1103 1036 6162.00 1867.00 40.887 -3.160 41.009 hs 4 hp 6165 1753 in 1 0 1 0 2903 -9569 rl 18 np 0
T 1104 1037 6194.00 1864.00 40.887 -2.660 40.973 hs 4 hp 6188 1676 in 1 0 1 0 1630 -9866 rl 17 np 0
T 1105 1038 6226.00 1862.00 40.887 -2.160 40.944 hs 5 hp 6202 1631 in 1 0 1 0 1630 -9866 rl 16 np 0
T 1106 1039 6258.00 1857.00 40.652 -4.645 40.917 hs 5 hp 6202 1631 in 1 0 1 0 1650 -9863 rl 15 np 0
T 1107 1040 6290.00 1853.00 40.652 -4.145 40.863 hs 0 hp 6258 1857 in 1 0 0 0 383 -924 rl 14 np 0
T 1108 1041 6322.00 1849.00 40.652 -3.645 40.815 hs 4 hp 6411 1865 in 1 0 1 0 9952 980 rl 13 np 0
T 1109 1042 6354.00 1846.00 40.652 -3.145 40.774 hs 4 hp 6491 1873 in 1 0 1 0 9952 980 rl 12 np 0
T 1110 1043 6386.00 1843.00 40.652 -2.645 40.738 hs 0 hp 6354 1846 in 1 0 0 0 383 -924 rl 11 np 0
T 1111 1044 6418.00 1841.00 40.652 -2.145 40.709 hs 5 hp 6419 1952 in 1 0 1 0 2898 9571 rl 10 np 0
T 1112 1045 6450.00 1839.00 40.652 -1.645 40.686 hs 0 hp 6418 1841 in 1 0 0 0 -831 556 rl 9 np 0
T 1113 1046 6482.00 1838.00 40.652 -1.145 40.668 hs 4 hp 6462 1718 in 1 0 1 0 980 -9952 rl 8 np 0
T 1114 1047 6514.00 1837.00 40.652 -0.645 40.657 hs 0 hp 6482 1838 in 1 0 0 0 -831 556 rl 7 np 0
T 1115 1048 6546.00 1837.00 40.652 -0.145 40.653 hs 4 hp 6608 1760 in 1 0 1 0 7730 -6344 rl 6 np 0
T 1116 1049 6578.00 1837.00 40.652 0.355 40.654 hs 4 hp 6670 1709 in 1 0 1 0 195 -981 rl 5 np 0
T 1117 1050 6610.00 1838.00 40.652 0.855 40.661 hs 4 hp 6732 1658 in 1 0 1 0 195 -981 rl 4 np 0
T 1118 1051 6642.00 1839.00 40.652 1.355 40.675 hs 4 hp 6794 1607 in 1 0 1 0 195 -981 rl 3 np 0
T 1119 1052 6674.00 1841.00 40.652 1.855 40.695 hs 5 hp 6803 1599 in 1 0 1 0 -4714 -8819 rl 2 np 0
T 1120 1053 6706.00 1843.00 40.652 2.355 40.721 hs 5 hp 6803 1599 in 1 0 1 0 -4714 -8819 rl 1 np 0
T 1121 1054 6738.00 1846.00 40.652 2.855 40.753 hs 5 hp 6803 1599 in 1 0 1 0 882 471 rl 0 np 0
T 1122 1055 6770.00 1849.00 40.652 3.355 40.791 hs 5 hp 6803 1599 in 1 0 1 1 -1899 9818 rl 24 np 1
T 1123 1056 6805.00 1845.00 48.547 -3.754 48.692 hs 5 hp 6803 1599 in 1 0 1 0 2903 -9569 rl 23 np 0
E 1123 1056 ex 6730.0 1887.5 tee 6770.0 1849.0 dist 55.5 |f| 10.97
T 1124 1057 6840.00 1842.00 48.547 -3.254 48.656 hs 5 hp 6803 1599 in 1 0 1 0 -987 -9951 rl 22 np 0
T 1125 1058 6875.00 1839.00 48.547 -2.754 48.625 hs 0 hp 6840 1842 in 1 0 0 0 -383 924 rl 21 np 0
T 1126 1059 6910.00 1837.00 48.547 -2.254 48.599 hs 4 hp 6863 1718 in 1 0 1 0 -987 -9951 rl 20 np 0
T 1127 1060 6945.00 1835.00 48.547 -1.754 48.579 hs 4 hp 6855 1638 in 1 0 1 0 -98 -995 rl 19 np 0
T 1128 1061 6979.00 1820.00 47.715 -14.789 49.954 hs 5 hp 6851 1599 in 1 1 1 0 -98 -995 rl 18 np 0
T 1129 1062 7013.00 1803.00 46.586 -16.887 49.552 hs 5 hp 6851 1599 in 1 0 1 0 -98 -995 rl 17 np 0
T 1130 1063 7046.00 1784.00 45.188 -18.734 48.917 hs 5 hp 6851 1599 in 1 1 1 0 -98 -995 rl 16 np 0
T 1131 1064 7079.00 1766.00 45.188 -18.234 48.728 hs 0 hp 7046 1784 in 1 0 0 0 -98 -995 rl 15 np 0
T 1132 1065 7112.00 1748.00 45.188 -17.734 48.543 hs 4 hp 7043 1649 in 1 0 1 0 -2924 -9563 rl 14 np 0
T 1133 1066 7144.00 1728.00 44.078 -19.844 48.339 hs 5 hp 7028 1599 in 1 0 1 0 -771 -9970 rl 13 np 0
T 1134 1067 7175.00 1706.00 42.574 -21.574 47.729 hs 5 hp 7028 1599 in 1 0 1 0 -2756 -9613 rl 12 np 0
T 1135 1068 7206.00 1685.00 42.574 -21.074 47.505 hs 0 hp 7175 1706 in 1 0 0 0 -383 -924 rl 11 np 0
T 1136 1069 7236.00 1662.00 41.285 -23.031 47.275 hs 5 hp 7146 1599 in 1 0 1 0 -5736 -8192 rl 10 np 0
T 1137 1070 7266.00 1639.00 41.285 -22.531 47.033 hs 0 hp 7236 1662 in 1 0 0 0 -383 -924 rl 9 np 0
T 1138 1071 7296.00 1615.00 39.914 -24.410 46.787 hs 5 hp 7231 1594 in 1 0 1 0 -6088 -7934 rl 8 np 0
T 1139 1072 7326.00 1591.00 39.914 -23.910 46.528 hs 0 hp 7296 1615 in 1 0 0 0 -537 -843 rl 7 np 0
T 1140 1073 7355.00 1565.00 38.469 -25.707 46.268 hs 5 hp 7279 1535 in 1 0 1 0 -6428 -7660 rl 6 np 0
T 1141 1074 7384.00 1540.00 38.469 -25.207 45.992 hs 0 hp 7355 1565 in 1 0 0 0 -602 -799 rl 5 np 0
T 1142 1075 7411.00 1514.00 36.484 -26.121 44.871 hs 5 hp 7316 1503 in 1 0 1 0 -8819 -4714 rl 4 np 0
T 1143 1076 7438.00 1488.00 36.484 -25.621 44.582 hs 0 hp 7411 1514 in 1 0 0 0 -602 -799 rl 3 np 0
T 1144 1077 7466.00 1464.00 37.051 -24.238 44.275 hs 5 hp 7456 1575 in 1 0 1 0 1994 9799 rl 2 np 0
T 1145 1078 7494.00 1440.00 37.051 -23.738 44.003 hs 0 hp 7466 1464 in 1 0 0 0 -602 -799 rl 1 np 0
T 1146 1079 7523.00 1422.00 37.570 0.000 37.570 hs 5 hp 7512 1536 in 1 0 1 0 1822 9833 rl 0 np 0
T 1147 1080 7553.00 1423.00 37.355 1.395 37.381 hs 5 hp 7512 1536 in 1 0 1 0 1822 9833 rl 0 np 0
T 1148 1081 7586.00 1434.00 45.078 11.223 46.454 hs 5 hp 7512 1536 in 1 0 1 1 -7071 -7071 rl 24 np 0
E 1148 1081 ex 7537.4 1407.5 tee 7553.0 1423.0 dist 22.0 |f| 12.00
T 1149 1082 7619.00 1446.00 45.078 11.723 46.577 hs 0 hp 7586 1434 in 1 0 0 0 -7071 -7071 rl 23 np 0
T 1150 1083 7652.00 1458.00 45.078 12.223 46.706 hs 0 hp 7619 1446 in 1 0 0 1 -7071 -7071 rl 22 np 0
T 1151 1084 7685.00 1471.00 45.078 12.723 46.839 hs 4 hp 7617 1575 in 1 0 1 0 -2903 9569 rl 21 np 0
T 1152 1085 7718.00 1484.00 45.078 13.223 46.977 hs 0 hp 7685 1471 in 1 0 0 1 -7071 -7071 rl 20 np 0
T 1153 1086 7751.00 1498.00 45.078 13.723 47.121 hs 0 hp 7718 1484 in 1 0 0 0 773 -634 rl 19 np 0
T 1154 1087 7785.00 1509.00 45.863 11.340 47.244 hs 5 hp 7776 1412 in 1 0 1 0 2756 -9613 rl 18 np 0
T 1155 1088 7819.00 1521.00 45.863 11.840 47.367 hs 0 hp 7785 1509 in 1 0 0 0 773 -634 rl 17 np 0
T 1156 1089 7853.00 1530.00 46.457 9.406 47.400 hs 5 hp 7830 1471 in 1 0 1 0 2079 -9781 rl 16 np 0
T 1157 1090 7887.00 1540.00 46.457 9.906 47.501 hs 0 hp 7853 1530 in 1 0 0 0 -773 634 rl 15 np 0
T 1158 1091 7922.00 1547.00 46.926 7.449 47.513 hs 5 hp 7899 1471 in 1 0 1 0 1650 -9863 rl 14 np 0
T 1159 1092 7956.00 1555.00 46.926 7.949 47.594 hs 0 hp 7922 1547 in 1 0 0 0 98 -995 rl 13 np 0
T 1160 1093 7991.00 1560.00 47.297 5.477 47.613 hs 5 hp 7967 1471 in 1 0 1 0 1305 -9914 rl 12 np 0
T 1161 1094 8026.00 1566.00 47.297 5.977 47.673 hs 0 hp 7991 1560 in 1 0 0 0 98 -995 rl 11 np 0
T 1162 1095 8061.00 1572.00 47.297 6.477 47.738 hs 0 hp 8026 1566 in 1 0 0 0 98 -995 rl 10 np 0
T 1163 1096 8096.00 1579.00 47.297 6.977 47.809 hs 4 hp 8138 1478 in 1 0 1 0 6344 -7730 rl 9 np 0
T 1164 1097 8131.00 1586.00 47.297 7.477 47.884 hs 4 hp 8189 1416 in 1 0 1 0 4714 -8819 rl 8 np 0
T 1165 1098 8166.00 1594.00 47.297 7.977 47.965 hs 0 hp 8131 1586 in 1 0 0 0 4714 -8819 rl 7 np 0
T 1166 1099 8201.00 1602.00 47.297 8.477 48.050 hs 4 hp 8201 1477 in 1 0 1 0 2903 -9569 rl 6 np 0
T 1167 1100 8236.00 1608.00 47.605 5.992 47.981 hs 5 hp 8222 1407 in 1 0 1 0 634 -773 rl 5 np 0
T 1168 1101 8271.00 1614.00 47.605 6.492 48.046 hs 0 hp 8236 1608 in 1 0 0 0 634 -773 rl 4 np 0
T 1169 1102 8306.00 1621.00 47.605 6.992 48.116 hs 0 hp 8271 1614 in 1 0 0 0 3131 -9497 rl 3 np 0
T 1170 1103 8341.00 1625.00 47.703 4.492 47.914 hs 5 hp 8310 1503 in 1 0 1 0 349 -9994 rl 2 np 0
T 1171 1104 8376.00 1630.00 47.703 4.992 47.964 hs 0 hp 8341 1625 in 1 0 0 0 3131 -9497 rl 1 np 0
T 1172 1105 8411.00 1632.00 47.879 2.496 47.944 hs 5 hp 8382 1535 in 1 0 1 0 610 -9981 rl 0 np 0
T 1173 1106 8446.00 1635.00 47.879 2.996 47.973 hs 0 hp 8411 1632 in 1 0 0 1 9351 -3544 rl 24 np 1
T 1174 1107 8481.00 1635.00 47.953 0.496 47.956 hs 5 hp 8448 1577 in 1 0 1 0 262 -9997 rl 23 np 1
T 1175 1108 8516.00 1636.00 47.953 0.996 47.963 hs 0 hp 8481 1635 in 1 0 0 0 831 -556 rl 22 np 1
T 1176 1109 8551.00 1637.00 47.953 1.496 47.976 hs 5 hp 8520 1594 in 1 0 1 0 980 -9952 rl 21 np 1
T 1177 1110 8589.00 1647.00 55.988 9.578 56.802 hs 0 hp 8551 1637 in 1 0 0 0 980 -9952 rl 20 np 0
E 1177 1110 ex 8511.1 1599.3 tee 8551.0 1637.0 dist 54.9 |f| 11.05
T 1178 1111 8627.00 1657.00 55.988 10.078 56.888 hs 0 hp 8589 1647 in 1 0 0 0 980 -9952 rl 19 np 0
T 1179 1112 8665.00 1665.00 56.410 7.609 56.921 hs 5 hp 8640 1567 in 1 0 1 0 1478 -9890 rl 18 np 0
T 1180 1113 8703.00 1673.00 56.410 8.109 56.990 hs 0 hp 8665 1665 in 1 0 0 0 785 -9969 rl 17 np 0
T 1181 1114 8742.00 1679.00 56.758 5.633 57.037 hs 5 hp 8716 1567 in 1 0 1 0 1219 -9925 rl 16 np 0
T 1182 1115 8781.00 1685.00 56.758 6.133 57.088 hs 0 hp 8742 1679 in 1 0 0 0 785 -9969 rl 15 np 0
T 1183 1116 8820.00 1689.00 57.008 3.645 57.124 hs 5 hp 8791 1567 in 1 0 1 0 872 -9962 rl 14 np 0
T 1184 1117 8859.00 1693.00 57.008 4.145 57.158 hs 0 hp 8820 1689 in 1 0 0 0 785 -9969 rl 13 np 0
T 1185 1118 8898.00 1698.00 57.008 4.645 57.197 hs 4 hp 8871 1814 in 1 0 1 0 980 9952 rl 12 np 0
T 1186 1119 8937.00 1704.00 56.688 6.035 57.008 hs 5 hp 8875 1856 in 1 0 1 0 -4560 -8900 rl 11 np 0
T 1187 1120 8975.00 1711.00 56.688 6.535 57.063 hs 0 hp 8937 1704 in 1 0 0 0 -980 9952 rl 10 np 0
T 1188 1121 9013.00 1718.00 56.688 7.035 57.122 hs 0 hp 8975 1711 in 1 0 0 0 -980 9952 rl 9 np 0
T 1189 1122 9051.00 1726.00 56.688 7.535 57.186 hs 4 hp 9001 1839 in 1 0 1 0 -980 9952 rl 8 np 0
T 1190 1123 9089.00 1734.00 56.688 8.035 57.254 hs 0 hp 9051 1726 in 1 0 0 0 0 10000 rl 7 np 0
T 1191 1124 9126.00 1743.00 52.531 9.262 53.341 hs 5 hp 9024 1824 in 0 0 1 0 -5878 8090 rl 6 np 0
T 1192 1125 9162.00 1753.00 51.031 9.762 51.957 hs 0 hp 9126 1743 in -1 0 0 0 -5878 8090 rl 5 np 0
T 1193 1126 9197.00 1764.00 47.391 11.051 48.662 hs 5 hp 9122 1824 in 0 0 1 0 -4848 8746 rl 4 np 0
T 1194 1127 9230.00 1776.00 45.020 11.551 46.478 hs 0 hp 9197 1764 in 0 0 0 0 -2903 9569 rl 3 np 0
T 1195 1128 9262.00 1789.00 41.906 12.883 43.842 hs 5 hp 9184 1888 in 0 0 1 0 -3827 9239 rl 2 np 0
T 1196 1129 9292.00 1803.00 38.418 14.090 40.920 hs 5 hp 9184 1888 in 0 0 1 0 -4654 8851 rl 1 np 0
T 1197 1130 9320.00 1818.00 34.680 15.145 37.842 hs 5 hp 9184 1888 in -1 0 1 0 -4714 8819 rl 0 np 0
T 1198 1131 9345.00 1834.00 30.945 16.055 34.862 hs 5 hp 9184 1888 in 0 0 1 0 -4654 8851 rl 0 np 0
T 1199 1132 9367.00 1851.00 26.742 16.840 31.603 hs 5 hp 9184 1888 in -1 0 1 0 -985 9951 rl 0 np 0
T 1200 1133 9386.00 1869.00 22.449 17.520 28.476 hs 5 hp 9184 1888 in -1 0 1 0 -985 9951 rl 0 np 0
T 1201 1134 9405.00 1887.00 21.328 18.020 27.921 hs 0 hp 9386 1869 in 0 0 0 0 -985 9951 rl 0 np 0
T 1202 1135 9421.00 1906.00 17.582 19.074 25.941 hs 5 hp 9311 1960 in -1 0 1 0 -7880 6157 rl 0 np 0
T 1203 1136 9433.00 1926.00 13.523 19.973 24.120 hs 5 hp 9311 1960 in -1 0 1 0 -7880 6157 rl 0 np 0
T 1204 1137 9441.00 1947.00 9.277 20.715 22.697 hs 5 hp 9311 1960 in -1 0 1 0 -7880 6157 rl 0 np 0
T 1205 1138 9446.00 1968.00 4.941 21.305 21.870 hs 5 hp 9311 1960 in -1 0 1 0 -7920 6105 rl 0 np 0
T 1206 1139 9447.00 1990.00 0.598 21.629 21.637 hs 5 hp 9311 1960 in -1 0 1 0 -7986 6018 rl 0 np 0
T 1207 1140 9444.00 2011.00 -3.684 21.484 21.798 hs 5 hp 9311 1960 in -1 0 1 0 -7986 6018 rl 0 np 0
T 1208 1141 9437.00 2032.00 -7.660 20.910 22.269 hs 5 hp 9311 1960 in -1 0 1 0 -924 383 rl 0 np 0
T 1209 1142 9428.00 2052.00 -10.133 19.922 22.351 hs 5 hp 9311 1960 in -1 0 1 0 -924 383 rl 0 np 0
T 1210 1143 9417.00 2071.00 -12.375 18.566 22.313 hs 5 hp 9311 1960 in -1 0 1 1 8369 5474 rl 24 np 1
T 1211 1144 9397.00 2088.00 -23.098 17.023 28.693 hs 5 hp 9311 1960 in -1 0 1 0 -924 383 rl 23 np 0
E 1211 1144 ex 9471.9 2081.5 tee 9417.0 2071.0 dist 55.9 |f| 10.92
T 1212 1145 9376.00 2103.00 -24.688 15.035 28.906 hs 5 hp 9311 1960 in -1 0 1 0 -924 383 rl 22 np 0
T 1213 1146 9354.00 2116.00 -25.867 12.805 28.863 hs 5 hp 9311 1960 in -1 0 1 0 -924 383 rl 21 np 0
T 1214 1147 9331.00 2126.00 -26.625 10.414 28.589 hs 5 hp 9311 1960 in -1 0 1 0 -924 383 rl 20 np 0
T 1215 1148 9308.00 2137.00 -26.625 10.914 28.775 hs 0 hp 9331 2126 in -1 0 0 0 8535 5212 rl 19 np 0
T 1216 1149 9284.00 2146.00 -27.578 8.586 28.884 hs 5 hp 9276 2047 in -1 0 1 0 -3338 -9426 rl 18 np 0
T 1217 1150 9260.00 2155.00 -27.578 9.086 29.036 hs 0 hp 9284 2146 in -1 0 0 0 8535 5212 rl 17 np 0
T 1218 1151 9236.00 2165.00 -27.578 9.586 29.197 hs 4 hp 9211 2043 in -1 0 1 0 -3987 -9171 rl 16 np 0
T 1219 1152 9212.00 2172.00 -28.266 7.176 29.162 hs 5 hp 9199 2015 in -1 0 1 0 -3173 -9483 rl 15 np 0
T 1220 1153 9187.00 2177.00 -28.500 4.688 28.883 hs 5 hp 9199 2015 in -1 0 1 0 -3987 -9171 rl 14 np 0
T 1221 1154 9162.00 2182.00 -28.500 5.188 28.968 hs 0 hp 9187 2177 in -1 0 0 0 -3827 -9239 rl 13 np 0
T 1222 1155 9138.00 2188.00 -28.500 5.688 29.062 hs 4 hp 9127 2065 in -1 0 1 0 -2903 -9569 rl 12 np 0
T 1223 1156 9114.00 2176.00 -28.500 -12.000 30.923 hs 4 hp 9104 1988 in -1 1 1 0 -2903 -9569 rl 11 np 0
