T 1151 1084 7685.00 1471.00 45.078 12.723 46.839 hs 4 hp 7617 1575 in 1 0 1 0 -2903 9569 rl 21 np 0
T 1152 1085 7718.00 1484.00 45.078 13.223 46.977 hs 0 hp 7685 1471 in 1 0 0 1 -7071 -7071 rl 20 np 0
T 1153 1086 7751.00 1498.00 45.078 13.723 47.121 hs 0 hp 7718 1484 in 1 0 0 0 773 -634 rl 19 np 0
T 1154 1087 7785.00 1509.00 45.863 11.340 47.244 hs 5 hp 7776 1412 in 1 0 1 0 2756 -9613 rl 18 np 0
T 1155 1088 7819.00 1521.00 45.863 11.840 47.367 hs 0 hp 7785 1509 in 1 0 0 0 773 -634 rl 17 np 0
T 1156 1089 7853.00 1530.00 46.457 9.406 47.400 hs 5 hp 7830 1471 in 1 0 1 0 2079 -9781 rl 16 np 0
T 1157 1090 7887.00 1540.00 46.457 9.906 47.501 hs 0 hp 7853 1530 in 1 0 0 0 -773 634 rl 15 np 0
T 1158 1091 7922.00 1547.00 46.926 7.449 47.513 hs 5 hp 7899 1471 in 1 0 1 0 1650 -9863 rl 14 np 0
T 1159 1092 7956.00 1555.00 46.926 7.949 47.594 hs 0 hp 7922 1547 in 1 0 0 0 98 -995 rl 13 np 0
T 1160 1093 7991.00 1560.00 47.297 5.477 47.613 hs 5 hp 7967 1471 in 1 0 1 0 1305 -9914 rl 12 np 0
T 1161 1094 8026.00 1566.00 47.297 5.977 47.673 hs 0 hp 7991 1560 in 1 0 0 0 98 -995 rl 11 np 0
T 1162 1095 8061.00 1572.00 47.297 6.477 47.738 hs 0 hp 8026 1566 in 1 0 0 0 98 -995 rl 10 np 0
T 1163 1096 8096.00 1579.00 47.297 6.977 47.809 hs 4 hp 8138 1478 in 1 0 1 0 6344 -7730 rl 9 np 0
T 1164 1097 8131.00 1586.00 47.297 7.477 47.884 hs 4 hp 8189 1416 in 1 0 1 0 4714 -8819 rl 8 np 0
T 1165 1098 8166.00 1594.00 47.297 7.977 47.965 hs 0 hp 8131 1586 in 1 0 0 0 4714 -8819 rl 7 np 0
T 1166 1099 8201.00 1602.00 47.297 8.477 48.050 hs 4 hp 8201 1477 in 1 0 1 0 2903 -9569 rl 6 np 0
T 1167 1100 8236.00 1608.00 47.605 5.992 47.981 hs 5 hp 8222 1407 in 1 0 1 0 634 -773 rl 5 np 0
T 1168 1101 8271.00 1614.00 47.605 6.492 48.046 hs 0 hp 8236 1608 in 1 0 0 0 634 -773 rl 4 np 0
T 1169 1102 8306.00 1621.00 47.605 6.992 48.116 hs 0 hp 8271 1614 in 1 0 0 0 3131 -9497 rl 3 np 0
T 1170 1103 8341.00 1625.00 47.703 4.492 47.914 hs 5 hp 8310 1503 in 1 0 1 0 349 -9994 rl 2 np 0
T 1171 1104 8376.00 1630.00 47.703 4.992 47.964 hs 0 hp 8341 1625 in 1 0 0 0 3131 -9497 rl 1 np 0
T 1172 1105 8411.00 1632.00 47.879 2.496 47.944 hs 5 hp 8382 1535 in 1 0 1 0 610 -9981 rl 0 np 0
T 1173 1106 8446.00 1635.00 47.879 2.996 47.973 hs 0 hp 8411 1632 in 1 0 0 1 9351 -3544 rl 24 np 1
T 1174 1107 8481.00 1635.00 47.953 0.496 47.956 hs 5 hp 8448 1577 in 1 0 1 0 262 -9997 rl 23 np 1
T 1175 1108 8516.00 1636.00 47.953 0.996 47.963 hs 0 hp 8481 1635 in 1 0 0 0 831 -556 rl 22 np 1
T 1176 1109 8551.00 1637.00 47.953 1.496 47.976 hs 5 hp 8520 1594 in 1 0 1 0 980 -9952 rl 21 np 1
T 1177 1110 8589.00 1647.00 55.988 9.578 56.802 hs 0 hp 8551 1637 in 1 0 0 0 980 -9952 rl 20 np 0
E 1177 1110 ex 8511.1 1599.3 tee 8551.0 1637.0 dist 54.9 |f| 11.05
T 1178 1111 8627.00 1657.00 55.988 10.078 56.888 hs 0 hp 8589 1647 in 1 0 0 0 980 -9952 rl 19 np 0
T 1179 1112 8665.00 1665.00 56.410 7.609 56.921 hs 5 hp 8640 1567 in 1 0 1 0 1478 -9890 rl 18 np 0
T 1180 1113 8703.00 1673.00 56.410 8.109 56.990 hs 0 hp 8665 1665 in 1 0 0 0 785 -9969 rl 17 np 0
T 1181 1114 8742.00 1679.00 56.758 5.633 57.037 hs 5 hp 8716 1567 in 1 0 1 0 1219 -9925 rl 16 np 0
T 1182 1115 8781.00 1685.00 56.758 6.133 57.088 hs 0 hp 8742 1679 in 1 0 0 0 785 -9969 rl 15 np 0
T 1183 1116 8820.00 1689.00 57.008 3.645 57.124 hs 5 hp 8791 1567 in 1 0 1 0 872 -9962 rl 14 np 0
T 1184 1117 8859.00 1693.00 57.008 4.145 57.158 hs 0 hp 8820 1689 in 1 0 0 0 785 -9969 rl 13 np 0
T 1185 1118 8898.00 1698.00 57.008 4.645 57.197 hs 4 hp 8871 1814 in 1 0 1 0 980 9952 rl 12 np 0
T 1186 1119 8937.00 1704.00 56.688 6.035 57.008 hs 5 hp 8875 1856 in 1 0 1 0 -4560 -8900 rl 11 np 0
T 1187 1120 8975.00 1711.00 56.688 6.535 57.063 hs 0 hp 8937 1704 in 1 0 0 0 -980 9952 rl 10 np 0
T 1188 1121 9013.00 1718.00 56.688 7.035 57.122 hs 0 hp 8975 1711 in 1 0 0 0 -980 9952 rl 9 np 0
T 1189 1122 9051.00 1726.00 56.688 7.535 57.186 hs 4 hp 9001 1839 in 1 0 1 0 -980 9952 rl 8 np 0
T 1190 1123 9089.00 1734.00 56.688 8.035 57.254 hs 0 hp 9051 1726 in 1 0 0 0 0 10000 rl 7 np 0
T 1191 1124 9126.00 1743.00 52.531 9.262 53.341 hs 5 hp 9024 1824 in 0 0 1 0 -5878 8090 rl 6 np 0
T 1192 1125 9162.00 1753.00 50.770 10.320 51.808 hs 5 hp 9024 1824 in 1 0 1 0 -2903 9569 rl 5 np 0
T 1193 1126 9196.00 1764.00 46.734 11.230 48.065 hs 5 hp 9024 1824 in -1 0 1 0 -2903 9569 rl 4 np 0
T 1194 1127 9229.00 1776.00 44.398 11.730 45.922 hs 0 hp 9196 1764 in 0 0 0 0 -2903 9569 rl 3 np 0
T 1195 1128 9261.00 1789.00 41.832 13.066 43.825 hs 5 hp 9184 1888 in -1 0 1 0 -3746 9272 rl 2 np 0
T 1196 1129 9291.00 1803.00 38.359 14.277 40.930 hs 5 hp 9184 1888 in 0 0 1 0 -4654 8851 rl 1 np 0
T 1197 1130 9319.00 1818.00 34.680 15.336 37.919 hs 5 hp 9184 1888 in 0 0 1 0 -4654 8851 rl 0 np 0
T 1198 1131 9344.00 1834.00 30.648 16.250 34.690 hs 5 hp 9184 1888 in -1 0 1 0 -985 9951 rl 0 np 0
T 1199 1132 9367.00 1851.00 26.984 17.039 31.914 hs 5 hp 9184 1888 in 0 0 1 0 -985 9951 rl 0 np 0
T 1200 1133 9387.00 1869.00 22.691 17.719 28.790 hs 5 hp 9184 1888 in -1 0 1 0 -985 9951 rl 0 np 0
T 1201 1134 9405.00 1887.00 21.191 18.219 27.946 hs 0 hp 9387 1869 in -1 0 0 0 -985 9951 rl 0 np 0
T 1202 1135 9420.00 1906.00 17.492 19.293 26.042 hs 5 hp 9311 1965 in -1 0 1 0 -7716 6361 rl 0 np 0
T 1203 1136 9432.00 1926.00 13.484 20.223 24.306 hs 5 hp 9311 1965 in -1 0 1 0 -7880 6157 rl 0 np 0
T 1204 1137 9440.00 1947.00 9.273 21.000 22.956 hs 5 hp 9311 1965 in -1 0 1 0 -7880 6157 rl 0 np 0
T 1205 1138 9445.00 1969.00 4.949 21.625 22.184 hs 5 hp 9311 1965 in -1 0 1 0 -7920 6105 rl 0 np 0
T 1206 1139 9446.00 1991.00 0.602 22.035 22.043 hs 5 hp 9311 1965 in -1 0 1 0 -7986 6018 rl 0 np 0
T 1207 1140 9443.00 2013.00 -3.695 21.969 22.277 hs 5 hp 9311 1965 in -1 0 1 0 -7986 6018 rl 0 np 0
T 1208 1141 9436.00 2034.00 -7.680 21.445 22.779 hs 5 hp 9311 1965 in -1 0 1 0 -924 383 rl 0 np 0
T 1209 1142 9427.00 2054.00 -10.176 20.496 22.883 hs 5 hp 9311 1965 in -1 0 1 1 5291 8486 rl 24 np 1
T 1210 1143 9416.00 2073.00 -12.438 19.172 22.853 hs 5 hp 9311 1965 in -1 0 1 0 -924 383 rl 23 np 1
T 1211 1144 9397.00 2089.00 -22.312 16.172 27.557 hs 5 hp 9311 1965 in -1 0 1 0 -924 383 rl 22 np 0
E 1211 1144 ex 9471.6 2092.7 tee 9416.0 2073.0 dist 59.0 |f| 10.48
T 1212 1145 9376.00 2103.00 -23.938 14.207 27.836 hs 5 hp 9311 1965 in -1 0 1 0 -924 383 rl 21 np 0
T 1213 1146 9354.00 2115.00 -25.152 11.992 27.865 hs 5 hp 9311 1965 in -1 0 1 0 -924 383 rl 20 np 0
T 1214 1147 9332.00 2127.00 -25.152 12.492 28.084 hs 0 hp 9354 2115 in -1 0 0 0 8535 5212 rl 19 np 0
T 1215 1148 9309.00 2137.00 -26.195 10.199 28.111 hs 5 hp 9300 2047 in -1 0 1 0 -3665 -9304 rl 18 np 0
T 1216 1149 9286.00 2148.00 -26.195 10.699 28.296 hs 0 hp 9309 2137 in -1 0 0 0 8535 5212 rl 17 np 0
T 1217 1150 9263.00 2156.00 -27.148 8.371 28.410 hs 5 hp 9250 2047 in -1 0 1 0 -3338 -9426 rl 16 np 0
T 1218 1151 9240.00 2165.00 -27.148 8.871 28.561 hs 0 hp 9263 2156 in -1 0 0 0 8535 5212 rl 15 np 0
T 1219 1152 9217.00 2174.00 -27.148 9.371 28.720 hs 4 hp 9191 2053 in -1 0 1 0 -3987 -9171 rl 14 np 0
T 1220 1153 9193.00 2181.00 -27.953 6.992 28.814 hs 5 hp 9161 1983 in -1 0 1 0 -3173 -9483 rl 13 np 0
T 1221 1154 9169.00 2186.00 -28.406 4.531 28.765 hs 5 hp 9161 1983 in -1 0 1 0 -3987 -9171 rl 12 np 0
T 1222 1155 9144.00 2188.00 -28.520 2.035 28.592 hs 5 hp 9161 1983 in -1 0 1 0 -4226 -9063 rl 11 np 0
T 1223 1156 9119.00 2191.00 -28.520 2.535 28.632 hs 0 hp 9144 2188 in -1 0 0 0 -4226 -9063 rl 10 np 0
T 1224 1157 9094.00 2194.00 -28.520 3.035 28.681 hs 0 hp 9119 2191 in -1 0 0 0 -4226 -9063 rl 9 np 0
T 1225 1158 9070.00 2183.00 -28.867 -11.105 30.930 hs 5 hp 9080 2304 in -1 1 1 0 -1219 9925 rl 8 np 0
T 1226 1159 9046.00 2172.00 -28.867 -10.605 30.754 hs 0 hp 9070 2183 in -1 1 0 0 -995 -98 rl 7 np 0
T 1227 1160 9021.00 2163.00 -29.141 -9.211 30.562 hs 5 hp 9036 2272 in -1 0 1 0 -958 9954 rl 6 np 0
T 1228 1161 8996.00 2154.00 -29.141 -8.711 30.415 hs 0 hp 9021 2163 in -1 1 0 0 -995 -98 rl 5 np 0
T 1229 1162 8971.00 2147.00 -29.363 -7.312 30.260 hs 5 hp 8989 2240 in -1 0 1 0 -785 9969 rl 4 np 0
T 1230 1163 8946.00 2140.00 -29.363 -6.812 30.143 hs 0 hp 8971 2147 in -1 1 0 0 -995 -98 rl 3 np 0
T 1231 1164 8921.00 2135.00 -29.539 -5.414 30.031 hs 5 hp 8940 2240 in -1 0 1 0 -610 9981 rl 2 np 0
T 1232 1165 8896.00 2130.00 -29.539 -4.914 29.945 hs 0 hp 8921 2135 in -1 0 0 0 634 773 rl 1 np 0
T 1233 1166 8871.00 2126.00 -29.637 -3.516 29.845 hs 5 hp 8892 2240 in -1 0 1 0 -349 9994 rl 0 np 0
T 1234 1167 8839.00 2128.00 -40.750 1.512 40.778 hs 0 hp 8871 2126 in -1 0 0 1 9239 -3827 rl 24 np 0
E 1234 1167 ex 8907.0 2111.3 tee 8871.0 2126.0 dist 38.9 |f| 12.00
T 1235 1168 8807.00 2127.00 -40.750 -0.988 40.762 hs 5 hp 8839 2047 in -1 0 1 0 0 -10000 rl 23 np 0
T 1236 1169 8775.00 2127.00 -40.750 -0.488 40.753 hs 0 hp 8807 2127 in -1 0 0 1 9681 -2507 rl 22 np 0
T 1237 1170 8743.00 2127.00 -40.750 0.012 40.750 hs 0 hp 8775 2127 in -1 0 0 1 9681 -2507 rl 21 np 0
T 1238 1171 8711.00 2128.00 -40.672 1.410 40.696 hs 5 hp 8747 2240 in -1 0 1 0 349 9994 rl 20 np 0
T 1239 1172 8679.00 2130.00 -40.672 1.910 40.717 hs 0 hp 8711 2128 in -1 0 0 1 9970 -779 rl 19 np 0
T 1240 1173 8647.00 2132.00 -40.672 2.410 40.743 hs 5 hp 8668 2240 in -1 0 1 0 -980 9952 rl 18 np 0
T 1241 1174 8615.00 2135.00 -40.672 2.910 40.776 hs 0 hp 8647 2132 in -1 0 0 0 -924 383 rl 17 np 0
T 1242 1175 8583.00 2138.00 -40.672 3.410 40.815 hs 4 hp 8580 2018 in -1 0 1 0 -2891 -9573 rl 16 np 0
T 1243 1176 8551.00 2142.00 -40.672 3.910 40.859 hs 4 hp 8557 1941 in -1 0 1 0 -9952 -980 rl 15 np 0
T 1244 1177 8519.00 2143.00 -40.680 1.410 40.704 hs 5 hp 8550 1919 in -1 0 1 0 -9952 -980 rl 14 np 0
T 1245 1178 8487.00 2145.00 -40.680 1.910 40.725 hs 0 hp 8519 2143 in -1 0 0 0 -924 383 rl 13 np 0
T 1246 1179 8455.00 2147.00 -40.680 2.410 40.751 hs 5 hp 8480 2240 in -1 0 1 0 -785 9969 rl 12 np 0
T 1247 1180 8423.00 2150.00 -40.680 2.910 40.784 hs 0 hp 8455 2147 in -1 0 0 0 -924 383 rl 11 np 0
T 1248 1181 8391.00 2153.00 -40.680 3.410 40.822 hs 4 hp 8388 2033 in -1 0 1 0 -2903 -9569 rl 10 np 0
T 1249 1182 8359.00 2154.00 -40.840 0.914 40.850 hs 5 hp 8383 2018 in -1 0 1 0 -8819 -4714 rl 9 np 0
T 1250 1183 8327.00 2155.00 -40.840 1.414 40.864 hs 0 hp 8359 2154 in -1 0 0 0 556 -831 rl 8 np 0
T 1251 1184 8295.00 2154.00 -40.840 -1.086 40.854 hs 5 hp 8327 2079 in -1 0 1 0 0 -10000 rl 7 np 0
T 1252 1185 8263.00 2153.00 -40.840 -0.586 40.844 hs 0 hp 8295 2154 in -1 0 0 0 -6344 -7730 rl 6 np 0
T 1253 1186 8231.00 2150.00 -40.703 -3.082 40.820 hs 5 hp 8268 2079 in -1 0 1 0 610 -9981 rl 5 np 0
T 1254 1187 8199.00 2147.00 -40.703 -2.582 40.785 hs 0 hp 8231 2150 in -1 0 0 0 -6344 -7730 rl 4 np 0
T 1255 1188 8167.00 2145.00 -40.703 -2.082 40.756 hs 0 hp 8199 2147 in -1 0 0 0 -957 -290 rl 3 np 0
T 1256 1189 8135.00 2140.00 -40.469 -4.566 40.726 hs 5 hp 8174 2079 in -1 0 1 0 1045 -9945 rl 2 np 0
T 1257 1190 8103.00 2136.00 -40.469 -4.066 40.673 hs 0 hp 8135 2140 in -1 0 0 0 -957 -290 rl 1 np 0
T 1258 1191 8071.00 2132.00 -40.469 -3.566 40.626 hs 5 hp 7997 2079 in -1 0 1 0 -8819 -4714 rl 0 np 0
T 1259 1192 8039.00 2129.00 -40.469 -3.066 40.585 hs 0 hp 8071 2132 in -1 0 0 0 -17 -1000 rl 0 np 0
T 1260 1193 8008.00 2123.00 -40.156 -5.539 40.536 hs 5 hp 8046 2079 in -1 0 1 0 1392 -9903 rl 0 np 0
T 1261 1194 7977.00 2118.00 -40.156 -5.039 40.471 hs 0 hp 8008 2123 in -1 0 0 0 -290 957 rl 0 np 0
T 1262 1195 7946.00 2113.00 -40.156 -4.539 40.412 hs 0 hp 7977 2118 in -1 0 0 1 5143 -8576 rl 24 np 1
T 1263 1196 7911.00 2111.00 -48.316 -1.891 48.353 hs 5 hp 7949 2047 in -1 0 1 0 523 -9986 rl 23 np 0
E 1263 1196 ex 8000.7 2079.0 tee 7946.0 2113.0 dist 64.3 |f| 9.74
T 1264 1197 7876.00 2110.00 -48.316 -1.391 48.336 hs 0 hp 7911 2111 in -1 0 0 0 523 -9986 rl 22 np 0
T 1265 1198 7841.00 2106.00 -48.160 -3.883 48.316 hs 5 hp 7880 2047 in -1 0 1 0 698 -9976 rl 21 np 0
T 1266 1199 7806.00 2103.00 -48.160 -3.383 48.279 hs 0 hp 7841 2106 in -1 0 0 1 5143 -8576 rl 20 np 0
T 1267 1200 7771.00 2100.00 -48.160 -2.883 48.246 hs 0 hp 7806 2103 in -1 0 0 1 5143 -8576 rl 19 np 0
T 1268 1201 7736.00 2098.00 -48.160 -2.383 48.219 hs 5 hp 7776 2047 in -1 0 1 0 872 -9962 rl 18 np 0
T 1269 1202 7701.00 2096.00 -48.160 -1.883 48.197 hs 0 hp 7736 2098 in -1 0 0 0 924 -383 rl 17 np 0
T 1270 1203 7666.00 2092.00 -47.965 -4.371 48.164 hs 5 hp 7705 2047 in -1 0 1 0 872 -9962 rl 16 np 0
T 1271 1204 7631.00 2088.00 -47.965 -3.871 48.121 hs 0 hp 7666 2092 in -1 0 0 0 924 -383 rl 15 np 0
T 1272 1205 7596.00 2082.00 -47.652 -6.344 48.073 hs 5 hp 7646 1983 in -1 0 1 0 1392 -9903 rl 14 np 0
T 1273 1206 7561.00 2076.00 -47.652 -5.844 48.009 hs 0 hp 7596 2082 in -1 0 0 0 924 -383 rl 13 np 0
T 1274 1207 7526.00 2071.00 -47.652 -5.344 47.951 hs 4 hp 7549 2197 in -1 0 1 0 -980 9952 rl 12 np 0
T 1275 1208 7491.00 2066.00 -47.652 -4.844 47.898 hs 4 hp 7541 2277 in -1 0 1 0 1736 -9848 rl 11 np 0
T 1276 1209 7456.00 2062.00 -47.652 -4.344 47.850 hs 0 hp 7491 2066 in -1 0 0 0 290 -957 rl 10 np 0
T 1277 1210 7421.00 2058.00 -47.652 -3.844 47.807 hs 0 hp 7456 2062 in -1 0 0 0 290 -957 rl 9 np 0
T 1278 1211 7386.00 2055.00 -47.652 -3.344 47.770 hs 0 hp 7421 2058 in -1 0 0 0 -981 195 rl 8 np 0
T 1279 1212 7351.00 2049.00 -47.359 -5.816 47.715 hs 5 hp 7400 1951 in -1 0 1 0 1305 -9914 rl 7 np 0
T 1280 1213 7316.00 2044.00 -47.359 -5.316 47.657 hs 0 hp 7351 2049 in -1 0 0 0 981 -195 rl 6 np 0
T 1281 1214 7281.00 2039.00 -47.359 -4.816 47.604 hs 4 hp 7433 2079 in -1 0 1 0 9569 2903 rl 5 np 0
T 1282 1215 7246.00 2035.00 -47.359 -4.316 47.556 hs 4 hp 7510 2102 in -1 0 1 0 980 9952 rl 4 np 0
T 1283 1216 7211.00 2031.00 -47.359 -3.816 47.513 hs 0 hp 7246 2035 in -1 0 0 0 981 -195 rl 3 np 0
T 1284 1217 7176.00 2028.00 -47.359 -3.316 47.475 hs 4 hp 7177 2148 in -1 0 1 0 -2756 9613 rl 2 np 0
T 1285 1218 7141.00 2025.00 -47.359 -2.816 47.443 hs 4 hp 7155 2225 in -1 0 1 0 -2756 9613 rl 1 np 0
T 1286 1219 7106.00 2024.00 -47.355 -1.418 47.377 hs 5 hp 7142 2272 in -1 0 1 0 -7730 6344 rl 0 np 0
T 1287 1220 7071.00 2023.00 -47.355 -0.918 47.364 hs 0 hp 7106 2024 in -1 0 0 1 1265 -9920 rl 24 np 1
T 1288 1221 7033.00 2030.00 -54.957 7.188 55.425 hs 0 hp 7071 2023 in -1 0 0 0 -7730 6344 rl 23 np 0
E 1288 1221 ex 7111.3 1982.7 tee 7071.0 2023.0 dist 57.0 |f| 10.75
T 1289 1222 6995.00 2038.00 -54.957 7.688 55.492 hs 4 hp 6956 2124 in -1 0 1 0 -6344 7730 rl 22 np 0
T 1290 1223 6957.00 2046.00 -54.957 8.188 55.564 hs 4 hp 6905 2186 in -1 0 1 0 -6344 -7730 rl 21 np 0
T 1291 1224 6919.00 2055.00 -54.957 8.688 55.639 hs 4 hp 6854 2248 in -1 0 1 0 -6344 -7730 rl 20 np 0
T 1292 1225 6881.00 2064.00 -54.957 9.188 55.720 hs 5 hp 6808 2304 in -1 0 1 0 9569 -2903 rl 19 np 0
T 1293 1226 6843.00 2074.00 -54.957 9.688 55.804 hs 5 hp 6808 2304 in -1 0 1 0 9569 -2903 rl 18 np 0
T 1294 1227 6805.00 2084.00 -54.957 10.188 55.893 hs 0 hp 6843 2074 in -1 0 0 0 -1045 -9945 rl 17 np 0
T 1295 1228 6767.00 2095.00 -54.957 10.688 55.987 hs 5 hp 6751 2079 in -1 0 1 0 -9952 -980 rl 16 np 0
T 1296 1229 6729.00 2106.00 -54.957 11.188 56.084 hs 0 hp 6767 2095 in -1 0 0 0 -9952 -980 rl 15 np 0
T 1297 1230 6691.00 2118.00 -54.957 11.688 56.186 hs 5 hp 6713 2067 in -1 0 1 0 -3827 -9239 rl 14 np 0
T 1298 1231 6653.00 2130.00 -54.957 12.188 56.292 hs 0 hp 6691 2118 in -1 0 0 0 -290 -957 rl 13 np 0
