T 1225 1158 9069.00 2198.00 -28.520 3.535 28.738 hs 4 hp 9129 2077 in -1 0 1 0 2903 -9569 rl 8 np 0
T 1226 1159 9045.00 2186.00 -28.520 -12.000 30.941 hs 4 hp 9152 2000 in -1 1 1 0 2903 -9569 rl 7 np 0
T 1227 1160 9021.00 2174.00 -28.520 -11.500 30.751 hs 0 hp 9045 2186 in -1 1 0 0 -995 -98 rl 6 np 0
T 1228 1161 8997.00 2164.00 -28.844 -10.105 30.563 hs 5 hp 9013 2240 in -1 0 1 0 -1132 9936 rl 5 np 0
T 1229 1162 8973.00 2154.00 -28.844 -9.605 30.401 hs 0 hp 8997 2164 in -1 0 0 0 -1132 9936 rl 4 np 0
T 1230 1163 8948.00 2145.00 -28.844 -9.105 30.247 hs 0 hp 8973 2154 in -1 0 0 0 634 773 rl 3 np 0
T 1231 1164 8923.00 2137.00 -29.020 -7.707 30.026 hs 5 hp 8942 2240 in -1 0 1 0 -610 9981 rl 2 np 0
T 1232 1165 8898.00 2130.00 -29.020 -7.207 29.901 hs 0 hp 8923 2137 in -1 0 0 0 634 773 rl 1 np 0
T 1233 1166 8873.00 2123.00 -29.020 -6.707 29.785 hs 4 hp 9019 2142 in -1 0 1 0 9952 980 rl 0 np 0
T 1234 1167 8841.00 2120.00 -40.523 -2.797 40.620 hs 4 hp 9099 2150 in -1 0 1 1 9569 -2903 rl 24 np 0
E 1234 1167 ex 8912.2 2111.4 tee 8873.0 2123.0 dist 40.9 |f| 12.00
T 1235 1168 8809.00 2118.00 -40.523 -2.297 40.588 hs 4 hp 9179 2158 in -1 0 1 0 -175 9998 rl 23 np 0
T 1236 1169 8777.00 2116.00 -40.523 -1.797 40.563 hs 0 hp 8809 2118 in -1 0 0 0 -175 9998 rl 22 np 0
T 1237 1170 8745.00 2115.00 -40.523 -1.297 40.544 hs 0 hp 8777 2116 in -1 0 0 1 9681 -2507 rl 21 np 0
T 1238 1171 8713.00 2114.00 -40.523 -0.797 40.531 hs 0 hp 8745 2115 in -1 0 0 1 9970 -779 rl 20 np 0
T 1239 1172 8681.00 2114.00 -40.523 -0.297 40.525 hs 0 hp 8713 2114 in -1 0 0 1 9970 -779 rl 19 np 0
T 1240 1173 8649.00 2114.00 -40.523 0.203 40.524 hs 0 hp 8681 2114 in -1 0 0 0 0 10000 rl 18 np 0
T 1241 1174 8617.00 2115.00 -40.523 0.703 40.530 hs 4 hp 8726 2020 in -1 0 1 0 6344 -7730 rl 17 np 0
T 1242 1175 8585.00 2116.00 -40.523 1.203 40.541 hs 0 hp 8617 2115 in -1 0 0 0 -924 383 rl 16 np 0
T 1243 1176 8553.00 2118.00 -40.523 1.703 40.559 hs 0 hp 8585 2116 in -1 0 0 0 -924 383 rl 15 np 0
T 1244 1177 8521.00 2120.00 -40.523 2.203 40.583 hs 4 hp 8476 2212 in -1 0 1 0 -6344 7730 rl 14 np 0
T 1245 1178 8489.00 2123.00 -40.523 2.703 40.613 hs 4 hp 8425 2274 in -1 0 1 0 -9952 -980 rl 13 np 0
T 1246 1179 8457.00 2126.00 -40.523 3.203 40.650 hs 4 hp 8374 2336 in -1 0 1 0 -9952 -980 rl 12 np 0
T 1247 1180 8425.00 2130.00 -40.523 3.703 40.692 hs 4 hp 8323 2398 in -1 0 1 0 -8819 -4714 rl 11 np 0
T 1248 1181 8393.00 2134.00 -40.523 4.203 40.741 hs 0 hp 8425 2130 in -1 0 0 0 -924 383 rl 10 np 0
T 1249 1182 8361.00 2139.00 -40.523 4.703 40.795 hs 0 hp 8393 2134 in -1 0 0 0 556 -831 rl 9 np 0
T 1250 1183 8329.00 2141.00 -40.723 2.211 40.783 hs 5 hp 8357 2079 in -1 0 1 0 -698 -9976 rl 8 np 0
T 1251 1184 8297.00 2144.00 -40.723 2.711 40.813 hs 0 hp 8329 2141 in -1 0 0 0 -6344 -7730 rl 7 np 0
T 1252 1185 8265.00 2144.00 -40.848 0.215 40.848 hs 5 hp 8294 2079 in -1 0 1 0 -436 -9990 rl 6 np 0
T 1253 1186 8233.00 2145.00 -40.848 0.715 40.854 hs 0 hp 8265 2144 in -1 0 0 0 -6344 -7730 rl 5 np 0
T 1254 1187 8201.00 2143.00 -40.809 -1.785 40.848 hs 5 hp 8234 2079 in -1 0 1 0 175 -9998 rl 4 np 0
T 1255 1188 8169.00 2142.00 -40.809 -1.285 40.829 hs 0 hp 8201 2143 in -1 0 0 0 -957 -290 rl 3 np 0
T 1256 1189 8137.00 2138.00 -40.633 -3.777 40.808 hs 5 hp 8174 2079 in -1 0 1 0 785 -9969 rl 2 np 0
T 1257 1190 8105.00 2135.00 -40.633 -3.277 40.765 hs 0 hp 8137 2138 in -1 0 0 0 -957 -290 rl 1 np 0
T 1258 1191 8073.00 2132.00 -40.633 -2.777 40.728 hs 0 hp 8105 2135 in -1 0 0 0 -957 -290 rl 0 np 0
T 1259 1192 8042.00 2127.00 -40.340 -5.250 40.680 hs 5 hp 8080 2079 in -1 0 1 0 1305 -9914 rl 0 np 0
T 1260 1193 8011.00 2122.00 -40.340 -4.750 40.619 hs 0 hp 8042 2127 in -1 0 0 0 -17 -1000 rl 0 np 0
T 1261 1194 7980.00 2118.00 -40.340 -4.250 40.563 hs 0 hp 8011 2122 in -1 0 0 1 5143 -8576 rl 24 np 1
T 1262 1195 7945.00 2119.00 -47.828 1.359 47.847 hs 0 hp 7980 2118 in -1 0 0 0 -290 957 rl 23 np 0
E 1262 1195 ex 8037.2 2079.0 tee 7980.0 2118.0 dist 69.3 |f| 9.07
T 1263 1196 7910.00 2118.00 -47.828 -1.141 47.842 hs 5 hp 7945 2047 in -1 0 1 0 0 -10000 rl 22 np 0
T 1264 1197 7875.00 2117.00 -47.828 -0.641 47.832 hs 0 hp 7910 2118 in -1 0 0 0 0 -10000 rl 21 np 0
T 1265 1198 7840.00 2114.00 -47.711 -3.137 47.814 hs 5 hp 7879 2047 in -1 0 1 0 523 -9986 rl 20 np 0
T 1266 1199 7805.00 2111.00 -47.711 -2.637 47.784 hs 0 hp 7840 2114 in -1 0 0 1 5143 -8576 rl 19 np 0
T 1267 1200 7770.00 2106.00 -47.477 -5.121 47.752 hs 5 hp 7812 2047 in -1 0 1 0 1045 -9945 rl 18 np 0
T 1268 1201 7735.00 2101.00 -47.477 -4.621 47.701 hs 0 hp 7770 2106 in -1 0 0 0 924 -383 rl 17 np 0
T 1269 1202 7700.00 2097.00 -47.477 -4.121 47.655 hs 0 hp 7735 2101 in -1 0 0 0 924 -383 rl 16 np 0
T 1270 1203 7665.00 2090.00 -47.105 -6.578 47.563 hs 5 hp 7708 2047 in -1 0 1 0 1650 -9863 rl 15 np 0
T 1271 1204 7630.00 2084.00 -47.105 -6.078 47.496 hs 0 hp 7665 2090 in -1 0 0 0 924 -383 rl 14 np 0
T 1272 1205 7595.00 2078.00 -47.105 -5.578 47.435 hs 4 hp 7618 2205 in -1 0 1 0 -980 9952 rl 13 np 0
T 1273 1206 7560.00 2073.00 -47.105 -5.078 47.378 hs 0 hp 7595 2078 in -1 0 0 0 924 -383 rl 12 np 0
T 1274 1207 7525.00 2068.00 -47.105 -4.578 47.327 hs 4 hp 7572 2194 in -1 0 1 0 980 9952 rl 11 np 0
T 1275 1208 7490.00 2064.00 -47.105 -4.078 47.282 hs 4 hp 7580 2274 in -1 0 1 0 1736 -9848 rl 10 np 0
T 1276 1209 7455.00 2060.00 -47.105 -3.578 47.241 hs 4 hp 7588 2354 in -1 0 1 0 -4714 8819 rl 9 np 0
T 1277 1210 7420.00 2057.00 -47.105 -3.078 47.206 hs 1 hp 7588 2354 in -1 0 1 0 -4714 8819 rl 8 np 0
T 1278 1211 7385.00 2054.00 -47.105 -2.578 47.176 hs 0 hp 7420 2057 in -1 0 0 0 -981 195 rl 7 np 0
T 1279 1212 7350.00 2049.00 -46.832 -5.055 47.104 hs 5 hp 7398 1951 in -1 0 1 0 1219 -9925 rl 6 np 0
T 1280 1213 7315.00 2044.00 -46.832 -4.555 47.053 hs 0 hp 7350 2049 in -1 0 0 0 981 -195 rl 5 np 0
T 1281 1214 7280.00 2040.00 -46.832 -4.055 47.007 hs 0 hp 7315 2044 in -1 0 0 0 981 -195 rl 4 np 0
T 1282 1215 7245.00 2036.00 -46.832 -3.555 46.967 hs 4 hp 7186 2117 in -1 0 1 0 -7730 6344 rl 3 np 0
T 1283 1216 7210.00 2033.00 -46.832 -3.055 46.932 hs 4 hp 7124 2168 in -1 0 1 0 -2756 9613 rl 2 np 0
T 1284 1217 7175.00 2030.00 -46.832 -2.555 46.902 hs 4 hp 7062 2219 in -1 0 1 0 -2756 9613 rl 1 np 0
T 1285 1218 7140.00 2028.00 -46.832 -2.055 46.877 hs 4 hp 7000 2270 in -1 0 1 0 -2756 9613 rl 0 np 0
T 1286 1219 7105.00 2026.00 -46.832 -1.555 46.858 hs 5 hp 6959 2304 in -1 0 1 0 -7730 6344 rl 0 np 0
T 1287 1220 7070.00 2025.00 -46.832 -1.055 46.844 hs 5 hp 6959 2304 in -1 0 1 1 1671 -9859 rl 24 np 1
T 1288 1221 7032.00 2032.00 -54.215 6.762 54.635 hs 5 hp 6959 2304 in -1 0 1 1 1671 -9859 rl 23 np 0
E 1288 1221 ex 7112.4 1983.0 tee 7070.0 2025.0 dist 59.6 |f| 10.40
T 1289 1222 6994.00 2039.00 -54.215 7.262 54.699 hs 0 hp 7032 2032 in -1 0 0 0 -9952 980 rl 22 np 0
T 1290 1223 6956.00 2047.00 -54.215 7.762 54.768 hs 4 hp 6873 2051 in -1 0 1 0 -9952 980 rl 21 np 0
T 1291 1224 6919.00 2055.00 -54.215 8.262 54.841 hs 4 hp 6793 2059 in -1 0 1 0 -6344 -7730 rl 20 np 0
T 1292 1225 6882.00 2064.00 -54.215 8.762 54.918 hs 5 hp 6751 2063 in -1 0 1 0 9569 -2903 rl 19 np 0
T 1293 1226 6845.00 2073.00 -54.215 9.262 55.000 hs 5 hp 6751 2063 in -1 0 1 0 9569 -2903 rl 18 np 0
T 1294 1227 6808.00 2083.00 -54.215 9.762 55.087 hs 0 hp 6845 2073 in -1 0 0 0 -1045 -9945 rl 17 np 0
T 1295 1228 6771.00 2093.00 -54.215 10.262 55.177 hs 4 hp 6750 1975 in -1 0 1 0 -4714 -8819 rl 16 np 0
T 1296 1229 6734.00 2104.00 -54.215 10.762 55.273 hs 5 hp 6737 1951 in -1 0 1 0 -4714 -8819 rl 15 np 0
T 1297 1230 6697.00 2112.00 -54.172 8.262 54.798 hs 5 hp 6737 1951 in -1 0 1 0 -3827 -9239 rl 14 np 0
T 1298 1231 6660.00 2121.00 -54.172 8.762 54.876 hs 0 hp 6697 2112 in -1 0 0 0 -290 -957 rl 13 np 0
T 1299 1232 6622.00 2127.00 -54.570 6.289 54.932 hs 5 hp 6650 2047 in -1 0 1 0 -1392 -9903 rl 12 np 0
T 1300 1233 6584.00 2134.00 -54.570 6.789 54.991 hs 0 hp 6622 2127 in -1 0 0 0 -290 -957 rl 11 np 0
T 1301 1234 6546.00 2141.00 -54.570 7.289 55.055 hs 4 hp 6577 2012 in -1 0 1 0 -610 -9981 rl 10 np 0
T 1302 1235 6508.00 2149.00 -54.570 7.789 55.123 hs 0 hp 6546 2141 in -1 0 0 0 -290 -957 rl 9 np 0
T 1303 1236 6470.00 2157.00 -54.570 8.289 55.196 hs 0 hp 6508 2149 in -1 0 0 0 -290 -957 rl 8 np 0
T 1304 1237 6432.00 2163.00 -54.918 5.812 55.225 hs 5 hp 6456 2047 in -1 0 1 0 -1219 -9925 rl 7 np 0
T 1305 1238 6394.00 2169.00 -54.918 6.312 55.280 hs 0 hp 6432 2163 in -1 0 0 0 -1219 -9925 rl 6 np 0
T 1306 1239 6356.00 2173.00 -55.168 3.824 55.300 hs 5 hp 6383 2047 in -1 0 1 0 -872 -9962 rl 5 np 0
T 1307 1240 6318.00 2177.00 -55.168 4.324 55.337 hs 0 hp 6356 2173 in -1 0 0 0 -1219 -9925 rl 4 np 0
T 1308 1241 6280.00 2182.00 -55.168 4.824 55.378 hs 4 hp 6210 2235 in -1 0 1 0 -8819 4714 rl 3 np 0
T 1309 1242 6242.00 2187.00 -55.168 5.324 55.424 hs 4 hp 6139 2273 in -1 0 1 0 9569 2903 rl 2 np 0
T 1310 1243 6204.00 2193.00 -55.168 5.824 55.475 hs 4 hp 6068 2311 in -1 0 1 0 9569 2903 rl 1 np 0
T 1311 1244 6166.00 2199.00 -55.168 6.324 55.529 hs 4 hp 5997 2349 in -1 0 1 0 -980 -9952 rl 0 np 0
T 1312 1245 6128.00 2206.00 -55.168 6.824 55.588 hs 0 hp 6166 2199 in -1 0 0 0 980 -9952 rl 0 np 0
T 1313 1246 6090.00 2213.00 -55.168 7.324 55.652 hs 4 hp 6186 2314 in -1 0 1 0 4714 8819 rl 0 np 0
T 1314 1247 6054.00 2221.00 -50.926 8.500 51.630 hs 5 hp 6198 2336 in 0 0 1 0 6344 7730 rl 0 np 0
T 1315 1248 6019.00 2231.00 -49.168 9.562 50.089 hs 5 hp 6198 2336 in -1 0 1 1 -6341 -7732 rl 24 np 1
T 1316 1249 5987.00 2252.00 -44.090 21.367 48.995 hs 5 hp 6198 2336 in 0 0 1 0 -6341 -7732 rl 23 np 0
E 1316 1249 ex 6015.3 2175.0 tee 6019.0 2231.0 dist 56.2 |f| 10.87
T 1317 1250 5956.00 2274.00 -41.887 21.867 47.251 hs 0 hp 5987 2252 in 0 0 0 0 -980 9952 rl 22 np 0
T 1318 1251 5926.00 2296.00 -39.793 22.367 45.648 hs 4 hp 5921 2391 in 0 0 1 0 -2903 9569 rl 21 np 0
T 1319 1252 5897.00 2319.00 -38.293 22.867 44.601 hs 5 hp 5918 2400 in 1 0 1 0 -1610 9870 rl 20 np 0
T 1320 1253 5870.00 2343.00 -36.078 24.238 43.464 hs 5 hp 5918 2400 in 1 0 1 0 -1610 9870 rl 19 np 0
T 1321 1254 5844.00 2368.00 -34.629 25.426 42.961 hs 5 hp 5918 2400 in -1 0 1 0 3803 9249 rl 18 np 0
T 1322 1255 5818.00 2394.00 -34.629 25.926 43.259 hs 0 hp 5844 2368 in -1 0 0 0 -1610 9870 rl 17 np 0
T 1323 1256 5792.00 2421.00 -33.566 27.219 43.215 hs 5 hp 5873 2496 in -1 0 1 0 4714 8819 rl 16 np 0
T 1324 1257 5769.00 2449.00 -29.977 28.332 41.247 hs 5 hp 5873 2496 in 1 0 1 0 4714 8819 rl 15 np 0
T 1325 1258 5749.00 2478.00 -25.879 29.203 39.020 hs 5 hp 5873 2496 in 1 0 1 0 276 961 rl 14 np 0
T 1326 1259 5732.00 2508.00 -21.559 29.832 36.807 hs 5 hp 5873 2496 in 1 0 1 0 276 961 rl 13 np 0
T 1327 1260 5715.00 2538.00 -21.559 30.332 37.213 hs 0 hp 5732 2508 in -1 0 0 0 276 961 rl 12 np 0
T 1328 1261 5699.00 2569.00 -20.480 30.832 37.014 hs 4 hp 5662 2428 in 0 0 1 0 -4305 -9026 rl 11 np 0
T 1329 1262 5683.00 2600.00 -20.480 31.332 37.432 hs 4 hp 5628 2356 in -1 0 1 0 6344 7730 rl 10 np 0
T 1330 1263 5667.00 2632.00 -20.480 31.832 37.851 hs 0 hp 5683 2600 in -1 0 0 0 6018 7986 rl 9 np 0
T 1331 1264 5649.00 2663.00 -22.754 30.523 38.071 hs 5 hp 5599 2581 in -1 0 1 0 -7983 -6022 rl 8 np 0
T 1332 1265 5630.00 2691.00 -24.238 28.461 37.383 hs 5 hp 5599 2581 in -1 0 1 0 -7983 -6022 rl 7 np 0
T 1333 1266 5610.00 2717.00 -25.012 26.074 36.131 hs 5 hp 5599 2581 in -1 0 1 0 -8290 -5592 rl 6 np 0
T 1334 1267 5590.00 2744.00 -25.012 26.574 36.493 hs 0 hp 5610 2717 in -1 0 0 0 -707 -707 rl 5 np 0
T 1335 1268 5568.00 2769.00 -26.941 24.867 36.664 hs 5 hp 5508 2655 in -1 0 1 0 -6772 -7358 rl 4 np 0
T 1336 1269 5545.00 2792.00 -28.270 22.711 36.262 hs 5 hp 5508 2655 in -1 0 1 0 -6772 -7358 rl 3 np 0
T 1337 1270 5521.00 2812.00 -29.012 20.316 35.418 hs 5 hp 5508 2655 in -1 0 1 0 -707 -707 rl 2 np 0
T 1338 1271 5497.00 2833.00 -29.012 20.816 35.707 hs 0 hp 5521 2812 in -1 0 0 0 -707 -707 rl 1 np 0
T 1339 1272 5473.00 2854.00 -29.012 21.316 36.001 hs 4 hp 5404 2755 in -1 0 1 0 -7661 -6427 rl 0 np 0
T 1340 1273 5450.00 2876.00 -29.012 21.816 36.299 hs 4 hp 5343 2703 in -1 0 1 0 -7661 -6427 rl 0 np 0
T 1341 1274 5425.00 2896.00 -30.711 19.906 36.598 hs 5 hp 5286 2655 in -1 0 1 0 -7661 -6427 rl 0 np 0
T 1342 1275 5399.00 2914.00 -32.137 17.809 36.741 hs 5 hp 5286 2655 in -1 0 1 1 -9174 3980 rl 24 np 1
T 1343 1276 5372.00 2930.00 -33.277 15.559 36.735 hs 5 hp 5286 2655 in -1 0 1 0 -831 -556 rl 23 np 1
T 1344 1277 5344.00 2943.00 -34.129 13.195 36.591 hs 5 hp 5286 2655 in -1 0 1 0 -831 -556 rl 22 np 1
T 1345 1278 5316.00 2954.00 -34.691 10.754 36.320 hs 5 hp 5286 2655 in -1 0 1 0 -831 -556 rl 21 np 1
T 1346 1279 5288.00 2961.00 -34.977 0.000 34.977 hs 5 hp 5286 2655 in -1 0 1 0 -831 -556 rl 20 np 1
T 1347 1280 5259.00 2961.00 -34.977 0.000 34.977 hs 5 hp 5286 2655 in -1 0 1 0 -831 -556 rl 19 np 1
T 1348 1281 5231.00 2948.00 -34.977 -13.199 37.384 hs 5 hp 5286 2655 in -1 1 1 0 2296 -9733 rl 18 np 1
T 1349 1282 5198.00 2929.00 -44.660 -18.969 48.522 hs 0 hp 5231 2948 in -1 0 0 0 2296 -9733 rl 17 np 0
E 1349 1282 ex 5274.1 2975.9 tee 5231.0 2948.0 dist 51.4 |f| 11.54
T 1350 1283 5165.00 2911.00 -44.660 -18.469 48.328 hs 4 hp 5186 2808 in -1 0 1 0 -980 -9952 rl 16 np 0
T 1351 1284 5132.00 2893.00 -44.660 -17.969 48.139 hs 5 hp 5180 2751 in -1 0 1 0 1624 -9867 rl 15 np 0
T 1352 1285 5099.00 2876.00 -44.660 -17.469 47.955 hs 5 hp 5180 2751 in -1 0 1 0 1624 -9867 rl 14 np 0
T 1353 1286 5067.00 2857.00 -43.438 -19.488 47.609 hs 5 hp 5180 2751 in -1 0 1 0 1624 -9867 rl 13 np 0
T 1354 1287 5035.00 2838.00 -43.438 -18.988 47.406 hs 0 hp 5067 2857 in -1 0 0 0 1624 -9867 rl 12 np 0
T 1355 1288 5004.00 2817.00 -42.246 -21.031 47.192 hs 5 hp 5089 2751 in -1 0 1 0 5299 -8480 rl 11 np 0
T 1356 1289 4973.00 2796.00 -42.246 -20.531 46.971 hs 0 hp 5004 2817 in -1 0 0 0 924 383 rl 10 np 0
T 1357 1290 4943.00 2773.00 -40.973 -22.504 46.746 hs 5 hp 5004 2751 in -1 0 1 0 5664 -8241 rl 9 np 0
T 1358 1291 4913.00 2751.00 -40.973 -22.004 46.507 hs 0 hp 4943 2773 in -1 0 0 0 530 -848 rl 8 np 0
T 1359 1292 4884.00 2727.00 -39.617 -23.898 46.267 hs 5 hp 4960 2689 in -1 0 1 0 6018 -7986 rl 7 np 0
T 1360 1293 4854.00 2704.00 -39.617 -23.398 46.011 hs 0 hp 4884 2727 in -1 0 0 0 570 -822 rl 6 np 0
T 1361 1294 4825.00 2679.00 -38.172 -25.195 45.737 hs 5 hp 4928 2616 in -1 0 1 0 6428 -7660 rl 5 np 0
T 1362 1295 4796.00 2654.00 -38.172 -24.695 45.464 hs 0 hp 4825 2679 in -1 0 0 0 570 -822 rl 4 np 0
T 1363 1296 4767.00 2630.00 -38.172 -24.195 45.194 hs 4 hp 4873 2560 in -1 0 1 0 6344 -7730 rl 3 np 0
T 1364 1297 4740.00 2604.00 -36.395 -25.535 44.459 hs 5 hp 4900 2527 in -1 0 1 0 6344 -7730 rl 2 np 0
T 1365 1298 4712.00 2579.00 -36.395 -25.035 44.174 hs 0 hp 4740 2604 in -1 0 0 0 3420 -9397 rl 1 np 0
T 1366 1299 4684.00 2554.00 -36.395 -24.535 43.892 hs 0 hp 4712 2579 in -1 0 0 0 3420 -9397 rl 0 np 0
T 1367 1300 4658.00 2528.00 -34.848 -26.211 43.605 hs 5 hp 4740 2495 in -1 0 1 0 6884 -7254 rl 0 np 0
T 1368 1301 4631.00 2502.00 -34.848 -25.711 43.306 hs 0 hp 4658 2528 in -1 0 0 0 3529 -9357 rl 0 np 0
T 1369 1302 4606.00 2475.00 -33.230 -27.297 43.004 hs 5 hp 4704 2432 in -1 0 1 0 7193 -6947 rl 0 np 0
T 1370 1303 4581.00 2448.00 -33.230 -26.797 42.689 hs 0 hp 4606 2475 in -1 0 0 1 -3082 -9513 rl 24 np 1
T 1371 1304 4557.00 2420.00 -31.547 -28.285 42.370 hs 5 hp 4636 2399 in -1 0 1 0 7490 -6626 rl 23 np 1
T 1372 1305 4533.00 2392.00 -31.547 -27.785 42.038 hs 0 hp 4557 2420 in -1 0 0 0 7730 -6344 rl 22 np 1
T 1373 1306 4502.00 2363.00 -43.430 -28.957 52.198 hs 0 hp 4533 2392 in -1 0 0 0 7730 -6344 rl 21 np 0
E 1373 1306 ex 4580.4 2398.7 tee 4533.0 2392.0 dist 47.9 |f| 12.00
