T 1299 1232 6622.00 2127.00 -54.570 6.289 54.932 hs 5 hp 6650 2047 in -1 0 1 0 -1392 -9903 rl 12 np 0
T 1300 1233 6584.00 2134.00 -54.570 6.789 54.991 hs 0 hp 6622 2127 in -1 0 0 0 -290 -957 rl 11 np 0
T 1301 1234 6546.00 2141.00 -54.570 7.289 55.055 hs 4 hp 6577 2012 in -1 0 1 0 -610 -9981 rl 10 np 0
T 1302 1235 6508.00 2149.00 -54.570 7.789 55.123 hs 0 hp 6546 2141 in -1 0 0 0 -290 -957 rl 9 np 0
T 1303 1236 6470.00 2157.00 -54.570 8.289 55.196 hs 0 hp 6508 2149 in -1 0 0 0 -290 -957 rl 8 np 0
T 1304 1237 6432.00 2163.00 -54.918 5.812 55.225 hs 5 hp 6456 2047 in -1 0 1 0 -1219 -9925 rl 7 np 0
T 1305 1238 6394.00 2169.00 -54.918 6.312 55.280 hs 0 hp 6432 2163 in -1 0 0 0 -1219 -9925 rl 6 np 0
T 1306 1239 6356.00 2173.00 -55.168 3.824 55.300 hs 5 hp 6383 2047 in -1 0 1 0 -872 -9962 rl 5 np 0
T 1307 1240 6318.00 2177.00 -55.168 4.324 55.337 hs 0 hp 6356 2173 in -1 0 0 0 -1219 -9925 rl 4 np 0
T 1308 1241 6280.00 2182.00 -55.168 4.824 55.378 hs 4 hp 6210 2235 in -1 0 1 0 -8819 4714 rl 3 np 0
T 1309 1242 6242.00 2187.00 -55.168 5.324 55.424 hs 4 hp 6139 2273 in -1 0 1 0 9569 2903 rl 2 np 0
T 1310 1243 6204.00 2193.00 -55.168 5.824 55.475 hs 4 hp 6068 2311 in -1 0 1 0 9569 2903 rl 1 np 0
T 1311 1244 6166.00 2199.00 -55.168 6.324 55.529 hs 4 hp 5997 2349 in -1 0 1 0 -980 -9952 rl 0 np 0
T 1312 1245 6128.00 2206.00 -55.168 6.824 55.588 hs 0 hp 6166 2199 in -1 0 0 0 980 -9952 rl 0 np 0
T 1313 1246 6090.00 2213.00 -55.168 7.324 55.652 hs 4 hp 6186 2314 in -1 0 1 0 4714 8819 rl 0 np 0
T 1314 1247 6054.00 2221.00 -50.926 8.500 51.630 hs 5 hp 6198 2336 in 0 0 1 0 6344 7730 rl 0 np 0
T 1315 1248 6019.00 2231.00 -49.168 9.562 50.089 hs 5 hp 6198 2336 in -1 0 1 1 -6341 -7732 rl 24 np 1
T 1316 1249 5987.00 2252.00 -44.090 21.367 48.995 hs 5 hp 6198 2336 in 0 0 1 0 -6341 -7732 rl 23 np 0
E 1316 1249 ex 6015.3 2175.0 tee 6019.0 2231.0 dist 56.2 |f| 10.87
T 1317 1250 5956.00 2274.00 -41.887 21.867 47.251 hs 0 hp 5987 2252 in 0 0 0 0 -980 9952 rl 22 np 0
T 1318 1251 5926.00 2296.00 -39.793 22.367 45.648 hs 4 hp 5921 2391 in 0 0 1 0 -2903 9569 rl 21 np 0
T 1319 1252 5897.00 2319.00 -38.293 22.867 44.601 hs 5 hp 5918 2400 in 1 0 1 0 -1610 9870 rl 20 np 0
T 1320 1253 5870.00 2343.00 -36.078 24.238 43.464 hs 5 hp 5918 2400 in 1 0 1 0 -1610 9870 rl 19 np 0
T 1321 1254 5844.00 2368.00 -34.629 25.426 42.961 hs 5 hp 5918 2400 in -1 0 1 0 3803 9249 rl 18 np 0
T 1322 1255 5818.00 2394.00 -34.629 25.926 43.259 hs 0 hp 5844 2368 in -1 0 0 0 -1610 9870 rl 17 np 0
T 1323 1256 5792.00 2421.00 -33.566 27.219 43.215 hs 5 hp 5873 2496 in -1 0 1 0 4714 8819 rl 16 np 0
T 1324 1257 5769.00 2449.00 -29.977 28.332 41.247 hs 5 hp 5873 2496 in 1 0 1 0 4714 8819 rl 15 np 0
T 1325 1258 5749.00 2478.00 -25.879 29.203 39.020 hs 5 hp 5873 2496 in 1 0 1 0 276 961 rl 14 np 0
T 1326 1259 5732.00 2508.00 -21.559 29.832 36.807 hs 5 hp 5873 2496 in 1 0 1 0 276 961 rl 13 np 0
T 1327 1260 5715.00 2538.00 -21.559 30.332 37.213 hs 0 hp 5732 2508 in -1 0 0 0 276 961 rl 12 np 0
T 1328 1261 5699.00 2569.00 -20.480 30.832 37.014 hs 4 hp 5662 2428 in 0 0 1 0 -4305 -9026 rl 11 np 0
T 1329 1262 5683.00 2600.00 -20.480 31.332 37.432 hs 4 hp 5628 2356 in -1 0 1 0 6344 7730 rl 10 np 0
T 1330 1263 5667.00 2632.00 -20.480 31.832 37.851 hs 0 hp 5683 2600 in -1 0 0 0 6018 7986 rl 9 np 0
T 1331 1264 5649.00 2663.00 -22.816 30.613 38.181 hs 5 hp 5599 2585 in -1 0 1 0 -8192 -5736 rl 8 np 0
T 1332 1265 5630.00 2692.00 -24.355 28.586 37.555 hs 5 hp 5599 2585 in -1 0 1 0 -7983 -6022 rl 7 np 0
T 1333 1266 5610.00 2718.00 -25.148 26.203 36.319 hs 5 hp 5599 2585 in -1 0 1 0 -8290 -5592 rl 6 np 0
T 1334 1267 5590.00 2745.00 -25.148 26.703 36.681 hs 0 hp 5610 2718 in -1 0 0 0 -707 -707 rl 5 np 0
T 1335 1268 5568.00 2770.00 -27.074 24.992 36.846 hs 5 hp 5508 2655 in -1 0 1 0 -6756 -7373 rl 4 np 0
T 1336 1269 5545.00 2793.00 -28.391 22.832 36.433 hs 5 hp 5508 2655 in -1 0 1 0 -6772 -7358 rl 3 np 0
T 1337 1270 5521.00 2813.00 -29.129 20.434 35.581 hs 5 hp 5508 2655 in -1 0 1 0 -707 -707 rl 2 np 0
T 1338 1271 5497.00 2834.00 -29.129 20.934 35.871 hs 0 hp 5521 2813 in -1 0 0 0 -707 -707 rl 1 np 0
T 1339 1272 5473.00 2855.00 -29.129 21.434 36.165 hs 4 hp 5396 2765 in -1 0 1 0 -8241 -5664 rl 0 np 0
T 1340 1273 5449.00 2877.00 -29.129 21.934 36.463 hs 4 hp 5330 2720 in -1 0 1 0 -7661 -6427 rl 0 np 0
T 1341 1274 5426.00 2899.00 -29.129 22.434 36.766 hs 4 hp 5264 2675 in -1 0 1 0 -7661 -6427 rl 0 np 0
T 1342 1275 5401.00 2920.00 -30.852 20.543 37.065 hs 5 hp 5247 2663 in -1 0 1 1 -9526 3041 rl 24 np 1
T 1343 1276 5375.00 2938.00 -32.316 18.469 37.222 hs 5 hp 5247 2663 in -1 0 1 1 -9526 3041 rl 23 np 1
T 1344 1277 5348.00 2954.00 -33.520 16.250 37.251 hs 5 hp 5247 2663 in -1 0 1 0 -831 -556 rl 22 np 1
T 1345 1278 5320.00 2961.00 -34.453 0.000 34.453 hs 5 hp 5247 2663 in -1 0 1 0 -831 -556 rl 21 np 1
T 1346 1279 5292.00 2961.00 -34.453 0.000 34.453 hs 5 hp 5247 2663 in -1 0 1 0 -831 -556 rl 20 np 1
T 1347 1280 5264.00 2961.00 -34.453 0.000 34.453 hs 5 hp 5247 2663 in -1 0 1 0 -831 -556 rl 19 np 1
T 1348 1281 5236.00 2961.00 -34.453 0.000 34.453 hs 0 hp 5264 2961 in -1 0 0 0 -831 -556 rl 18 np 1
T 1349 1282 5208.00 2948.00 -34.453 -13.199 36.895 hs 4 hp 5243 2839 in -1 1 1 0 610 -9981 rl 17 np 1
T 1350 1283 5176.00 2928.00 -44.184 -19.723 48.386 hs 4 hp 5248 2759 in -1 1 1 0 2296 -9733 rl 16 np 0
E 1350 1283 ex 5246.6 2975.9 tee 5208.0 2948.0 dist 47.7 |f| 12.00
T 1351 1284 5144.00 2909.00 -44.184 -19.223 48.184 hs 4 hp 5253 2679 in -1 0 1 0 1624 -9867 rl 15 np 0
T 1352 1285 5112.00 2890.00 -44.184 -18.723 47.987 hs 5 hp 5254 2655 in -1 0 1 0 1624 -9867 rl 14 np 0
T 1353 1286 5080.00 2869.00 -43.020 -20.789 47.779 hs 5 hp 5254 2655 in -1 0 1 0 1624 -9867 rl 13 np 0
T 1354 1287 5048.00 2849.00 -43.020 -20.289 47.564 hs 0 hp 5080 2869 in -1 0 0 0 1624 -9867 rl 12 np 0
T 1355 1288 5017.00 2827.00 -41.762 -22.277 47.332 hs 5 hp 5114 2751 in -1 0 1 0 5592 -8290 rl 11 np 0
T 1356 1289 4986.00 2805.00 -41.762 -21.777 47.099 hs 0 hp 5017 2827 in -1 0 0 0 924 383 rl 10 np 0
T 1357 1290 4956.00 2781.00 -40.422 -23.688 46.851 hs 5 hp 5026 2751 in -1 0 1 0 5948 -8039 rl 9 np 0
T 1358 1291 4926.00 2758.00 -40.422 -23.188 46.600 hs 0 hp 4956 2781 in -1 0 0 0 530 -848 rl 8 np 0
T 1359 1292 4897.00 2733.00 -39.008 -25.020 46.342 hs 5 hp 4960 2716 in -1 0 1 0 6293 -7771 rl 7 np 0
T 1360 1293 4868.00 2708.00 -39.008 -24.520 46.074 hs 0 hp 4897 2733 in -1 0 0 0 570 -822 rl 6 np 0
T 1361 1294 4840.00 2682.00 -37.516 -26.266 45.796 hs 5 hp 4928 2641 in -1 0 1 0 6626 -7490 rl 5 np 0
T 1362 1295 4812.00 2656.00 -37.516 -25.766 45.511 hs 0 hp 4840 2682 in -1 0 0 0 570 -822 rl 4 np 0
T 1363 1296 4784.00 2631.00 -37.516 -25.266 45.230 hs 4 hp 4857 2542 in -1 0 1 0 3665 -9304 rl 3 np 0
T 1364 1297 4756.00 2606.00 -37.516 -24.766 44.953 hs 4 hp 4886 2468 in -1 0 1 0 6344 -7730 rl 2 np 0
T 1365 1298 4729.00 2580.00 -35.988 -26.469 44.674 hs 5 hp 4888 2463 in -1 0 1 0 3420 -9397 rl 1 np 0
T 1366 1299 4702.00 2554.00 -35.988 -25.969 44.379 hs 0 hp 4729 2580 in -1 0 0 0 3420 -9397 rl 0 np 0
T 1367 1300 4675.00 2529.00 -35.988 -25.469 44.089 hs 0 hp 4702 2554 in -1 0 0 0 3529 -9357 rl 0 np 0
T 1368 1301 4649.00 2502.00 -34.398 -27.090 43.785 hs 5 hp 4736 2468 in -1 0 1 0 7071 -7071 rl 0 np 0
T 1369 1302 4623.00 2475.00 -34.398 -26.590 43.477 hs 0 hp 4649 2502 in -1 0 0 0 3529 -9357 rl 0 np 0
T 1370 1303 4597.00 2449.00 -34.398 -26.090 43.173 hs 5 hp 4672 2424 in -1 0 1 0 6884 -7254 rl 0 np 0
T 1371 1304 4571.00 2423.00 -34.398 -25.590 42.873 hs 0 hp 4597 2449 in -1 0 0 0 383 -924 rl 0 np 0
T 1372 1305 4545.00 2398.00 -34.398 -25.090 42.576 hs 5 hp 4576 2377 in -1 0 1 0 980 -9952 rl 0 np 0
T 1373 1306 4512.00 2373.00 -46.398 -24.641 52.535 hs 5 hp 4576 2377 in -1 0 1 1 10000 0 rl 24 np 0
E 1373 1306 ex 4575.5 2398.1 tee 4545.0 2398.0 dist 30.5 |f| 12.00
T 1374 1307 4479.00 2349.00 -46.398 -24.141 52.303 hs 0 hp 4512 2373 in -1 0 0 1 8391 -5439 rl 23 np 0
T 1375 1308 4446.00 2325.00 -46.398 -23.641 52.074 hs 4 hp 4444 2466 in -1 0 1 0 -2903 9569 rl 22 np 0
T 1376 1309 4413.00 2302.00 -46.398 -23.141 51.849 hs 4 hp 4421 2543 in -1 0 1 0 3007 -9537 rl 21 np 0
T 1377 1310 4380.00 2279.00 -46.398 -22.641 51.628 hs 0 hp 4413 2302 in -1 0 0 0 1000 0 rl 20 np 0
T 1378 1311 4347.00 2257.00 -46.398 -22.141 51.410 hs 4 hp 4341 2395 in -1 0 1 0 -3173 9483 rl 19 np 0
T 1379 1312 4314.00 2235.00 -46.398 -21.641 51.197 hs 4 hp 4316 2471 in -1 0 1 0 -3173 9483 rl 18 np 0
T 1380 1313 4281.00 2214.00 -46.398 -21.141 50.988 hs 0 hp 4314 2235 in -1 0 0 0 -3173 9483 rl 17 np 0
T 1381 1314 4248.00 2193.00 -46.398 -20.641 50.782 hs 4 hp 4223 2322 in -1 0 1 0 -4714 8819 rl 16 np 0
T 1382 1315 4215.00 2173.00 -46.398 -20.141 50.581 hs 5 hp 4191 2381 in -1 0 1 0 1000 0 rl 15 np 0
T 1383 1316 4181.00 2154.00 -46.727 -18.746 50.347 hs 5 hp 4191 2381 in -1 0 1 0 -6344 -7730 rl 14 np 0
T 1384 1317 4147.00 2137.00 -46.629 -17.348 49.751 hs 5 hp 4191 2381 in -1 0 1 0 -3256 9455 rl 13 np 0
T 1385 1318 4113.00 2120.00 -46.629 -16.848 49.579 hs 0 hp 4147 2137 in -1 0 0 0 -6344 -7730 rl 12 np 0
T 1386 1319 4079.00 2108.00 -46.629 -12.000 48.148 hs 0 hp 4113 2120 in -1 1 0 0 -6344 -7730 rl 11 np 0
T 1387 1320 4045.00 2097.00 -46.629 -11.500 48.026 hs 0 hp 4079 2108 in -1 0 0 0 0 1000 rl 10 np 0
T 1388 1321 4011.00 2086.00 -46.629 -11.000 47.909 hs 4 hp 4000 2211 in -1 0 1 0 -3665 9304 rl 9 np 0
T 1389 1322 3977.00 2075.00 -46.629 -10.500 47.796 hs 4 hp 3971 2285 in -1 0 1 0 -4714 8819 rl 8 np 0
T 1390 1323 3943.00 2066.00 -46.797 -9.102 47.674 hs 5 hp 3964 2304 in -1 1 1 0 -383 924 rl 7 np 0
T 1391 1324 3909.00 2058.00 -46.598 -7.703 47.230 hs 5 hp 3964 2304 in -1 0 1 0 -383 924 rl 6 np 0
T 1392 1325 3875.00 2051.00 -46.598 -7.203 47.151 hs 0 hp 3909 2058 in -1 0 0 0 -383 924 rl 5 np 0
T 1393 1326 3841.00 2044.00 -46.598 -6.703 47.077 hs 0 hp 3875 2051 in -1 0 0 0 -383 924 rl 4 np 0
T 1394 1327 3807.00 2039.00 -46.695 -5.305 46.996 hs 5 hp 3839 2112 in -1 0 1 0 -349 9994 rl 3 np 0
T 1395 1328 3772.00 2034.00 -46.695 -4.805 46.942 hs 0 hp 3807 2039 in -1 0 0 0 -383 924 rl 2 np 0
T 1396 1329 3737.00 2030.00 -46.695 -4.305 46.893 hs 0 hp 3772 2034 in -1 0 0 0 980 -9952 rl 1 np 0
T 1397 1330 3702.00 2027.00 -46.746 -2.906 46.836 hs 5 hp 3736 2080 in -1 0 1 0 -175 9998 rl 0 np 0
T 1398 1331 3667.00 2025.00 -46.746 -2.406 46.808 hs 0 hp 3702 2027 in -1 0 0 0 98 995 rl 0 np 0
T 1399 1332 3632.00 2024.00 -46.770 -1.008 46.780 hs 5 hp 3666 2144 in -1 0 1 0 -87 10000 rl 0 np 0
T 1400 1333 3597.00 2023.00 -46.770 -0.508 46.772 hs 0 hp 3632 2024 in -1 0 0 1 -8566 -5160 rl 24 np 1
T 1401 1334 3562.00 2023.00 -46.770 -0.008 46.770 hs 4 hp 3609 2144 in -1 0 1 0 980 9952 rl 23 np 1
T 1402 1335 3528.00 2024.00 -46.148 1.355 46.168 hs 5 hp 3615 2208 in -1 0 1 0 9569 2903 rl 22 np 1
T 1403 1336 3491.00 2035.00 -53.277 10.871 54.375 hs 0 hp 3528 2024 in -1 0 0 0 9569 2903 rl 21 np 0
E 1403 1336 ex 3560.0 1983.5 tee 3528.0 2024.0 dist 51.7 |f| 11.49
T 1404 1337 3454.00 2043.00 -53.453 8.375 54.105 hs 5 hp 3488 1983 in -1 0 1 0 -610 -9981 rl 20 np 0
T 1405 1338 3417.00 2052.00 -53.453 8.875 54.185 hs 0 hp 3454 2043 in -1 0 0 0 -98 -995 rl 19 np 0
T 1406 1339 3380.00 2061.00 -53.453 9.375 54.269 hs 0 hp 3417 2052 in -1 0 0 0 -98 -995 rl 18 np 0
T 1407 1340 3343.00 2071.00 -53.453 9.875 54.358 hs 0 hp 3380 2061 in -1 0 0 0 -98 -995 rl 17 np 0
T 1408 1341 3306.00 2081.00 -53.453 10.375 54.451 hs 0 hp 3343 2071 in -1 0 0 0 -98 -995 rl 16 np 0
T 1409 1342 3269.00 2092.00 -53.453 10.875 54.548 hs 5 hp 3254 1983 in -1 0 1 0 -4714 -8819 rl 15 np 0
T 1410 1343 3232.00 2103.00 -53.453 11.375 54.650 hs 0 hp 3269 2092 in -1 0 0 0 -290 -957 rl 14 np 0
T 1411 1344 3195.00 2115.00 -53.453 11.875 54.756 hs 5 hp 3160 2015 in -1 0 1 0 -6344 -7730 rl 13 np 0
T 1412 1345 3158.00 2127.00 -53.453 12.375 54.867 hs 0 hp 3195 2115 in -1 0 0 0 -383 -924 rl 12 np 0
T 1413 1346 3121.00 2137.00 -53.996 9.930 54.902 hs 5 hp 3136 2015 in -1 0 1 0 -1908 -9816 rl 11 np 0
T 1414 1347 3084.00 2147.00 -53.996 10.430 54.994 hs 0 hp 3121 2137 in -1 0 0 0 -995 98 rl 10 np 0
T 1415 1348 3046.00 2155.00 -54.441 7.965 55.021 hs 5 hp 3068 2047 in -1 0 1 0 -1564 -9877 rl 9 np 0
T 1416 1349 3008.00 2163.00 -54.441 8.465 55.096 hs 0 hp 3046 2155 in -1 0 0 0 -995 98 rl 8 np 0
T 1417 1350 2970.00 2169.00 -54.789 5.988 55.115 hs 5 hp 2998 2079 in -1 0 1 0 -1219 -9925 rl 7 np 0
T 1418 1351 2932.00 2175.00 -54.789 6.488 55.172 hs 0 hp 2970 2169 in -1 0 0 0 -634 773 rl 6 np 0
T 1419 1352 2894.00 2182.00 -54.789 6.988 55.233 hs 4 hp 3009 2081 in -1 0 1 0 6344 -7730 rl 5 np 0
T 1420 1353 2856.00 2189.00 -54.789 7.488 55.298 hs 0 hp 2894 2182 in -1 0 0 0 -471 882 rl 4 np 0
T 1421 1354 2818.00 2194.00 -55.086 5.004 55.313 hs 5 hp 2848 2111 in -1 0 1 0 -1045 -9945 rl 3 np 0
T 1422 1355 2781.00 2179.00 -54.320 -14.820 56.306 hs 5 hp 2848 2111 in -1 1 1 0 -1045 -9945 rl 2 np 0
T 1423 1356 2744.00 2165.00 -54.320 -14.320 56.176 hs 0 hp 2781 2179 in -1 0 0 0 -882 -471 rl 1 np 0
T 1424 1357 2707.00 2151.00 -54.320 -13.820 56.051 hs 4 hp 2686 2273 in -1 0 1 0 -4714 8819 rl 0 np 0
T 1425 1358 2670.00 2138.00 -54.320 -13.320 55.930 hs 4 hp 2648 2344 in -1 0 1 1 3016 -9534 rl 24 np 1
T 1426 1359 2629.00 2130.00 -63.867 -7.684 64.328 hs 0 hp 2670 2138 in -1 0 0 0 -6344 -7730 rl 23 np 0
E 1426 1359 ex 2719.7 2111.3 tee 2670.0 2138.0 dist 56.4 |f| 10.84
T 1427 1360 2588.00 2120.00 -63.457 -10.133 64.261 hs 5 hp 2650 2015 in -1 0 1 0 1822 -9833 rl 22 np 0
T 1428 1361 2547.00 2110.00 -63.457 -9.633 64.184 hs 0 hp 2588 2120 in -1 0 0 0 1822 -9833 rl 21 np 0
T 1429 1362 2506.00 2101.00 -63.457 -9.133 64.111 hs 0 hp 2547 2110 in -1 0 0 0 208 -978 rl 20 np 0
T 1430 1363 2465.00 2092.00 -63.457 -8.633 64.042 hs 4 hp 2623 2136 in -1 0 1 0 9569 2903 rl 19 np 0
T 1431 1364 2424.00 2084.00 -63.457 -8.133 63.976 hs 0 hp 2465 2092 in -1 0 0 0 -957 290 rl 18 np 0
T 1432 1365 2383.00 2076.00 -63.457 -7.633 63.914 hs 0 hp 2424 2084 in -1 0 0 0 -957 290 rl 17 np 0
T 1433 1366 2342.00 2069.00 -63.457 -7.133 63.857 hs 4 hp 2377 2198 in -1 0 1 0 -523 9986 rl 16 np 0
T 1434 1367 2301.00 2062.00 -63.457 -6.633 63.803 hs 0 hp 2342 2069 in -1 0 0 0 924 383 rl 15 np 0
T 1435 1368 2260.00 2056.00 -63.457 -6.133 63.753 hs 4 hp 2422 2074 in -1 0 1 0 9952 980 rl 14 np 0
T 1436 1369 2219.00 2050.00 -63.457 -5.633 63.707 hs 4 hp 2502 2082 in -1 0 1 0 -87 10000 rl 13 np 0
T 1437 1370 2178.00 2045.00 -63.457 -5.133 63.664 hs 0 hp 2219 2050 in -1 0 0 0 924 383 rl 12 np 0
T 1438 1371 2137.00 2040.00 -63.457 -4.633 63.626 hs 5 hp 2176 2112 in -1 0 1 0 -262 9997 rl 11 np 0
T 1439 1372 2096.00 2036.00 -63.457 -4.133 63.591 hs 0 hp 2137 2040 in -1 0 0 0 924 383 rl 10 np 0
T 1440 1373 2055.00 2032.00 -63.457 -3.633 63.561 hs 4 hp 2080 1915 in -1 0 1 0 -1305 -9914 rl 9 np 0
T 1441 1374 2014.00 2026.00 -63.129 -6.102 63.423 hs 5 hp 2076 1887 in -1 0 1 0 -1305 -9914 rl 8 np 0
T 1442 1375 1973.00 2020.00 -63.129 -5.602 63.377 hs 0 hp 2014 2026 in -1 0 0 0 -1305 -9914 rl 7 np 0
T 1443 1376 1932.00 2015.00 -63.129 -5.102 63.335 hs 0 hp 1973 2020 in -1 0 0 0 -1305 -9914 rl 6 np 0
T 1444 1377 1891.00 2010.00 -63.129 -4.602 63.296 hs 5 hp 1912 2080 in -1 0 1 0 -2903 9569 rl 5 np 0
T 1445 1378 1850.00 2006.00 -63.129 -4.102 63.262 hs 0 hp 1891 2010 in -1 0 0 0 -290 -957 rl 4 np 0
T 1446 1379 1809.00 2002.00 -63.129 -3.602 63.232 hs 0 hp 1850 2006 in -1 0 0 0 -290 -957 rl 3 np 0
