T 1374 1307 4479.00 2349.00 -46.398 -24.141 52.303 hs 0 hp 4512 2373 in -1 0 0 1 8391 -5439 rl 23 np 0
T 1375 1308 4446.00 2325.00 -46.398 -23.641 52.074 hs 4 hp 4444 2466 in -1 0 1 0 -2903 9569 rl 22 np 0
T 1376 1309 4413.00 2302.00 -46.398 -23.141 51.849 hs 4 hp 4421 2543 in -1 0 1 0 3007 -9537 rl 21 np 0
T 1377 1310 4380.00 2279.00 -46.398 -22.641 51.628 hs 0 hp 4413 2302 in -1 0 0 0 1000 0 rl 20 np 0
T 1378 1311 4347.00 2257.00 -46.398 -22.141 51.410 hs 4 hp 4341 2395 in -1 0 1 0 -3173 9483 rl 19 np 0
T 1379 1312 4314.00 2235.00 -46.398 -21.641 51.197 hs 4 hp 4316 2471 in -1 0 1 0 -3173 9483 rl 18 np 0
T 1380 1313 4281.00 2214.00 -46.398 -21.141 50.988 hs 0 hp 4314 2235 in -1 0 0 0 -3173 9483 rl 17 np 0
T 1381 1314 4248.00 2193.00 -46.398 -20.641 50.782 hs 4 hp 4223 2322 in -1 0 1 0 -4714 8819 rl 16 np 0
T 1382 1315 4215.00 2173.00 -46.398 -20.141 50.581 hs 5 hp 4191 2381 in -1 0 1 0 1000 0 rl 15 np 0
T 1383 1316 4181.00 2154.00 -46.727 -18.746 50.347 hs 5 hp 4191 2381 in -1 0 1 0 -6344 -7730 rl 14 np 0
T 1384 1317 4147.00 2137.00 -46.629 -17.348 49.751 hs 5 hp 4191 2381 in -1 0 1 0 -3256 9455 rl 13 np 0
T 1385 1318 4113.00 2120.00 -46.629 -16.848 49.579 hs 0 hp 4147 2137 in -1 0 0 0 -6344 -7730 rl 12 np 0
T 1386 1319 4079.00 2108.00 -46.629 -12.000 48.148 hs 0 hp 4113 2120 in -1 1 0 0 -6344 -7730 rl 11 np 0
T 1387 1320 4045.00 2097.00 -46.629 -11.500 48.026 hs 0 hp 4079 2108 in -1 0 0 0 0 1000 rl 10 np 0
T 1388 1321 4011.00 2086.00 -46.629 -11.000 47.909 hs 4 hp 4000 2211 in -1 0 1 0 -3665 9304 rl 9 np 0
T 1389 1322 3977.00 2075.00 -46.629 -10.500 47.796 hs 4 hp 3971 2285 in -1 0 1 0 -4714 8819 rl 8 np 0
T 1390 1323 3943.00 2066.00 -46.797 -9.102 47.674 hs 5 hp 3964 2304 in -1 1 1 0 -383 924 rl 7 np 0
T 1391 1324 3909.00 2058.00 -46.598 -7.703 47.230 hs 5 hp 3964 2304 in -1 0 1 0 -383 924 rl 6 np 0
T 1392 1325 3875.00 2051.00 -46.598 -7.203 47.151 hs 0 hp 3909 2058 in -1 0 0 0 -383 924 rl 5 np 0
T 1393 1326 3841.00 2044.00 -46.598 -6.703 47.077 hs 0 hp 3875 2051 in -1 0 0 0 -383 924 rl 4 np 0
T 1394 1327 3807.00 2039.00 -46.695 -5.305 46.996 hs 5 hp 3839 2112 in -1 0 1 0 -349 9994 rl 3 np 0
T 1395 1328 3772.00 2034.00 -46.695 -4.805 46.942 hs 0 hp 3807 2039 in -1 0 0 0 -383 924 rl 2 np 0
T 1396 1329 3737.00 2030.00 -46.695 -4.305 46.893 hs 0 hp 3772 2034 in -1 0 0 0 980 -9952 rl 1 np 0
T 1397 1330 3702.00 2027.00 -46.746 -2.906 46.836 hs 5 hp 3736 2080 in -1 0 1 0 -175 9998 rl 0 np 0
T 1398 1331 3667.00 2025.00 -46.746 -2.406 46.808 hs 0 hp 3702 2027 in -1 0 0 0 98 995 rl 0 np 0
T 1399 1332 3632.00 2024.00 -46.770 -1.008 46.780 hs 5 hp 3666 2144 in -1 0 1 0 -87 10000 rl 0 np 0
T 1400 1333 3597.00 2023.00 -46.770 -0.508 46.772 hs 0 hp 3632 2024 in -1 0 0 1 -8566 -5160 rl 24 np 1
T 1401 1334 3562.00 2023.00 -46.770 -0.008 46.770 hs 4 hp 3609 2144 in -1 0 1 0 980 9952 rl 23 np 1
T 1402 1335 3527.00 2023.00 -46.770 0.492 46.772 hs 0 hp 3562 2023 in -1 0 0 0 471 -882 rl 22 np 1
T 1403 1336 3490.00 2033.00 -54.156 9.824 55.040 hs 0 hp 3527 2023 in -1 0 0 0 471 -882 rl 21 np 0
E 1403 1336 ex 3560.0 1983.5 tee 3527.0 2023.0 dist 51.5 |f| 11.51
T 1404 1337 3453.00 2043.00 -54.156 10.324 55.132 hs 4 hp 3607 2068 in -1 0 1 0 9569 2903 rl 20 np 0
T 1405 1338 3416.00 2054.00 -54.156 10.824 55.227 hs 4 hp 3684 2091 in -1 0 1 0 -610 -9981 rl 19 np 0
T 1406 1339 3379.00 2065.00 -54.156 11.324 55.328 hs 0 hp 3416 2054 in -1 0 0 0 -98 -995 rl 18 np 0
T 1407 1340 3342.00 2077.00 -54.156 11.824 55.432 hs 0 hp 3379 2065 in -1 0 0 0 -98 -995 rl 17 np 0
T 1408 1341 3305.00 2089.00 -54.156 12.324 55.541 hs 0 hp 3342 2077 in -1 0 0 0 -98 -995 rl 16 np 0
T 1409 1342 3268.00 2102.00 -54.156 12.824 55.654 hs 0 hp 3305 2089 in -1 0 0 0 -290 -957 rl 15 np 0
T 1410 1343 3230.00 2112.00 -54.699 10.379 55.675 hs 5 hp 3245 1983 in -1 0 1 0 -1908 -9816 rl 14 np 0
T 1411 1344 3192.00 2123.00 -54.699 10.879 55.771 hs 0 hp 3230 2112 in -1 0 0 0 -383 -924 rl 13 np 0
T 1412 1345 3154.00 2131.00 -55.168 8.422 55.807 hs 5 hp 3174 2015 in -1 0 1 0 -1650 -9863 rl 12 np 0
T 1413 1346 3116.00 2140.00 -55.168 8.922 55.885 hs 0 hp 3154 2131 in -1 0 0 0 -1650 -9863 rl 11 np 0
T 1414 1347 3078.00 2149.00 -55.168 9.422 55.967 hs 5 hp 3066 2047 in -1 0 1 0 -4714 -8819 rl 10 np 0
T 1415 1348 3040.00 2159.00 -55.168 9.922 56.053 hs 0 hp 3078 2149 in -1 0 0 0 -995 98 rl 9 np 0
T 1416 1349 3002.00 2166.00 -55.590 7.453 56.087 hs 5 hp 3028 2079 in -1 0 1 0 -1478 -9890 rl 8 np 0
T 1417 1350 2964.00 2174.00 -55.590 7.953 56.156 hs 0 hp 3002 2166 in -1 0 0 0 -634 773 rl 7 np 0
T 1418 1351 2926.00 2179.00 -55.914 5.473 56.181 hs 5 hp 2957 2111 in -1 0 1 0 -1132 -9936 rl 6 np 0
T 1419 1352 2888.00 2185.00 -55.914 5.973 56.232 hs 0 hp 2926 2179 in -1 0 0 0 -634 773 rl 5 np 0
T 1420 1353 2850.00 2191.00 -55.914 6.473 56.287 hs 0 hp 2888 2185 in -1 0 0 0 -471 882 rl 4 np 0
T 1421 1354 2812.00 2195.00 -56.164 3.984 56.305 hs 5 hp 2843 2111 in -1 0 1 0 -872 -9962 rl 3 np 0
T 1422 1355 2774.00 2180.00 -55.387 -14.816 57.334 hs 5 hp 2843 2111 in -1 1 1 0 -872 -9962 rl 2 np 0
T 1423 1356 2736.00 2166.00 -55.387 -14.316 57.207 hs 0 hp 2774 2180 in -1 0 0 0 -882 -471 rl 1 np 0
T 1424 1357 2699.00 2149.00 -54.598 -16.625 57.073 hs 5 hp 2757 2111 in -1 0 1 0 3502 -9367 rl 0 np 0
T 1425 1358 2662.00 2133.00 -54.598 -16.125 56.929 hs 0 hp 2699 2149 in -1 0 0 1 4635 -8861 rl 24 np 1
T 1426 1359 2621.00 2121.00 -63.875 -11.867 64.968 hs 0 hp 2662 2133 in -1 0 0 0 3502 -9367 rl 23 np 0
E 1426 1359 ex 2719.9 2109.6 tee 2662.0 2133.0 dist 62.4 |f| 10.01
T 1427 1360 2580.00 2110.00 -63.875 -11.367 64.879 hs 4 hp 2568 2231 in -1 0 1 0 -4384 8988 rl 22 np 0
T 1428 1361 2539.00 2099.00 -63.875 -10.867 64.793 hs 0 hp 2580 2110 in -1 0 0 0 208 -978 rl 21 np 0
T 1429 1362 2498.00 2089.00 -63.875 -10.367 64.711 hs 4 hp 2519 1979 in -1 1 1 0 -1650 -9863 rl 20 np 0
T 1430 1363 2457.00 2079.00 -63.875 -9.867 64.633 hs 0 hp 2498 2089 in -1 0 0 0 208 -978 rl 19 np 0
T 1431 1364 2416.00 2070.00 -63.875 -9.367 64.558 hs 0 hp 2457 2079 in -1 0 0 0 -957 290 rl 18 np 0
T 1432 1365 2375.00 2061.00 -63.875 -8.867 64.488 hs 0 hp 2416 2070 in -1 0 0 0 -957 290 rl 17 np 0
T 1433 1366 2334.00 2053.00 -63.875 -8.367 64.421 hs 0 hp 2375 2061 in -1 0 0 0 924 383 rl 16 np 0
T 1434 1367 2293.00 2045.00 -63.875 -7.867 64.358 hs 4 hp 2292 2168 in -1 0 1 0 -3420 9397 rl 15 np 0
T 1435 1368 2252.00 2039.00 -63.965 -6.469 64.291 hs 5 hp 2289 2176 in -1 0 1 0 -436 9990 rl 14 np 0
T 1436 1369 2211.00 2034.00 -63.379 -5.102 63.584 hs 5 hp 2289 2176 in -1 0 1 0 -87 10000 rl 13 np 0
T 1437 1370 2170.00 2029.00 -63.379 -4.602 63.546 hs 0 hp 2211 2034 in -1 0 0 0 924 383 rl 12 np 0
T 1438 1371 2129.00 2025.00 -63.379 -4.102 63.511 hs 4 hp 2291 2041 in -1 0 1 0 9952 980 rl 11 np 0
T 1439 1372 2088.00 2021.00 -63.379 -3.602 63.481 hs 4 hp 2371 2049 in -1 0 1 0 -262 9997 rl 10 np 0
T 1440 1373 2047.00 2018.00 -63.379 -3.102 63.455 hs 4 hp 2451 2057 in -1 0 1 0 -262 9997 rl 9 np 0
T 1441 1374 2006.00 2015.00 -63.379 -2.602 63.432 hs 0 hp 2047 2018 in -1 0 0 0 290 -957 rl 8 np 0
T 1442 1375 1965.00 2013.00 -63.379 -2.102 63.414 hs 4 hp 1990 1894 in -1 0 1 0 -1305 -9914 rl 7 np 0
T 1443 1376 1924.00 2011.00 -63.379 -1.602 63.399 hs 4 hp 1980 1815 in -1 0 1 0 -290 -957 rl 6 np 0
T 1444 1377 1883.00 2010.00 -63.379 -1.102 63.388 hs 4 hp 1970 1736 in -1 0 1 0 -290 -957 rl 5 np 0
T 1445 1378 1842.00 2006.00 -62.887 -3.527 62.986 hs 5 hp 1961 1663 in -1 0 1 0 -290 -957 rl 4 np 0
T 1446 1379 1801.00 2003.00 -62.887 -3.027 62.960 hs 0 hp 1842 2006 in -1 0 0 0 -290 -957 rl 3 np 0
T 1447 1380 1760.00 2001.00 -62.910 -1.629 62.931 hs 5 hp 1800 2080 in -1 0 1 0 -87 10000 rl 2 np 0
T 1448 1381 1719.00 2000.00 -62.910 -1.129 62.920 hs 0 hp 1760 2001 in -1 0 0 1 -950 -311 rl 1 np 0
T 1449 1382 1678.00 1999.00 -62.910 -0.629 62.913 hs 4 hp 1689 2118 in -1 0 1 0 -2419 9703 rl 0 np 0
T 1450 1383 1637.00 1999.00 -62.910 -0.129 62.910 hs 0 hp 1678 1999 in -1 0 0 0 -2419 9703 rl 0 np 0
T 1451 1384 1594.00 2005.00 -73.520 5.977 73.762 hs 0 hp 1637 1999 in -1 0 0 1 8819 -4714 rl 24 np 0
E 1451 1384 ex 1667.0 1983.2 tee 1637.0 1999.0 dist 33.9 |f| 12.00
T 1452 1385 1551.00 2011.00 -73.520 6.477 73.804 hs 0 hp 1594 2005 in -1 0 0 1 -950 -311 rl 23 np 0
T 1453 1386 1508.00 2018.00 -73.520 6.977 73.850 hs 4 hp 1516 1894 in -1 0 1 0 -2903 -9569 rl 22 np 0
T 1454 1387 1465.00 2022.00 -73.715 4.484 73.851 hs 5 hp 1495 1823 in -1 0 1 0 980 9952 rl 21 np 0
T 1455 1388 1422.00 2027.00 -73.715 4.984 73.883 hs 0 hp 1465 2022 in -1 0 0 0 -882 471 rl 20 np 0
T 1456 1389 1379.00 2032.00 -73.715 5.484 73.919 hs 5 hp 1329 1951 in -1 0 1 0 -7730 -6344 rl 19 np 0
T 1457 1390 1336.00 2038.00 -73.715 5.984 73.957 hs 0 hp 1379 2032 in -1 0 0 0 -882 471 rl 18 np 0
T 1458 1391 1293.00 2044.00 -73.715 6.484 73.999 hs 4 hp 1456 2062 in -1 0 1 0 981 195 rl 17 np 0
T 1459 1392 1250.00 2051.00 -72.215 6.984 72.552 hs 4 hp 1534 2078 in 1 0 1 0 981 195 rl 16 np 0
T 1460 1393 1208.00 2058.00 -68.605 7.484 69.013 hs 0 hp 1250 2051 in 0 0 0 0 981 195 rl 15 np 0
T 1461 1394 1166.00 2064.00 -66.832 6.137 67.113 hs 5 hp 1303 1983 in -1 0 1 0 7880 -6157 rl 14 np 0
T 1462 1395 1124.00 2071.00 -66.832 6.637 67.161 hs 0 hp 1166 2064 in -1 0 0 0 831 -556 rl 13 np 0
T 1463 1396 1082.00 2078.00 -66.832 7.137 67.212 hs 0 hp 1124 2071 in -1 0 0 0 -98 -995 rl 12 np 0
T 1464 1397 1040.00 2086.00 -66.832 7.637 67.267 hs 4 hp 961 2066 in -1 0 1 0 -9952 -980 rl 11 np 0
T 1465 1398 998.00 2094.00 -66.832 8.137 67.326 hs 0 hp 1040 2086 in -1 0 0 0 -957 290 rl 10 np 0
T 1466 1399 956.00 2100.00 -66.324 5.715 66.570 hs 5 hp 1009 2047 in -1 0 1 0 2250 -9744 rl 9 np 0
T 1467 1400 914.00 2106.00 -66.324 6.215 66.615 hs 0 hp 956 2100 in -1 0 0 0 -98 -995 rl 8 np 0
T 1468 1401 872.00 2113.00 -66.324 6.715 66.663 hs 4 hp 890 2226 in -1 0 1 0 -195 981 rl 7 np 0
T 1469 1402 831.00 2121.00 -66.199 8.113 66.695 hs 5 hp 881 2272 in -1 0 1 0 -195 981 rl 6 np 0
T 1470 1403 790.00 2130.00 -66.199 8.613 66.757 hs 0 hp 831 2121 in -1 0 0 0 -195 981 rl 5 np 0
T 1471 1404 749.00 2140.00 -65.980 10.008 66.735 hs 5 hp 798 2208 in -1 0 1 0 980 9952 rl 4 np 0
T 1472 1405 708.00 2151.00 -65.980 10.508 66.812 hs 0 hp 749 2140 in -1 0 0 0 78 997 rl 3 np 0
T 1473 1406 667.00 2162.00 -65.980 11.008 66.892 hs 0 hp 708 2151 in -1 0 0 0 78 997 rl 2 np 0
T 1474 1407 627.00 2174.00 -62.680 11.508 63.727 hs 4 hp 573 2239 in 0 0 1 1 -774 633 rl 1 np 0
T 1475 1408 587.00 2186.00 -62.680 12.008 63.820 hs 0 hp 627 2174 in -1 0 0 0 -774 633 rl 0 np 0
T 1476 1409 548.00 2199.00 -58.453 12.770 59.832 hs 5 hp 704 2221 in 1 0 1 0 9569 2903 rl 0 np 0
T 1477 1410 510.00 2212.00 -56.953 13.270 58.479 hs 0 hp 548 2199 in 1 0 0 0 9569 2903 rl 0 np 0
T 1478 1411 473.00 2226.00 -54.105 13.770 55.830 hs 4 hp 522 2333 in 0 0 1 0 980 9952 rl 0 np 0
T 1479 1412 437.00 2241.00 -51.738 15.125 53.904 hs 5 hp 529 2400 in 1 0 1 0 -98 995 rl 0 np 0
T 1480 1413 402.00 2257.00 -50.613 16.402 53.205 hs 5 hp 529 2400 in -1 0 1 1 -6135 7897 rl 24 np 1
T 1481 1414 382.00 2275.00 -23.812 17.574 29.595 hs 5 hp 529 2400 in 0 0 1 0 -98 995 rl 23 np 1
T 1482 1415 363.00 2294.00 -22.098 18.656 28.920 hs 5 hp 529 2400 in -1 0 1 0 -98 995 rl 22 np 1
T 1483 1416 344.00 2313.00 -22.098 19.156 29.245 hs 0 hp 363 2294 in -1 0 0 0 -98 995 rl 21 np 1
T 1484 1417 325.00 2333.00 -22.098 19.656 29.575 hs 4 hp 379 2430 in -1 0 1 0 290 957 rl 20 np 1
T 1485 1418 307.00 2353.00 -20.992 20.156 29.102 hs 4 hp 402 2507 in 0 0 1 0 290 957 rl 19 np 1
T 1486 1419 290.00 2374.00 -19.914 21.445 29.266 hs 5 hp 416 2552 in -1 0 1 0 290 957 rl 18 np 1
T 1487 1420 275.00 2397.00 -16.766 22.680 28.204 hs 5 hp 416 2552 in 1 0 1 0 290 957 rl 17 np 1
T 1488 1421 262.00 2421.00 -14.414 23.844 27.862 hs 5 hp 416 2552 in 0 0 1 0 290 957 rl 16 np 1
T 1489 1422 253.00 2446.00 -10.742 24.926 27.142 hs 5 hp 416 2552 in 1 0 1 0 290 957 rl 15 np 1
T 1490 1423 246.00 2472.00 -8.320 25.918 27.221 hs 5 hp 416 2552 in 0 0 1 0 290 957 rl 14 np 1
T 1491 1424 241.00 2499.00 -5.867 26.801 27.435 hs 5 hp 416 2552 in 0 0 1 0 290 957 rl 13 np 1
T 1492 1425 240.00 2527.00 -1.641 27.562 27.611 hs 5 hp 416 2552 in 1 0 1 0 290 957 rl 12 np 1
T 1493 1426 240.00 2555.00 -0.141 28.062 28.063 hs 0 hp 240 2527 in 1 0 0 0 290 957 rl 11 np 1
T 1494 1427 240.00 2584.00 -0.133 28.562 28.563 hs 4 hp 334 2632 in 0 0 1 0 7730 6344 rl 10 np 1
T 1495 1428 241.00 2613.00 1.367 29.062 29.095 hs 5 hp 384 2673 in 1 0 1 0 7730 6344 rl 9 np 1
T 1496 1429 248.00 2652.00 9.141 38.703 39.768 hs 5 hp 384 2673 in 1 0 1 0 7730 6344 rl 8 np 0
E 1496 1429 ex 223.0 2591.8 tee 241.0 2613.0 dist 27.8 |f| 12.00
T 1497 1430 255.00 2691.00 9.141 39.203 40.255 hs 5 hp 384 2673 in 1 0 1 0 7730 6344 rl 7 np 0
T 1498 1431 262.00 2731.00 9.141 39.703 40.742 hs 5 hp 384 2673 in 1 0 1 0 882 471 rl 6 np 0
T 1499 1432 271.00 2770.00 11.715 38.914 40.639 hs 5 hp 384 2673 in 1 0 1 0 882 471 rl 5 np 0
T 1500 1433 280.00 2809.00 11.715 39.414 41.118 hs 0 hp 271 2770 in 1 0 0 0 882 471 rl 4 np 0
T 1501 1434 291.00 2848.00 14.418 38.961 41.543 hs 5 hp 384 2774 in 1 0 1 0 9483 -3173 rl 3 np 0
T 1502 1435 302.00 2887.00 14.418 39.461 42.012 hs 0 hp 291 2848 in 1 0 0 0 9483 -3173 rl 2 np 0
T 1503 1436 315.00 2926.00 17.059 38.836 42.417 hs 5 hp 384 2854 in 1 0 1 0 9272 -3746 rl 1 np 0
T 1504 1437 328.00 2965.00 17.059 39.336 42.876 hs 0 hp 315 2926 in 1 0 0 0 882 471 rl 0 np 0
T 1505 1438 341.00 2993.00 17.059 0.000 17.059 hs 0 hp 328 2965 in 1 0 0 1 -5105 8599 rl 24 np 1
T 1506 1439 365.00 2989.00 28.207 -3.941 28.481 hs 0 hp 341 2993 in 1 0 0 0 882 471 rl 23 np 0
E 1506 1439 ex 302.7 3008.3 tee 341.0 2993.0 dist 41.2 |f| 12.00
T 1507 1440 389.00 2976.00 28.207 -13.199 31.143 hs 4 hp 315 2878 in 1 1 1 0 -4067 -9135 rl 22 np 0
T 1508 1441 413.00 2963.00 28.207 -12.699 30.934 hs 4 hp 283 2805 in 1 0 1 0 -4700 -8827 rl 21 np 0
T 1509 1442 437.00 2951.00 28.207 -12.199 30.732 hs 4 hp 251 2732 in 1 0 1 0 -4700 -8827 rl 20 np 0
T 1510 1443 460.00 2937.00 26.848 -14.391 30.461 hs 5 hp 223 2670 in 1 1 1 0 -4700 -8827 rl 19 np 0
T 1511 1444 482.00 2921.00 25.355 -16.133 30.053 hs 5 hp 223 2670 in 1 0 1 0 -471 -882 rl 18 np 0
T 1512 1445 502.00 2903.00 23.738 -17.719 29.622 hs 5 hp 223 2670 in 1 0 1 0 -471 -882 rl 17 np 0
T 1513 1446 521.00 2884.00 22.012 -19.141 29.170 hs 5 hp 223 2670 in 1 0 1 0 -471 -882 rl 16 np 0
T 1514 1447 538.00 2864.00 20.184 -20.391 28.691 hs 5 hp 223 2670 in 1 0 1 0 -471 -882 rl 15 np 0
T 1515 1448 554.00 2843.00 18.270 -21.465 28.187 hs 5 hp 223 2670 in 1 0 1 0 -471 -882 rl 14 np 0
T 1516 1449 570.00 2822.00 18.270 -20.965 27.808 hs 0 hp 554 2843 in 1 0 0 0 -471 -882 rl 13 np 0
T 1517 1450 586.00 2802.00 18.270 -20.465 27.433 hs 4 hp 477 2743 in 1 0 1 0 -7604 -6494 rl 12 np 0
T 1518 1451 600.00 2780.00 16.348 -21.523 27.028 hs 5 hp 447 2717 in 1 0 1 0 -471 -882 rl 11 np 0
T 1519 1452 614.00 2759.00 16.348 -21.023 26.631 hs 0 hp 600 2780 in 1 0 0 0 -471 -882 rl 10 np 0
T 1520 1453 628.00 2738.00 16.348 -20.523 26.238 hs 4 hp 517 2686 in 1 0 1 0 -7986 -6018 rl 9 np 0
T 1521 1454 641.00 2717.00 14.371 -21.453 25.822 hs 5 hp 479 2657 in 1 0 1 0 -471 -882 rl 8 np 0
T 1522 1455 654.00 2696.00 14.371 -20.953 25.408 hs 0 hp 641 2717 in 1 0 0 0 -471 -882 rl 7 np 0
