T 1447 1380 1760.00 2001.00 -62.910 -1.629 62.931 hs 5 hp 1800 2080 in -1 0 1 0 -87 10000 rl 2 np 0
T 1448 1381 1719.00 2000.00 -62.910 -1.129 62.920 hs 0 hp 1760 2001 in -1 0 0 1 -950 -311 rl 1 np 0
T 1449 1382 1678.00 1999.00 -62.910 -0.629 62.913 hs 4 hp 1689 2118 in -1 0 1 0 -2419 9703 rl 0 np 0
T 1450 1383 1637.00 1999.00 -62.910 -0.129 62.910 hs 0 hp 1678 1999 in -1 0 0 0 -2419 9703 rl 0 np 0
T 1451 1384 1594.00 2005.00 -73.520 5.977 73.762 hs 0 hp 1637 1999 in -1 0 0 1 8819 -4714 rl 24 np 0
E 1451 1384 ex 1667.0 1983.2 tee 1637.0 1999.0 dist 33.9 |f| 12.00
T 1452 1385 1551.00 2011.00 -73.520 6.477 73.804 hs 0 hp 1594 2005 in -1 0 0 1 -950 -311 rl 23 np 0
T 1453 1386 1508.00 2018.00 -73.520 6.977 73.850 hs 4 hp 1516 1894 in -1 0 1 0 -2903 -9569 rl 22 np 0
T 1454 1387 1465.00 2022.00 -73.715 4.484 73.851 hs 5 hp 1495 1823 in -1 0 1 0 980 9952 rl 21 np 0
T 1455 1388 1422.00 2027.00 -73.715 4.984 73.883 hs 0 hp 1465 2022 in -1 0 0 0 -882 471 rl 20 np 0
T 1456 1389 1379.00 2032.00 -73.715 5.484 73.919 hs 5 hp 1329 1951 in -1 0 1 0 -7730 -6344 rl 19 np 0
T 1457 1390 1336.00 2038.00 -73.715 5.984 73.957 hs 0 hp 1379 2032 in -1 0 0 0 -882 471 rl 18 np 0
T 1458 1391 1293.00 2044.00 -73.715 6.484 73.999 hs 4 hp 1456 2062 in -1 0 1 0 981 195 rl 17 np 0
T 1459 1392 1250.00 2051.00 -72.215 6.984 72.552 hs 4 hp 1534 2078 in 1 0 1 0 981 195 rl 16 np 0
T 1460 1393 1208.00 2058.00 -68.605 7.484 69.013 hs 0 hp 1250 2051 in 0 0 0 0 981 195 rl 15 np 0
T 1461 1394 1166.00 2064.00 -66.832 6.137 67.113 hs 5 hp 1303 1983 in -1 0 1 0 7880 -6157 rl 14 np 0
T 1462 1395 1124.00 2071.00 -66.832 6.637 67.161 hs 0 hp 1166 2064 in -1 0 0 0 831 -556 rl 13 np 0
T 1463 1396 1082.00 2078.00 -66.832 7.137 67.212 hs 0 hp 1124 2071 in -1 0 0 0 -98 -995 rl 12 np 0
T 1464 1397 1040.00 2086.00 -66.832 7.637 67.267 hs 4 hp 961 2066 in -1 0 1 0 -9952 -980 rl 11 np 0
T 1465 1398 998.00 2094.00 -66.832 8.137 67.326 hs 0 hp 1040 2086 in -1 0 0 0 -957 290 rl 10 np 0
T 1466 1399 956.00 2100.00 -66.324 5.715 66.570 hs 5 hp 1009 2047 in -1 0 1 0 2250 -9744 rl 9 np 0
T 1467 1400 914.00 2106.00 -66.324 6.215 66.615 hs 0 hp 956 2100 in -1 0 0 0 -98 -995 rl 8 np 0
T 1468 1401 872.00 2113.00 -66.324 6.715 66.663 hs 4 hp 890 2226 in -1 0 1 0 -195 981 rl 7 np 0
T 1469 1402 831.00 2121.00 -66.199 8.113 66.695 hs 5 hp 881 2272 in -1 0 1 0 -195 981 rl 6 np 0
T 1470 1403 790.00 2130.00 -66.199 8.613 66.757 hs 0 hp 831 2121 in -1 0 0 0 -195 981 rl 5 np 0
T 1471 1404 749.00 2140.00 -65.980 10.008 66.735 hs 5 hp 798 2208 in -1 0 1 0 980 9952 rl 4 np 0
T 1472 1405 708.00 2151.00 -65.980 10.508 66.812 hs 0 hp 749 2140 in -1 0 0 0 78 997 rl 3 np 0
T 1473 1406 667.00 2162.00 -65.980 11.008 66.892 hs 0 hp 708 2151 in -1 0 0 0 78 997 rl 2 np 0
T 1474 1407 627.00 2174.00 -62.680 11.508 63.727 hs 4 hp 573 2239 in 0 0 1 1 -774 633 rl 1 np 0
T 1475 1408 587.00 2186.00 -62.680 12.008 63.820 hs 0 hp 627 2174 in -1 0 0 0 -774 633 rl 0 np 0
T 1476 1409 548.00 2199.00 -58.453 12.770 59.832 hs 5 hp 704 2221 in 1 0 1 0 9569 2903 rl 0 np 0
T 1477 1410 510.00 2212.00 -56.953 13.270 58.479 hs 0 hp 548 2199 in 1 0 0 0 9569 2903 rl 0 np 0
T 1478 1411 473.00 2226.00 -54.105 13.770 55.830 hs 4 hp 522 2333 in 0 0 1 0 980 9952 rl 0 np 0
T 1479 1412 437.00 2241.00 -51.738 15.125 53.904 hs 5 hp 529 2400 in 1 0 1 0 -98 995 rl 0 np 0
T 1480 1413 402.00 2257.00 -50.613 16.402 53.205 hs 5 hp 529 2400 in -1 0 1 1 -6135 7897 rl 24 np 1
T 1481 1414 382.00 2275.00 -23.812 17.574 29.595 hs 5 hp 529 2400 in 0 0 1 0 -98 995 rl 23 np 1
T 1482 1415 363.00 2294.00 -22.098 18.656 28.920 hs 5 hp 529 2400 in -1 0 1 0 -98 995 rl 22 np 1
T 1483 1416 344.00 2313.00 -22.098 19.156 29.245 hs 0 hp 363 2294 in -1 0 0 0 -98 995 rl 21 np 1
T 1484 1417 325.00 2333.00 -22.098 19.656 29.575 hs 4 hp 379 2430 in -1 0 1 0 290 957 rl 20 np 1
T 1485 1418 307.00 2353.00 -20.992 20.156 29.102 hs 4 hp 402 2507 in 0 0 1 0 290 957 rl 19 np 1
T 1486 1419 290.00 2374.00 -19.914 21.445 29.266 hs 5 hp 416 2552 in -1 0 1 0 290 957 rl 18 np 1
T 1487 1420 275.00 2397.00 -16.766 22.680 28.204 hs 5 hp 416 2552 in 1 0 1 0 290 957 rl 17 np 1
T 1488 1421 262.00 2421.00 -14.414 23.844 27.862 hs 5 hp 416 2552 in 0 0 1 0 290 957 rl 16 np 1
T 1489 1422 253.00 2446.00 -10.742 24.926 27.142 hs 5 hp 416 2552 in 1 0 1 0 290 957 rl 15 np 1
T 1490 1423 246.00 2472.00 -8.320 25.918 27.221 hs 5 hp 416 2552 in 0 0 1 0 290 957 rl 14 np 1
T 1491 1424 241.00 2499.00 -5.867 26.801 27.435 hs 5 hp 416 2552 in 0 0 1 0 290 957 rl 13 np 1
T 1492 1425 240.00 2527.00 -1.641 27.562 27.611 hs 5 hp 416 2552 in 1 0 1 0 290 957 rl 12 np 1
T 1493 1426 240.00 2555.00 -0.141 28.062 28.063 hs 0 hp 240 2527 in 1 0 0 0 290 957 rl 11 np 1
T 1494 1427 240.00 2584.00 -0.133 28.562 28.563 hs 4 hp 334 2632 in 0 0 1 0 7730 6344 rl 10 np 1
T 1495 1428 241.00 2613.00 1.367 29.062 29.095 hs 5 hp 384 2673 in 1 0 1 0 7730 6344 rl 9 np 1
T 1496 1429 248.00 2652.00 9.141 38.703 39.768 hs 5 hp 384 2673 in 1 0 1 0 7730 6344 rl 8 np 0
E 1496 1429 ex 223.0 2591.8 tee 241.0 2613.0 dist 27.8 |f| 12.00
T 1497 1430 255.00 2691.00 9.141 39.203 40.255 hs 5 hp 384 2673 in 1 0 1 0 7730 6344 rl 7 np 0
T 1498 1431 262.00 2731.00 9.141 39.703 40.742 hs 5 hp 384 2673 in 1 0 1 0 882 471 rl 6 np 0
T 1499 1432 271.00 2770.00 11.715 38.914 40.639 hs 5 hp 384 2673 in 1 0 1 0 882 471 rl 5 np 0
T 1500 1433 280.00 2809.00 11.715 39.414 41.118 hs 0 hp 271 2770 in 1 0 0 0 882 471 rl 4 np 0
T 1501 1434 291.00 2848.00 14.418 38.961 41.543 hs 5 hp 384 2774 in 1 0 1 0 9483 -3173 rl 3 np 0
T 1502 1435 302.00 2887.00 14.418 39.461 42.012 hs 0 hp 291 2848 in 1 0 0 0 9483 -3173 rl 2 np 0
T 1503 1436 315.00 2926.00 17.059 38.836 42.417 hs 5 hp 384 2854 in 1 0 1 0 9272 -3746 rl 1 np 0
T 1504 1437 328.00 2965.00 17.059 39.336 42.876 hs 0 hp 315 2926 in 1 0 0 0 882 471 rl 0 np 0
T 1505 1438 341.00 2993.00 17.059 0.000 17.059 hs 0 hp 328 2965 in 1 0 0 1 -5105 8599 rl 24 np 1
T 1506 1439 365.00 2980.00 28.207 -13.199 31.143 hs 0 hp 341 2993 in 1 1 0 0 707 -707 rl 23 np 0
E 1506 1439 ex 302.7 3008.3 tee 341.0 2993.0 dist 41.2 |f| 12.00
T 1507 1440 389.00 2967.00 28.207 -12.699 30.934 hs 4 hp 316 2868 in 1 0 1 0 -3987 -9171 rl 22 np 0
T 1508 1441 413.00 2955.00 28.207 -12.199 30.732 hs 4 hp 284 2795 in 1 0 1 0 -4700 -8827 rl 21 np 0
T 1509 1442 437.00 2943.00 28.207 -11.699 30.537 hs 4 hp 252 2722 in 1 0 1 0 -4700 -8827 rl 20 np 0
T 1510 1443 460.00 2929.00 26.863 -14.406 30.482 hs 5 hp 223 2656 in 1 1 1 0 -4700 -8827 rl 19 np 0
T 1511 1444 482.00 2913.00 25.387 -16.172 30.100 hs 5 hp 223 2656 in 1 0 1 0 -471 -882 rl 18 np 0
T 1512 1445 502.00 2895.00 23.789 -17.785 29.702 hs 5 hp 223 2656 in 1 0 1 0 -471 -882 rl 17 np 0
T 1513 1446 521.00 2876.00 22.082 -19.238 29.287 hs 5 hp 223 2656 in 1 0 1 0 -471 -882 rl 16 np 0
T 1514 1447 538.00 2855.00 20.273 -20.520 28.846 hs 5 hp 223 2656 in 1 0 1 0 -471 -882 rl 15 np 0
T 1515 1448 554.00 2833.00 18.371 -21.621 28.372 hs 5 hp 223 2656 in 1 0 1 0 -471 -882 rl 14 np 0
T 1516 1449 570.00 2812.00 18.371 -21.121 27.993 hs 0 hp 554 2833 in 1 0 0 0 -471 -882 rl 13 np 0
T 1517 1450 586.00 2791.00 18.371 -20.621 27.618 hs 0 hp 570 2812 in 1 0 0 0 -471 -882 rl 12 np 0
T 1518 1451 602.00 2771.00 18.371 -20.121 27.246 hs 4 hp 495 2710 in 1 0 1 0 -7490 -6626 rl 11 np 0
T 1519 1452 616.00 2750.00 16.469 -21.223 26.863 hs 5 hp 469 2687 in 1 0 1 0 -471 -882 rl 10 np 0
T 1520 1453 630.00 2729.00 16.469 -20.723 26.470 hs 0 hp 616 2750 in 1 0 0 0 -471 -882 rl 9 np 0
T 1521 1454 645.00 2709.00 16.469 -20.223 26.080 hs 4 hp 542 2645 in 1 0 1 0 -7254 -6884 rl 8 np 0
T 1522 1455 660.00 2689.00 16.469 -19.723 25.694 hs 4 hp 484 2590 in 1 0 1 0 5150 8572 rl 7 np 0
T 1523 1456 673.00 2668.00 14.516 -20.715 25.294 hs 5 hp 479 2585 in 1 0 1 0 5150 8572 rl 6 np 0
T 1524 1457 686.00 2648.00 14.516 -20.215 24.887 hs 0 hp 673 2668 in 1 0 0 0 5150 8572 rl 5 np 0
T 1525 1458 699.00 2628.00 14.516 -19.715 24.482 hs 4 hp 741 2757 in 1 0 1 0 4540 8910 rl 4 np 0
T 1526 1459 713.00 2610.00 15.535 -18.375 24.062 hs 5 hp 771 2816 in 1 0 1 0 556 831 rl 3 np 0
T 1527 1460 727.00 2592.00 15.535 -17.875 23.682 hs 0 hp 713 2610 in 1 0 0 0 556 831 rl 2 np 0
T 1528 1461 742.00 2575.00 16.414 -16.520 23.288 hs 5 hp 748 2656 in 1 0 1 0 3090 9511 rl 1 np 0
T 1529 1462 757.00 2559.00 16.414 -16.020 22.936 hs 0 hp 742 2575 in 1 0 0 0 556 831 rl 0 np 0
T 1530 1463 772.00 2543.00 16.414 -15.520 22.589 hs 5 hp 800 2623 in 1 0 1 0 556 831 rl 0 np 0
T 1531 1464 787.00 2528.00 16.414 -15.020 22.249 hs 0 hp 772 2543 in 1 0 0 1 5926 -8055 rl 24 np 1
T 1532 1465 802.00 2513.00 16.414 -14.520 21.914 hs 0 hp 787 2528 in 1 0 0 0 556 831 rl 23 np 1
T 1533 1466 817.00 2499.00 16.414 -14.020 21.586 hs 0 hp 802 2513 in 1 0 0 0 556 831 rl 22 np 1
T 1534 1467 832.00 2485.00 16.414 -13.520 21.265 hs 4 hp 782 2616 in 1 0 1 0 -2903 9569 rl 21 np 1
T 1535 1468 847.00 2472.00 16.414 -13.020 20.951 hs 0 hp 832 2485 in 1 0 0 0 556 831 rl 20 np 1
T 1536 1469 863.00 2460.00 17.031 -11.641 20.629 hs 5 hp 867 2560 in 1 0 1 0 2164 9763 rl 19 np 1
T 1537 1470 879.00 2449.00 17.031 -11.141 20.351 hs 0 hp 863 2460 in 1 0 0 0 556 831 rl 18 np 1
T 1538 1471 895.00 2438.00 17.031 -10.641 20.082 hs 0 hp 879 2449 in 1 0 0 0 556 831 rl 17 np 1
T 1539 1472 911.00 2428.00 17.031 -10.141 19.822 hs 4 hp 931 2555 in 1 0 1 0 2924 9563 rl 16 np 1
T 1540 1473 927.00 2419.00 17.488 -8.754 19.557 hs 5 hp 932 2560 in 1 0 1 0 1478 9890 rl 15 np 1
T 1541 1474 943.00 2411.00 17.488 -8.254 19.338 hs 0 hp 927 2419 in 1 0 0 0 882 471 rl 14 np 1
T 1542 1475 959.00 2403.00 17.488 -7.754 19.130 hs 0 hp 943 2411 in 1 0 0 0 882 471 rl 13 np 1
T 1543 1476 975.00 2396.00 17.488 -7.254 18.933 hs 4 hp 994 2520 in 1 0 1 0 2903 9569 rl 12 np 1
T 1544 1477 991.00 2389.00 17.488 -6.754 18.747 hs 0 hp 975 2396 in 1 0 0 0 2903 9569 rl 11 np 1
T 1545 1478 1007.00 2383.00 17.488 -6.254 18.573 hs 4 hp 1013 2509 in 1 0 1 0 1822 9833 rl 10 np 1
T 1546 1479 1024.00 2378.00 17.738 -4.855 18.391 hs 5 hp 1022 2560 in 1 0 1 0 -924 -383 rl 9 np 1
T 1547 1480 1046.00 2381.00 24.961 3.117 25.155 hs 0 hp 1024 2378 in 1 0 0 0 -924 -383 rl 8 np 0
E 1547 1480 ex 982.5 2335.1 tee 1024.0 2378.0 dist 59.7 |f| 10.39
T 1548 1481 1068.00 2385.00 24.961 3.617 25.222 hs 0 hp 1046 2381 in 1 0 0 0 -924 -383 rl 7 np 0
T 1549 1482 1090.00 2386.00 25.234 1.133 25.260 hs 5 hp 1073 2335 in 1 0 1 0 958 -9954 rl 6 np 0
T 1550 1483 1112.00 2388.00 25.234 1.633 25.287 hs 0 hp 1090 2386 in 1 0 0 0 -924 -383 rl 5 np 0
T 1551 1484 1134.00 2387.00 25.215 -0.867 25.230 hs 5 hp 1112 2335 in 1 0 1 0 -87 -10000 rl 4 np 0
T 1552 1485 1156.00 2387.00 25.215 -0.367 25.218 hs 0 hp 1134 2387 in 1 0 0 0 383 924 rl 3 np 0
T 1553 1486 1178.00 2384.00 25.020 -2.855 25.182 hs 5 hp 1151 2335 in 1 0 1 0 -872 -9962 rl 2 np 0
T 1554 1487 1200.00 2382.00 25.020 -2.355 25.130 hs 0 hp 1178 2384 in 1 0 0 0 383 924 rl 1 np 0
T 1555 1488 1222.00 2380.00 25.020 -1.855 25.088 hs 4 hp 1212 2503 in 1 0 1 0 980 9952 rl 0 np 0
T 1556 1489 1244.00 2380.00 24.902 -0.457 24.907 hs 5 hp 1214 2528 in 1 0 1 1 -1738 -9848 rl 24 np 1
T 1557 1490 1270.00 2389.00 31.125 9.336 32.495 hs 0 hp 1244 2380 in 1 0 0 0 8819 -4714 rl 23 np 0
E 1557 1490 ex 1214.0 2335.2 tee 1244.0 2380.0 dist 53.9 |f| 11.18
T 1558 1491 1296.00 2399.00 31.125 9.836 32.642 hs 5 hp 1314 2335 in 1 0 1 0 6344 -7730 rl 22 np 0
T 1559 1492 1322.00 2409.00 31.125 10.336 32.796 hs 0 hp 1296 2399 in 1 0 0 0 98 995 rl 21 np 0
T 1560 1493 1349.00 2417.00 31.953 7.965 32.931 hs 5 hp 1345 2335 in 1 0 1 0 2903 -9569 rl 20 np 0
T 1561 1494 1376.00 2425.00 31.953 8.465 33.055 hs 0 hp 1349 2417 in 1 0 0 0 -981 -195 rl 19 np 0
T 1562 1495 1403.00 2431.00 32.594 6.043 33.149 hs 5 hp 1397 2335 in 1 0 1 0 2250 -9744 rl 18 np 0
T 1563 1496 1430.00 2438.00 32.594 6.543 33.244 hs 0 hp 1403 2431 in 1 0 0 0 267 -964 rl 17 np 0
T 1564 1497 1457.00 2445.00 32.594 7.043 33.346 hs 5 hp 1485 2335 in 1 0 1 0 4714 -8819 rl 16 np 0
T 1565 1498 1484.00 2453.00 32.594 7.543 33.455 hs 0 hp 1457 2445 in 1 0 0 1 9329 3602 rl 15 np 0
T 1566 1499 1511.00 2462.00 31.941 8.902 33.159 hs 5 hp 1451 2560 in 1 0 1 0 -2903 9569 rl 14 np 0
T 1567 1500 1537.00 2471.00 31.941 9.402 33.297 hs 0 hp 1511 2462 in 1 0 0 0 -2903 9569 rl 13 np 0
T 1568 1501 1563.00 2481.00 31.941 9.902 33.441 hs 0 hp 1537 2471 in 1 0 0 0 556 -831 rl 12 np 0
T 1569 1502 1589.00 2491.00 31.941 10.402 33.593 hs 0 hp 1563 2481 in 1 0 0 0 556 -831 rl 11 np 0
T 1570 1503 1615.00 2503.00 31.578 11.789 33.707 hs 5 hp 1578 2560 in 1 0 1 0 -161 987 rl 10 np 0
T 1571 1504 1641.00 2515.00 31.578 12.289 33.885 hs 0 hp 1615 2503 in 1 0 0 0 -161 987 rl 9 np 0
T 1572 1505 1667.00 2528.00 31.578 12.789 34.070 hs 4 hp 1762 2527 in 1 0 1 0 9952 980 rl 8 np 0
T 1573 1506 1693.00 2541.00 31.578 13.289 34.260 hs 0 hp 1667 2528 in 1 0 0 0 -161 987 rl 7 np 0
T 1574 1507 1719.00 2555.00 31.578 13.789 34.457 hs 4 hp 1786 2463 in 1 0 1 0 7659 -6430 rl 6 np 0
T 1575 1508 1745.00 2569.00 31.578 14.289 34.661 hs 4 hp 1847 2411 in 1 0 1 0 7659 -6430 rl 5 np 0
T 1576 1509 1771.00 2584.00 31.578 14.789 34.870 hs 5 hp 1899 2367 in 1 0 1 0 773 -634 rl 4 np 0
T 1577 1510 1797.00 2599.00 31.578 15.289 35.085 hs 5 hp 1899 2367 in 1 0 1 0 773 -634 rl 3 np 0
T 1578 1511 1824.00 2612.00 32.727 13.043 35.230 hs 5 hp 1899 2367 in 1 0 1 0 773 -634 rl 2 np 0
T 1579 1512 1851.00 2623.00 33.562 10.676 35.220 hs 5 hp 1899 2367 in 1 0 1 0 773 -634 rl 1 np 0
T 1580 1513 1879.00 2631.00 34.086 8.227 35.065 hs 5 hp 1899 2367 in 1 0 1 0 773 -634 rl 0 np 0
T 1581 1514 1907.00 2637.00 34.301 5.734 34.777 hs 5 hp 1899 2367 in 1 0 1 0 773 -634 rl 0 np 0
T 1582 1515 1935.00 2640.00 34.234 3.234 34.387 hs 5 hp 1899 2367 in 1 0 1 0 773 -634 rl 0 np 0
T 1583 1516 1963.00 2641.00 33.941 0.762 33.950 hs 5 hp 1899 2367 in 1 0 1 1 9991 -425 rl 24 np 1
T 1584 1517 1991.00 2639.00 33.430 -1.660 33.471 hs 5 hp 1899 2367 in 1 0 1 0 773 -634 rl 23 np 1
T 1585 1518 2018.00 2635.00 32.707 -4.004 32.951 hs 5 hp 1899 2367 in 1 0 1 0 773 -634 rl 22 np 1
T 1586 1519 2045.00 2631.00 32.707 -3.504 32.894 hs 0 hp 2018 2635 in 1 0 0 0 773 -634 rl 21 np 1
T 1587 1520 2072.00 2628.00 32.707 -3.004 32.845 hs 0 hp 2045 2631 in 1 0 0 0 773 -634 rl 20 np 1
T 1588 1521 2099.00 2625.00 32.707 -2.504 32.803 hs 0 hp 2072 2628 in 1 0 0 0 -924 383 rl 19 np 1
T 1589 1522 2126.00 2623.00 32.707 -2.004 32.768 hs 5 hp 2200 2656 in 1 0 1 0 9569 2903 rl 18 np 1
T 1590 1523 2153.00 2621.00 32.707 -1.504 32.742 hs 0 hp 2126 2623 in 1 0 0 0 -924 383 rl 17 np 1
T 1591 1524 2180.00 2621.00 32.184 -0.129 32.184 hs 5 hp 2137 2688 in 1 0 1 0 -2334 9724 rl 16 np 1
T 1592 1525 2211.00 2613.00 40.543 -7.855 41.297 hs 0 hp 2180 2621 in 1 0 0 0 -2334 9724 rl 15 np 0
E 1592 1525 ex 2144.4 2656.1 tee 2180.0 2621.0 dist 50.0 |f| 11.73
T 1593 1526 2242.00 2606.00 40.543 -7.355 41.205 hs 0 hp 2211 2613 in 1 0 0 0 4 1000 rl 14 np 0
T 1594 1527 2273.00 2599.00 40.543 -6.855 41.118 hs 0 hp 2242 2606 in 1 0 0 0 4 1000 rl 13 np 0
T 1595 1528 2304.00 2593.00 40.543 -6.355 41.038 hs 4 hp 2367 2522 in 1 0 1 0 7730 -6344 rl 12 np 0
T 1596 1529 2336.00 2587.00 40.543 -5.855 40.964 hs 0 hp 2304 2593 in 1 0 0 0 7730 -6344 rl 11 np 0
T 1597 1530 2368.00 2582.00 40.543 -5.355 40.895 hs 5 hp 2432 2596 in 1 0 1 0 9952 980 rl 10 np 0
T 1598 1531 2400.00 2577.00 40.543 -4.855 40.833 hs 0 hp 2368 2582 in 1 0 0 0 9952 980 rl 9 np 0
T 1599 1532 2432.00 2573.00 40.543 -4.355 40.776 hs 0 hp 2400 2577 in 1 0 0 0 9952 980 rl 8 np 0
