T 1522 1455 660.00 2689.00 16.469 -19.723 25.694 hs 4 hp 484 2590 in 1 0 1 0 5150 8572 rl 7 np 0
T 1523 1456 673.00 2668.00 14.516 -20.715 25.294 hs 5 hp 479 2585 in 1 0 1 0 5150 8572 rl 6 np 0
T 1524 1457 686.00 2648.00 14.516 -20.215 24.887 hs 0 hp 673 2668 in 1 0 0 0 5150 8572 rl 5 np 0
T 1525 1458 699.00 2628.00 14.516 -19.715 24.482 hs 4 hp 741 2757 in 1 0 1 0 4540 8910 rl 4 np 0
T 1526 1459 713.00 2610.00 15.535 -18.375 24.062 hs 5 hp 771 2816 in 1 0 1 0 556 831 rl 3 np 0
T 1527 1460 727.00 2592.00 15.535 -17.875 23.682 hs 0 hp 713 2610 in 1 0 0 0 556 831 rl 2 np 0
T 1528 1461 742.00 2575.00 16.414 -16.520 23.288 hs 5 hp 748 2656 in 1 0 1 0 3090 9511 rl 1 np 0
T 1529 1462 757.00 2559.00 16.414 -16.020 22.936 hs 0 hp 742 2575 in 1 0 0 0 556 831 rl 0 np 0
T 1530 1463 772.00 2543.00 16.414 -15.520 22.589 hs 5 hp 800 2623 in 1 0 1 0 556 831 rl 0 np 0
T 1531 1464 787.00 2528.00 16.414 -15.020 22.249 hs 0 hp 772 2543 in 1 0 0 1 5926 -8055 rl 24 np 1
T 1532 1465 802.00 2513.00 16.414 -14.520 21.914 hs 0 hp 787 2528 in 1 0 0 0 556 831 rl 23 np 1
T 1533 1466 817.00 2499.00 16.414 -14.020 21.586 hs 0 hp 802 2513 in 1 0 0 0 556 831 rl 22 np 1
T 1534 1467 832.00 2485.00 16.414 -13.520 21.265 hs 4 hp 782 2616 in 1 0 1 0 -2903 9569 rl 21 np 1
T 1535 1468 847.00 2472.00 16.414 -13.020 20.951 hs 0 hp 832 2485 in 1 0 0 0 556 831 rl 20 np 1
T 1536 1469 863.00 2460.00 17.031 -11.641 20.629 hs 5 hp 867 2560 in 1 0 1 0 2164 9763 rl 19 np 1
T 1537 1470 879.00 2449.00 17.031 -11.141 20.351 hs 0 hp 863 2460 in 1 0 0 0 556 831 rl 18 np 1
T 1538 1471 895.00 2438.00 17.031 -10.641 20.082 hs 0 hp 879 2449 in 1 0 0 0 556 831 rl 17 np 1
T 1539 1472 911.00 2428.00 17.031 -10.141 19.822 hs 4 hp 931 2555 in 1 0 1 0 2924 9563 rl 16 np 1
T 1540 1473 927.00 2419.00 17.488 -8.754 19.557 hs 5 hp 932 2560 in 1 0 1 0 1478 9890 rl 15 np 1
T 1541 1474 943.00 2411.00 17.488 -8.254 19.338 hs 0 hp 927 2419 in 1 0 0 0 882 471 rl 14 np 1
T 1542 1475 959.00 2403.00 17.488 -7.754 19.130 hs 0 hp 943 2411 in 1 0 0 0 882 471 rl 13 np 1
T 1543 1476 975.00 2396.00 17.488 -7.254 18.933 hs 4 hp 994 2520 in 1 0 1 0 2903 9569 rl 12 np 1
T 1544 1477 991.00 2389.00 17.488 -6.754 18.747 hs 0 hp 975 2396 in 1 0 0 0 2903 9569 rl 11 np 1
T 1545 1478 1007.00 2383.00 17.488 -6.254 18.573 hs 4 hp 1013 2509 in 1 0 1 0 1822 9833 rl 10 np 1
T 1546 1479 1024.00 2378.00 17.738 -4.855 18.391 hs 5 hp 1022 2560 in 1 0 1 0 -924 -383 rl 9 np 1
T 1547 1480 1046.00 2381.00 24.961 3.117 25.155 hs 0 hp 1024 2378 in 1 0 0 0 -924 -383 rl 8 np 0
E 1547 1480 ex 982.5 2335.1 tee 1024.0 2378.0 dist 59.7 |f| 10.39
T 1548 1481 1068.00 2385.00 24.961 3.617 25.222 hs 0 hp 1046 2381 in 1 0 0 0 -924 -383 rl 7 np 0
T 1549 1482 1090.00 2386.00 25.234 1.133 25.260 hs 5 hp 1073 2335 in 1 0 1 0 958 -9954 rl 6 np 0
T 1550 1483 1112.00 2388.00 25.234 1.633 25.287 hs 0 hp 1090 2386 in 1 0 0 0 -924 -383 rl 5 np 0
T 1551 1484 1134.00 2387.00 25.215 -0.867 25.230 hs 5 hp 1112 2335 in 1 0 1 0 -87 -10000 rl 4 np 0
T 1552 1485 1156.00 2387.00 25.215 -0.367 25.218 hs 0 hp 1134 2387 in 1 0 0 0 383 924 rl 3 np 0
T 1553 1486 1178.00 2384.00 25.020 -2.855 25.182 hs 5 hp 1151 2335 in 1 0 1 0 -872 -9962 rl 2 np 0
T 1554 1487 1200.00 2382.00 25.020 -2.355 25.130 hs 0 hp 1178 2384 in 1 0 0 0 383 924 rl 1 np 0
T 1555 1488 1222.00 2380.00 25.020 -1.855 25.088 hs 4 hp 1212 2503 in 1 0 1 0 980 9952 rl 0 np 0
T 1556 1489 1244.00 2380.00 24.902 -0.457 24.907 hs 5 hp 1214 2528 in 1 0 1 1 -1738 -9848 rl 24 np 1
T 1557 1490 1270.00 2389.00 31.125 9.336 32.495 hs 0 hp 1244 2380 in 1 0 0 0 8819 -4714 rl 23 np 0
E 1557 1490 ex 1214.0 2335.2 tee 1244.0 2380.0 dist 53.9 |f| 11.18
T 1558 1491 1296.00 2399.00 31.125 9.836 32.642 hs 5 hp 1314 2335 in 1 0 1 0 6344 -7730 rl 22 np 0
T 1559 1492 1322.00 2409.00 31.125 10.336 32.796 hs 0 hp 1296 2399 in 1 0 0 0 98 995 rl 21 np 0
T 1560 1493 1349.00 2417.00 31.953 7.965 32.931 hs 5 hp 1345 2335 in 1 0 1 0 2903 -9569 rl 20 np 0
T 1561 1494 1376.00 2425.00 31.953 8.465 33.055 hs 0 hp 1349 2417 in 1 0 0 0 -981 -195 rl 19 np 0
T 1562 1495 1403.00 2431.00 32.594 6.043 33.149 hs 5 hp 1397 2335 in 1 0 1 0 2250 -9744 rl 18 np 0
T 1563 1496 1430.00 2438.00 32.594 6.543 33.244 hs 0 hp 1403 2431 in 1 0 0 0 267 -964 rl 17 np 0
T 1564 1497 1457.00 2445.00 32.594 7.043 33.346 hs 5 hp 1485 2335 in 1 0 1 0 4714 -8819 rl 16 np 0
T 1565 1498 1484.00 2453.00 32.594 7.543 33.455 hs 0 hp 1457 2445 in 1 0 0 1 9329 3602 rl 15 np 0
T 1566 1499 1511.00 2462.00 31.941 8.902 33.159 hs 5 hp 1451 2560 in 1 0 1 0 -2903 9569 rl 14 np 0
T 1567 1500 1537.00 2471.00 31.941 9.402 33.297 hs 0 hp 1511 2462 in 1 0 0 0 -2903 9569 rl 13 np 0
T 1568 1501 1563.00 2481.00 31.941 9.902 33.441 hs 0 hp 1537 2471 in 1 0 0 0 556 -831 rl 12 np 0
T 1569 1502 1589.00 2491.00 31.941 10.402 33.593 hs 0 hp 1563 2481 in 1 0 0 0 556 -831 rl 11 np 0
T 1570 1503 1615.00 2503.00 31.578 11.789 33.707 hs 5 hp 1578 2560 in 1 0 1 0 -161 987 rl 10 np 0
T 1571 1504 1641.00 2515.00 31.578 12.289 33.885 hs 0 hp 1615 2503 in 1 0 0 0 -161 987 rl 9 np 0
T 1572 1505 1667.00 2528.00 31.578 12.789 34.070 hs 4 hp 1762 2527 in 1 0 1 0 9952 980 rl 8 np 0
T 1573 1506 1693.00 2541.00 31.578 13.289 34.260 hs 0 hp 1667 2528 in 1 0 0 0 -161 987 rl 7 np 0
T 1574 1507 1719.00 2555.00 31.578 13.789 34.457 hs 4 hp 1786 2463 in 1 0 1 0 7659 -6430 rl 6 np 0
T 1575 1508 1745.00 2569.00 31.578 14.289 34.661 hs 4 hp 1847 2411 in 1 0 1 0 7659 -6430 rl 5 np 0
T 1576 1509 1771.00 2584.00 31.578 14.789 34.870 hs 5 hp 1899 2367 in 1 0 1 0 773 -634 rl 4 np 0
T 1577 1510 1797.00 2599.00 31.578 15.289 35.085 hs 5 hp 1899 2367 in 1 0 1 0 773 -634 rl 3 np 0
T 1578 1511 1824.00 2612.00 32.727 13.043 35.230 hs 5 hp 1899 2367 in 1 0 1 0 773 -634 rl 2 np 0
T 1579 1512 1851.00 2623.00 33.562 10.676 35.220 hs 5 hp 1899 2367 in 1 0 1 0 773 -634 rl 1 np 0
T 1580 1513 1879.00 2631.00 34.086 8.227 35.065 hs 5 hp 1899 2367 in 1 0 1 0 773 -634 rl 0 np 0
T 1581 1514 1907.00 2637.00 34.301 5.734 34.777 hs 5 hp 1899 2367 in 1 0 1 0 773 -634 rl 0 np 0
T 1582 1515 1935.00 2640.00 34.234 3.234 34.387 hs 5 hp 1899 2367 in 1 0 1 0 773 -634 rl 0 np 0
T 1583 1516 1963.00 2641.00 33.941 0.762 33.950 hs 5 hp 1899 2367 in 1 0 1 0 773 -634 rl 0 np 0
T 1584 1517 1991.00 2639.00 33.430 -1.660 33.471 hs 5 hp 1899 2367 in 1 0 1 0 773 -634 rl 0 np 0
T 1585 1518 2018.00 2635.00 32.707 -4.004 32.951 hs 5 hp 1899 2367 in 1 0 1 0 773 -634 rl 0 np 0
T 1586 1519 2045.00 2631.00 32.707 -3.504 32.894 hs 0 hp 2018 2635 in 1 0 0 0 773 -634 rl 0 np 0
T 1587 1520 2072.00 2628.00 32.707 -3.004 32.845 hs 4 hp 1928 2596 in 1 0 1 0 -9569 -2903 rl 0 np 0
T 1588 1521 2099.00 2625.00 32.707 -2.504 32.803 hs 0 hp 2072 2628 in 1 0 0 0 -924 383 rl 0 np 0
T 1589 1522 2126.00 2623.00 32.707 -2.004 32.768 hs 5 hp 2200 2656 in 1 0 1 0 9569 2903 rl 0 np 0
T 1590 1523 2153.00 2621.00 32.707 -1.504 32.742 hs 0 hp 2126 2623 in 1 0 0 0 -924 383 rl 0 np 0
T 1591 1524 2180.00 2620.00 32.707 -1.004 32.722 hs 5 hp 2153 2663 in 1 0 1 0 4 1000 rl 0 np 0
T 1592 1525 2207.00 2620.00 31.512 0.258 31.513 hs 5 hp 2153 2663 in 1 0 1 0 4 1000 rl 0 np 0
T 1593 1526 2234.00 2621.00 31.512 0.758 31.521 hs 0 hp 2207 2620 in 1 0 0 0 4 1000 rl 0 np 0
T 1594 1527 2261.00 2622.00 31.512 1.258 31.537 hs 0 hp 2234 2621 in 1 0 0 0 4 1000 rl 0 np 0
T 1595 1528 2288.00 2624.00 31.512 1.758 31.561 hs 4 hp 2275 2743 in 1 0 1 0 1132 9936 rl 0 np 0
T 1596 1529 2314.00 2627.00 31.395 3.156 31.553 hs 5 hp 2280 2784 in 1 0 1 0 -7730 6344 rl 0 np 0
T 1597 1530 2340.00 2632.00 30.918 4.535 31.249 hs 5 hp 2280 2784 in 1 0 1 0 431 9991 rl 0 np 0
T 1598 1531 2366.00 2638.00 30.094 5.871 30.661 hs 5 hp 2280 2784 in 1 0 1 0 0 1000 rl 0 np 0
T 1599 1532 2391.00 2645.00 28.953 7.148 29.823 hs 5 hp 2280 2784 in 1 0 1 0 0 1000 rl 0 np 0
T 1600 1533 2414.00 2653.00 26.102 8.352 27.405 hs 5 hp 2280 2784 in 0 0 1 1 7437 -6685 rl 24 np 1
T 1601 1534 2431.00 2674.00 19.961 20.594 28.680 hs 5 hp 2280 2784 in 1 0 1 0 0 1000 rl 23 np 0
E 1601 1534 ex 2431.9 2609.1 tee 2414.0 2653.0 dist 47.4 |f| 12.00
T 1602 1535 2446.00 2696.00 17.145 21.625 27.597 hs 5 hp 2280 2784 in 0 0 1 0 0 1000 rl 22 np 0
T 1603 1536 2461.00 2718.00 17.145 22.125 27.990 hs 0 hp 2446 2696 in 1 0 0 0 0 1000 rl 21 np 0
T 1604 1537 2476.00 2741.00 17.145 22.625 28.387 hs 4 hp 2353 2776 in 1 0 1 0 -8819 4714 rl 20 np 0
T 1605 1538 2491.00 2764.00 17.145 23.125 28.787 hs 0 hp 2476 2741 in 1 0 0 0 -8819 4714 rl 19 np 0
T 1606 1539 2506.00 2788.00 17.145 23.625 29.190 hs 4 hp 2437 2873 in 1 0 1 0 -4462 8949 rl 18 np 0
T 1607 1540 2520.00 2813.00 15.895 24.871 29.516 hs 5 hp 2402 2944 in 1 0 1 0 -290 957 rl 17 np 0
T 1608 1541 2532.00 2839.00 14.387 26.039 29.749 hs 5 hp 2402 2944 in 1 0 1 0 471 -882 rl 16 np 0
T 1609 1542 2543.00 2866.00 12.637 27.105 29.906 hs 5 hp 2402 2944 in 1 0 1 0 471 -882 rl 15 np 0
T 1610 1543 2554.00 2894.00 12.637 27.605 30.360 hs 0 hp 2543 2866 in 1 0 0 0 471 -882 rl 14 np 0
T 1611 1544 2565.00 2922.00 12.637 28.105 30.816 hs 5 hp 2624 2901 in 1 0 1 0 9952 980 rl 13 np 0
T 1612 1545 2577.00 2950.00 14.125 27.598 31.002 hs 5 hp 2624 2901 in 0 0 1 0 9952 980 rl 12 np 0
T 1613 1546 2589.00 2978.00 14.125 28.098 31.448 hs 0 hp 2577 2950 in 1 0 0 0 383 -924 rl 11 np 0
T 1614 1547 2601.00 3007.00 14.125 28.598 31.896 hs 0 hp 2589 2978 in 1 0 0 0 383 -924 rl 10 np 0
T 1615 1548 2615.00 3035.00 16.555 27.531 32.125 hs 5 hp 2656 2974 in 1 0 1 0 8526 -5225 rl 9 np 0
T 1616 1549 2629.00 3063.00 16.555 28.031 32.555 hs 0 hp 2615 3035 in 1 0 0 0 -195 981 rl 8 np 0
T 1617 1550 2643.00 3092.00 16.555 28.531 32.986 hs 0 hp 2629 3063 in 1 0 0 0 -195 981 rl 7 np 0
T 1618 1551 2659.00 3119.00 18.945 27.398 33.311 hs 5 hp 2720 3042 in 1 0 1 0 8387 -5446 rl 6 np 0
T 1619 1552 2675.00 3147.00 18.945 27.898 33.723 hs 0 hp 2659 3119 in 1 0 0 0 882 -471 rl 5 np 0
T 1620 1553 2691.00 3175.00 18.945 28.398 34.138 hs 0 hp 2675 3147 in 1 0 0 0 882 -471 rl 4 np 0
T 1621 1554 2708.00 3202.00 21.238 27.113 34.441 hs 5 hp 2752 3130 in 1 0 1 0 8039 -5948 rl 3 np 0
T 1622 1555 2725.00 3230.00 21.238 27.613 34.836 hs 0 hp 2708 3202 in 1 0 0 0 541 841 rl 2 np 0
T 1623 1556 2744.00 3256.00 23.469 26.246 35.209 hs 5 hp 2816 3158 in 1 0 1 0 7826 -6225 rl 1 np 0
T 1624 1557 2765.00 3280.00 25.156 24.328 34.996 hs 5 hp 2816 3158 in 1 0 1 0 9245 -3811 rl 0 np 0
T 1625 1558 2793.00 3299.00 35.715 19.121 40.511 hs 0 hp 2765 3280 in 1 0 0 1 -8819 4714 rl 24 np 0
E 1625 1558 ex 2735.6 3295.9 tee 2765.0 3280.0 dist 33.5 |f| 12.00
T 1626 1559 2821.00 3319.00 35.715 19.621 40.750 hs 4 hp 2887 3222 in 1 0 1 0 7730 -6344 rl 23 np 0
T 1627 1560 2849.00 3339.00 35.715 20.121 40.993 hs 5 hp 2915 3199 in 1 0 1 0 9245 -3811 rl 22 np 0
T 1628 1561 2878.00 3357.00 36.930 17.906 41.042 hs 5 hp 2915 3199 in 1 0 1 0 831 -556 rl 21 np 0
T 1629 1562 2907.00 3372.00 37.578 15.484 40.643 hs 5 hp 2915 3199 in 1 0 1 0 831 -556 rl 20 np 0
T 1630 1563 2936.00 3388.00 37.578 15.984 40.836 hs 0 hp 2907 3372 in 1 0 0 0 831 -556 rl 19 np 0
T 1631 1564 2965.00 3404.00 37.578 16.484 41.035 hs 4 hp 2901 3271 in 1 0 1 0 -2903 -9569 rl 18 np 0
T 1632 1565 2994.00 3421.00 37.578 16.984 41.238 hs 4 hp 2878 3194 in 1 0 1 0 831 -556 rl 17 np 0
T 1633 1566 3023.00 3406.00 36.590 -14.695 39.431 hs 5 hp 2870 3167 in 1 1 1 0 831 -556 rl 16 np 0
T 1634 1567 3051.00 3389.00 35.375 -16.723 39.128 hs 5 hp 2870 3167 in 1 0 1 0 831 -556 rl 15 np 0
T 1635 1568 3078.00 3370.00 33.953 -18.547 38.689 hs 5 hp 2870 3167 in 1 1 1 0 831 -556 rl 14 np 0
T 1636 1569 3104.00 3350.00 32.344 -20.141 38.102 hs 5 hp 2870 3167 in 1 0 1 0 831 -556 rl 13 np 0
T 1637 1570 3130.00 3330.00 32.344 -19.641 37.840 hs 0 hp 3104 3350 in 1 0 0 0 831 -556 rl 12 np 0
T 1638 1571 3156.00 3311.00 32.344 -19.141 37.583 hs 4 hp 3074 3222 in 1 0 1 0 -4617 -8870 rl 11 np 0
T 1639 1572 3181.00 3290.00 30.898 -20.938 37.324 hs 5 hp 3062 3199 in 1 0 1 0 831 -556 rl 10 np 0
T 1640 1573 3204.00 3268.00 29.109 -22.262 36.646 hs 5 hp 3062 3199 in 1 0 1 0 831 -556 rl 9 np 0
T 1641 1574 3226.00 3245.00 27.086 -23.074 35.582 hs 5 hp 3062 3199 in 1 0 1 0 831 -556 rl 8 np 0
T 1642 1575 3248.00 3222.00 27.086 -22.574 35.260 hs 0 hp 3226 3245 in 1 0 0 1 3827 9239 rl 7 np 0
T 1643 1576 3269.00 3198.00 25.363 -24.004 34.921 hs 5 hp 3199 3181 in 1 0 1 0 -7660 -6428 rl 6 np 0
T 1644 1577 3290.00 3175.00 25.363 -23.504 34.579 hs 0 hp 3269 3198 in 1 0 0 0 3827 9239 rl 5 np 0
T 1645 1578 3308.00 3150.00 21.730 -24.992 33.118 hs 5 hp 3199 3095 in -1 0 1 0 -7490 -6626 rl 4 np 0
T 1646 1579 3324.00 3124.00 19.723 -25.844 32.510 hs 5 hp 3199 3095 in 1 0 1 0 1045 9945 rl 3 np 0
T 1647 1580 3340.00 3099.00 18.738 -25.344 31.519 hs 0 hp 3324 3124 in 0 0 0 0 1045 9945 rl 2 np 0
T 1648 1581 3356.00 3074.00 18.738 -24.844 31.118 hs 4 hp 3243 3025 in 1 0 1 0 -7934 -6088 rl 1 np 0
T 1649 1582 3369.00 3048.00 14.719 -25.742 29.653 hs 5 hp 3199 2991 in -1 0 1 0 9882 1530 rl 0 np 0
T 1650 1583 3380.00 3022.00 12.586 -26.195 29.062 hs 5 hp 3199 2991 in 1 0 1 1 9984 562 rl 24 np 1
T 1651 1584 3381.00 2990.00 1.773 -32.012 32.061 hs 0 hp 3380 3022 in -1 0 0 0 9239 -3827 rl 23 np 0
E 1651 1584 ex 3424.2 3052.0 tee 3380.0 3022.0 dist 53.4 |f| 11.25
T 1652 1585 3381.00 2958.00 0.273 -31.512 31.513 hs 4 hp 3260 2978 in -1 0 1 0 -9952 -980 rl 22 np 0
T 1653 1586 3379.00 2927.00 -1.984 -30.941 31.005 hs 5 hp 3199 2972 in 0 0 1 0 9882 1530 rl 21 np 0
T 1654 1587 3376.00 2897.00 -3.484 -30.441 30.640 hs 0 hp 3379 2927 in -1 0 0 0 9882 1530 rl 20 np 0
T 1655 1588 3372.00 2867.00 -4.984 -29.941 30.353 hs 5 hp 3424 2808 in -1 0 1 0 4714 -8819 rl 19 np 0
T 1656 1589 3368.00 2838.00 -4.734 -29.441 29.820 hs 0 hp 3372 2867 in 0 0 0 0 4714 -8819 rl 18 np 0
T 1657 1590 3368.00 2809.00 -0.398 -28.852 28.854 hs 5 hp 3424 2843 in 1 0 1 0 9952 980 rl 17 np 0
T 1658 1591 3369.00 2781.00 1.102 -28.352 28.373 hs 0 hp 3368 2809 in 1 0 0 0 9952 980 rl 16 np 0
T 1659 1592 3373.00 2754.00 5.176 -27.465 27.948 hs 5 hp 3424 2807 in 1 0 1 0 9026 4305 rl 15 np 0
T 1660 1593 3379.00 2728.00 7.152 -26.316 27.271 hs 5 hp 3424 2807 in 1 0 1 0 98 995 rl 14 np 0
T 1661 1594 3387.00 2703.00 8.562 -25.035 26.459 hs 5 hp 3424 2807 in 1 0 1 0 98 995 rl 13 np 0
T 1662 1595 3395.00 2678.00 8.562 -24.535 25.986 hs 0 hp 3387 2703 in 1 0 0 0 98 995 rl 12 np 0
T 1663 1596 3404.00 2655.00 10.316 -23.324 25.504 hs 5 hp 3428 2720 in 1 0 1 0 6157 7880 rl 11 np 0
T 1664 1597 3414.00 2633.00 11.305 -21.980 24.717 hs 5 hp 3428 2720 in 1 0 1 0 4818 8763 rl 10 np 0
T 1665 1598 3424.00 2612.00 11.305 -21.480 24.274 hs 0 hp 3414 2633 in 1 0 0 0 829 559 rl 9 np 0
T 1666 1599 3435.00 2592.00 12.047 -20.246 23.559 hs 5 hp 3488 2702 in 0 0 1 0 5807 8141 rl 8 np 0
T 1667 1600 3447.00 2573.00 13.285 -18.934 23.130 hs 5 hp 3488 2702 in 1 0 1 0 4163 9092 rl 7 np 0
T 1668 1601 3460.00 2555.00 14.148 -17.574 22.562 hs 5 hp 3488 2702 in 1 0 1 0 4163 9092 rl 6 np 0
T 1669 1602 3473.00 2538.00 14.148 -17.074 22.174 hs 0 hp 3460 2555 in 1 0 0 0 4163 9092 rl 5 np 0
T 1670 1603 3486.00 2521.00 14.148 -16.574 21.792 hs 4 hp 3524 2649 in 1 0 1 0 4163 9092 rl 4 np 0
T 1671 1604 3500.00 2506.00 15.051 -15.223 21.407 hs 5 hp 3542 2688 in 1 0 1 0 2284 9736 rl 3 np 0
T 1672 1605 3514.00 2492.00 15.691 -13.848 20.928 hs 5 hp 3542 2688 in 1 0 1 0 2284 9736 rl 2 np 0
T 1673 1606 3529.00 2480.00 16.094 -12.457 20.352 hs 5 hp 3542 2688 in 1 0 1 0 2284 9736 rl 1 np 0
T 1674 1607 3544.00 2469.00 16.273 -11.059 19.675 hs 5 hp 3542 2688 in 1 0 1 0 471 882 rl 0 np 0
T 1675 1608 3559.00 2459.00 16.254 -9.660 18.908 hs 5 hp 3542 2688 in 1 1 1 0 471 882 rl 0 np 0
T 1676 1609 3574.00 2451.00 16.086 -8.262 18.084 hs 5 hp 3542 2688 in 1 0 1 0 471 882 rl 0 np 0
