T 1600 1533 2414.00 2653.00 26.102 8.352 27.405 hs 5 hp 2280 2784 in 0 0 1 1 7437 -6685 rl 24 np 1
T 1601 1534 2431.00 2674.00 19.961 20.594 28.680 hs 5 hp 2280 2784 in 1 0 1 0 0 1000 rl 23 np 0
E 1601 1534 ex 2431.9 2609.1 tee 2414.0 2653.0 dist 47.4 |f| 12.00
T 1602 1535 2446.00 2696.00 17.145 21.625 27.597 hs 5 hp 2280 2784 in 0 0 1 0 0 1000 rl 22 np 0
T 1603 1536 2461.00 2718.00 17.145 22.125 27.990 hs 0 hp 2446 2696 in 1 0 0 0 0 1000 rl 21 np 0
T 1604 1537 2476.00 2741.00 17.145 22.625 28.387 hs 4 hp 2353 2776 in 1 0 1 0 -8819 4714 rl 20 np 0
T 1605 1538 2491.00 2764.00 17.145 23.125 28.787 hs 0 hp 2476 2741 in 1 0 0 0 -8819 4714 rl 19 np 0
T 1606 1539 2506.00 2788.00 17.145 23.625 29.190 hs 4 hp 2437 2873 in 1 0 1 0 -4462 8949 rl 18 np 0
T 1607 1540 2520.00 2813.00 15.895 24.871 29.516 hs 5 hp 2402 2944 in 1 0 1 0 -290 957 rl 17 np 0
T 1608 1541 2532.00 2839.00 14.387 26.039 29.749 hs 5 hp 2402 2944 in 1 0 1 0 471 -882 rl 16 np 0
T 1609 1542 2543.00 2866.00 12.637 27.105 29.906 hs 5 hp 2402 2944 in 1 0 1 0 471 -882 rl 15 np 0
T 1610 1543 2554.00 2894.00 12.637 27.605 30.360 hs 0 hp 2543 2866 in 1 0 0 0 471 -882 rl 14 np 0
T 1611 1544 2565.00 2922.00 12.637 28.105 30.816 hs 5 hp 2624 2901 in 1 0 1 0 9952 980 rl 13 np 0
T 1612 1545 2577.00 2950.00 14.125 27.598 31.002 hs 5 hp 2624 2901 in 0 0 1 0 9952 980 rl 12 np 0
T 1613 1546 2589.00 2978.00 14.125 28.098 31.448 hs 0 hp 2577 2950 in 1 0 0 0 383 -924 rl 11 np 0
T 1614 1547 2601.00 3007.00 14.125 28.598 31.896 hs 0 hp 2589 2978 in 1 0 0 0 383 -924 rl 10 np 0
T 1615 1548 2615.00 3035.00 16.555 27.531 32.125 hs 5 hp 2656 2974 in 1 0 1 0 8526 -5225 rl 9 np 0
T 1616 1549 2629.00 3063.00 16.555 28.031 32.555 hs 0 hp 2615 3035 in 1 0 0 0 -195 981 rl 8 np 0
T 1617 1550 2643.00 3092.00 16.555 28.531 32.986 hs 0 hp 2629 3063 in 1 0 0 0 -195 981 rl 7 np 0
T 1618 1551 2659.00 3119.00 18.945 27.398 33.311 hs 5 hp 2720 3042 in 1 0 1 0 8387 -5446 rl 6 np 0
T 1619 1552 2675.00 3147.00 18.945 27.898 33.723 hs 0 hp 2659 3119 in 1 0 0 0 882 -471 rl 5 np 0
T 1620 1553 2691.00 3175.00 18.945 28.398 34.138 hs 0 hp 2675 3147 in 1 0 0 0 882 -471 rl 4 np 0
T 1621 1554 2708.00 3202.00 21.238 27.113 34.441 hs 5 hp 2752 3130 in 1 0 1 0 8039 -5948 rl 3 np 0
T 1622 1555 2725.00 3230.00 21.238 27.613 34.836 hs 0 hp 2708 3202 in 1 0 0 0 541 841 rl 2 np 0
T 1623 1556 2744.00 3256.00 23.469 26.246 35.209 hs 5 hp 2816 3158 in 1 0 1 0 7826 -6225 rl 1 np 0
T 1624 1557 2765.00 3280.00 25.156 24.328 34.996 hs 5 hp 2816 3158 in 1 0 1 0 9245 -3811 rl 0 np 0
T 1625 1558 2793.00 3299.00 35.715 19.121 40.511 hs 0 hp 2765 3280 in 1 0 0 1 -8819 4714 rl 24 np 0
E 1625 1558 ex 2735.6 3295.9 tee 2765.0 3280.0 dist 33.5 |f| 12.00
T 1626 1559 2821.00 3319.00 35.715 19.621 40.750 hs 4 hp 2887 3222 in 1 0 1 0 7730 -6344 rl 23 np 0
T 1627 1560 2849.00 3339.00 35.715 20.121 40.993 hs 5 hp 2915 3199 in 1 0 1 0 9245 -3811 rl 22 np 0
T 1628 1561 2878.00 3357.00 36.930 17.906 41.042 hs 5 hp 2915 3199 in 1 0 1 0 831 -556 rl 21 np 0
T 1629 1562 2907.00 3372.00 37.578 15.484 40.643 hs 5 hp 2915 3199 in 1 0 1 0 831 -556 rl 20 np 0
T 1630 1563 2936.00 3388.00 37.578 15.984 40.836 hs 0 hp 2907 3372 in 1 0 0 0 831 -556 rl 19 np 0
T 1631 1564 2965.00 3404.00 37.578 16.484 41.035 hs 4 hp 2901 3271 in 1 0 1 0 -2903 -9569 rl 18 np 0
T 1632 1565 2994.00 3421.00 37.578 16.984 41.238 hs 4 hp 2878 3194 in 1 0 1 0 831 -556 rl 17 np 0
T 1633 1566 3023.00 3406.00 36.590 -14.695 39.431 hs 5 hp 2870 3167 in 1 1 1 0 831 -556 rl 16 np 0
T 1634 1567 3051.00 3389.00 35.375 -16.723 39.128 hs 5 hp 2870 3167 in 1 0 1 0 831 -556 rl 15 np 0
T 1635 1568 3078.00 3370.00 33.953 -18.547 38.689 hs 5 hp 2870 3167 in 1 1 1 0 831 -556 rl 14 np 0
T 1636 1569 3104.00 3350.00 32.344 -20.141 38.102 hs 5 hp 2870 3167 in 1 0 1 0 831 -556 rl 13 np 0
T 1637 1570 3130.00 3330.00 32.344 -19.641 37.840 hs 0 hp 3104 3350 in 1 0 0 0 831 -556 rl 12 np 0
T 1638 1571 3156.00 3311.00 32.344 -19.141 37.583 hs 4 hp 3074 3222 in 1 0 1 0 -4617 -8870 rl 11 np 0
T 1639 1572 3181.00 3290.00 30.898 -20.938 37.324 hs 5 hp 3062 3199 in 1 0 1 0 831 -556 rl 10 np 0
T 1640 1573 3204.00 3268.00 29.109 -22.262 36.646 hs 5 hp 3062 3199 in 1 0 1 0 831 -556 rl 9 np 0
T 1641 1574 3226.00 3245.00 27.086 -23.074 35.582 hs 5 hp 3062 3199 in 1 0 1 0 831 -556 rl 8 np 0
T 1642 1575 3248.00 3222.00 27.086 -22.574 35.260 hs 0 hp 3226 3245 in 1 0 0 1 3827 9239 rl 7 np 0
T 1643 1576 3269.00 3198.00 25.363 -24.004 34.921 hs 5 hp 3199 3181 in 1 0 1 0 -7660 -6428 rl 6 np 0
T 1644 1577 3290.00 3175.00 25.363 -23.504 34.579 hs 0 hp 3269 3198 in 1 0 0 0 3827 9239 rl 5 np 0
T 1645 1578 3308.00 3150.00 21.730 -24.992 33.118 hs 5 hp 3199 3095 in -1 0 1 0 -7490 -6626 rl 4 np 0
T 1646 1579 3324.00 3124.00 19.723 -25.844 32.510 hs 5 hp 3199 3095 in 1 0 1 0 1045 9945 rl 3 np 0
T 1647 1580 3340.00 3099.00 18.738 -25.344 31.519 hs 0 hp 3324 3124 in 0 0 0 0 1045 9945 rl 2 np 0
T 1648 1581 3356.00 3074.00 18.738 -24.844 31.118 hs 4 hp 3243 3025 in 1 0 1 0 -7934 -6088 rl 1 np 0
T 1649 1582 3369.00 3048.00 14.719 -25.742 29.653 hs 5 hp 3199 2991 in -1 0 1 0 9882 1530 rl 0 np 0
T 1650 1583 3380.00 3022.00 12.586 -26.195 29.062 hs 5 hp 3199 2991 in 1 0 1 1 9984 562 rl 24 np 1
T 1651 1584 3381.00 2990.00 1.773 -32.012 32.061 hs 0 hp 3380 3022 in -1 0 0 0 9239 -3827 rl 23 np 0
E 1651 1584 ex 3424.2 3052.0 tee 3380.0 3022.0 dist 53.4 |f| 11.25
T 1652 1585 3381.00 2958.00 0.273 -31.512 31.513 hs 4 hp 3260 2978 in -1 0 1 0 -9952 -980 rl 22 np 0
T 1653 1586 3379.00 2927.00 -1.984 -30.941 31.005 hs 5 hp 3199 2972 in 0 0 1 0 9882 1530 rl 21 np 0
T 1654 1587 3376.00 2897.00 -3.484 -30.441 30.640 hs 0 hp 3379 2927 in -1 0 0 0 9882 1530 rl 20 np 0
T 1655 1588 3372.00 2867.00 -4.984 -29.941 30.353 hs 5 hp 3424 2808 in -1 0 1 0 4714 -8819 rl 19 np 0
T 1656 1589 3368.00 2838.00 -4.734 -29.441 29.820 hs 0 hp 3372 2867 in 0 0 0 0 4714 -8819 rl 18 np 0
T 1657 1590 3368.00 2809.00 -0.398 -28.852 28.854 hs 5 hp 3424 2843 in 1 0 1 0 9952 980 rl 17 np 0
T 1658 1591 3369.00 2781.00 1.102 -28.352 28.373 hs 0 hp 3368 2809 in 1 0 0 0 9952 980 rl 16 np 0
T 1659 1592 3373.00 2754.00 5.176 -27.465 27.948 hs 5 hp 3424 2807 in 1 0 1 0 9026 4305 rl 15 np 0
T 1660 1593 3379.00 2728.00 7.152 -26.316 27.271 hs 5 hp 3424 2807 in 1 0 1 0 98 995 rl 14 np 0
T 1661 1594 3387.00 2703.00 8.562 -25.035 26.459 hs 5 hp 3424 2807 in 1 0 1 0 98 995 rl 13 np 0
T 1662 1595 3395.00 2679.00 9.520 -23.688 25.529 hs 5 hp 3424 2807 in 1 0 1 0 4818 8763 rl 12 np 0
T 1663 1596 3403.00 2656.00 9.520 -23.188 25.066 hs 0 hp 3395 2679 in 1 0 0 0 98 995 rl 11 np 0
T 1664 1597 3412.00 2634.00 10.551 -22.020 24.417 hs 5 hp 3461 2720 in 0 0 1 0 6691 7431 rl 10 np 0
T 1665 1598 3423.00 2613.00 11.961 -20.738 23.940 hs 5 hp 3461 2720 in 1 0 1 0 4818 8763 rl 9 np 0
T 1666 1599 3435.00 2594.00 12.914 -19.391 23.297 hs 5 hp 3461 2720 in 1 0 1 0 4163 9092 rl 8 np 0
T 1667 1600 3447.00 2575.00 12.914 -18.891 22.883 hs 0 hp 3435 2594 in 1 0 0 0 829 559 rl 7 np 0
T 1668 1601 3459.00 2557.00 12.914 -18.391 22.472 hs 4 hp 3507 2681 in 1 0 1 0 4924 8704 rl 6 np 0
T 1669 1602 3472.00 2540.00 13.965 -17.055 22.043 hs 5 hp 3511 2688 in 1 0 1 0 4163 9092 rl 5 np 0
T 1670 1603 3485.00 2524.00 14.691 -15.684 21.490 hs 5 hp 3511 2688 in 1 0 1 0 4163 9092 rl 4 np 0
T 1671 1604 3499.00 2510.00 15.137 -14.293 20.818 hs 5 hp 3511 2688 in 1 0 1 0 2284 9736 rl 3 np 0
T 1672 1605 3513.00 2497.00 15.328 -12.895 20.030 hs 5 hp 3511 2688 in 1 0 1 0 2284 9736 rl 2 np 0
T 1673 1606 3527.00 2486.00 15.305 -11.496 19.141 hs 5 hp 3511 2688 in 1 0 1 0 2284 9736 rl 1 np 0
T 1674 1607 3541.00 2475.00 15.305 -10.996 18.845 hs 0 hp 3527 2486 in 1 0 0 0 2284 9736 rl 0 np 0
T 1675 1608 3556.00 2465.00 15.848 -9.613 18.535 hs 5 hp 3557 2560 in 1 0 1 0 1908 9816 rl 0 np 0
T 1676 1609 3571.00 2456.00 15.848 -9.113 18.281 hs 0 hp 3556 2465 in 1 0 0 0 98 995 rl 0 np 0
T 1677 1610 3586.00 2447.00 15.848 -8.613 18.037 hs 4 hp 3603 2574 in 1 0 1 0 2588 9659 rl 0 np 0
T 1678 1611 3601.00 2440.00 16.273 -7.223 17.804 hs 5 hp 3608 2592 in 1 0 1 0 1253 9921 rl 0 np 0
T 1679 1612 3617.00 2434.00 16.406 -5.824 17.409 hs 5 hp 3608 2592 in 1 0 1 1 -4266 -9044 rl 24 np 1
T 1680 1613 3639.00 2438.00 24.625 3.801 24.917 hs 5 hp 3608 2592 in 1 0 1 0 1253 9921 rl 23 np 0
E 1680 1613 ex 3581.4 2398.9 tee 3617.0 2434.0 dist 50.0 |f| 11.72
T 1681 1614 3661.00 2442.00 24.625 4.301 24.998 hs 0 hp 3639 2438 in 1 0 0 0 -471 882 rl 22 np 0
T 1682 1615 3683.00 2447.00 24.625 4.801 25.089 hs 0 hp 3661 2442 in 1 0 0 0 -471 882 rl 21 np 0
T 1683 1616 3705.00 2452.00 24.625 5.301 25.189 hs 4 hp 3679 2569 in 1 0 1 0 -314 9995 rl 20 np 0
T 1684 1617 3727.00 2458.00 24.625 5.801 25.299 hs 0 hp 3705 2452 in 1 0 0 0 471 882 rl 19 np 0
T 1685 1618 3749.00 2464.00 24.625 6.301 25.418 hs 0 hp 3727 2458 in 1 0 0 0 -314 9995 rl 18 np 0
T 1686 1619 3771.00 2471.00 24.625 6.801 25.547 hs 0 hp 3749 2464 in 1 0 0 0 -314 9995 rl 17 np 0
T 1687 1620 3793.00 2478.00 24.625 7.301 25.684 hs 0 hp 3771 2471 in 1 0 0 0 -314 9995 rl 16 np 0
T 1688 1621 3815.00 2486.00 24.625 7.801 25.831 hs 0 hp 3793 2478 in 1 0 0 0 -195 -981 rl 15 np 0
T 1689 1622 3837.00 2494.00 24.625 8.301 25.986 hs 4 hp 3873 2594 in 1 0 1 0 4714 8819 rl 14 np 0
T 1690 1623 3859.00 2503.00 24.625 8.801 26.150 hs 4 hp 3911 2665 in 1 0 1 0 -1951 9808 rl 13 np 0
T 1691 1624 3881.00 2512.00 24.625 9.301 26.323 hs 4 hp 3949 2736 in 1 0 1 0 -1951 9808 rl 12 np 0
T 1692 1625 3903.00 2522.00 24.625 9.801 26.504 hs 4 hp 3987 2807 in 1 0 1 0 -1951 9808 rl 11 np 0
T 1693 1626 3925.00 2532.00 24.625 10.301 26.693 hs 5 hp 3992 2816 in 1 0 1 0 -314 9995 rl 10 np 0
T 1694 1627 3947.00 2543.00 24.625 10.801 26.890 hs 0 hp 3925 2532 in 1 0 0 0 633 -774 rl 9 np 0
T 1695 1628 3969.00 2554.00 24.625 11.301 27.094 hs 4 hp 3935 2664 in 1 0 1 0 -980 9952 rl 8 np 0
T 1696 1629 3990.00 2567.00 24.105 12.676 27.235 hs 5 hp 3930 2720 in 1 0 1 0 -314 9995 rl 7 np 0
T 1697 1630 4011.00 2580.00 24.105 13.176 27.471 hs 0 hp 3990 2567 in 1 0 0 0 -314 9995 rl 6 np 0
T 1698 1631 4032.00 2594.00 24.105 13.676 27.715 hs 0 hp 4011 2580 in 1 0 0 0 957 -290 rl 5 np 0
T 1699 1632 4053.00 2608.00 24.105 14.176 27.965 hs 4 hp 4044 2715 in 1 0 1 0 980 9952 rl 4 np 0
T 1700 1633 4074.00 2623.00 24.105 14.676 28.221 hs 4 hp 4052 2795 in 1 0 1 0 -2284 9736 rl 3 np 0
T 1701 1634 4095.00 2638.00 24.105 15.176 28.485 hs 5 hp 4057 2848 in 1 0 1 0 -2284 9736 rl 2 np 0
T 1702 1635 4116.00 2654.00 24.105 15.676 28.754 hs 5 hp 4057 2848 in 1 0 1 0 1000 0 rl 1 np 0
T 1703 1636 4136.00 2671.00 23.449 17.035 28.984 hs 5 hp 4057 2848 in 1 0 1 0 1000 0 rl 0 np 0
T 1704 1637 4156.00 2689.00 23.449 17.535 29.280 hs 0 hp 4136 2671 in 1 0 0 0 1000 0 rl 0 np 0
T 1705 1638 4176.00 2707.00 23.449 18.035 29.583 hs 4 hp 4277 2701 in 1 0 1 0 9952 980 rl 0 np 0
T 1706 1639 4196.00 2726.00 23.449 18.535 29.890 hs 4 hp 4357 2709 in 1 0 1 0 0 -10000 rl 0 np 0
T 1707 1640 4215.00 2757.00 24.633 30.977 39.577 hs 5 hp 4384 2712 in 1 0 1 1 -980 -9952 rl 24 np 0
E 1707 1640 ex 4192.2 2687.4 tee 4196.0 2726.0 dist 38.7 |f| 12.00
T 1708 1641 4234.00 2788.00 24.633 31.477 39.969 hs 5 hp 4384 2712 in 1 0 1 0 1000 0 rl 23 np 0
T 1709 1642 4253.00 2820.00 24.633 31.977 40.364 hs 5 hp 4384 2712 in 1 0 1 0 1000 0 rl 22 np 0
T 1710 1643 4274.00 2851.00 26.832 30.566 40.673 hs 5 hp 4384 2712 in 1 0 1 0 1000 0 rl 21 np 0
T 1711 1644 4296.00 2880.00 28.602 28.715 40.529 hs 5 hp 4384 2712 in 1 0 1 0 1000 0 rl 20 np 0
T 1712 1645 4318.00 2909.00 28.602 29.215 40.885 hs 0 hp 4296 2880 in 1 0 0 0 707 -707 rl 19 np 0
T 1713 1646 4340.00 2939.00 28.602 29.715 41.243 hs 4 hp 4419 2841 in 1 0 1 0 8315 -5556 rl 18 np 0
T 1714 1647 4364.00 2967.00 30.625 28.102 41.564 hs 5 hp 4480 2801 in 1 0 1 0 8315 -5556 rl 17 np 0
T 1715 1648 4389.00 2993.00 32.258 26.141 41.520 hs 5 hp 4480 2801 in 1 0 1 0 8315 -5556 rl 16 np 0
T 1716 1649 4414.00 3020.00 32.258 26.641 41.836 hs 0 hp 4389 2993 in 1 0 0 0 8315 -5556 rl 15 np 0
T 1717 1650 4439.00 3047.00 32.258 27.141 42.157 hs 4 hp 4508 2943 in 1 0 1 0 7730 -6344 rl 14 np 0
T 1718 1651 4465.00 3072.00 34.031 25.289 42.399 hs 5 hp 4547 2911 in 1 0 1 0 707 -707 rl 13 np 0
T 1719 1652 4491.00 3098.00 34.031 25.789 42.699 hs 0 hp 4465 3072 in 1 0 0 0 707 -707 rl 12 np 0
T 1720 1653 4517.00 3124.00 34.031 26.289 43.003 hs 4 hp 4585 3021 in 1 0 1 0 7730 -6344 rl 11 np 0
T 1721 1654 4544.00 3148.00 35.738 24.387 43.266 hs 5 hp 4608 3002 in 1 0 1 0 707 -707 rl 10 np 0
T 1722 1655 4572.00 3170.00 36.883 22.141 43.018 hs 5 hp 4608 3002 in 1 0 1 0 383 -924 rl 9 np 0
T 1723 1656 4601.00 3190.00 37.480 19.707 42.346 hs 5 hp 4608 3002 in 1 0 1 0 383 -924 rl 8 np 0
T 1724 1657 4630.00 3210.00 37.480 20.207 42.581 hs 0 hp 4601 3190 in 1 0 0 0 383 -924 rl 7 np 0
T 1725 1658 4659.00 3231.00 37.480 20.707 42.820 hs 4 hp 4707 3116 in 1 0 1 0 6344 -7730 rl 6 np 0
T 1726 1659 4689.00 3249.00 38.668 18.480 42.857 hs 5 hp 4718 3103 in 1 0 1 0 2807 -9598 rl 5 np 0
T 1727 1660 4719.00 3265.00 39.223 16.039 42.375 hs 5 hp 4718 3103 in 1 0 1 0 2807 -9598 rl 4 np 0
T 1728 1661 4749.00 3282.00 39.223 16.539 42.567 hs 0 hp 4719 3265 in 1 0 0 0 454 -891 rl 3 np 0
T 1729 1662 4779.00 3299.00 39.223 17.039 42.764 hs 4 hp 4811 3177 in 1 0 1 0 5075 -8616 rl 2 np 0
T 1730 1663 4810.00 3314.00 40.152 14.703 42.760 hs 5 hp 4836 3135 in 1 0 1 0 2790 -9603 rl 1 np 0
T 1731 1664 4841.00 3326.00 40.562 12.234 42.367 hs 5 hp 4836 3135 in 1 0 1 0 2790 -9603 rl 0 np 0
T 1732 1665 4872.00 3339.00 40.562 12.734 42.514 hs 0 hp 4841 3326 in 1 0 0 0 2790 -9603 rl 0 np 0
T 1733 1666 4903.00 3352.00 40.562 13.234 42.667 hs 4 hp 4895 3219 in 1 0 1 0 1874 -9823 rl 0 np 0
T 1734 1667 4934.00 3366.00 40.562 13.734 42.825 hs 0 hp 4903 3352 in 1 0 0 0 1874 -9823 rl 0 np 0
T 1735 1668 4965.00 3380.00 40.562 14.234 42.988 hs 4 hp 4996 3261 in 1 0 1 0 5075 -8616 rl 0 np 0
T 1736 1669 4996.00 3395.00 40.562 14.734 43.156 hs 4 hp 5037 3192 in 1 1 1 1 7773 6292 rl 24 np 1
T 1737 1670 5028.00 3407.00 41.348 12.352 43.153 hs 5 hp 5071 3135 in 1 1 1 0 872 -9962 rl 23 np 1
T 1738 1671 5060.00 3417.00 41.793 9.887 42.946 hs 5 hp 5071 3135 in 1 0 1 0 383 924 rl 22 np 1
T 1739 1672 5092.00 3424.00 41.902 7.391 42.549 hs 5 hp 5071 3135 in 1 0 1 0 -523 -9986 rl 21 np 1
T 1740 1673 5128.00 3422.00 50.836 -2.156 50.882 hs 5 hp 5071 3135 in 1 0 1 0 -523 -9986 rl 20 np 0
E 1740 1673 ex 5051.3 3455.6 tee 5092.0 3424.0 dist 51.5 |f| 11.51
T 1741 1674 5164.00 3417.00 50.398 -4.598 50.608 hs 5 hp 5071 3135 in 1 0 1 0 -523 -9986 rl 19 np 0
T 1742 1675 5200.00 3410.00 49.695 -6.945 50.178 hs 5 hp 5071 3135 in 1 0 1 0 -523 -9986 rl 18 np 0
T 1743 1676 5236.00 3404.00 49.695 -6.445 50.112 hs 0 hp 5200 3410 in 1 0 0 0 -523 -9986 rl 17 np 0
T 1744 1677 5272.00 3398.00 49.695 -5.945 50.050 hs 0 hp 5236 3404 in 1 0 0 0 634 773 rl 16 np 0
T 1745 1678 5308.00 3393.00 49.695 -5.445 49.993 hs 5 hp 5313 3488 in 1 0 1 0 4147 9100 rl 15 np 0
T 1746 1679 5344.00 3388.00 49.695 -4.945 49.941 hs 0 hp 5308 3393 in 1 0 0 0 4147 9100 rl 14 np 0
T 1747 1680 5380.00 3384.00 49.695 -4.445 49.894 hs 0 hp 5344 3388 in 1 0 0 1 9989 -476 rl 13 np 0
T 1748 1681 5416.00 3380.00 49.695 -3.945 49.852 hs 0 hp 5380 3384 in 1 0 0 0 9899 1421 rl 12 np 0
T 1749 1682 5452.00 3377.00 49.695 -3.445 49.815 hs 5 hp 5442 3295 in 1 0 1 0 2903 -9569 rl 11 np 0
T 1750 1683 5488.00 3371.00 49.422 -5.922 49.775 hs 5 hp 5442 3295 in 1 0 1 0 1994 9799 rl 10 np 0
