T 1677 1610 3586.00 2447.00 15.848 -8.613 18.037 hs 4 hp 3603 2574 in 1 0 1 0 2588 9659 rl 0 np 0
T 1678 1611 3601.00 2440.00 16.273 -7.223 17.804 hs 5 hp 3608 2592 in 1 0 1 0 1253 9921 rl 0 np 0
T 1679 1612 3617.00 2434.00 16.406 -5.824 17.409 hs 5 hp 3608 2592 in 1 0 1 1 -4266 -9044 rl 24 np 1
T 1680 1613 3639.00 2438.00 24.625 3.801 24.917 hs 5 hp 3608 2592 in 1 0 1 0 1253 9921 rl 23 np 0
E 1680 1613 ex 3581.4 2398.9 tee 3617.0 2434.0 dist 50.0 |f| 11.72
T 1681 1614 3661.00 2442.00 24.625 4.301 24.998 hs 0 hp 3639 2438 in 1 0 0 0 -471 882 rl 22 np 0
T 1682 1615 3683.00 2447.00 24.625 4.801 25.089 hs 0 hp 3661 2442 in 1 0 0 0 -471 882 rl 21 np 0
T 1683 1616 3705.00 2452.00 24.625 5.301 25.189 hs 4 hp 3679 2569 in 1 0 1 0 -314 9995 rl 20 np 0
T 1684 1617 3727.00 2458.00 24.625 5.801 25.299 hs 0 hp 3705 2452 in 1 0 0 0 471 882 rl 19 np 0
T 1685 1618 3749.00 2464.00 24.625 6.301 25.418 hs 0 hp 3727 2458 in 1 0 0 0 -314 9995 rl 18 np 0
T 1686 1619 3771.00 2471.00 24.625 6.801 25.547 hs 0 hp 3749 2464 in 1 0 0 0 -314 9995 rl 17 np 0
T 1687 1620 3793.00 2478.00 24.625 7.301 25.684 hs 0 hp 3771 2471 in 1 0 0 0 -314 9995 rl 16 np 0
T 1688 1621 3815.00 2486.00 24.625 7.801 25.831 hs 0 hp 3793 2478 in 1 0 0 0 -195 -981 rl 15 np 0
T 1689 1622 3837.00 2494.00 24.625 8.301 25.986 hs 4 hp 3873 2594 in 1 0 1 0 4714 8819 rl 14 np 0
T 1690 1623 3859.00 2503.00 24.625 8.801 26.150 hs 4 hp 3911 2665 in 1 0 1 0 -1951 9808 rl 13 np 0
T 1691 1624 3881.00 2512.00 24.625 9.301 26.323 hs 4 hp 3949 2736 in 1 0 1 0 -1951 9808 rl 12 np 0
T 1692 1625 3903.00 2522.00 24.625 9.801 26.504 hs 4 hp 3987 2807 in 1 0 1 0 -1951 9808 rl 11 np 0
T 1693 1626 3925.00 2532.00 24.625 10.301 26.693 hs 5 hp 3992 2816 in 1 0 1 0 -314 9995 rl 10 np 0
T 1694 1627 3947.00 2543.00 24.625 10.801 26.890 hs 0 hp 3925 2532 in 1 0 0 0 633 -774 rl 9 np 0
T 1695 1628 3969.00 2554.00 24.625 11.301 27.094 hs 4 hp 3959 2664 in 1 0 1 0 980 9952 rl 8 np 0
T 1696 1629 3990.00 2566.00 24.625 11.801 27.307 hs 4 hp 3967 2744 in 1 0 1 0 -314 9995 rl 7 np 0
T 1697 1630 4011.00 2578.00 24.625 12.301 27.526 hs 5 hp 3974 2816 in 1 0 1 0 9239 3827 rl 6 np 0
T 1698 1631 4032.00 2591.00 24.625 12.801 27.753 hs 5 hp 3974 2816 in 1 0 1 0 9239 3827 rl 5 np 0
T 1699 1632 4053.00 2605.00 24.062 14.172 27.926 hs 5 hp 3974 2816 in 1 0 1 0 957 -290 rl 4 np 0
T 1700 1633 4074.00 2620.00 24.062 14.672 28.183 hs 0 hp 4053 2605 in 1 0 0 0 957 -290 rl 3 np 0
T 1701 1634 4095.00 2635.00 24.062 15.172 28.446 hs 4 hp 4062 2741 in 1 0 1 0 -980 9952 rl 2 np 0
T 1702 1635 4116.00 2651.00 24.062 15.672 28.716 hs 4 hp 4054 2821 in 1 0 1 0 1000 0 rl 1 np 0
T 1703 1636 4136.00 2668.00 23.359 17.027 28.907 hs 5 hp 4051 2848 in 1 0 1 0 1000 0 rl 0 np 0
T 1704 1637 4156.00 2686.00 23.359 17.527 29.204 hs 0 hp 4136 2668 in 1 0 0 0 1000 0 rl 0 np 0
T 1705 1638 4176.00 2704.00 23.359 18.027 29.507 hs 4 hp 4156 2564 in 1 0 1 0 0 -10000 rl 0 np 0
T 1706 1639 4196.00 2723.00 23.359 18.527 29.815 hs 4 hp 4156 2484 in 1 0 1 0 0 -10000 rl 0 np 0
T 1707 1640 4215.00 2754.00 24.543 30.969 39.515 hs 0 hp 4196 2723 in 1 0 0 1 -980 -9952 rl 24 np 0
E 1707 1640 ex 4192.5 2687.4 tee 4196.0 2723.0 dist 35.8 |f| 12.00
T 1708 1641 4234.00 2785.00 24.543 31.469 39.908 hs 0 hp 4215 2754 in 1 0 0 1 980 -9952 rl 23 np 0
T 1709 1642 4253.00 2817.00 24.543 31.969 40.303 hs 4 hp 4339 2722 in 1 0 1 0 8572 -5150 rl 22 np 0
T 1710 1643 4274.00 2847.00 26.629 30.426 40.433 hs 5 hp 4384 2695 in 1 0 1 0 1000 0 rl 21 np 0
T 1711 1644 4296.00 2875.00 28.301 28.496 40.162 hs 5 hp 4384 2695 in 1 0 1 0 1000 0 rl 20 np 0
T 1712 1645 4319.00 2901.00 29.551 26.301 39.560 hs 5 hp 4384 2695 in 1 0 1 0 707 -707 rl 19 np 0
T 1713 1646 4342.00 2928.00 29.551 26.801 39.894 hs 0 hp 4319 2901 in 1 0 0 0 707 -707 rl 18 np 0
T 1714 1647 4365.00 2955.00 29.551 27.301 40.232 hs 4 hp 4436 2851 in 1 0 1 0 7730 -6344 rl 17 np 0
T 1715 1648 4389.00 2980.00 31.359 25.484 40.409 hs 5 hp 4480 2815 in 1 0 1 0 8315 -5556 rl 16 np 0
T 1716 1649 4415.00 3003.00 32.734 23.355 40.212 hs 5 hp 4480 2815 in 1 0 1 0 707 -707 rl 15 np 0
T 1717 1650 4441.00 3024.00 33.664 21.020 39.687 hs 5 hp 4480 2815 in 1 0 1 0 707 -707 rl 14 np 0
T 1718 1651 4468.00 3043.00 34.188 18.570 38.906 hs 5 hp 4480 2815 in 1 0 1 0 707 -707 rl 13 np 0
T 1719 1652 4495.00 3062.00 34.188 19.070 39.147 hs 0 hp 4468 3043 in 1 0 0 0 707 -707 rl 12 np 0
T 1720 1653 4522.00 3082.00 34.188 19.570 39.393 hs 4 hp 4581 2976 in 1 0 1 0 707 -707 rl 11 np 0
T 1721 1654 4550.00 3099.00 35.578 17.453 39.628 hs 5 hp 4582 2975 in 1 0 1 0 707 -707 rl 10 np 0
T 1722 1655 4579.00 3114.00 36.289 15.047 39.285 hs 5 hp 4582 2975 in 1 0 1 0 707 -707 rl 9 np 0
T 1723 1656 4608.00 3130.00 36.289 15.547 39.479 hs 0 hp 4579 3114 in 1 0 0 0 383 -924 rl 8 np 0
T 1724 1657 4637.00 3143.00 37.332 13.254 39.615 hs 5 hp 4640 3050 in 1 0 1 0 3665 -9304 rl 7 np 0
T 1725 1658 4666.00 3157.00 37.332 13.754 39.785 hs 0 hp 4637 3143 in 1 0 0 0 383 -924 rl 6 np 0
T 1726 1659 4696.00 3168.00 38.262 11.418 39.929 hs 5 hp 4684 3103 in 1 0 1 0 3256 -9455 rl 5 np 0
T 1727 1660 4726.00 3180.00 38.262 11.918 40.075 hs 0 hp 4696 3168 in 1 0 0 0 4540 -8910 rl 4 np 0
T 1728 1661 4757.00 3190.00 39.062 9.539 40.210 hs 5 hp 4749 3103 in 1 0 1 0 2807 -9598 rl 3 np 0
T 1729 1662 4788.00 3200.00 39.062 10.039 40.332 hs 0 hp 4757 3190 in 1 0 0 0 454 -891 rl 2 np 0
T 1730 1663 4819.00 3208.00 39.727 7.621 40.451 hs 5 hp 4804 3135 in 1 0 1 0 2334 -9724 rl 1 np 0
T 1731 1664 4850.00 3216.00 39.727 8.121 40.548 hs 0 hp 4819 3208 in 1 0 0 0 399 -917 rl 0 np 0
T 1732 1665 4881.00 3222.00 40.246 5.672 40.644 hs 5 hp 4865 3135 in 1 0 1 0 1822 -9833 rl 0 np 0
T 1733 1666 4912.00 3228.00 40.246 6.172 40.717 hs 0 hp 4881 3222 in 1 0 0 0 2790 -9603 rl 0 np 0
T 1734 1667 4944.00 3232.00 40.543 3.688 40.710 hs 5 hp 4922 3135 in 1 0 1 0 1045 -9945 rl 0 np 0
T 1735 1668 4976.00 3236.00 40.543 4.188 40.759 hs 0 hp 4944 3232 in 1 0 0 0 349 -9994 rl 0 np 0
T 1736 1669 5008.00 3241.00 40.543 4.688 40.813 hs 0 hp 4976 3236 in 1 0 0 0 349 -9994 rl 0 np 0
T 1737 1670 5040.00 3243.00 40.793 2.199 40.852 hs 5 hp 5017 3135 in 1 1 1 0 872 -9962 rl 0 np 0
T 1738 1671 5072.00 3243.00 40.324 -0.234 40.325 hs 5 hp 5017 3135 in 1 0 1 0 383 924 rl 0 np 0
T 1739 1672 5104.00 3243.00 40.324 0.266 40.325 hs 0 hp 5072 3243 in 1 0 0 0 383 924 rl 0 np 0
T 1740 1673 5135.00 3241.00 39.301 -1.906 39.347 hs 5 hp 5049 3135 in 1 0 1 0 -4540 -8910 rl 0 np 0
T 1741 1674 5166.00 3240.00 39.301 -1.406 39.326 hs 0 hp 5135 3241 in 1 0 0 0 -523 -9986 rl 0 np 0
T 1742 1675 5197.00 3236.00 38.988 -3.879 39.181 hs 5 hp 5151 3135 in 1 0 1 0 -1392 -9903 rl 0 np 0
T 1743 1676 5228.00 3233.00 38.988 -3.379 39.134 hs 0 hp 5197 3236 in 1 0 0 0 634 773 rl 0 np 0
T 1744 1677 5259.00 3230.00 38.988 -2.879 39.094 hs 5 hp 5221 3167 in 1 0 1 0 -980 -9952 rl 0 np 0
T 1745 1678 5290.00 3228.00 38.988 -2.379 39.061 hs 0 hp 5259 3230 in 1 0 0 0 4147 9100 rl 0 np 0
T 1746 1679 5320.00 3224.00 37.250 -3.781 37.441 hs 5 hp 5216 3167 in 1 0 1 0 -7730 -6344 rl 0 np 0
T 1747 1680 5350.00 3221.00 37.250 -3.281 37.394 hs 0 hp 5320 3224 in 1 0 0 0 -7730 -6344 rl 0 np 0
T 1748 1681 5380.00 3218.00 37.250 -2.781 37.354 hs 0 hp 5350 3221 in 1 0 0 0 9899 1421 rl 0 np 0
T 1749 1682 5410.00 3216.00 37.250 -2.281 37.320 hs 4 hp 5404 3338 in 1 0 1 0 1994 9799 rl 0 np 0
T 1750 1683 5440.00 3214.00 37.250 -1.781 37.293 hs 4 hp 5420 3416 in 1 0 1 0 1994 9799 rl 0 np 0
T 1751 1684 5470.00 3213.00 37.250 -1.281 37.272 hs 0 hp 5440 3214 in 1 0 0 0 1994 9799 rl 0 np 0
T 1752 1685 5500.00 3212.00 37.250 -0.781 37.258 hs 4 hp 5497 3332 in 1 0 1 0 2250 9744 rl 0 np 0
T 1753 1686 5535.00 3206.00 47.797 -6.000 48.172 hs 4 hp 5515 3410 in 1 0 1 1 -8819 4714 rl 24 np 0
E 1753 1686 ex 5463.8 3231.6 tee 5500.0 3212.0 dist 41.1 |f| 12.00
T 1754 1687 5570.00 3200.00 47.797 -5.500 48.112 hs 0 hp 5535 3206 in 1 0 0 0 -3827 -9239 rl 23 np 0
T 1755 1688 5604.00 3185.00 46.992 -14.801 49.268 hs 5 hp 5545 3135 in 1 1 1 0 -3584 -9336 rl 22 np 0
T 1756 1689 5638.00 3171.00 46.992 -14.301 49.120 hs 0 hp 5604 3185 in 1 0 0 0 -3827 -9239 rl 21 np 0
T 1757 1690 5671.00 3154.00 46.078 -16.543 48.958 hs 5 hp 5599 3084 in 1 0 1 0 -4067 -9135 rl 20 np 0
T 1758 1691 5705.00 3138.00 46.078 -16.043 48.791 hs 0 hp 5671 3154 in 1 0 0 0 -3827 -9239 rl 19 np 0
T 1759 1692 5739.00 3122.00 46.078 -15.543 48.629 hs 4 hp 5670 3021 in 1 0 1 0 -2903 -9569 rl 18 np 0
T 1760 1693 5772.00 3104.00 44.973 -17.656 48.314 hs 5 hp 5656 2975 in 1 0 1 0 -4305 -9026 rl 17 np 0
T 1761 1694 5804.00 3085.00 43.469 -19.387 47.596 hs 5 hp 5656 2975 in 1 0 1 0 -4305 -9026 rl 16 np 0
T 1762 1695 5835.00 3064.00 41.664 -20.676 46.512 hs 5 hp 5656 2975 in 1 0 1 0 -3633 -9317 rl 15 np 0
T 1763 1696 5866.00 3044.00 41.664 -20.176 46.292 hs 0 hp 5835 3064 in 1 0 0 0 -3633 -9317 rl 14 np 0
T 1764 1697 5897.00 3024.00 41.664 -19.676 46.076 hs 0 hp 5866 3044 in 1 0 0 0 -3633 -9317 rl 13 np 0
T 1765 1698 5928.00 3005.00 41.664 -19.176 45.865 hs 4 hp 5850 2911 in 1 0 1 0 -3827 -9239 rl 12 np 0
T 1766 1699 5958.00 2984.00 40.422 -21.180 45.634 hs 5 hp 5824 2847 in 1 0 1 0 -2559 -9667 rl 11 np 0
T 1767 1700 5987.00 2961.00 38.848 -22.824 45.056 hs 5 hp 5824 2847 in 1 0 1 0 -2521 -9677 rl 10 np 0
T 1768 1701 6015.00 2937.00 37.004 -24.043 44.129 hs 5 hp 5824 2847 in 1 0 1 0 -2521 -9677 rl 9 np 0
T 1769 1702 6043.00 2913.00 37.004 -23.543 43.858 hs 0 hp 6015 2937 in 1 0 0 0 -3518 -9361 rl 8 np 0
T 1770 1703 6071.00 2890.00 37.004 -23.043 43.592 hs 0 hp 6043 2913 in 1 0 0 0 -3518 -9361 rl 7 np 0
T 1771 1704 6099.00 2867.00 37.004 -22.543 43.330 hs 4 hp 6015 2782 in 1 0 1 0 -4614 -8872 rl 6 np 0
T 1772 1705 6127.00 2845.00 37.004 -22.043 43.072 hs 4 hp 5978 2711 in 1 0 1 0 -4614 -8872 rl 5 np 0
T 1773 1706 6154.00 2821.00 35.395 -23.641 42.564 hs 5 hp 5966 2687 in 1 0 1 0 -4614 -8872 rl 4 np 0
T 1774 1707 6181.00 2798.00 35.395 -23.141 42.288 hs 0 hp 6154 2821 in 1 0 0 0 -9673 -2538 rl 3 np 0
T 1775 1708 6208.00 2776.00 35.297 -21.742 41.456 hs 5 hp 6176 2912 in 1 0 1 0 -436 9990 rl 2 np 0
T 1776 1709 6235.00 2755.00 35.297 -21.242 41.196 hs 0 hp 6208 2776 in 1 0 0 0 -9673 -2538 rl 1 np 0
T 1777 1710 6263.00 2735.00 35.793 -19.855 40.931 hs 5 hp 6246 2816 in 1 0 1 0 1736 9848 rl 0 np 0
T 1778 1711 6291.00 2716.00 35.793 -19.355 40.691 hs 0 hp 6263 2735 in 1 0 0 0 1426 9898 rl 0 np 0
T 1779 1712 6319.00 2698.00 36.238 -17.965 40.447 hs 5 hp 6302 2784 in 1 0 1 0 1564 9877 rl 0 np 0
T 1780 1713 6347.00 2681.00 36.238 -17.465 40.227 hs 0 hp 6319 2698 in 1 0 0 0 1426 9898 rl 0 np 0
T 1781 1714 6375.00 2664.00 36.238 -16.965 40.013 hs 0 hp 6347 2681 in 1 0 0 0 1426 9898 rl 0 np 0
T 1782 1715 6403.00 2648.00 36.238 -16.465 39.803 hs 0 hp 6375 2664 in 1 0 0 0 1288 9917 rl 0 np 0
T 1783 1716 6432.00 2633.00 36.609 -15.074 39.591 hs 5 hp 6412 2720 in 1 0 1 0 1305 9914 rl 0 np 0
T 1784 1717 6461.00 2618.00 36.609 -14.574 39.404 hs 0 hp 6432 2633 in 1 0 0 0 1305 9914 rl 0 np 0
T 1785 1718 6490.00 2604.00 36.609 -14.074 39.222 hs 0 hp 6461 2618 in 1 0 0 0 1305 9914 rl 0 np 0
T 1786 1719 6519.00 2591.00 36.906 -12.680 39.024 hs 5 hp 6502 2720 in 1 0 1 0 1045 9945 rl 0 np 0
T 1787 1720 6548.00 2579.00 36.906 -12.180 38.864 hs 0 hp 6519 2591 in 1 0 0 0 0 -10000 rl 0 np 0
T 1788 1721 6577.00 2568.00 37.156 -10.781 38.689 hs 5 hp 6558 2688 in 1 0 1 0 872 9962 rl 0 np 0
T 1789 1722 6606.00 2558.00 37.156 -10.281 38.552 hs 0 hp 6577 2568 in 1 0 0 0 0 -10000 rl 0 np 0
T 1790 1723 6636.00 2548.00 37.156 -9.781 38.422 hs 0 hp 6606 2558 in 1 0 0 0 0 -10000 rl 0 np 0
T 1791 1724 6666.00 2539.00 37.156 -9.281 38.298 hs 4 hp 6550 2462 in 1 0 1 0 -7071 -7071 rl 0 np 0
T 1792 1725 6696.00 2530.00 37.156 -8.781 38.180 hs 0 hp 6666 2539 in 1 0 0 1 9218 -3877 rl 24 np 1
T 1793 1726 6726.00 2522.00 37.156 -8.281 38.068 hs 5 hp 6752 2462 in 1 0 1 0 6344 -7730 rl 23 np 1
T 1794 1727 6756.00 2514.00 37.156 -7.781 37.962 hs 0 hp 6726 2522 in 1 0 0 0 6344 -7730 rl 22 np 1
T 1795 1728 6786.00 2510.00 37.156 0.000 37.156 hs 4 hp 6744 2635 in 1 0 1 0 -980 9952 rl 21 np 1
T 1796 1729 6816.00 2510.00 37.156 0.500 37.160 hs 0 hp 6786 2510 in 1 0 0 0 9239 3827 rl 20 np 1
T 1797 1730 6851.00 2517.00 47.367 7.309 47.928 hs 0 hp 6816 2510 in 1 0 0 0 9239 3827 rl 19 np 0
E 1797 1730 ex 6792.3 2495.3 tee 6816.0 2510.0 dist 27.9 |f| 12.00
T 1798 1731 6886.00 2525.00 47.367 7.809 48.007 hs 4 hp 6863 2638 in 1 0 1 0 980 9952 rl 18 np 0
T 1799 1732 6921.00 2533.00 47.367 8.309 48.090 hs 0 hp 6886 2525 in 1 0 0 0 9588 2840 rl 17 np 0
T 1800 1733 6956.00 2542.00 47.367 8.809 48.179 hs 4 hp 7029 2591 in 1 0 1 0 8819 4714 rl 16 np 0
T 1801 1734 6991.00 2551.00 47.367 9.309 48.273 hs 4 hp 7100 2629 in 1 0 1 0 1001 -9950 rl 15 np 0
T 1802 1735 7026.00 2561.00 47.367 9.809 48.372 hs 0 hp 6991 2551 in 1 0 0 0 9588 2840 rl 14 np 0
T 1803 1736 7061.00 2571.00 47.367 10.309 48.476 hs 4 hp 7038 2440 in 1 0 1 0 1001 -9950 rl 13 np 0
T 1804 1737 7096.00 2582.00 47.367 10.809 48.585 hs 0 hp 7061 2571 in 1 0 0 0 1305 9914 rl 12 np 0
T 1805 1738 7130.00 2593.00 47.367 11.309 48.698 hs 0 hp 7096 2582 in 1 0 0 0 1305 9914 rl 11 np 0
T 1806 1739 7164.00 2605.00 47.367 11.809 48.817 hs 0 hp 7130 2593 in 1 0 0 0 1564 9877 rl 10 np 0
T 1807 1740 7198.00 2618.00 47.113 13.203 48.928 hs 5 hp 7155 2688 in 1 0 1 0 -1127 9936 rl 9 np 0
T 1808 1741 7232.00 2632.00 47.113 13.703 49.066 hs 0 hp 7198 2618 in 1 0 0 0 -2096 9778 rl 8 np 0
T 1809 1742 7266.00 2647.00 46.754 15.090 49.129 hs 5 hp 7223 2688 in 1 0 1 0 -1601 9871 rl 7 np 0
T 1810 1743 7300.00 2663.00 46.754 15.590 49.285 hs 0 hp 7266 2647 in 1 0 0 0 -2096 9778 rl 6 np 0
T 1811 1744 7334.00 2679.00 46.754 16.090 49.445 hs 4 hp 7408 2721 in 1 0 1 0 8819 4714 rl 5 np 0
T 1812 1745 7368.00 2696.00 46.754 16.590 49.610 hs 4 hp 7479 2759 in 1 0 1 0 -1624 9867 rl 4 np 0
T 1813 1746 7402.00 2713.00 46.754 17.090 49.779 hs 0 hp 7368 2696 in 1 0 0 0 -1582 9874 rl 3 np 0
T 1814 1747 7436.00 2731.00 46.754 17.590 49.953 hs 5 hp 7412 2816 in 1 0 1 0 980 9952 rl 2 np 0
T 1815 1748 7470.00 2749.00 46.754 18.090 50.132 hs 0 hp 7436 2731 in 1 0 0 0 7071 -7071 rl 1 np 0
T 1816 1749 7504.00 2768.00 46.754 18.590 50.314 hs 0 hp 7470 2749 in 1 0 0 0 7071 -7071 rl 0 np 0
T 1817 1750 7538.00 2787.00 46.754 19.090 50.501 hs 4 hp 7568 2664 in 1 0 1 0 5225 -8526 rl 0 np 0
T 1818 1751 7572.00 2804.00 47.664 16.746 50.520 hs 5 hp 7593 2623 in 1 0 1 0 3363 -9417 rl 0 np 0
T 1819 1752 7607.00 2818.00 47.992 14.266 50.068 hs 5 hp 7593 2623 in 1 0 1 1 8699 4932 rl 24 np 1
T 1820 1753 7642.00 2833.00 47.992 14.766 50.212 hs 0 hp 7607 2818 in 1 0 0 0 -195 -981 rl 23 np 1
T 1821 1754 7677.00 2820.00 47.992 -13.199 49.774 hs 0 hp 7642 2833 in 1 1 0 0 -195 -981 rl 22 np 1
T 1822 1755 7715.00 2800.00 57.199 -20.395 60.726 hs 0 hp 7677 2820 in 1 0 0 0 -195 -981 rl 21 np 0
E 1822 1755 ex 7644.0 2847.5 tee 7677.0 2820.0 dist 43.0 |f| 12.00
T 1823 1756 7753.00 2780.00 57.199 -19.895 60.560 hs 4 hp 7836 2812 in 1 0 1 0 9952 980 rl 20 np 0
T 1824 1757 7791.00 2761.00 57.199 -19.395 60.398 hs 0 hp 7753 2780 in 1 0 0 0 383 924 rl 19 np 0
T 1825 1758 7829.00 2742.00 57.199 -18.895 60.239 hs 0 hp 7791 2761 in 1 0 0 0 383 924 rl 18 np 0
