T 1890 1823 8990.00 3283.00 -32.906 -11.105 34.730 hs 5 hp 9007 3392 in -1 1 1 0 -1045 9945 rl 12 np 0
T 1891 1824 8963.00 3272.00 -32.906 -10.605 34.573 hs 0 hp 8990 3283 in -1 0 0 0 -1045 9945 rl 11 np 0
T 1892 1825 8936.00 3263.00 -32.688 -9.211 33.960 hs 5 hp 8975 3392 in -1 0 1 0 980 9952 rl 10 np 0
T 1893 1826 8909.00 3255.00 -32.035 -7.848 32.982 hs 5 hp 8975 3392 in -1 0 1 0 -698 9976 rl 9 np 0
T 1894 1827 8882.00 3248.00 -32.035 -7.348 32.867 hs 0 hp 8909 3255 in -1 0 0 0 -698 9976 rl 8 np 0
T 1895 1828 8855.00 3242.00 -32.211 -5.949 32.756 hs 5 hp 8879 3296 in -1 0 1 0 -610 9981 rl 7 np 0
T 1896 1829 8828.00 3237.00 -32.211 -5.449 32.669 hs 0 hp 8855 3242 in -1 0 0 0 -872 9962 rl 6 np 0
T 1897 1830 8801.00 3233.00 -31.977 -4.055 32.233 hs 5 hp 8834 3296 in -1 0 1 0 1045 9945 rl 5 np 0
T 1898 1831 8774.00 3229.00 -31.977 -3.555 32.174 hs 0 hp 8801 3233 in -1 0 0 0 1045 9945 rl 4 np 0
T 1899 1832 8747.00 3226.00 -31.977 -3.055 32.122 hs 0 hp 8774 3229 in -1 0 0 0 0 10000 rl 3 np 0
T 1900 1833 8720.00 3223.00 -31.977 -2.555 32.078 hs 4 hp 8855 3284 in -1 0 1 0 8819 4714 rl 2 np 0
T 1901 1834 8693.00 3221.00 -31.977 -2.055 32.043 hs 0 hp 8720 3223 in -1 0 0 0 0 10000 rl 1 np 0
T 1902 1835 8666.00 3219.00 -31.977 -1.555 32.014 hs 4 hp 8658 3104 in -1 0 1 0 -2903 -9569 rl 0 np 0
T 1903 1836 8639.00 3218.00 -31.977 -1.055 31.994 hs 4 hp 8635 3027 in -1 0 1 0 9952 -980 rl 0 np 0
T 1904 1837 8612.00 3217.00 -31.977 -0.555 31.981 hs 5 hp 8619 2975 in -1 0 1 0 9952 -980 rl 0 np 0
T 1905 1838 8585.00 3217.00 -31.977 -0.055 31.977 hs 0 hp 8612 3217 in -1 0 0 0 -980 9952 rl 0 np 0
T 1906 1839 8558.00 3217.00 -31.977 0.445 31.980 hs 4 hp 8702 3252 in -1 0 1 0 9569 2903 rl 0 np 0
T 1907 1840 8531.00 3217.00 -31.977 0.000 31.977 hs 4 hp 8779 3275 in -1 0 1 0 -9952 980 rl 0 np 0
T 1908 1841 8498.00 3213.00 -43.035 -4.156 43.235 hs 0 hp 8531 3217 in -1 0 0 1 9239 3827 rl 24 np 0
E 1908 1841 ex 8566.2 3231.8 tee 8531.0 3217.0 dist 38.2 |f| 12.00
T 1909 1842 8465.00 3210.00 -42.816 -2.762 42.905 hs 5 hp 8503 3264 in -1 0 1 0 980 9952 rl 23 np 0
T 1910 1843 8432.00 3208.00 -42.816 -2.262 42.876 hs 0 hp 8465 3210 in -1 0 0 1 9746 2239 rl 22 np 0
T 1911 1844 8399.00 3206.00 -42.816 -1.762 42.853 hs 0 hp 8432 3208 in -1 0 0 0 9746 2239 rl 21 np 0
T 1912 1845 8366.00 3205.00 -42.816 -1.262 42.835 hs 5 hp 8367 3167 in -1 0 1 0 -6344 -7730 rl 20 np 0
T 1913 1846 8333.00 3204.00 -42.816 -0.762 42.823 hs 0 hp 8366 3205 in -1 0 0 0 9239 3827 rl 19 np 0
T 1914 1847 8300.00 3201.00 -42.387 -3.207 42.508 hs 5 hp 8352 3108 in -1 0 1 0 1908 -9816 rl 18 np 0
T 1915 1848 8267.00 3198.00 -42.387 -2.707 42.473 hs 0 hp 8300 3201 in -1 0 0 0 9239 3827 rl 17 np 0
T 1916 1849 8234.00 3196.00 -42.387 -2.207 42.444 hs 4 hp 8340 3101 in -1 0 1 0 6012 -7991 rl 16 np 0
T 1917 1850 8201.00 3194.00 -42.387 -1.707 42.421 hs 0 hp 8234 3196 in -1 0 0 0 9239 3827 rl 15 np 0
T 1918 1851 8168.00 3193.00 -42.387 -1.207 42.404 hs 4 hp 8166 3077 in -1 0 1 0 -2903 -9569 rl 14 np 0
T 1919 1852 8135.00 3192.00 -42.387 -0.707 42.393 hs 4 hp 8143 3000 in -1 0 1 0 3746 -9272 rl 13 np 0
T 1920 1853 8102.00 3192.00 -42.387 -0.207 42.387 hs 4 hp 8120 2923 in -1 0 1 0 3746 -9272 rl 12 np 0
T 1921 1854 8069.00 3192.00 -42.387 0.293 42.388 hs 0 hp 8102 3192 in -1 0 0 0 -3827 -9239 rl 11 np 0
T 1922 1855 8036.00 3193.00 -42.387 0.793 42.394 hs 4 hp 8190 3204 in -1 0 1 0 9952 980 rl 10 np 0
T 1923 1856 8003.00 3194.00 -42.387 1.293 42.406 hs 0 hp 8036 3193 in -1 0 0 0 -3827 -9239 rl 9 np 0
T 1924 1857 7970.00 3196.00 -42.387 1.793 42.425 hs 4 hp 7926 3100 in -1 0 1 0 -6344 -7730 rl 8 np 0
T 1925 1858 7937.00 3198.00 -42.387 2.293 42.449 hs 5 hp 7903 3071 in -1 0 1 0 -7730 -6344 rl 7 np 0
T 1926 1859 7904.00 3201.00 -42.387 2.793 42.479 hs 0 hp 7937 3198 in -1 0 0 0 -7730 -6344 rl 6 np 0
T 1927 1860 7871.00 3204.00 -42.387 3.293 42.514 hs 0 hp 7904 3201 in -1 0 0 0 -7730 -6344 rl 5 np 0
T 1928 1861 7838.00 3205.00 -42.484 0.793 42.492 hs 5 hp 7867 3103 in -1 0 1 0 -349 -9994 rl 4 np 0
T 1929 1862 7805.00 3206.00 -42.484 1.293 42.504 hs 0 hp 7838 3205 in -1 0 0 0 -3827 9239 rl 3 np 0
T 1930 1863 7773.00 3205.00 -42.270 -1.191 42.286 hs 5 hp 7812 3135 in -1 0 1 0 958 -9954 rl 2 np 0
T 1931 1864 7741.00 3204.00 -42.270 -0.691 42.275 hs 0 hp 7773 3205 in -1 0 0 0 -3827 -9239 rl 1 np 0
T 1932 1865 7708.00 3204.00 -42.270 -0.191 42.270 hs 0 hp 7741 3204 in -1 0 0 0 -3827 -9239 rl 0 np 0
T 1933 1866 7675.00 3204.00 -42.270 0.309 42.271 hs 0 hp 7708 3204 in -1 0 0 1 4682 -8836 rl 24 np 1
T 1934 1867 7639.00 3210.00 -50.270 6.398 50.675 hs 0 hp 7675 3204 in -1 0 0 1 4682 -8836 rl 23 np 0
E 1934 1867 ex 7727.7 3167.2 tee 7675.0 3204.0 dist 64.2 |f| 9.76
T 1935 1868 7603.00 3217.00 -50.270 6.898 50.741 hs 0 hp 7639 3210 in -1 0 0 0 -3827 -9239 rl 22 np 0
T 1936 1869 7567.00 3221.00 -50.609 4.418 50.802 hs 5 hp 7597 3167 in -1 0 1 0 -1191 -9929 rl 21 np 0
T 1937 1870 7531.00 3226.00 -50.609 4.918 50.848 hs 0 hp 7567 3221 in -1 0 0 1 5036 -8640 rl 20 np 0
T 1938 1871 7495.00 3228.00 -50.785 2.422 50.843 hs 5 hp 7527 3167 in -1 0 1 0 -610 -9981 rl 19 np 0
T 1939 1872 7459.00 3231.00 -50.785 2.922 50.869 hs 0 hp 7495 3228 in -1 0 0 1 5036 -8640 rl 18 np 0
T 1940 1873 7423.00 3231.00 -50.859 0.422 50.861 hs 5 hp 7457 3167 in -1 0 1 0 -262 -9997 rl 17 np 0
T 1941 1874 7387.00 3232.00 -50.859 0.922 50.868 hs 0 hp 7423 3231 in -1 0 0 0 0 -10000 rl 16 np 0
T 1942 1875 7351.00 3233.00 -50.859 1.422 50.879 hs 0 hp 7387 3232 in -1 0 0 0 0 -10000 rl 15 np 0
T 1943 1876 7315.00 3232.00 -50.090 -0.898 50.098 hs 5 hp 7392 3121 in -1 0 1 0 3420 -9397 rl 14 np 0
T 1944 1877 7279.00 3232.00 -50.090 -0.398 50.091 hs 0 hp 7315 3232 in -1 0 0 0 0 -10000 rl 13 np 0
T 1945 1878 7243.00 3232.00 -50.090 0.102 50.090 hs 0 hp 7279 3232 in -1 0 0 0 0 -10000 rl 12 np 0
T 1946 1879 7207.00 3233.00 -50.090 0.602 50.093 hs 4 hp 7351 3174 in -1 0 1 0 8819 -4714 rl 11 np 0
T 1947 1880 7171.00 3234.00 -50.090 1.102 50.102 hs 0 hp 7207 3233 in -1 0 0 0 0 -10000 rl 10 np 0
T 1948 1881 7135.00 3236.00 -50.090 1.602 50.115 hs 0 hp 7171 3234 in -1 0 0 0 0 -10000 rl 9 np 0
T 1949 1882 7099.00 3238.00 -50.090 2.102 50.134 hs 4 hp 7018 3201 in -1 0 1 0 -9569 -2903 rl 8 np 0
T 1950 1883 7063.00 3241.00 -50.090 2.602 50.157 hs 5 hp 6943 3178 in -1 0 1 0 7730 -6344 rl 7 np 0
T 1951 1884 7027.00 3244.00 -50.090 3.102 50.186 hs 5 hp 6943 3178 in -1 0 1 0 7730 -6344 rl 6 np 0
T 1952 1885 6991.00 3248.00 -50.090 3.602 50.219 hs 5 hp 6943 3178 in -1 0 1 0 7730 -6344 rl 5 np 0
T 1953 1886 6955.00 3236.00 -50.090 -12.000 51.507 hs 5 hp 6943 3178 in -1 1 1 0 7730 -6344 rl 4 np 0
T 1954 1887 6919.00 3224.00 -50.090 -11.500 51.393 hs 5 hp 6943 3178 in -1 0 1 0 -436 9990 rl 3 np 0
T 1955 1888 6884.00 3210.00 -49.051 -13.660 50.917 hs 5 hp 6943 3178 in -1 0 1 0 -436 9990 rl 2 np 0
T 1956 1889 6849.00 3197.00 -49.051 -13.160 50.786 hs 0 hp 6884 3210 in -1 0 0 0 -8949 -4462 rl 1 np 0
T 1957 1890 6814.00 3185.00 -49.102 -11.762 50.491 hs 5 hp 6847 3296 in -1 0 1 0 -175 9998 rl 0 np 0
T 1958 1891 6779.00 3182.00 -49.102 0.000 49.102 hs 0 hp 6814 3185 in -1 0 0 0 0 10000 rl 0 np 0
T 1959 1892 6739.00 3188.00 -59.707 6.113 60.019 hs 0 hp 6779 3182 in -1 0 0 1 8819 -4714 rl 24 np 0
E 1959 1892 ex 6807.2 3167.1 tee 6779.0 3182.0 dist 31.9 |f| 12.00
T 1960 1893 6699.00 3195.00 -59.707 6.613 60.072 hs 0 hp 6739 3188 in -1 0 0 1 8819 -4714 rl 23 np 0
T 1961 1894 6660.00 3202.00 -59.707 7.113 60.129 hs 5 hp 6668 3296 in -1 0 1 0 -2903 9569 rl 22 np 0
T 1962 1895 6621.00 3211.00 -59.516 8.512 60.121 hs 5 hp 6668 3296 in -1 0 1 0 -2903 9569 rl 21 np 0
T 1963 1896 6582.00 3220.00 -59.516 9.012 60.194 hs 0 hp 6621 3211 in -1 0 0 0 1564 9877 rl 20 np 0
T 1964 1897 6543.00 3230.00 -59.516 9.512 60.271 hs 0 hp 6582 3220 in -1 0 0 0 1564 9877 rl 19 np 0
T 1965 1898 6504.00 3240.00 -59.516 10.012 60.352 hs 0 hp 6543 3230 in -1 0 0 0 1564 9877 rl 18 np 0
T 1966 1899 6465.00 3251.00 -59.516 10.512 60.437 hs 4 hp 6444 3346 in -1 0 1 0 -4951 8688 rl 17 np 0
T 1967 1900 6426.00 3262.00 -59.516 11.012 60.526 hs 5 hp 6436 3360 in -1 0 1 0 -4951 8688 rl 16 np 0
T 1968 1901 6387.00 3274.00 -59.289 12.406 60.573 hs 5 hp 6436 3360 in -1 0 1 0 -4714 8819 rl 15 np 0
T 1969 1902 6348.00 3287.00 -59.289 12.906 60.678 hs 0 hp 6387 3274 in -1 0 0 0 -4714 8819 rl 14 np 0
T 1970 1903 6309.00 3301.00 -59.070 14.301 60.777 hs 5 hp 6355 3360 in -1 0 1 0 980 9952 rl 13 np 0
T 1971 1904 6270.00 3316.00 -59.070 14.801 60.896 hs 0 hp 6309 3301 in -1 0 0 0 980 9952 rl 12 np 0
T 1972 1905 6231.00 3331.00 -59.070 15.301 61.020 hs 0 hp 6270 3316 in -1 0 0 0 980 9952 rl 11 np 0
T 1973 1906 6192.00 3347.00 -59.070 15.801 61.147 hs 4 hp 6251 3451 in -1 0 1 0 1616 9869 rl 10 np 0
T 1974 1907 6153.00 3363.00 -59.070 16.301 61.278 hs 0 hp 6192 3347 in -1 0 0 0 1616 9869 rl 9 np 0
T 1975 1908 6114.00 3380.00 -59.070 16.801 61.413 hs 0 hp 6153 3363 in -1 0 0 0 1616 9869 rl 8 np 0
T 1976 1909 6075.00 3397.00 -59.070 17.301 61.552 hs 0 hp 6114 3380 in -1 0 0 0 1616 9869 rl 7 np 0
T 1977 1910 6036.00 3415.00 -59.070 17.801 61.694 hs 0 hp 6075 3397 in -1 0 0 0 1616 9869 rl 6 np 0
T 1978 1911 5997.00 3433.00 -59.070 18.301 61.840 hs 4 hp 5915 3427 in -1 0 1 0 -9952 980 rl 5 np 0
T 1979 1912 5959.00 3452.00 -59.070 18.801 61.990 hs 4 hp 5835 3435 in -1 0 1 0 7705 -6374 rl 4 np 0
T 1980 1913 5921.00 3471.00 -59.070 19.301 62.144 hs 5 hp 5759 3442 in -1 0 1 0 -10000 0 rl 3 np 0
T 1981 1914 5883.00 3491.00 -59.070 19.801 62.301 hs 5 hp 5759 3442 in -1 0 1 0 -10000 0 rl 2 np 0
T 1982 1915 5845.00 3511.00 -59.070 20.301 62.461 hs 5 hp 5759 3442 in -1 0 1 0 -10000 0 rl 1 np 0
T 1983 1916 5807.00 3532.00 -59.070 20.801 62.626 hs 5 hp 5759 3442 in -1 0 1 0 -10000 0 rl 0 np 0
T 1984 1917 5769.00 3553.00 -59.070 21.301 62.794 hs 5 hp 5759 3442 in -1 0 1 0 -10000 0 rl 0 np 0
T 1985 1918 5730.00 3572.00 -59.324 18.812 62.236 hs 5 hp 5759 3442 in -1 0 1 0 -10000 0 rl 0 np 0
T 1986 1919 5692.00 3591.00 -59.324 19.312 62.389 hs 0 hp 5730 3572 in -1 0 0 0 -3827 -9239 rl 0 np 0
T 1987 1920 5653.00 3608.00 -60.109 16.930 62.448 hs 5 hp 5671 3519 in -1 0 1 0 -2756 -9613 rl 0 np 0
T 1988 1921 5614.00 3625.00 -60.109 17.430 62.585 hs 0 hp 5653 3608 in -1 0 0 0 -3827 -9239 rl 0 np 0
T 1989 1922 5575.00 3640.00 -60.664 14.988 62.488 hs 5 hp 5599 3551 in -1 0 1 0 -1951 -9808 rl 0 np 0
T 1990 1923 5536.00 3655.00 -60.664 15.488 62.610 hs 0 hp 5575 3640 in -1 0 0 0 -3827 -9239 rl 0 np 0
T 1991 1924 5496.00 3668.00 -61.281 13.059 62.657 hs 5 hp 5513 3551 in -1 0 1 0 -2164 -9763 rl 0 np 0
T 1992 1925 5456.00 3679.00 -60.957 10.590 61.870 hs 5 hp 5513 3551 in -1 0 1 0 -1951 -9808 rl 0 np 0
T 1993 1926 5416.00 3690.00 -60.957 11.090 61.958 hs 0 hp 5456 3679 in -1 0 0 0 -1951 -9808 rl 0 np 0
T 1994 1927 5376.00 3702.00 -60.957 11.590 62.049 hs 4 hp 5365 3579 in -1 0 1 0 -4174 -9087 rl 0 np 0
T 1995 1928 5336.00 3711.00 -61.402 9.125 62.077 hs 5 hp 5352 3551 in -1 0 1 0 -4174 -9087 rl 0 np 0
T 1996 1929 5296.00 3718.00 -61.180 6.641 61.539 hs 5 hp 5352 3551 in -1 0 1 1 -9735 2287 rl 24 np 1
T 1997 1930 5256.00 3725.00 -61.180 7.141 61.595 hs 0 hp 5296 3718 in -1 0 0 0 -9735 2287 rl 23 np 1
T 1998 1931 5216.00 3729.00 -61.180 0.000 61.180 hs 4 hp 5314 3833 in -1 0 1 0 4714 8819 rl 22 np 1
T 1999 1932 5176.00 3729.00 -61.180 0.000 61.180 hs 0 hp 5216 3729 in -1 0 0 0 2603 9655 rl 21 np 1
T 2000 1933 5133.00 3726.00 -72.395 -2.938 72.454 hs 4 hp 5068 3671 in -1 0 1 0 -8819 -4714 rl 20 np 0
E 2000 1933 ex 5223.8 3743.6 tee 5176.0 3729.0 dist 50.0 |f| 11.73
T 2001 1934 5090.00 3713.00 -72.395 -13.199 73.588 hs 4 hp 4997 3633 in -1 1 1 0 -8819 -4714 rl 19 np 0
T 2002 1935 5047.00 3700.00 -72.395 -12.699 73.500 hs 0 hp 5090 3713 in -1 0 0 0 2603 9655 rl 18 np 0
