T 1890 1823 8984.00 3283.00 -43.777 -11.102 45.163 hs 5 hp 9009 3392 in -1 1 1 0 -785 9969 rl 12 np 0
T 1891 1824 8951.00 3273.00 -43.273 -9.723 44.352 hs 5 hp 9009 3392 in -1 1 1 0 2903 9569 rl 11 np 0
T 1892 1825 8919.00 3265.00 -42.289 -8.414 43.118 hs 5 hp 9009 3392 in -1 0 1 0 -698 9976 rl 10 np 0
T 1893 1826 8887.00 3257.00 -42.289 -7.914 43.023 hs 0 hp 8919 3265 in -1 1 0 0 0 10000 rl 9 np 0
T 1894 1827 8855.00 3250.00 -42.289 -7.414 42.934 hs 0 hp 8887 3257 in -1 1 0 0 0 10000 rl 8 np 0
T 1895 1828 8823.00 3243.00 -42.289 -6.914 42.851 hs 5 hp 8844 3135 in -1 0 1 0 -980 -9952 rl 7 np 0
T 1896 1829 8791.00 3237.00 -42.289 -6.414 42.773 hs 0 hp 8823 3243 in -1 0 0 0 -872 9962 rl 6 np 0
T 1897 1830 8759.00 3231.00 -42.289 -5.914 42.701 hs 4 hp 8793 3359 in -1 0 1 0 175 9998 rl 5 np 0
T 1898 1831 8727.00 3226.00 -41.816 -4.535 42.062 hs 5 hp 8794 3392 in -1 0 1 0 175 9998 rl 4 np 0
T 1899 1832 8695.00 3223.00 -40.973 -3.199 41.097 hs 5 hp 8794 3392 in -1 0 1 0 -4273 9041 rl 3 np 0
T 1900 1833 8663.00 3220.00 -40.973 -2.699 41.061 hs 0 hp 8695 3223 in -1 0 0 0 -980 9952 rl 2 np 0
T 1901 1834 8631.00 3218.00 -40.973 -2.199 41.032 hs 0 hp 8663 3220 in -1 0 0 0 -980 9952 rl 1 np 0
T 1902 1835 8599.00 3216.00 -40.973 -1.699 41.008 hs 4 hp 8643 3339 in -1 0 1 0 980 9952 rl 0 np 0
T 1903 1836 8568.00 3216.00 -40.285 -0.344 40.287 hs 5 hp 8645 3360 in -1 0 1 0 1180 9930 rl 0 np 0
T 1904 1837 8537.00 3217.00 -39.223 0.949 39.234 hs 5 hp 8645 3360 in -1 0 1 0 1180 9930 rl 0 np 0
T 1905 1838 8501.00 3214.00 -50.281 -3.207 50.383 hs 0 hp 8537 3217 in -1 0 0 1 9239 3827 rl 24 np 0
E 1905 1838 ex 8572.2 3231.8 tee 8537.0 3217.0 dist 38.2 |f| 12.00
T 1906 1839 8465.00 3211.00 -50.281 -2.707 50.354 hs 0 hp 8501 3214 in -1 0 0 1 9239 3827 rl 23 np 0
T 1907 1840 8429.00 3209.00 -50.281 -2.207 50.330 hs 0 hp 8465 3211 in -1 0 0 1 9746 2239 rl 22 np 0
T 1908 1841 8393.00 3207.00 -50.281 -1.707 50.310 hs 4 hp 8398 3091 in -1 0 1 0 -2504 -9681 rl 21 np 0
T 1909 1842 8357.00 3206.00 -50.281 -1.207 50.296 hs 5 hp 8383 3035 in -1 0 1 0 -2504 -9681 rl 20 np 0
T 1910 1843 8321.00 3202.00 -49.941 -3.672 50.076 hs 5 hp 8383 3035 in -1 0 1 0 -2504 -9681 rl 19 np 0
T 1911 1844 8285.00 3199.00 -49.941 -3.172 50.042 hs 0 hp 8321 3202 in -1 0 0 0 9239 3827 rl 18 np 0
T 1912 1845 8249.00 3196.00 -49.941 -2.672 50.013 hs 4 hp 8308 3079 in -1 0 1 0 1908 -9816 rl 17 np 0
T 1913 1846 8213.00 3194.00 -49.941 -2.172 49.989 hs 4 hp 8323 3001 in -1 0 1 0 6012 -7991 rl 16 np 0
T 1914 1847 8177.00 3192.00 -49.941 -1.672 49.969 hs 4 hp 8338 2923 in -1 0 1 0 6012 -7991 rl 15 np 0
T 1915 1848 8141.00 3191.00 -49.941 -1.172 49.955 hs 0 hp 8177 3192 in -1 0 0 0 9239 3827 rl 14 np 0
T 1916 1849 8106.00 3190.00 -48.441 -0.672 48.446 hs 4 hp 8262 3203 in 1 0 1 0 9952 980 rl 13 np 0
T 1917 1850 8071.00 3190.00 -48.441 -0.172 48.442 hs 0 hp 8106 3190 in -1 0 0 0 -3827 -9239 rl 12 np 0
T 1918 1851 8036.00 3190.00 -48.441 0.328 48.443 hs 4 hp 8068 3312 in -1 0 1 0 -262 9997 rl 11 np 0
T 1919 1852 8001.00 3191.00 -48.441 0.828 48.448 hs 0 hp 8036 3190 in -1 0 0 0 -3827 -9239 rl 10 np 0
T 1920 1853 7966.00 3192.00 -48.441 1.328 48.460 hs 4 hp 7893 3133 in -1 0 1 0 -8819 -4714 rl 9 np 0
T 1921 1854 7931.00 3194.00 -48.441 1.828 48.476 hs 5 hp 7839 3104 in -1 0 1 0 -7730 -6344 rl 8 np 0
T 1922 1855 7896.00 3196.00 -48.441 2.328 48.497 hs 0 hp 7931 3194 in -1 0 0 0 -7730 -6344 rl 7 np 0
T 1923 1856 7861.00 3199.00 -48.441 2.828 48.524 hs 4 hp 7892 3074 in -1 0 1 0 -349 -9994 rl 6 np 0
T 1924 1857 7826.00 3202.00 -48.441 3.328 48.556 hs 0 hp 7861 3199 in -1 0 0 0 -3827 9239 rl 5 np 0
T 1925 1858 7791.00 3203.00 -48.539 0.828 48.546 hs 5 hp 7824 3135 in -1 0 1 0 -349 -9994 rl 4 np 0
T 1926 1859 7756.00 3204.00 -48.539 1.328 48.557 hs 0 hp 7791 3203 in -1 0 0 0 -3827 9239 rl 3 np 0
T 1927 1860 7721.00 3206.00 -48.539 1.828 48.573 hs 0 hp 7756 3204 in -1 0 0 0 -3827 -9239 rl 2 np 0
T 1928 1861 7686.00 3208.00 -48.539 2.328 48.595 hs 0 hp 7721 3206 in -1 0 0 0 -3827 -9239 rl 1 np 0
T 1929 1862 7651.00 3211.00 -48.539 2.828 48.621 hs 0 hp 7686 3208 in -1 0 0 0 -3827 -9239 rl 0 np 0
T 1930 1863 7616.00 3214.00 -48.539 3.328 48.653 hs 0 hp 7651 3211 in -1 0 0 1 4682 -8836 rl 24 np 1
T 1931 1864 7578.00 3223.00 -55.047 9.012 55.780 hs 0 hp 7616 3214 in -1 0 0 0 -3827 -9239 rl 23 np 0
E 1931 1864 ex 7674.4 3167.5 tee 7616.0 3214.0 dist 74.7 |f| 8.32
T 1932 1865 7540.00 3230.00 -55.418 6.539 55.802 hs 5 hp 7571 3167 in -1 0 1 0 -1305 -9914 rl 22 np 0
T 1933 1866 7502.00 3237.00 -55.418 7.039 55.863 hs 0 hp 7540 3230 in -1 0 0 1 5036 -8640 rl 21 np 0
T 1934 1867 7464.00 3242.00 -55.695 4.555 55.881 hs 5 hp 7495 3167 in -1 0 1 0 -980 -9952 rl 20 np 0
T 1935 1868 7426.00 3247.00 -55.695 5.055 55.924 hs 0 hp 7464 3242 in -1 0 0 1 5036 -8640 rl 19 np 0
T 1936 1869 7388.00 3250.00 -55.871 2.559 55.930 hs 5 hp 7419 3135 in -1 0 1 0 -610 -9981 rl 18 np 0
T 1937 1870 7350.00 3250.00 -55.285 0.160 55.285 hs 5 hp 7419 3135 in -1 0 1 0 3445 -9388 rl 17 np 0
T 1938 1871 7312.00 3251.00 -55.285 0.660 55.289 hs 0 hp 7350 3250 in -1 0 0 0 0 -10000 rl 16 np 0
T 1939 1872 7274.00 3252.00 -55.285 1.160 55.297 hs 4 hp 7324 3130 in -1 0 1 0 980 -9952 rl 15 np 0
T 1940 1873 7236.00 3251.00 -54.562 -1.184 54.575 hs 5 hp 7328 3094 in -1 0 1 0 8819 -4714 rl 14 np 0
T 1941 1874 7198.00 3250.00 -54.562 -0.684 54.567 hs 0 hp 7236 3251 in -1 0 0 0 0 -10000 rl 13 np 0
T 1942 1875 7160.00 3250.00 -54.562 -0.184 54.563 hs 0 hp 7198 3250 in -1 0 0 0 0 -10000 rl 12 np 0
T 1943 1876 7122.00 3250.00 -54.562 0.316 54.563 hs 4 hp 7254 3173 in -1 0 1 0 7730 -6344 rl 11 np 0
T 1944 1877 7084.00 3251.00 -54.562 0.816 54.569 hs 0 hp 7122 3250 in -1 0 0 0 0 -10000 rl 10 np 0
T 1945 1878 7046.00 3252.00 -54.562 1.316 54.578 hs 0 hp 7084 3251 in -1 0 0 0 4714 -8819 rl 9 np 0
T 1946 1879 7008.00 3254.00 -54.562 1.816 54.593 hs 0 hp 7046 3252 in -1 0 0 0 4714 -8819 rl 8 np 0
T 1947 1880 6970.00 3256.00 -54.562 2.316 54.612 hs 0 hp 7008 3254 in -1 0 0 0 4714 -8819 rl 7 np 0
T 1948 1881 6933.00 3244.00 -54.562 -12.000 55.867 hs 0 hp 6970 3256 in -1 1 0 0 -2300 -9732 rl 6 np 0
T 1949 1882 6896.00 3232.00 -54.562 -11.500 55.761 hs 0 hp 6933 3244 in -1 1 0 0 -2300 -9732 rl 5 np 0
T 1950 1883 6859.00 3218.00 -53.906 -13.867 55.661 hs 5 hp 6912 3181 in -1 0 1 0 2924 -9563 rl 4 np 0
T 1951 1884 6822.00 3205.00 -53.906 -13.367 55.539 hs 0 hp 6859 3218 in -1 0 0 0 -8949 -4462 rl 3 np 0
T 1952 1885 6785.00 3192.00 -53.906 -12.867 55.421 hs 0 hp 6822 3205 in -1 0 0 0 0 10000 rl 2 np 0
T 1953 1886 6748.00 3181.00 -54.082 -11.469 55.285 hs 5 hp 6779 3296 in -1 0 1 0 -610 9981 rl 1 np 0
T 1954 1887 6711.00 3170.00 -54.082 -10.969 55.183 hs 0 hp 6748 3181 in -1 0 0 1 8819 -4714 rl 0 np 0
T 1955 1888 6674.00 3160.00 -54.082 -10.469 55.086 hs 0 hp 6711 3170 in -1 0 0 0 8819 -4714 rl 0 np 0
T 1956 1889 6637.00 3150.00 -54.082 -9.969 54.993 hs 4 hp 6636 3276 in -1 0 1 0 -3090 9511 rl 0 np 0
T 1957 1890 6600.00 3150.00 -54.227 0.000 54.227 hs 5 hp 6630 3296 in -1 0 1 0 -2903 9569 rl 0 np 0
T 1958 1891 6561.00 3162.00 -59.430 11.965 60.622 hs 5 hp 6630 3296 in -1 0 1 1 4714 -8819 rl 24 np 0
E 1958 1891 ex 6609.9 3131.5 tee 6600.0 3150.0 dist 21.0 |f| 12.00
T 1959 1892 6522.00 3174.00 -59.430 12.465 60.723 hs 0 hp 6561 3162 in -1 0 0 0 1564 9877 rl 23 np 0
T 1960 1893 6483.00 3187.00 -59.430 12.965 60.827 hs 0 hp 6522 3174 in -1 0 0 0 1564 9877 rl 22 np 0
T 1961 1894 6444.00 3200.00 -59.430 13.465 60.936 hs 4 hp 6471 3308 in -1 0 1 0 -980 9952 rl 21 np 0
T 1962 1895 6405.00 3215.00 -59.125 14.855 60.963 hs 5 hp 6466 3360 in -1 0 1 0 -4951 8688 rl 20 np 0
T 1963 1896 6367.00 3231.00 -58.254 16.184 60.460 hs 5 hp 6466 3360 in -1 0 1 0 -4714 8819 rl 19 np 0
T 1964 1897 6329.00 3248.00 -58.254 16.684 60.596 hs 0 hp 6367 3231 in -1 0 0 0 -4714 8819 rl 18 np 0
T 1965 1898 6291.00 3265.00 -58.254 17.184 60.735 hs 4 hp 6317 3369 in -1 0 1 0 -980 9952 rl 17 np 0
T 1966 1899 6253.00 3283.00 -58.254 17.684 60.879 hs 0 hp 6291 3265 in -1 0 0 0 980 9952 rl 16 np 0
T 1967 1900 6215.00 3301.00 -58.254 18.184 61.026 hs 4 hp 6288 3400 in -1 0 1 0 2903 9569 rl 15 np 0
T 1968 1901 6177.00 3320.00 -58.254 18.684 61.177 hs 0 hp 6215 3301 in -1 0 0 0 1616 9869 rl 14 np 0
T 1969 1902 6139.00 3339.00 -58.254 19.184 61.331 hs 4 hp 6298 3332 in -1 0 1 0 9952 980 rl 13 np 0
T 1970 1903 6101.00 3359.00 -58.254 19.684 61.490 hs 4 hp 6378 3340 in -1 0 1 0 9952 980 rl 12 np 0
T 1971 1904 6063.00 3379.00 -58.254 20.184 61.651 hs 0 hp 6101 3359 in -1 0 0 0 1616 9869 rl 11 np 0
T 1972 1905 6025.00 3400.00 -58.254 20.684 61.817 hs 5 hp 6030 3488 in -1 0 1 0 -2903 9569 rl 10 np 0
T 1973 1906 5987.00 3421.00 -58.254 21.184 61.986 hs 0 hp 6025 3400 in -1 0 0 0 7705 -6374 rl 9 np 0
T 1974 1907 5949.00 3443.00 -58.254 21.684 62.159 hs 4 hp 5865 3421 in -1 0 1 0 -10000 0 rl 8 np 0
T 1975 1908 5911.00 3465.00 -58.254 22.184 62.335 hs 5 hp 5791 3421 in -1 0 1 0 -10000 0 rl 7 np 0
T 1976 1909 5873.00 3488.00 -58.254 22.684 62.515 hs 5 hp 5791 3421 in -1 0 1 0 -10000 0 rl 6 np 0
T 1977 1910 5835.00 3511.00 -58.254 23.184 62.698 hs 0 hp 5873 3488 in -1 0 0 0 -10000 0 rl 5 np 0
T 1978 1911 5797.00 3535.00 -58.254 23.684 62.884 hs 0 hp 5835 3511 in -1 0 0 0 -10000 0 rl 4 np 0
T 1979 1912 5759.00 3556.00 -59.320 21.402 63.063 hs 5 hp 5759 3442 in -1 0 1 0 -3746 -9272 rl 3 np 0
T 1980 1913 5720.00 3575.00 -59.320 18.902 62.259 hs 5 hp 5759 3442 in -1 0 1 0 -10000 0 rl 2 np 0
T 1981 1914 5682.00 3594.00 -59.320 19.402 62.413 hs 0 hp 5720 3575 in -1 0 0 0 -3827 -9239 rl 1 np 0
T 1982 1915 5643.00 3611.00 -60.105 17.020 62.469 hs 5 hp 5663 3529 in -1 0 1 0 -2756 -9613 rl 0 np 0
T 1983 1916 5604.00 3629.00 -60.105 17.520 62.607 hs 0 hp 5643 3611 in -1 0 0 0 -3827 -9239 rl 0 np 0
T 1984 1917 5565.00 3644.00 -60.820 15.113 62.670 hs 5 hp 5584 3551 in -1 0 1 0 -2504 -9681 rl 0 np 0
T 1985 1918 5526.00 3657.00 -60.371 12.676 61.687 hs 5 hp 5584 3551 in -1 0 1 0 -1951 -9808 rl 0 np 0
T 1986 1919 5487.00 3670.00 -60.371 13.176 61.792 hs 0 hp 5526 3657 in -1 0 0 0 -3827 -9239 rl 0 np 0
T 1987 1920 5447.00 3681.00 -60.926 10.734 61.864 hs 5 hp 5463 3551 in -1 0 1 0 -1951 -9808 rl 0 np 0
T 1988 1921 5407.00 3692.00 -60.926 11.234 61.953 hs 0 hp 5447 3681 in -1 0 0 0 -1951 -9808 rl 0 np 0
T 1989 1922 5367.00 3704.00 -60.926 11.734 62.046 hs 4 hp 5356 3581 in -1 0 1 0 -4174 -9087 rl 0 np 0
T 1990 1923 5327.00 3713.00 -61.379 9.273 62.075 hs 5 hp 5342 3551 in -1 0 1 0 -4174 -9087 rl 0 np 0
T 1991 1924 5287.00 3720.00 -61.172 6.785 61.547 hs 5 hp 5342 3551 in -1 0 1 1 -9414 3373 rl 24 np 1
T 1992 1925 5247.00 3727.00 -61.172 7.285 61.604 hs 0 hp 5287 3720 in -1 0 0 0 -9735 2287 rl 23 np 1
T 1993 1926 5207.00 3729.00 -61.172 0.000 61.172 hs 4 hp 5224 3607 in -1 0 1 0 -1908 -9816 rl 22 np 1
T 1994 1927 5164.00 3725.00 -72.367 -3.820 72.468 hs 0 hp 5207 3729 in -1 0 0 0 -1908 -9816 rl 21 np 0
E 1994 1927 ex 5247.2 3744.5 tee 5207.0 3729.0 dist 43.0 |f| 12.00
T 1995 1928 5121.00 3712.00 -72.367 -13.199 73.561 hs 0 hp 5164 3725 in -1 1 0 0 -1908 -9816 rl 20 np 0
T 1996 1929 5078.00 3699.00 -72.367 -12.699 73.473 hs 4 hp 5077 3826 in -1 0 1 0 -3584 9336 rl 19 np 0
T 1997 1930 5035.00 3687.00 -72.367 -12.199 73.388 hs 0 hp 5078 3699 in -1 0 0 0 2603 9655 rl 18 np 0
