T 1883 1816 9174.00 3201.00 -30.449 17.168 34.956 hs 5 hp 9170 3135 in -1 0 1 0 -5150 -8572 rl 19 np 0
T 1884 1817 9149.00 3219.00 -30.449 17.668 35.204 hs 0 hp 9174 3201 in -1 0 0 0 -9367 -3502 rl 18 np 0
T 1885 1818 9123.00 3235.00 -31.789 15.520 35.375 hs 5 hp 9104 3135 in -1 0 1 0 -4695 -8829 rl 17 np 0
T 1886 1819 9097.00 3251.00 -31.789 16.020 35.597 hs 0 hp 9123 3235 in -1 0 0 0 -5446 -8387 rl 16 np 0
T 1887 1820 9070.00 3265.00 -32.598 13.645 35.338 hs 5 hp 9063 3135 in -1 0 1 0 -2840 -9588 rl 15 np 0
T 1888 1821 9043.00 3279.00 -32.598 14.145 35.534 hs 0 hp 9070 3265 in -1 0 0 0 -7071 -7071 rl 14 np 0
T 1889 1822 9017.00 3294.00 -32.598 14.645 35.736 hs 0 hp 9043 3279 in -1 0 0 0 -7071 -7071 rl 13 np 0
T 1890 1823 8991.00 3283.00 -31.945 -11.141 33.832 hs 5 hp 9047 3392 in -1 1 1 0 2903 9569 rl 12 np 0
T 1891 1824 8965.00 3272.00 -31.945 -10.641 33.671 hs 0 hp 8991 3283 in -1 1 0 0 -4714 -8819 rl 11 np 0
T 1892 1825 8938.00 3263.00 -32.195 -9.242 33.496 hs 5 hp 8955 3392 in -1 0 1 0 -872 9962 rl 10 np 0
T 1893 1826 8911.00 3255.00 -31.902 -7.852 32.854 hs 5 hp 8955 3392 in -1 0 1 0 -698 9976 rl 9 np 0
T 1894 1827 8884.00 3248.00 -31.902 -7.352 32.738 hs 0 hp 8911 3255 in -1 0 0 0 -698 9976 rl 8 np 0
T 1895 1828 8857.00 3242.00 -32.027 -5.953 32.576 hs 5 hp 8882 3296 in -1 0 1 0 -436 9990 rl 7 np 0
T 1896 1829 8830.00 3237.00 -32.027 -5.453 32.488 hs 0 hp 8857 3242 in -1 0 0 0 -872 9962 rl 6 np 0
T 1897 1830 8803.00 3233.00 -31.969 -4.055 32.225 hs 5 hp 8832 3296 in -1 0 1 0 262 9997 rl 5 np 0
T 1898 1831 8776.00 3229.00 -31.969 -3.555 32.166 hs 0 hp 8803 3233 in -1 1 0 0 0 10000 rl 4 np 0
T 1899 1832 8749.00 3226.00 -31.969 -3.055 32.114 hs 4 hp 8699 3323 in -1 0 1 0 -6344 7730 rl 3 np 0
T 1900 1833 8722.00 3223.00 -31.969 -2.555 32.071 hs 5 hp 8669 3360 in -1 0 1 0 -4273 9041 rl 2 np 0
T 1901 1834 8695.00 3221.00 -31.969 -2.055 32.035 hs 5 hp 8669 3360 in -1 0 1 0 -4273 9041 rl 1 np 0
T 1902 1835 8668.00 3219.00 -31.969 -1.555 32.007 hs 0 hp 8695 3221 in -1 0 0 0 -980 9952 rl 0 np 0
T 1903 1836 8641.00 3218.00 -31.969 -1.055 31.986 hs 5 hp 8575 3295 in -1 0 1 0 -7730 6344 rl 0 np 0
T 1904 1837 8614.00 3217.00 -31.969 -0.555 31.974 hs 5 hp 8575 3295 in -1 0 1 0 9952 -980 rl 0 np 0
T 1905 1838 8587.00 3217.00 -31.969 -0.055 31.969 hs 0 hp 8614 3217 in -1 0 0 0 -980 9952 rl 0 np 0
T 1906 1839 8560.00 3217.00 -31.969 0.445 31.972 hs 0 hp 8587 3217 in -1 0 0 0 10000 0 rl 0 np 0
T 1907 1840 8533.00 3217.00 -31.969 0.000 31.969 hs 4 hp 8607 3330 in -1 0 1 0 3827 9239 rl 0 np 0
T 1908 1841 8501.00 3214.00 -41.863 -3.387 42.000 hs 5 hp 8619 3360 in -1 0 1 1 9239 3827 rl 24 np 0
E 1908 1841 ex 8568.2 3231.8 tee 8533.0 3217.0 dist 38.2 |f| 12.00
T 1909 1842 8469.00 3211.00 -41.863 -2.887 41.963 hs 0 hp 8501 3214 in -1 0 0 0 9239 3827 rl 23 np 0
T 1910 1843 8437.00 3209.00 -41.863 -2.387 41.931 hs 0 hp 8469 3211 in -1 0 0 0 9239 3827 rl 22 np 0
T 1911 1844 8405.00 3207.00 -41.863 -1.887 41.906 hs 0 hp 8437 3209 in -1 0 0 1 9746 2239 rl 21 np 0
T 1912 1845 8373.00 3206.00 -41.863 -1.387 41.886 hs 0 hp 8405 3207 in -1 0 0 1 9746 2239 rl 20 np 0
T 1913 1846 8341.00 3205.00 -41.863 -0.887 41.873 hs 0 hp 8373 3206 in -1 0 0 0 9239 3827 rl 19 np 0
T 1914 1847 8309.00 3202.00 -41.648 -3.371 41.785 hs 5 hp 8352 3095 in -1 0 1 0 958 -9954 rl 18 np 0
T 1915 1848 8277.00 3199.00 -41.648 -2.871 41.747 hs 0 hp 8309 3202 in -1 0 0 0 9239 3827 rl 17 np 0
T 1916 1849 8245.00 3197.00 -41.648 -2.371 41.716 hs 4 hp 8300 3079 in -1 0 1 0 1908 -9816 rl 16 np 0
T 1917 1850 8213.00 3195.00 -41.648 -1.871 41.690 hs 0 hp 8245 3197 in -1 0 0 0 9239 3827 rl 15 np 0
T 1918 1851 8181.00 3194.00 -41.648 -1.371 41.671 hs 4 hp 8286 3098 in -1 0 1 0 6012 -7991 rl 14 np 0
T 1919 1852 8149.00 3193.00 -41.648 -0.871 41.658 hs 0 hp 8181 3194 in -1 0 0 0 9239 3827 rl 13 np 0
T 1920 1853 8117.00 3193.00 -41.648 -0.371 41.650 hs 4 hp 8195 3080 in -1 0 1 0 3746 -9272 rl 12 np 0
T 1921 1854 8085.00 3193.00 -41.648 0.129 41.649 hs 0 hp 8117 3193 in -1 0 0 0 -3827 -9239 rl 11 np 0
T 1922 1855 8053.00 3194.00 -41.648 0.629 41.653 hs 0 hp 8085 3193 in -1 0 0 0 -3827 -9239 rl 10 np 0
T 1923 1856 8021.00 3195.00 -41.648 1.129 41.664 hs 0 hp 8053 3194 in -1 0 0 0 -3827 -9239 rl 9 np 0
T 1924 1857 7989.00 3197.00 -41.648 1.629 41.680 hs 4 hp 8033 3316 in -1 0 1 0 980 9952 rl 8 np 0
T 1925 1858 7957.00 3199.00 -41.648 2.129 41.703 hs 0 hp 7989 3197 in -1 0 0 0 -3827 -9239 rl 7 np 0
T 1926 1859 7925.00 3202.00 -41.648 2.629 41.731 hs 4 hp 7863 3122 in -1 0 1 0 -7730 -6344 rl 6 np 0
T 1927 1860 7893.00 3205.00 -41.648 3.129 41.766 hs 5 hp 7840 3103 in -1 0 1 0 2903 9569 rl 5 np 0
T 1928 1861 7861.00 3209.00 -41.648 3.629 41.806 hs 0 hp 7893 3205 in -1 0 0 0 2903 9569 rl 4 np 0
T 1929 1862 7829.00 3210.00 -41.773 1.133 41.789 hs 5 hp 7856 3103 in -1 0 1 0 -436 -9990 rl 3 np 0
T 1930 1863 7797.00 3209.00 -41.223 -1.277 41.242 hs 5 hp 7856 3103 in -1 0 1 0 -349 -9994 rl 2 np 0
T 1931 1864 7765.00 3208.00 -41.223 -0.777 41.230 hs 0 hp 7797 3209 in -1 0 0 0 -3827 9239 rl 1 np 0
T 1932 1865 7733.00 3208.00 -41.223 -0.277 41.224 hs 5 hp 7768 3166 in -1 0 1 0 698 -9976 rl 0 np 0
T 1933 1866 7701.00 3208.00 -41.223 0.223 41.223 hs 0 hp 7733 3208 in -1 0 0 1 2004 -9797 rl 24 np 1
T 1934 1867 7666.00 3216.00 -48.750 8.324 49.456 hs 0 hp 7701 3208 in -1 0 0 0 -3827 -9239 rl 23 np 0
E 1934 1867 ex 7741.4 3167.2 tee 7701.0 3208.0 dist 57.4 |f| 10.70
T 1935 1868 7630.00 3222.00 -49.121 5.852 49.468 hs 5 hp 7659 3167 in -1 0 1 0 -1305 -9914 rl 22 np 0
T 1936 1869 7594.00 3228.00 -49.121 6.352 49.530 hs 0 hp 7630 3222 in -1 0 0 0 -3827 -9239 rl 21 np 0
T 1937 1870 7558.00 3232.00 -49.398 3.867 49.550 hs 5 hp 7588 3167 in -1 0 1 0 -980 -9952 rl 20 np 0
T 1938 1871 7522.00 3236.00 -49.398 4.367 49.591 hs 0 hp 7558 3232 in -1 0 0 1 5036 -8640 rl 19 np 0
T 1939 1872 7486.00 3238.00 -49.574 1.871 49.610 hs 5 hp 7518 3167 in -1 0 1 0 -610 -9981 rl 18 np 0
T 1940 1873 7450.00 3240.00 -49.574 2.371 49.631 hs 0 hp 7486 3238 in -1 0 0 1 5036 -8640 rl 17 np 0
T 1941 1874 7414.00 3240.00 -49.648 -0.129 49.649 hs 5 hp 7448 3167 in -1 0 1 0 -262 -9997 rl 16 np 0
T 1942 1875 7378.00 3240.00 -49.648 0.371 49.650 hs 0 hp 7414 3240 in -1 0 0 0 0 -10000 rl 15 np 0
T 1943 1876 7342.00 3238.00 -49.375 -2.105 49.420 hs 5 hp 7392 3130 in -1 0 1 0 1219 -9925 rl 14 np 0
T 1944 1877 7306.00 3236.00 -49.375 -1.605 49.401 hs 0 hp 7342 3238 in -1 0 0 0 0 -10000 rl 13 np 0
T 1945 1878 7270.00 3235.00 -49.375 -1.105 49.387 hs 4 hp 7414 3178 in -1 0 1 0 8819 -4714 rl 12 np 0
T 1946 1879 7234.00 3234.00 -49.375 -0.605 49.379 hs 0 hp 7270 3235 in -1 0 0 0 0 -10000 rl 11 np 0
T 1947 1880 7198.00 3234.00 -49.375 -0.105 49.375 hs 4 hp 7204 3116 in -1 0 1 0 -2419 -9703 rl 10 np 0
T 1948 1881 7162.00 3234.00 -49.375 0.395 49.377 hs 4 hp 7185 3039 in -1 0 1 0 -2419 -9703 rl 9 np 0
T 1949 1882 7126.00 3232.00 -49.312 -2.105 49.357 hs 5 hp 7169 2975 in -1 0 1 0 7730 -6344 rl 8 np 0
T 1950 1883 7090.00 3227.00 -48.941 -4.562 49.154 hs 5 hp 7169 2975 in -1 0 1 0 7730 -6344 rl 7 np 0
T 1951 1884 7054.00 3223.00 -48.941 -4.062 49.110 hs 0 hp 7090 3227 in -1 0 0 0 4714 -8819 rl 6 np 0
T 1952 1885 7018.00 3219.00 -48.941 -3.562 49.071 hs 0 hp 7054 3223 in -1 0 0 0 4714 -8819 rl 5 np 0
T 1953 1886 6983.00 3217.00 -48.723 -2.168 48.771 hs 5 hp 7026 3296 in -1 0 1 0 980 9952 rl 4 np 0
T 1954 1887 6948.00 3215.00 -48.723 -1.668 48.751 hs 0 hp 6983 3217 in -1 0 0 0 4714 -8819 rl 3 np 0
T 1955 1888 6913.00 3214.00 -48.723 -1.168 48.737 hs 5 hp 6905 3296 in -1 0 1 0 -4714 8819 rl 2 np 0
T 1956 1889 6878.00 3213.00 -48.723 -0.668 48.727 hs 0 hp 6913 3214 in -1 0 0 0 -8949 -4462 rl 1 np 0
T 1957 1890 6843.00 3202.00 -48.922 -11.102 50.166 hs 5 hp 6872 3296 in -1 1 1 0 -698 9976 rl 0 np 0
T 1958 1891 6808.00 3191.00 -48.922 -10.602 50.057 hs 0 hp 6843 3202 in -1 0 0 0 0 10000 rl 0 np 0
T 1959 1892 6773.00 3182.00 -48.922 0.000 48.922 hs 0 hp 6808 3191 in -1 0 0 0 0 10000 rl 0 np 0
T 1960 1893 6734.00 3188.00 -59.527 6.113 59.840 hs 0 hp 6773 3182 in -1 0 0 1 8819 -4714 rl 24 np 0
E 1960 1893 ex 6801.2 3167.1 tee 6773.0 3182.0 dist 31.9 |f| 12.00
T 1961 1894 6695.00 3195.00 -59.527 6.613 59.894 hs 5 hp 6701 3296 in -1 0 1 0 -2903 9569 rl 23 np 0
T 1962 1895 6656.00 3203.00 -59.395 8.012 59.932 hs 5 hp 6701 3296 in -1 0 1 0 -2903 9569 rl 22 np 0
T 1963 1896 6617.00 3212.00 -59.395 8.512 60.001 hs 0 hp 6656 3203 in -1 0 0 0 1564 9877 rl 21 np 0
T 1964 1897 6578.00 3221.00 -59.395 9.012 60.074 hs 5 hp 6592 3296 in -1 0 1 0 -2903 9569 rl 20 np 0
T 1965 1898 6539.00 3231.00 -59.395 9.512 60.151 hs 0 hp 6578 3221 in -1 0 0 0 1564 9877 rl 19 np 0
T 1966 1899 6500.00 3241.00 -59.395 10.012 60.232 hs 0 hp 6539 3231 in -1 0 0 0 1564 9877 rl 18 np 0
T 1967 1900 6461.00 3252.00 -59.395 10.512 60.318 hs 0 hp 6500 3241 in -1 0 0 0 1564 9877 rl 17 np 0
T 1968 1901 6422.00 3263.00 -59.395 11.012 60.407 hs 0 hp 6461 3252 in -1 0 0 0 1564 9877 rl 16 np 0
T 1969 1902 6383.00 3275.00 -59.176 12.406 60.462 hs 5 hp 6432 3360 in -1 0 1 0 980 9952 rl 15 np 0
T 1970 1903 6344.00 3288.00 -59.176 12.906 60.567 hs 0 hp 6383 3275 in -1 0 0 0 -4714 8819 rl 14 np 0
T 1971 1904 6305.00 3302.00 -58.957 14.301 60.667 hs 5 hp 6351 3360 in -1 0 1 0 980 9952 rl 13 np 0
T 1972 1905 6266.00 3317.00 -58.957 14.801 60.786 hs 0 hp 6305 3302 in -1 0 0 0 980 9952 rl 12 np 0
T 1973 1906 6227.00 3332.00 -58.957 15.301 60.910 hs 0 hp 6266 3317 in -1 0 0 0 980 9952 rl 11 np 0
T 1974 1907 6188.00 3348.00 -58.957 15.801 61.038 hs 4 hp 6247 3452 in -1 0 1 0 1616 9869 rl 10 np 0
T 1975 1908 6149.00 3364.00 -58.957 16.301 61.169 hs 0 hp 6188 3348 in -1 0 0 0 1616 9869 rl 9 np 0
T 1976 1909 6110.00 3381.00 -58.957 16.801 61.304 hs 0 hp 6149 3364 in -1 0 0 0 1616 9869 rl 8 np 0
T 1977 1910 6071.00 3398.00 -58.957 17.301 61.443 hs 0 hp 6110 3381 in -1 0 0 0 1616 9869 rl 7 np 0
T 1978 1911 6032.00 3416.00 -58.957 17.801 61.586 hs 0 hp 6071 3398 in -1 0 0 0 1616 9869 rl 6 np 0
T 1979 1912 5994.00 3434.00 -58.957 18.301 61.732 hs 4 hp 6126 3338 in -1 0 1 0 7705 -6374 rl 5 np 0
T 1980 1913 5956.00 3453.00 -58.957 18.801 61.882 hs 4 hp 6188 3287 in -1 0 1 0 7705 -6374 rl 4 np 0
T 1981 1914 5918.00 3472.00 -58.957 19.301 62.036 hs 0 hp 5956 3453 in -1 0 0 0 7705 -6374 rl 3 np 0
T 1982 1915 5880.00 3492.00 -58.957 19.801 62.193 hs 4 hp 5796 3472 in -1 0 1 0 -10000 0 rl 2 np 0
T 1983 1916 5842.00 3512.00 -58.957 20.301 62.354 hs 5 hp 5727 3472 in -1 0 1 0 -10000 0 rl 1 np 0
T 1984 1917 5804.00 3533.00 -58.957 20.801 62.519 hs 5 hp 5727 3472 in -1 0 1 0 -10000 0 rl 0 np 0
T 1985 1918 5766.00 3554.00 -58.957 21.301 62.687 hs 0 hp 5804 3533 in -1 0 0 0 -10000 0 rl 0 np 0
T 1986 1919 5727.00 3573.00 -59.910 18.973 62.843 hs 5 hp 5731 3455 in -1 0 1 0 -3338 -9426 rl 0 np 0
T 1987 1920 5688.00 3592.00 -59.910 19.473 62.995 hs 0 hp 5727 3573 in -1 0 0 1 -9376 -3476 rl 24 np 1
T 1988 1921 5649.00 3609.00 -60.738 17.102 63.100 hs 5 hp 5666 3519 in -1 0 1 0 -2903 -9569 rl 23 np 1
T 1989 1922 5610.00 3634.00 -62.793 24.734 67.489 hs 5 hp 5666 3519 in -1 0 1 0 -2903 -9569 rl 22 np 0
E 1989 1922 ex 5663.2 3551.0 tee 5649.0 3609.0 dist 59.7 |f| 10.38
T 1990 1923 5571.00 3659.00 -62.793 25.234 67.674 hs 0 hp 5610 3634 in -1 0 0 0 -3827 -9239 rl 21 np 0
T 1991 1924 5532.00 3682.00 -63.348 22.793 67.323 hs 5 hp 5550 3551 in -1 0 1 0 -1951 -9808 rl 20 np 0
T 1992 1925 5492.00 3702.00 -63.043 20.320 66.237 hs 5 hp 5550 3551 in -1 0 1 0 -1951 -9808 rl 19 np 0
T 1993 1926 5452.00 3720.00 -62.234 18.020 64.791 hs 5 hp 5550 3551 in -1 0 1 0 -1951 -9808 rl 18 np 0
