T 2283 2216 1553.00 4156.00 42.109 -19.887 46.569 hs 4 hp 1643 4188 in 1 0 1 0 9952 980 rl 0 np 0
T 2284 2217 1584.00 4137.00 42.109 -19.387 46.358 hs 0 hp 1553 4156 in 1 0 0 0 9952 980 rl 0 np 0
T 2285 2218 1614.00 4118.00 40.004 -18.887 44.238 hs 4 hp 1705 4149 in 0 0 1 0 9952 980 rl 0 np 0
T 2286 2219 1644.00 4100.00 40.004 -18.387 44.027 hs 0 hp 1614 4118 in 1 0 0 0 9952 980 rl 0 np 0
T 2287 2220 1674.00 4082.00 40.004 -17.887 43.821 hs 5 hp 1720 4192 in 1 0 1 0 6344 7730 rl 0 np 0
T 2288 2221 1704.00 4078.00 40.004 0.000 40.004 hs 5 hp 1720 4192 in 1 0 1 0 6344 7730 rl 0 np 0
T 2289 2222 1737.00 4090.00 43.488 11.984 45.109 hs 5 hp 1720 4192 in 1 0 1 1 -2903 -9569 rl 24 np 0
E 2289 2222 ex 1697.9 4057.9 tee 1704.0 4078.0 dist 21.0 |f| 12.00
T 2290 2223 1769.00 4103.00 43.117 13.371 45.143 hs 5 hp 1720 4192 in 1 0 1 0 -2903 -9569 rl 23 np 0
T 2291 2224 1801.00 4118.00 42.031 14.660 44.515 hs 5 hp 1720 4192 in 1 0 1 0 -2903 -9569 rl 22 np 0
T 2292 2225 1833.00 4133.00 42.031 15.160 44.682 hs 0 hp 1801 4118 in 1 0 0 0 -2903 -9569 rl 21 np 0
T 2293 2226 1865.00 4149.00 42.031 15.660 44.854 hs 4 hp 1954 4145 in 1 0 1 0 9952 980 rl 20 np 0
T 2294 2227 1897.00 4165.00 42.031 16.160 45.031 hs 5 hp 1984 4148 in 1 0 1 0 9952 980 rl 19 np 0
T 2295 2228 1929.00 4182.00 42.031 16.660 45.213 hs 5 hp 1984 4148 in 1 0 1 0 9952 980 rl 18 np 0
T 2296 2229 1960.00 4199.00 42.031 17.160 45.399 hs 5 hp 1984 4148 in 1 0 1 0 9952 980 rl 17 np 0
T 2297 2230 1991.00 4217.00 42.031 17.660 45.591 hs 0 hp 1960 4199 in 1 0 0 0 9952 980 rl 16 np 0
T 2298 2231 2022.00 4235.00 42.031 18.160 45.787 hs 4 hp 2112 4229 in 1 0 1 0 9952 980 rl 15 np 0
T 2299 2232 2053.00 4254.00 42.031 18.660 45.987 hs 0 hp 2022 4235 in 1 0 0 0 9952 980 rl 14 np 0
T 2300 2233 2084.00 4273.00 42.031 19.160 46.192 hs 4 hp 2147 4331 in 1 0 1 0 7730 6344 rl 13 np 0
T 2301 2234 2115.00 4293.00 42.031 19.660 46.402 hs 4 hp 2209 4382 in 1 0 1 0 7730 6344 rl 12 np 0
T 2302 2235 2146.00 4313.00 42.031 20.160 46.616 hs 0 hp 2115 4293 in 1 0 0 0 7730 6344 rl 11 np 0
T 2303 2236 2178.00 4331.00 43.215 17.930 46.787 hs 5 hp 2172 4255 in 1 0 1 0 4147 -9100 rl 10 np 0
T 2304 2237 2210.00 4349.00 43.215 18.430 46.981 hs 0 hp 2178 4331 in 1 0 0 0 4147 -9100 rl 9 np 0
T 2305 2238 2242.00 4368.00 43.215 18.930 47.179 hs 0 hp 2210 4349 in 1 0 0 0 4147 -9100 rl 8 np 0
T 2306 2239 2275.00 4385.00 44.305 16.656 47.332 hs 5 hp 2289 4255 in 1 0 1 0 3827 -9239 rl 7 np 0
T 2307 2240 2308.00 4399.00 44.609 14.172 46.806 hs 5 hp 2289 4255 in 1 0 1 0 3827 -9239 rl 6 np 0
T 2308 2241 2341.00 4414.00 44.609 14.672 46.960 hs 0 hp 2308 4399 in 1 0 0 0 3827 -9239 rl 5 np 0
T 2309 2242 2374.00 4429.00 44.609 15.172 47.119 hs 0 hp 2341 4414 in 1 0 0 0 3827 -9239 rl 4 np 0
T 2310 2243 2407.00 4445.00 44.609 15.672 47.282 hs 0 hp 2374 4429 in 1 0 0 0 3827 -9239 rl 3 np 0
T 2311 2244 2440.00 4461.00 44.609 16.172 47.450 hs 4 hp 2524 4480 in 1 0 1 0 9569 2903 rl 2 np 0
T 2312 2245 2473.00 4478.00 44.609 16.672 47.623 hs 0 hp 2440 4461 in 1 0 0 0 9569 2903 rl 1 np 0
T 2313 2246 2506.00 4495.00 44.609 17.172 47.800 hs 0 hp 2473 4478 in 1 0 0 0 9569 2903 rl 0 np 0
T 2314 2247 2539.00 4497.00 44.609 0.000 44.609 hs 0 hp 2506 4495 in 1 0 0 0 9569 2903 rl 0 np 0
T 2315 2248 2572.00 4484.00 44.609 -13.199 46.521 hs 4 hp 2660 4509 in 1 1 1 0 9952 980 rl 0 np 0
T 2316 2249 2608.00 4463.00 53.055 -21.223 57.142 hs 4 hp 2740 4517 in 1 0 1 1 -7071 7071 rl 24 np 0
E 2316 2249 ex 2544.4 4511.9 tee 2572.0 4484.0 dist 39.3 |f| 12.00
T 2317 2250 2644.00 4442.00 53.055 -20.723 56.958 hs 4 hp 2820 4525 in 1 0 1 0 -7071 7071 rl 23 np 0
T 2318 2251 2680.00 4422.00 53.055 -20.223 56.778 hs 4 hp 2900 4533 in 1 0 1 0 -7071 7071 rl 22 np 0
T 2319 2252 2716.00 4402.00 53.055 -19.723 56.602 hs 0 hp 2680 4422 in 1 0 0 0 -7071 7071 rl 21 np 0
T 2320 2253 2752.00 4383.00 53.055 -19.223 56.430 hs 0 hp 2716 4402 in 1 0 0 0 -7071 7071 rl 20 np 0
T 2321 2254 2788.00 4364.00 53.055 -18.723 56.261 hs 0 hp 2752 4383 in 1 0 0 0 -7071 7071 rl 19 np 0
T 2322 2255 2824.00 4346.00 53.055 -18.223 56.097 hs 0 hp 2788 4364 in 1 0 0 0 -7071 7071 rl 18 np 0
T 2323 2256 2860.00 4328.00 53.055 -17.723 55.937 hs 4 hp 2945 4358 in 1 0 1 0 9952 980 rl 17 np 0
T 2324 2257 2896.00 4311.00 53.055 -17.223 55.780 hs 4 hp 3025 4366 in 1 0 1 0 9952 980 rl 16 np 0
T 2325 2258 2932.00 4294.00 53.055 -16.723 55.628 hs 0 hp 2896 4311 in 1 0 0 0 9952 980 rl 15 np 0
T 2326 2259 2968.00 4278.00 53.055 -16.223 55.479 hs 0 hp 2932 4294 in 1 0 0 0 9952 980 rl 14 np 0
T 2327 2260 3005.00 4262.00 53.055 -15.723 55.335 hs 0 hp 2968 4278 in 1 0 0 0 9952 980 rl 13 np 0
T 2328 2261 3042.00 4247.00 53.055 -15.223 55.195 hs 0 hp 3005 4262 in 1 0 0 0 9952 980 rl 12 np 0
T 2329 2262 3079.00 4232.00 53.055 -14.723 55.060 hs 0 hp 3042 4247 in 1 0 0 0 9952 980 rl 11 np 0
T 2330 2263 3116.00 4219.00 53.277 -13.324 54.918 hs 5 hp 3088 4352 in 1 0 1 0 785 9969 rl 10 np 0
T 2331 2264 3153.00 4207.00 53.277 -12.000 54.612 hs 0 hp 3116 4219 in 1 1 0 0 785 9969 rl 9 np 0
T 2332 2265 3190.00 4196.00 53.453 -10.602 54.494 hs 5 hp 3158 4288 in 1 0 1 0 610 9981 rl 8 np 0
T 2333 2266 3227.00 4186.00 53.453 -10.102 54.399 hs 0 hp 3190 4196 in 1 0 0 0 610 9981 rl 7 np 0
T 2334 2267 3264.00 4177.00 53.602 -8.703 54.304 hs 5 hp 3232 4288 in 1 0 1 0 523 9986 rl 6 np 0
T 2335 2268 3301.00 4169.00 53.602 -8.203 54.226 hs 0 hp 3264 4177 in 1 0 0 0 523 9986 rl 5 np 0
T 2336 2269 3338.00 4162.00 53.383 -6.809 53.815 hs 5 hp 3289 4288 in 1 0 1 0 -980 9952 rl 4 np 0
T 2337 2270 3375.00 4156.00 53.383 -6.309 53.754 hs 0 hp 3338 4162 in 1 0 0 0 -980 9952 rl 3 np 0
T 2338 2271 3412.00 4150.00 53.383 -5.809 53.698 hs 0 hp 3375 4156 in 1 0 0 0 -980 9952 rl 2 np 0
T 2339 2272 3449.00 4146.00 53.324 -4.410 53.506 hs 5 hp 3409 4256 in 1 0 1 0 -262 9997 rl 1 np 0
T 2340 2273 3486.00 4143.00 52.555 -3.062 52.644 hs 5 hp 3409 4256 in 1 0 1 0 -262 9997 rl 0 np 0
T 2341 2274 3522.00 4141.00 49.449 -1.820 49.483 hs 5 hp 3409 4256 in -1 0 1 0 -262 9997 rl 0 np 0
T 2342 2275 3543.00 4128.00 24.723 -13.199 28.026 hs 0 hp 3522 4141 in 0 1 0 0 -262 9997 rl 0 np 0
T 2343 2276 3564.00 4103.00 25.895 -24.641 35.745 hs 0 hp 3543 4128 in 1 0 0 1 -980 9952 rl 24 np 0
E 2343 2276 ex 3539.8 4160.4 tee 3543.0 4128.0 dist 32.6 |f| 12.00
T 2344 2277 3584.00 4079.00 24.602 -24.141 34.467 hs 4 hp 3685 4115 in 0 0 1 0 9952 980 rl 23 np 0
T 2345 2278 3604.00 4055.00 24.602 -23.641 34.119 hs 0 hp 3584 4079 in 1 0 0 0 9952 980 rl 22 np 0
T 2346 2279 3624.00 4032.00 24.602 -23.141 33.775 hs 0 hp 3604 4055 in 1 0 0 0 9952 980 rl 21 np 0
T 2347 2280 3642.00 4007.00 20.949 -24.609 32.319 hs 5 hp 3549 3967 in -1 0 1 0 -7547 -6561 rl 20 np 0
T 2348 2281 3658.00 3982.00 18.883 -25.293 31.564 hs 5 hp 3549 3967 in 1 0 1 0 -7547 -6561 rl 19 np 0
T 2349 2282 3674.00 3957.00 18.883 -24.793 31.165 hs 0 hp 3658 3982 in 1 0 0 0 -7547 -6561 rl 18 np 0
T 2350 2283 3688.00 3931.00 16.895 -25.703 30.758 hs 5 hp 3615 3926 in 1 0 1 0 -8829 -4695 rl 17 np 0
T 2351 2284 3702.00 3906.00 16.895 -25.203 30.342 hs 0 hp 3688 3931 in 1 0 0 0 -8829 -4695 rl 16 np 0
T 2352 2285 3716.00 3881.00 16.895 -24.703 29.928 hs 4 hp 3760 4014 in 1 0 1 0 4714 8819 rl 15 np 0
T 2353 2286 3731.00 3858.00 17.879 -23.359 29.416 hs 5 hp 3776 4044 in 1 0 1 0 4714 8819 rl 14 np 0
T 2354 2287 3746.00 3835.00 17.879 -22.859 29.021 hs 0 hp 3731 3858 in 1 0 0 0 4714 8819 rl 13 np 0
T 2355 2288 3762.00 3813.00 18.875 -21.516 28.621 hs 5 hp 3776 3914 in 1 0 1 0 3502 9367 rl 12 np 0
T 2356 2289 3780.00 3802.00 19.266 -11.109 22.239 hs 5 hp 3776 3914 in 1 1 1 0 3502 9367 rl 11 np 0
T 2357 2290 3798.00 3791.00 19.266 -10.609 21.994 hs 0 hp 3780 3802 in 1 0 0 0 3502 9367 rl 10 np 0
T 2358 2291 3816.00 3782.00 19.547 -9.215 21.610 hs 5 hp 3806 3872 in 1 0 1 0 980 9952 rl 9 np 0
T 2359 2292 3833.00 3773.00 18.570 -8.715 20.514 hs 0 hp 3816 3782 in 0 0 0 0 980 9952 rl 8 np 0
T 2360 2293 3847.00 3765.00 14.227 -8.426 16.534 hs 5 hp 3711 3764 in -1 0 1 0 -9976 -698 rl 7 np 0
T 2361 2294 3861.00 3758.00 14.227 0.000 14.227 hs 0 hp 3847 3765 in 1 0 0 0 -9976 -698 rl 6 np 0
T 2362 2295 3874.00 3759.00 12.863 1.359 12.935 hs 5 hp 3826 3872 in 0 0 1 0 -2903 9569 rl 5 np 0
T 2363 2296 3884.00 3762.00 10.250 2.688 10.596 hs 5 hp 3826 3872 in -1 0 1 0 -2903 9569 rl 4 np 0
T 2364 2297 3893.00 3766.00 9.199 3.984 10.025 hs 5 hp 3826 3872 in 1 0 1 0 -2903 9569 rl 3 np 0
T 2365 2298 3899.00 3771.00 6.176 5.246 8.103 hs 5 hp 3826 3872 in -1 0 1 0 -2903 9569 rl 2 np 0
T 2366 2299 3904.00 3777.00 4.551 6.477 7.916 hs 5 hp 3826 3872 in 0 0 1 0 -2903 9569 rl 1 np 0
T 2367 2300 3907.00 3785.00 2.895 7.672 8.200 hs 5 hp 3826 3872 in 0 0 1 0 -2903 9569 rl 0 np 0
T 2368 2301 3906.00 3794.00 -0.547 8.832 8.849 hs 5 hp 3826 3872 in -1 0 1 1 -2560 -9667 rl 24 np 1
T 2369 2302 3909.00 3815.00 3.203 20.535 20.783 hs 0 hp 3906 3794 in 1 0 0 0 -2903 9569 rl 23 np 0
E 2369 2302 ex 3895.7 3742.9 tee 3906.0 3794.0 dist 52.1 |f| 11.43
T 2370 2303 3916.00 3835.00 7.430 20.164 21.489 hs 5 hp 4000 3787 in 1 0 1 0 9569 -2903 rl 22 np 0
T 2371 2304 3923.00 3856.00 7.430 20.664 21.959 hs 0 hp 3916 3835 in 1 0 0 0 9569 -2903 rl 21 np 0
T 2372 2305 3932.00 3876.00 10.012 19.895 22.272 hs 5 hp 4000 3820 in 1 0 1 0 9063 -4226 rl 20 np 0
T 2373 2306 3941.00 3896.00 10.012 20.395 22.719 hs 0 hp 3932 3876 in 1 0 0 0 9063 -4226 rl 19 np 0
T 2374 2307 3952.00 3915.00 12.453 19.348 23.009 hs 5 hp 4000 3861 in 1 0 1 0 8572 -5150 rl 18 np 0
T 2375 2308 3965.00 3933.00 14.348 17.605 22.711 hs 5 hp 4000 3861 in 1 0 1 0 8572 -5150 rl 17 np 0
T 2376 2309 3979.00 3948.00 15.594 15.406 21.921 hs 5 hp 4000 3861 in 1 0 1 0 8572 -5150 rl 16 np 0
T 2377 2310 3993.00 3964.00 15.594 15.906 22.275 hs 0 hp 3979 3948 in 1 0 0 0 8572 -5150 rl 15 np 0
T 2378 2311 4008.00 3979.00 16.555 14.504 22.010 hs 5 hp 4067 3903 in 0 0 1 0 7730 -6344 rl 14 np 0
T 2379 2312 4025.00 3992.00 18.301 12.633 22.238 hs 5 hp 4067 3903 in 1 0 1 0 7730 -6344 rl 13 np 0
T 2380 2313 4043.00 4002.00 19.516 10.418 22.122 hs 5 hp 4067 3903 in 1 0 1 0 7730 -6344 rl 12 np 0
T 2381 2314 4061.00 4010.00 20.188 8.004 21.716 hs 5 hp 4067 3903 in 1 0 1 0 7730 -6344 rl 11 np 0
T 2382 2315 4079.00 4019.00 20.188 8.504 21.906 hs 0 hp 4061 4010 in 1 0 0 0 7730 -6344 rl 10 np 0
T 2383 2316 4098.00 4025.00 21.094 6.160 21.975 hs 5 hp 4118 3903 in 1 0 1 0 3173 -9483 rl 9 np 0
T 2384 2317 4118.00 4029.00 21.555 3.699 21.870 hs 5 hp 4118 3903 in 1 0 1 0 3173 -9483 rl 8 np 0
T 2385 2318 4138.00 4033.00 21.555 4.199 21.960 hs 0 hp 4118 4029 in 1 0 0 0 3173 -9483 rl 7 np 0
T 2386 2319 4158.00 4038.00 21.555 4.699 22.061 hs 4 hp 4232 4110 in 1 0 1 0 7730 6344 rl 6 np 0
T 2387 2320 4178.00 4043.00 21.555 5.199 22.173 hs 4 hp 4294 4161 in 1 0 1 0 7730 6344 rl 5 np 0
T 2388 2321 4198.00 4049.00 21.555 5.699 22.295 hs 0 hp 4178 4043 in 1 0 0 0 7730 6344 rl 4 np 0
T 2389 2322 4218.00 4055.00 21.555 6.199 22.428 hs 4 hp 4292 4126 in 1 0 1 0 7730 6344 rl 3 np 0
T 2390 2323 4238.00 4062.00 21.555 6.699 22.572 hs 4 hp 4354 4177 in 1 0 1 0 7730 6344 rl 2 np 0
T 2391 2324 4258.00 4069.00 21.555 7.199 22.725 hs 5 hp 4372 4192 in 1 0 1 0 7730 6344 rl 1 np 0
T 2392 2325 4278.00 4077.00 21.555 7.699 22.888 hs 0 hp 4258 4069 in 1 0 0 0 7730 6344 rl 0 np 0
T 2393 2326 4297.00 4086.00 20.914 9.062 22.793 hs 5 hp 4244 4192 in 1 0 1 0 -2840 9588 rl 0 np 0
T 2394 2327 4316.00 4096.00 20.914 9.562 22.997 hs 0 hp 4297 4086 in 1 0 0 0 -2840 9588 rl 0 np 0
T 2395 2328 4335.00 4106.00 20.914 10.062 23.209 hs 0 hp 4316 4096 in 1 0 0 0 -2840 9588 rl 0 np 0
T 2396 2329 4354.00 4117.00 20.914 10.562 23.430 hs 0 hp 4335 4106 in 1 0 0 0 -2840 9588 rl 0 np 0
T 2397 2330 4373.00 4128.00 20.914 11.062 23.660 hs 0 hp 4354 4117 in 1 0 0 0 -2840 9588 rl 0 np 0
T 2398 2331 4392.00 4140.00 20.914 11.562 23.897 hs 0 hp 4373 4128 in 1 0 0 0 -2840 9588 rl 0 np 0
T 2399 2332 4411.00 4152.00 20.914 12.062 24.143 hs 0 hp 4392 4140 in 1 0 0 1 -3825 9240 rl 24 np 1
T 2400 2333 4436.00 4157.00 28.574 4.938 28.998 hs 0 hp 4411 4152 in 1 0 0 0 -2840 9588 rl 23 np 0
E 2400 2333 ex 4370.9 4192.0 tee 4411.0 4152.0 dist 56.6 |f| 10.81
T 2401 2334 4461.00 4162.00 28.574 5.438 29.087 hs 0 hp 4436 4157 in 1 0 0 0 -2840 9588 rl 22 np 0
T 2402 2335 4486.00 4168.00 28.574 5.938 29.185 hs 0 hp 4461 4162 in 1 0 0 0 -2840 9588 rl 21 np 0
T 2403 2336 4511.00 4174.00 28.574 6.438 29.290 hs 5 hp 4498 4288 in 1 0 1 0 980 9952 rl 20 np 0
T 2404 2337 4535.00 4181.00 28.574 6.938 29.404 hs 0 hp 4511 4174 in 1 0 0 0 980 9952 rl 19 np 0
T 2405 2338 4559.00 4188.00 28.574 7.438 29.526 hs 0 hp 4535 4181 in 1 0 0 0 980 9952 rl 18 np 0
T 2406 2339 4583.00 4196.00 28.574 7.938 29.656 hs 0 hp 4559 4188 in 1 0 0 0 980 9952 rl 17 np 0
T 2407 2340 4607.00 4204.00 28.574 8.438 29.794 hs 0 hp 4583 4196 in 1 0 0 0 980 9952 rl 16 np 0
T 2408 2341 4631.00 4213.00 28.574 8.938 29.939 hs 0 hp 4607 4204 in 1 0 0 0 980 9952 rl 15 np 0
T 2409 2342 4655.00 4222.00 28.574 9.438 30.092 hs 4 hp 4748 4248 in 1 0 1 0 9569 2903 rl 14 np 0
T 2410 2343 4679.00 4232.00 28.574 9.938 30.253 hs 0 hp 4655 4222 in 1 0 0 0 9569 2903 rl 13 np 0
T 2411 2344 4703.00 4241.00 28.574 0.000 28.574 hs 0 hp 4679 4232 in 1 0 0 0 9569 2903 rl 12 np 0
T 2412 2345 4728.00 4241.00 28.574 0.000 28.574 hs 0 hp 4703 4241 in 1 0 0 0 9569 2903 rl 11 np 0
T 2413 2346 4753.00 4241.00 28.574 0.000 28.574 hs 0 hp 4728 4241 in 1 0 0 0 9569 2903 rl 10 np 0
T 2414 2347 4778.00 4241.00 28.574 0.000 28.574 hs 0 hp 4753 4241 in 1 0 0 0 9569 2903 rl 9 np 0
T 2415 2348 4803.00 4241.00 28.574 0.000 28.574 hs 0 hp 4778 4241 in 1 0 0 0 9569 2903 rl 8 np 0
T 2416 2349 4828.00 4242.00 28.574 0.500 28.579 hs 0 hp 4803 4241 in 1 0 0 0 9569 2903 rl 7 np 0
T 2417 2350 4853.00 4243.00 28.574 1.000 28.592 hs 0 hp 4828 4242 in 1 0 0 0 9569 2903 rl 6 np 0
T 2418 2351 4878.00 4245.00 28.574 1.500 28.614 hs 0 hp 4853 4243 in 1 0 0 0 9569 2903 rl 5 np 0
T 2419 2352 4903.00 4247.00 28.574 2.000 28.644 hs 0 hp 4878 4245 in 1 0 0 0 9569 2903 rl 4 np 0
T 2420 2353 4928.00 4250.00 28.574 2.500 28.683 hs 0 hp 4903 4247 in 1 0 0 0 9569 2903 rl 3 np 0
T 2421 2354 4952.00 4238.00 28.574 -12.000 30.992 hs 0 hp 4928 4250 in 1 1 0 0 9569 2903 rl 2 np 0
