T 2283 2216 1584.00 4137.00 42.109 -19.387 46.358 hs 0 hp 1553 4156 in 1 0 0 0 -466 -885 rl 0 np 0
T 2284 2217 1615.00 4118.00 42.109 -18.887 46.151 hs 0 hp 1584 4137 in 1 0 0 0 -466 -885 rl 0 np 0
T 2285 2218 1646.00 4100.00 42.109 -18.387 45.949 hs 4 hp 1686 4217 in 1 0 1 0 5827 8127 rl 0 np 0
T 2286 2219 1677.00 4082.00 42.109 -17.887 45.751 hs 5 hp 1691 4224 in 1 0 1 0 5827 8127 rl 0 np 0
T 2287 2220 1709.00 4078.00 42.391 0.000 42.391 hs 5 hp 1691 4224 in 1 0 1 0 5827 8127 rl 0 np 0
T 2288 2221 1743.00 4091.00 45.598 12.875 47.381 hs 5 hp 1691 4224 in 1 0 1 1 -2903 -9569 rl 24 np 0
E 2288 2221 ex 1702.9 4057.9 tee 1709.0 4078.0 dist 21.0 |f| 12.00
T 2289 2222 1776.00 4105.00 44.777 14.215 46.979 hs 5 hp 1691 4224 in 1 0 1 0 -2903 -9569 rl 23 np 0
T 2290 2223 1809.00 4120.00 44.777 14.715 47.133 hs 0 hp 1776 4105 in 1 0 0 0 -2903 -9569 rl 22 np 0
T 2291 2224 1842.00 4135.00 44.777 15.215 47.292 hs 4 hp 1797 4241 in 1 0 1 0 -980 9952 rl 21 np 0
T 2292 2225 1875.00 4151.00 44.777 15.715 47.455 hs 4 hp 1789 4321 in 1 0 1 0 -980 9952 rl 20 np 0
T 2293 2226 1907.00 4168.00 43.867 17.039 47.060 hs 5 hp 1786 4352 in 1 0 1 0 -980 9952 rl 19 np 0
T 2294 2227 1939.00 4186.00 43.867 17.539 47.244 hs 0 hp 1907 4168 in 1 0 0 0 -980 9952 rl 18 np 0
T 2295 2228 1971.00 4204.00 43.867 18.039 47.431 hs 4 hp 2060 4198 in 1 0 1 0 9952 980 rl 17 np 0
T 2296 2229 2003.00 4223.00 43.867 18.539 47.624 hs 5 hp 2112 4203 in 1 0 1 0 9952 980 rl 16 np 0
T 2297 2230 2035.00 4242.00 43.867 19.039 47.821 hs 0 hp 2003 4223 in 1 0 0 0 9952 980 rl 15 np 0
T 2298 2231 2067.00 4262.00 43.867 19.539 48.022 hs 0 hp 2035 4242 in 1 0 0 0 9952 980 rl 14 np 0
T 2299 2232 2099.00 4282.00 43.867 20.039 48.228 hs 0 hp 2067 4262 in 1 0 0 0 9952 980 rl 13 np 0
T 2300 2233 2131.00 4303.00 43.867 20.539 48.437 hs 0 hp 2099 4282 in 1 0 0 0 9952 980 rl 12 np 0
T 2301 2234 2163.00 4324.00 43.867 21.039 48.652 hs 0 hp 2131 4303 in 1 0 0 0 9952 980 rl 11 np 0
T 2302 2235 2196.00 4343.00 45.051 18.809 48.819 hs 5 hp 2194 4255 in 1 0 1 0 4147 -9100 rl 10 np 0
T 2303 2236 2229.00 4362.00 45.051 19.309 49.014 hs 0 hp 2196 4343 in 1 0 0 0 4147 -9100 rl 9 np 0
T 2304 2237 2262.00 4379.00 46.141 17.035 49.185 hs 5 hp 2273 4255 in 1 0 1 0 3827 -9239 rl 8 np 0
T 2305 2238 2295.00 4397.00 46.141 17.535 49.360 hs 0 hp 2262 4379 in 1 0 0 0 3827 -9239 rl 7 np 0
T 2306 2239 2328.00 4415.00 46.141 18.035 49.540 hs 4 hp 2357 4292 in 1 0 1 0 5075 -8616 rl 6 np 0
T 2307 2240 2362.00 4431.00 47.000 15.676 49.545 hs 5 hp 2379 4255 in 1 0 1 0 5075 -8616 rl 5 np 0
T 2308 2241 2396.00 4447.00 47.000 16.176 49.706 hs 0 hp 2362 4431 in 1 0 0 0 5075 -8616 rl 4 np 0
T 2309 2242 2430.00 4464.00 47.000 16.676 49.871 hs 0 hp 2396 4447 in 1 0 0 0 5075 -8616 rl 3 np 0
T 2310 2243 2464.00 4481.00 47.000 17.176 50.040 hs 4 hp 2551 4476 in 1 0 1 0 9952 980 rl 2 np 0
T 2311 2244 2498.00 4497.00 47.000 0.000 47.000 hs 4 hp 2631 4484 in 1 0 1 0 9952 980 rl 1 np 0
T 2312 2245 2533.00 4497.00 47.000 0.500 47.003 hs 4 hp 2711 4492 in 1 0 1 0 9952 980 rl 0 np 0
T 2313 2246 2572.00 4493.00 58.059 -3.656 58.174 hs 4 hp 2791 4500 in 1 0 1 1 -9239 3827 rl 24 np 0
E 2313 2246 ex 2497.8 4511.8 tee 2533.0 4497.0 dist 38.2 |f| 12.00
T 2314 2247 2611.00 4480.00 58.059 -13.199 59.540 hs 0 hp 2572 4493 in 1 1 0 0 -9239 3827 rl 23 np 0
T 2315 2248 2650.00 4467.00 58.059 -12.699 59.431 hs 4 hp 2620 4358 in 1 0 1 0 698 -9976 rl 22 np 0
T 2316 2249 2689.00 4455.00 58.059 -12.199 59.326 hs 4 hp 2626 4278 in 1 0 1 0 698 -9976 rl 21 np 0
T 2317 2250 2727.00 4440.00 57.398 -14.566 59.218 hs 5 hp 2628 4255 in 1 0 1 0 698 -9976 rl 20 np 0
T 2318 2251 2765.00 4423.00 56.336 -16.711 58.762 hs 5 hp 2628 4255 in 1 0 1 0 698 -9976 rl 19 np 0
T 2319 2252 2802.00 4404.00 54.914 -18.535 57.958 hs 5 hp 2628 4255 in 1 0 1 0 698 -9976 rl 18 np 0
T 2320 2253 2839.00 4386.00 54.914 -18.035 57.800 hs 0 hp 2802 4404 in 1 0 0 0 698 -9976 rl 17 np 0
T 2321 2254 2876.00 4368.00 54.914 -17.535 57.646 hs 4 hp 2818 4266 in 1 0 1 0 -1736 -9848 rl 16 np 0
T 2322 2255 2913.00 4348.00 53.988 -19.770 57.494 hs 5 hp 2810 4223 in 1 0 1 0 -1736 -9848 rl 15 np 0
T 2323 2256 2950.00 4329.00 53.988 -19.270 57.324 hs 0 hp 2913 4348 in 1 0 0 0 -1736 -9848 rl 14 np 0
T 2324 2257 2987.00 4310.00 53.988 -18.770 57.158 hs 0 hp 2950 4329 in 1 0 0 0 -1736 -9848 rl 13 np 0
T 2325 2258 3024.00 4292.00 53.988 -18.270 56.996 hs 4 hp 3108 4322 in 1 0 1 0 9952 980 rl 12 np 0
T 2326 2259 3061.00 4274.00 53.988 -17.770 56.837 hs 0 hp 3024 4292 in 1 0 0 0 9952 980 rl 11 np 0
T 2327 2260 3098.00 4258.00 54.262 -16.375 56.679 hs 5 hp 3072 4383 in 1 0 1 0 958 9954 rl 10 np 0
T 2328 2261 3135.00 4242.00 54.262 -15.875 56.536 hs 0 hp 3098 4258 in 1 0 0 0 958 9954 rl 9 np 0
T 2329 2262 3172.00 4228.00 54.262 -14.477 56.160 hs 5 hp 3135 4352 in 1 0 1 0 0 10000 rl 8 np 0
T 2330 2263 3209.00 4214.00 54.262 -13.977 56.033 hs 0 hp 3172 4228 in 1 0 0 0 0 10000 rl 7 np 0
T 2331 2264 3246.00 4201.00 54.262 -13.477 55.910 hs 0 hp 3209 4214 in 1 0 0 0 0 10000 rl 6 np 0
T 2332 2265 3283.00 4185.00 53.492 -15.797 55.776 hs 5 hp 3207 4095 in 1 0 1 0 -3420 -9397 rl 5 np 0
T 2333 2266 3320.00 4170.00 53.492 -15.297 55.636 hs 0 hp 3283 4185 in 1 0 0 0 -3420 -9397 rl 4 np 0
T 2334 2267 3357.00 4155.00 53.492 -14.797 55.501 hs 0 hp 3320 4170 in 1 0 0 0 -3420 -9397 rl 3 np 0
T 2335 2268 3394.00 4141.00 53.492 -14.297 55.370 hs 4 hp 3369 4034 in 1 0 1 0 980 -9952 rl 2 np 0
T 2336 2269 3431.00 4127.00 53.492 -13.797 55.243 hs 5 hp 3376 3967 in 1 0 1 0 980 -9952 rl 1 np 0
T 2337 2270 3467.00 4111.00 51.066 -16.133 53.554 hs 5 hp 3376 3967 in -1 0 1 0 980 -9952 rl 0 np 0
T 2338 2271 3501.00 4093.00 47.312 -18.168 50.681 hs 5 hp 3376 3967 in 0 0 1 0 980 -9952 rl 0 np 0
T 2339 2272 3533.00 4073.00 43.363 -19.797 47.669 hs 5 hp 3376 3967 in 0 0 1 0 980 -9952 rl 0 np 0
T 2340 2273 3563.00 4052.00 39.332 -20.977 44.576 hs 5 hp 3376 3967 in 0 0 1 0 980 -9952 rl 0 np 0
T 2341 2274 3592.00 4032.00 37.367 -20.477 42.610 hs 0 hp 3563 4052 in 0 0 0 0 980 -9952 rl 0 np 0
T 2342 2275 3619.00 4010.00 34.191 -22.402 40.877 hs 5 hp 3545 3967 in -1 0 1 0 -5878 -8090 rl 0 np 0
T 2343 2276 3643.00 3987.00 30.227 -23.410 38.232 hs 5 hp 3545 3967 in -1 0 1 0 -5878 -8090 rl 0 np 0
T 2344 2277 3664.00 3963.00 25.934 -23.512 35.005 hs 5 hp 3545 3967 in -1 0 1 0 -5878 -8090 rl 0 np 0
T 2345 2278 3684.00 3940.00 24.434 -23.012 33.564 hs 0 hp 3664 3963 in -1 0 0 0 -5878 -8090 rl 0 np 0
T 2346 2279 3701.00 3916.00 20.730 -24.414 32.028 hs 5 hp 3639 3903 in -1 0 1 0 -7730 -6344 rl 0 np 0
T 2347 2280 3716.00 3891.00 17.492 -24.531 30.129 hs 5 hp 3639 3903 in 0 0 1 0 -7730 -6344 rl 0 np 0
T 2348 2281 3730.00 3867.00 16.617 -24.031 29.217 hs 0 hp 3716 3891 in 0 0 0 0 -7730 -6344 rl 0 np 0
T 2349 2282 3742.00 3843.00 13.547 -23.824 27.406 hs 5 hp 3647 3859 in 0 0 1 0 -9952 -980 rl 0 np 0
T 2350 2283 3750.00 3820.00 9.238 -23.176 24.949 hs 5 hp 3647 3859 in -1 0 1 1 -4623 -8867 rl 24 np 1
T 2351 2284 3755.00 3808.00 5.074 -11.680 12.734 hs 5 hp 3647 3859 in -1 1 1 0 -9952 -980 rl 23 np 1
T 2352 2285 3766.00 3803.00 11.078 -5.047 12.174 hs 5 hp 3647 3859 in 0 0 1 0 -9952 -980 rl 22 np 0
E 2352 2285 ex 3705.5 3775.4 tee 3755.0 3808.0 dist 59.2 |f| 10.45
T 2353 2286 3777.00 3798.00 11.078 -4.547 11.975 hs 0 hp 3766 3803 in 1 0 0 0 -9952 -980 rl 21 np 0
T 2354 2287 3788.00 3795.00 11.176 -3.188 11.621 hs 5 hp 3800 3872 in 0 0 1 0 2903 9569 rl 20 np 0
T 2355 2288 3798.00 3793.00 10.023 -1.797 10.183 hs 5 hp 3800 3872 in -1 0 1 0 2903 9569 rl 19 np 0
T 2356 2289 3808.00 3793.00 10.094 -0.398 10.102 hs 5 hp 3800 3872 in 1 0 1 0 2903 9569 rl 18 np 0
T 2357 2290 3818.00 3794.00 9.867 0.996 9.917 hs 5 hp 3800 3872 in 1 0 1 0 2903 9569 rl 17 np 0
T 2358 2291 3828.00 3795.00 9.867 1.496 9.980 hs 0 hp 3818 3794 in 1 0 0 0 2903 9569 rl 16 np 0
T 2359 2292 3837.00 3797.00 9.375 1.996 9.585 hs 4 hp 3886 3903 in 0 0 1 0 4714 8819 rl 15 np 0
T 2360 2293 3847.00 3800.00 9.895 3.305 10.432 hs 5 hp 3921 3968 in 0 0 1 0 4714 8819 rl 14 np 0
T 2361 2294 3856.00 3805.00 9.301 4.629 10.389 hs 5 hp 3921 3968 in -1 0 1 0 4714 8819 rl 13 np 0
T 2362 2295 3866.00 3811.00 9.668 5.965 11.360 hs 5 hp 3921 3968 in 0 0 1 0 4714 8819 rl 12 np 0
T 2363 2296 3876.00 3818.00 10.609 7.312 12.885 hs 5 hp 3921 3968 in 1 0 1 0 4714 8819 rl 11 np 0
T 2364 2297 3886.00 3827.00 10.727 8.676 13.796 hs 5 hp 3921 3968 in 0 0 1 0 4714 8819 rl 10 np 0
T 2365 2298 3896.00 3837.00 9.770 10.051 14.016 hs 5 hp 3921 3968 in -1 0 1 0 4714 8819 rl 9 np 0
T 2366 2299 3905.00 3848.00 9.703 11.434 14.996 hs 5 hp 3921 3968 in 0 0 1 0 4714 8819 rl 8 np 0
T 2367 2300 3914.00 3860.00 9.703 11.934 15.381 hs 5 hp 3921 3968 in 1 0 1 0 4714 8819 rl 7 np 0
T 2368 2301 3923.00 3872.00 9.703 12.434 15.772 hs 5 hp 3921 3968 in 1 0 1 0 4714 8819 rl 6 np 0
T 2369 2302 3932.00 3885.00 9.703 12.934 16.169 hs 0 hp 3923 3872 in 1 0 0 0 4714 8819 rl 5 np 0
T 2370 2303 3941.00 3898.00 9.703 13.434 16.571 hs 5 hp 4000 3892 in 1 0 1 0 9952 980 rl 4 np 0
T 2371 2304 3950.00 3912.00 9.703 13.934 16.979 hs 5 hp 4000 3892 in 1 0 1 0 9952 980 rl 3 np 0
T 2372 2305 3959.00 3926.00 9.703 14.434 17.392 hs 5 hp 4000 3892 in 1 0 1 0 9952 980 rl 2 np 0
T 2373 2306 3970.00 3939.00 11.898 13.020 17.637 hs 5 hp 4000 3892 in 1 0 1 0 9952 980 rl 1 np 0
T 2374 2307 3981.00 3953.00 11.898 13.520 18.010 hs 0 hp 3970 3939 in 1 0 0 0 9952 980 rl 0 np 0
T 2375 2308 3994.00 3965.00 13.805 11.789 18.154 hs 5 hp 4026 3903 in 1 0 1 0 6691 -7431 rl 0 np 0
T 2376 2309 4016.00 3976.00 25.742 11.078 28.025 hs 0 hp 3994 3965 in 1 0 0 1 -9952 980 rl 24 np 0
E 2376 2309 ex 3967.4 3967.7 tee 3994.0 3965.0 dist 26.7 |f| 12.00
T 2377 2310 4038.00 3988.00 25.090 12.438 28.003 hs 5 hp 3999 4031 in 1 0 1 0 -2903 9569 rl 23 np 0
T 2378 2311 4060.00 4001.00 25.090 12.938 28.229 hs 0 hp 4038 3988 in 1 0 0 0 -2903 9569 rl 22 np 0
T 2379 2312 4083.00 4012.00 26.250 10.695 28.345 hs 5 hp 4104 3903 in 1 0 1 0 4067 -9135 rl 21 np 0
T 2380 2313 4106.00 4023.00 26.250 11.195 28.538 hs 0 hp 4083 4012 in 1 0 0 0 4067 -9135 rl 20 np 0
T 2381 2314 4129.00 4035.00 26.250 11.695 28.737 hs 0 hp 4106 4023 in 1 0 0 0 4067 -9135 rl 19 np 0
T 2382 2315 4152.00 4047.00 26.250 12.195 28.945 hs 4 hp 4206 3941 in 1 0 1 0 6344 -7730 rl 18 np 0
T 2383 2316 4175.00 4060.00 26.250 12.695 29.159 hs 5 hp 4237 3903 in 1 0 1 0 6344 -7730 rl 17 np 0
T 2384 2317 4198.00 4070.00 27.297 10.406 29.213 hs 5 hp 4237 3903 in 1 0 1 0 6344 -7730 rl 16 np 0
T 2385 2318 4221.00 4081.00 27.297 10.906 29.395 hs 0 hp 4198 4070 in 1 0 0 0 6344 -7730 rl 15 np 0
T 2386 2319 4244.00 4092.00 27.297 11.406 29.584 hs 4 hp 4279 3973 in 1 0 1 0 4714 -8819 rl 14 np 0
T 2387 2320 4268.00 4101.00 28.316 9.105 29.744 hs 5 hp 4316 3903 in 1 0 1 0 4714 -8819 rl 13 np 0
T 2388 2321 4293.00 4108.00 28.988 6.691 29.751 hs 5 hp 4316 3903 in 1 0 1 0 4714 -8819 rl 12 np 0
T 2389 2322 4318.00 4112.00 29.305 4.211 29.606 hs 5 hp 4316 3903 in 1 0 1 0 4714 -8819 rl 11 np 0
T 2390 2323 4343.00 4100.00 29.305 -12.000 31.666 hs 0 hp 4318 4112 in 1 1 0 0 4714 -8819 rl 10 np 0
