T 1163 1096 8092.00 1597.00 46.723 9.992 47.779 hs 4 hp 8115 1479 in 1 0 1 0 4711 -8821 rl 9 np 0
T 1164 1097 8126.00 1607.00 46.723 10.492 47.886 hs 4 hp 8153 1408 in 1 0 1 0 4695 -8829 rl 8 np 0
T 1165 1098 8161.00 1615.00 47.168 8.031 47.847 hs 5 hp 8160 1396 in 1 0 1 0 634 -773 rl 7 np 0
T 1166 1099 8196.00 1624.00 47.168 8.531 47.933 hs 0 hp 8161 1615 in 1 0 0 0 634 -773 rl 6 np 0
T 1167 1100 8231.00 1633.00 47.168 9.031 48.025 hs 4 hp 8234 1508 in 1 0 1 0 3131 -9497 rl 5 np 0
T 1168 1101 8266.00 1640.00 47.531 6.555 47.981 hs 5 hp 8256 1443 in 1 0 1 0 3090 -9511 rl 4 np 0
T 1169 1102 8301.00 1647.00 47.531 7.055 48.052 hs 0 hp 8266 1640 in 1 0 0 0 3090 -9511 rl 3 np 0
T 1170 1103 8336.00 1655.00 47.531 7.555 48.128 hs 0 hp 8301 1647 in 1 0 0 0 3090 -9511 rl 2 np 0
T 1171 1104 8371.00 1660.00 47.879 5.078 48.147 hs 5 hp 8351 1535 in 1 0 1 0 1219 -9925 rl 1 np 0
T 1172 1105 8406.00 1666.00 47.879 5.578 48.203 hs 0 hp 8371 1660 in 1 0 0 0 1219 -9925 rl 0 np 0
T 1173 1106 8441.00 1669.00 48.102 3.086 48.200 hs 5 hp 8414 1567 in 1 0 1 0 785 -9969 rl 0 np 0
T 1174 1107 8476.00 1673.00 48.102 3.586 48.235 hs 0 hp 8441 1669 in 1 0 0 0 785 -9969 rl 0 np 0
T 1175 1108 8511.00 1677.00 48.102 4.086 48.275 hs 0 hp 8476 1673 in 1 0 0 0 785 -9969 rl 0 np 0
T 1176 1109 8546.00 1679.00 48.250 1.590 48.276 hs 5 hp 8515 1599 in 1 0 1 0 523 -9986 rl 0 np 0
T 1177 1110 8581.00 1681.00 48.250 2.090 48.295 hs 0 hp 8546 1679 in 1 0 0 0 523 -9986 rl 0 np 0
T 1178 1111 8616.00 1681.00 48.273 -0.410 48.275 hs 5 hp 8582 1599 in 1 0 1 0 87 -10000 rl 0 np 0
T 1179 1112 8651.00 1681.00 48.273 0.090 48.274 hs 0 hp 8616 1681 in 1 0 0 0 87 -10000 rl 0 np 0
T 1180 1113 8686.00 1682.00 48.273 0.590 48.277 hs 0 hp 8651 1681 in 1 0 0 0 87 -10000 rl 0 np 0
T 1181 1114 8721.00 1683.00 48.273 1.090 48.286 hs 5 hp 8721 1567 in 1 0 1 0 2903 -9569 rl 0 np 0
T 1182 1115 8756.00 1685.00 48.273 1.590 48.300 hs 0 hp 8721 1683 in 1 0 0 0 2903 -9569 rl 0 np 0
T 1183 1116 8791.00 1687.00 48.273 2.090 48.319 hs 4 hp 8864 1743 in 1 0 1 0 8819 4714 rl 0 np 0
T 1184 1117 8826.00 1690.00 48.273 2.590 48.343 hs 4 hp 8935 1781 in 1 0 1 0 8819 4714 rl 0 np 0
T 1185 1118 8861.00 1693.00 48.273 3.090 48.372 hs 4 hp 9006 1819 in 1 0 1 0 8819 4714 rl 0 np 0
T 1186 1119 8896.00 1697.00 48.273 3.590 48.407 hs 5 hp 9024 1829 in 1 0 1 0 8819 4714 rl 0 np 0
T 1187 1120 8931.00 1701.00 48.273 4.090 48.446 hs 0 hp 8896 1697 in 1 0 0 0 8819 4714 rl 0 np 0
T 1188 1121 8966.00 1706.00 48.273 4.590 48.491 hs 0 hp 8931 1701 in 1 0 0 0 8819 4714 rl 0 np 0
T 1189 1122 9001.00 1711.00 48.273 5.090 48.541 hs 0 hp 8966 1706 in 1 0 0 0 8819 4714 rl 0 np 0
T 1190 1123 9036.00 1714.00 48.422 2.594 48.491 hs 5 hp 9004 1663 in 1 0 1 0 523 -9986 rl 0 np 0
T 1191 1124 9071.00 1717.00 48.422 3.094 48.521 hs 0 hp 9036 1714 in 1 0 0 1 9133 -4072 rl 24 np 1
T 1192 1125 9104.00 1732.00 44.289 14.859 46.715 hs 0 hp 9071 1717 in 1 0 0 0 523 -9986 rl 23 np 0
E 1192 1125 ex 9078.9 1695.4 tee 9071.0 1717.0 dist 23.0 |f| 12.00
T 1193 1126 9137.00 1744.00 44.883 12.426 46.571 hs 5 hp 9119 1663 in 1 0 1 0 2079 -9781 rl 22 np 0
T 1194 1127 9170.00 1757.00 44.883 12.926 46.707 hs 0 hp 9137 1744 in 1 0 0 0 2079 -9781 rl 21 np 0
T 1195 1128 9203.00 1770.00 44.883 13.426 46.848 hs 0 hp 9170 1757 in 1 0 0 0 2079 -9781 rl 20 np 0
T 1196 1129 9235.00 1784.00 42.641 13.926 44.857 hs 0 hp 9203 1770 in 0 0 0 0 2079 -9781 rl 19 np 0
T 1197 1130 9265.00 1799.00 39.449 15.219 42.283 hs 5 hp 9183 1881 in 0 0 1 0 -4714 8819 rl 18 np 0
T 1198 1131 9293.00 1815.00 35.934 16.355 39.481 hs 5 hp 9183 1881 in -1 0 1 0 -4714 8819 rl 17 np 0
T 1199 1132 9319.00 1832.00 32.207 17.320 36.569 hs 5 hp 9183 1881 in 0 0 1 0 -4714 8819 rl 16 np 0
T 1200 1133 9342.00 1850.00 28.027 18.125 33.377 hs 5 hp 9183 1881 in -1 0 1 0 -4714 8819 rl 15 np 0
T 1201 1134 9362.00 1869.00 23.730 18.797 30.273 hs 5 hp 9183 1881 in -1 0 1 0 -4714 8819 rl 14 np 0
T 1202 1135 9381.00 1888.00 22.543 19.297 29.674 hs 0 hp 9362 1869 in 0 0 0 0 -4714 8819 rl 13 np 0
T 1203 1136 9398.00 1909.00 19.410 20.535 28.257 hs 5 hp 9311 1988 in -1 0 1 0 -5736 8192 rl 12 np 0
T 1204 1137 9412.00 1931.00 15.801 21.641 26.795 hs 5 hp 9311 1988 in -1 0 1 0 -5736 8192 rl 11 np 0
T 1205 1138 9422.00 1954.00 11.820 22.582 25.489 hs 5 hp 9311 1988 in -1 0 1 0 -5736 8192 rl 10 np 0
T 1206 1139 9429.00 1977.00 7.594 23.344 24.548 hs 5 hp 9311 1988 in -1 0 1 0 -5736 8192 rl 9 np 0
T 1207 1140 9432.00 2001.00 3.258 23.926 24.147 hs 5 hp 9311 1988 in -1 0 1 0 -5736 8192 rl 8 np 0
T 1208 1141 9431.00 2025.00 -1.074 24.105 24.129 hs 5 hp 9311 1988 in -1 0 1 0 -5736 8192 rl 7 np 0
T 1209 1142 9429.00 2050.00 -2.574 24.605 24.740 hs 0 hp 9431 2025 in -1 0 0 0 -5736 8192 rl 6 np 0
T 1210 1143 9425.00 2075.00 -4.074 25.105 25.434 hs 0 hp 9429 2050 in -1 0 0 0 -5736 8192 rl 5 np 0
T 1211 1144 9418.00 2100.00 -7.754 24.828 26.011 hs 5 hp 9311 2044 in -1 0 1 0 -9659 -2588 rl 4 np 0
T 1212 1145 9409.00 2124.00 -10.277 23.938 26.050 hs 5 hp 9311 2044 in -1 0 1 0 -9659 -2588 rl 3 np 0
T 1213 1146 9400.00 2129.00 -10.277 0.000 10.277 hs 0 hp 9409 2124 in -1 0 0 0 -9659 -2588 rl 2 np 0
T 1214 1147 9390.00 2129.00 -10.277 0.500 10.289 hs 4 hp 9292 2071 in -1 0 1 0 -8819 -4714 rl 1 np 0
T 1215 1148 9377.00 2129.00 -12.750 -0.492 12.759 hs 5 hp 9248 2047 in -1 0 1 0 -8819 -4714 rl 0 np 0
T 1216 1149 9364.00 2129.00 -12.750 0.008 12.750 hs 0 hp 9377 2129 in -1 0 0 0 -8819 -4714 rl 0 np 0
T 1217 1150 9350.00 2127.00 -14.559 -1.812 14.671 hs 5 hp 9297 2047 in -1 0 1 0 -6344 -7730 rl 0 np 0
T 1218 1151 9328.00 2120.00 -25.113 -7.023 26.077 hs 0 hp 9350 2127 in -1 0 0 1 8819 4714 rl 24 np 0
E 1218 1151 ex 9381.1 2143.8 tee 9350.0 2127.0 dist 35.4 |f| 12.00
T 1219 1152 9306.00 2113.00 -25.113 -6.523 25.947 hs 4 hp 9449 2132 in -1 0 1 0 9952 980 rl 23 np 0
T 1220 1153 9284.00 2107.00 -25.113 -6.023 25.826 hs 0 hp 9306 2113 in -1 0 0 0 9952 980 rl 22 np 0
T 1221 1154 9262.00 2101.00 -25.113 -5.523 25.714 hs 4 hp 9405 2119 in -1 0 1 0 9952 980 rl 21 np 0
T 1222 1155 9240.00 2096.00 -25.113 -5.023 25.611 hs 0 hp 9262 2101 in -1 0 0 0 9952 980 rl 20 np 0
T 1223 1156 9218.00 2091.00 -25.113 -4.523 25.517 hs 5 hp 9197 2015 in -1 0 1 0 -4714 -8819 rl 19 np 0
T 1224 1157 9196.00 2079.00 -25.113 -12.000 27.833 hs 5 hp 9197 2015 in -1 1 1 0 -4714 -8819 rl 18 np 0
T 1225 1158 9174.00 2068.00 -25.113 -11.500 27.621 hs 5 hp 9197 2015 in -1 0 1 0 -4714 -8819 rl 17 np 0
T 1226 1159 9152.00 2057.00 -25.113 -11.000 27.417 hs 0 hp 9174 2068 in -1 0 0 0 -4714 -8819 rl 16 np 0
T 1227 1160 9130.00 2047.00 -25.113 -10.500 27.220 hs 4 hp 9273 2069 in -1 0 1 0 9952 980 rl 15 np 0
T 1228 1161 9108.00 2037.00 -25.113 -10.000 27.031 hs 0 hp 9130 2047 in -1 0 0 0 9952 980 rl 14 np 0
T 1229 1162 9086.00 2027.00 -25.113 -9.500 26.850 hs 0 hp 9108 2037 in -1 0 0 0 9952 980 rl 13 np 0
T 1230 1163 9064.00 2018.00 -25.113 -9.000 26.677 hs 0 hp 9086 2027 in -1 0 0 0 9952 980 rl 12 np 0
T 1231 1164 9042.00 2010.00 -25.113 -8.500 26.513 hs 4 hp 9185 2030 in -1 0 1 0 9952 980 rl 11 np 0
T 1232 1165 9020.00 2002.00 -25.113 -8.000 26.357 hs 0 hp 9042 2010 in -1 0 0 0 9952 980 rl 10 np 0
T 1233 1166 8998.00 1995.00 -25.113 -7.500 26.209 hs 0 hp 9020 2002 in -1 0 0 0 9952 980 rl 9 np 0
T 1234 1167 8976.00 1988.00 -25.113 -7.000 26.071 hs 5 hp 8927 2082 in -1 0 1 0 -6344 7730 rl 8 np 0
T 1235 1168 8954.00 1981.00 -25.113 -6.500 25.941 hs 5 hp 8927 2082 in -1 0 1 0 -6344 7730 rl 7 np 0
T 1236 1169 8932.00 1975.00 -25.113 -6.000 25.820 hs 0 hp 8954 1981 in -1 0 0 0 -6344 7730 rl 6 np 0
T 1237 1170 8910.00 1970.00 -25.289 -4.602 25.704 hs 5 hp 8926 2080 in -1 0 1 0 -610 9981 rl 5 np 0
T 1238 1171 8888.00 1966.00 -25.289 -4.102 25.620 hs 0 hp 8910 1970 in -1 0 0 0 -610 9981 rl 4 np 0
T 1239 1172 8866.00 1963.00 -25.387 -2.703 25.530 hs 5 hp 8885 2048 in -1 0 1 0 -349 9994 rl 3 np 0
T 1240 1173 8844.00 1961.00 -25.387 -2.203 25.482 hs 0 hp 8866 1963 in -1 0 0 0 -349 9994 rl 2 np 0
T 1241 1174 8821.00 1960.00 -25.410 -0.805 25.423 hs 5 hp 8844 2016 in -1 0 1 0 -87 10000 rl 1 np 0
T 1242 1175 8798.00 1960.00 -25.410 -0.305 25.412 hs 0 hp 8821 1960 in -1 0 0 0 -87 10000 rl 0 np 0
T 1243 1176 8775.00 1960.00 -25.410 0.195 25.411 hs 0 hp 8798 1960 in -1 0 0 1 1238 -9923 rl 24 np 1
T 1244 1177 8749.00 1970.00 -32.012 10.375 33.651 hs 0 hp 8775 1960 in -1 0 0 0 -87 10000 rl 23 np 0
E 1244 1177 ex 8803.2 1918.6 tee 8775.0 1960.0 dist 50.1 |f| 11.72
T 1245 1178 8723.00 1981.00 -32.012 10.875 33.809 hs 0 hp 8749 1970 in -1 0 0 0 -87 10000 rl 22 np 0
T 1246 1179 8697.00 1992.00 -32.012 11.375 33.973 hs 4 hp 8800 2075 in -1 0 1 0 6344 7730 rl 21 np 0
T 1247 1180 8671.00 2004.00 -32.012 11.875 34.143 hs 0 hp 8697 1992 in -1 0 0 0 6344 7730 rl 20 np 0
T 1248 1181 8645.00 2016.00 -32.012 12.375 34.320 hs 5 hp 8601 1919 in -1 0 1 0 -6344 -7730 rl 19 np 0
T 1249 1182 8619.00 2029.00 -32.012 12.875 34.504 hs 0 hp 8645 2016 in -1 0 0 0 -6344 -7730 rl 18 np 0
T 1250 1183 8593.00 2042.00 -32.012 13.375 34.694 hs 4 hp 8740 2041 in -1 0 1 0 9952 980 rl 17 np 0
T 1251 1184 8567.00 2056.00 -32.012 13.875 34.889 hs 0 hp 8593 2042 in -1 0 0 0 9952 980 rl 16 np 0
T 1252 1185 8541.00 2070.00 -32.012 14.375 35.091 hs 5 hp 8511 1951 in -1 0 1 0 -4714 -8819 rl 15 np 0
T 1253 1186 8514.00 2082.00 -32.707 11.965 34.827 hs 5 hp 8511 1951 in -1 0 1 0 -4714 -8819 rl 14 np 0
T 1254 1187 8487.00 2094.00 -32.707 12.465 35.002 hs 0 hp 8514 2082 in -1 0 0 0 -4714 -8819 rl 13 np 0
T 1255 1188 8460.00 2104.00 -33.684 10.145 35.178 hs 5 hp 8447 1983 in -1 0 1 0 -3420 -9397 rl 12 np 0
T 1256 1189 8433.00 2115.00 -33.684 10.645 35.325 hs 0 hp 8460 2104 in -1 0 0 0 -3420 -9397 rl 11 np 0
T 1257 1190 8405.00 2123.00 -34.469 8.262 35.445 hs 5 hp 8404 2015 in -1 0 1 0 -2756 -9613 rl 10 np 0
T 1258 1191 8377.00 2132.00 -34.469 8.762 35.565 hs 0 hp 8405 2123 in -1 0 0 0 -2756 -9613 rl 9 np 0
T 1259 1192 8348.00 2138.00 -35.086 6.332 35.653 hs 5 hp 8365 2079 in -1 0 1 0 -2164 -9763 rl 8 np 0
T 1260 1193 8319.00 2145.00 -35.086 6.832 35.745 hs 0 hp 8348 2138 in -1 0 0 0 -2164 -9763 rl 7 np 0
T 1261 1194 8290.00 2149.00 -35.555 4.375 35.823 hs 5 hp 8308 2079 in -1 0 1 0 -1650 -9863 rl 6 np 0
T 1262 1195 8261.00 2154.00 -35.555 4.875 35.887 hs 0 hp 8290 2149 in -1 0 0 0 -1650 -9863 rl 5 np 0
T 1263 1196 8232.00 2156.00 -35.777 2.383 35.857 hs 5 hp 8255 2079 in -1 0 1 0 -785 -9969 rl 4 np 0
T 1264 1197 8203.00 2159.00 -35.777 2.883 35.893 hs 0 hp 8232 2156 in -1 0 0 0 -785 -9969 rl 3 np 0
T 1265 1198 8174.00 2159.00 -35.852 0.383 35.854 hs 5 hp 8201 2079 in -1 0 1 0 -262 -9997 rl 2 np 0
T 1266 1199 8145.00 2160.00 -35.852 0.883 35.862 hs 0 hp 8174 2159 in -1 0 0 0 -262 -9997 rl 1 np 0
T 1267 1200 8116.00 2158.00 -35.812 -1.617 35.849 hs 5 hp 8146 2079 in -1 0 1 0 175 -9998 rl 0 np 0
T 1268 1201 8087.00 2157.00 -35.812 -1.117 35.830 hs 0 hp 8116 2158 in -1 0 0 0 175 -9998 rl 0 np 0
T 1269 1202 8058.00 2153.00 -35.617 -3.605 35.799 hs 5 hp 8094 2079 in -1 0 1 0 872 -9962 rl 0 np 0
T 1270 1203 8029.00 2150.00 -35.617 -3.105 35.752 hs 0 hp 8058 2153 in -1 0 0 0 872 -9962 rl 0 np 0
T 1271 1204 8000.00 2144.00 -35.266 -5.570 35.703 hs 5 hp 8040 2079 in -1 0 1 0 1564 -9877 rl 0 np 0
T 1272 1205 7971.00 2139.00 -35.266 -5.070 35.628 hs 0 hp 8000 2144 in -1 0 0 0 1564 -9877 rl 0 np 0
T 1273 1206 7942.00 2134.00 -35.266 -4.570 35.561 hs 0 hp 7971 2139 in -1 0 0 0 1564 -9877 rl 0 np 0
T 1274 1207 7913.00 2130.00 -35.266 -4.070 35.500 hs 4 hp 8036 2211 in -1 0 1 0 7730 6344 rl 0 np 0
T 1275 1208 7884.00 2126.00 -35.266 -3.570 35.446 hs 0 hp 7913 2130 in -1 0 0 1 -9775 -2110 rl 24 np 1
T 1276 1209 7855.00 2123.00 -35.266 -3.070 35.399 hs 0 hp 7884 2126 in -1 0 0 0 7730 6344 rl 23 np 1
T 1277 1210 7827.00 2117.00 -34.914 -5.535 35.350 hs 5 hp 7867 2047 in -1 0 1 0 1564 -9877 rl 22 np 1
T 1278 1211 7799.00 2112.00 -34.914 -5.035 35.275 hs 0 hp 7827 2117 in -1 0 0 0 1564 -9877 rl 21 np 1
T 1279 1212 7771.00 2107.00 -34.914 -4.535 35.207 hs 4 hp 7893 2189 in -1 0 1 0 7730 6344 rl 20 np 1
T 1280 1213 7743.00 2103.00 -34.914 -4.035 35.146 hs 4 hp 7955 2240 in -1 0 1 0 7730 6344 rl 19 np 1
T 1281 1214 7714.00 2099.00 -34.914 -3.535 35.093 hs 0 hp 7743 2103 in -1 0 0 0 7730 6344 rl 18 np 1
T 1282 1215 7685.00 2096.00 -34.914 -3.035 35.046 hs 4 hp 7808 2176 in -1 0 1 0 7730 6344 rl 17 np 1
T 1283 1216 7656.00 2093.00 -34.914 -2.535 35.006 hs 4 hp 7870 2227 in -1 0 1 0 7730 6344 rl 16 np 1
T 1284 1217 7627.00 2091.00 -34.914 -2.035 34.973 hs 0 hp 7656 2093 in -1 0 0 0 7730 6344 rl 15 np 1
T 1285 1218 7593.00 2085.00 -44.871 -5.691 45.231 hs 0 hp 7627 2091 in -1 0 0 0 7730 6344 rl 14 np 0
E 1285 1218 ex 7679.4 2112.9 tee 7627.0 2091.0 dist 56.8 |f| 10.79
T 1286 1219 7559.00 2080.00 -44.871 -5.191 45.170 hs 4 hp 7628 2202 in -1 0 1 0 2903 9569 rl 13 np 0
T 1287 1220 7525.00 2075.00 -44.871 -4.691 45.116 hs 0 hp 7559 2080 in -1 0 0 0 2903 9569 rl 12 np 0
T 1288 1221 7491.00 2071.00 -44.871 -4.191 45.066 hs 4 hp 7642 2110 in -1 0 1 0 9569 2903 rl 11 np 0
T 1289 1222 7457.00 2067.00 -44.871 -3.691 45.023 hs 0 hp 7491 2071 in -1 0 0 0 9569 2903 rl 10 np 0
T 1290 1223 7423.00 2065.00 -44.922 -2.293 44.980 hs 5 hp 7455 2176 in -1 0 1 0 -175 9998 rl 9 np 0
T 1291 1224 7389.00 2063.00 -44.922 -1.793 44.958 hs 0 hp 7423 2065 in -1 0 0 0 -175 9998 rl 8 np 0
T 1292 1225 7355.00 2062.00 -44.922 -1.293 44.940 hs 0 hp 7389 2063 in -1 0 0 0 -175 9998 rl 7 np 0
T 1293 1226 7321.00 2058.00 -44.766 -3.785 44.925 hs 5 hp 7363 1951 in -1 0 1 0 698 -9976 rl 6 np 0
T 1294 1227 7287.00 2055.00 -44.766 -3.285 44.886 hs 0 hp 7321 2058 in -1 0 0 0 698 -9976 rl 5 np 0
T 1295 1228 7253.00 2052.00 -44.766 -2.785 44.852 hs 4 hp 7404 2090 in -1 0 1 0 9569 2903 rl 4 np 0
T 1296 1229 7219.00 2050.00 -44.766 -2.285 44.824 hs 0 hp 7253 2052 in -1 0 0 0 9569 2903 rl 3 np 0
T 1297 1230 7185.00 2045.00 -44.531 -4.770 44.786 hs 5 hp 7226 1983 in -1 0 1 0 1045 -9945 rl 2 np 0
T 1298 1231 7151.00 2041.00 -44.531 -4.270 44.735 hs 0 hp 7185 2045 in -1 0 0 0 1045 -9945 rl 1 np 0
T 1299 1232 7117.00 2037.00 -44.531 -3.770 44.691 hs 0 hp 7151 2041 in -1 0 0 0 1045 -9945 rl 0 np 0
T 1300 1233 7083.00 2034.00 -44.531 -3.270 44.651 hs 0 hp 7117 2037 in -1 0 0 1 178 -9998 rl 24 np 1
T 1301 1234 7047.00 2040.00 -50.223 5.547 50.528 hs 0 hp 7083 2034 in -1 0 0 0 1045 -9945 rl 23 np 0
E 1301 1234 ex 7118.0 1982.9 tee 7083.0 2034.0 dist 61.9 |f| 10.08
T 1302 1235 7011.00 2046.00 -50.223 6.047 50.585 hs 0 hp 7047 2040 in -1 0 0 0 1045 -9945 rl 22 np 0
T 1303 1236 6975.00 2053.00 -50.223 6.547 50.648 hs 4 hp 7128 2081 in -1 0 1 0 9569 2903 rl 21 np 0
T 1304 1237 6939.00 2060.00 -50.223 7.047 50.715 hs 4 hp 7205 2104 in -1 0 1 0 9569 2903 rl 20 np 0
T 1305 1238 6903.00 2068.00 -50.223 7.547 50.787 hs 0 hp 6939 2060 in -1 0 0 0 9569 2903 rl 19 np 0
T 1306 1239 6867.00 2076.00 -50.223 8.047 50.863 hs 4 hp 7011 2126 in -1 0 1 0 8819 4714 rl 18 np 0
T 1307 1240 6831.00 2085.00 -50.223 8.547 50.945 hs 4 hp 7082 2164 in -1 0 1 0 8819 4714 rl 17 np 0
T 1308 1241 6795.00 2094.00 -50.223 9.047 51.031 hs 0 hp 6831 2085 in -1 0 0 0 8819 4714 rl 16 np 0
T 1309 1242 6759.00 2104.00 -50.223 9.547 51.122 hs 0 hp 6795 2094 in -1 0 0 0 8819 4714 rl 15 np 0
T 1310 1243 6723.00 2111.00 -50.645 7.078 51.137 hs 5 hp 6751 2054 in -1 0 1 0 -1478 -9890 rl 14 np 0
T 1311 1244 6687.00 2119.00 -50.645 7.578 51.208 hs 0 hp 6723 2111 in -1 0 0 0 -1478 -9890 rl 13 np 0
T 1312 1245 6651.00 2127.00 -50.645 8.078 51.285 hs 0 hp 6687 2119 in -1 0 0 0 -1478 -9890 rl 12 np 0
T 1313 1246 6615.00 2133.00 -50.992 5.602 51.299 hs 5 hp 6641 2047 in -1 0 1 0 -1219 -9925 rl 11 np 0
T 1314 1247 6579.00 2139.00 -50.992 6.102 51.356 hs 0 hp 6615 2133 in -1 0 0 0 -1219 -9925 rl 10 np 0
T 1315 1248 6543.00 2146.00 -50.992 6.602 51.418 hs 4 hp 6687 2197 in -1 0 1 0 8819 4714 rl 9 np 0
T 1316 1249 6507.00 2153.00 -50.992 7.102 51.484 hs 0 hp 6543 2146 in -1 0 0 0 8819 4714 rl 8 np 0
T 1317 1250 6471.00 2161.00 -50.992 7.602 51.556 hs 0 hp 6507 2153 in -1 0 0 0 8819 4714 rl 7 np 0
T 1318 1251 6435.00 2169.00 -50.992 8.102 51.632 hs 0 hp 6471 2161 in -1 0 0 0 8819 4714 rl 6 np 0
T 1319 1252 6399.00 2178.00 -50.992 8.602 51.713 hs 5 hp 6425 2272 in -1 0 1 0 -980 9952 rl 5 np 0
T 1320 1253 6363.00 2188.00 -50.391 9.969 51.367 hs 5 hp 6425 2272 in -1 0 1 0 -980 9952 rl 4 np 0
T 1321 1254 6327.00 2198.00 -50.391 10.469 51.467 hs 0 hp 6363 2188 in -1 0 0 0 -980 9952 rl 3 np 0
T 1322 1255 6291.00 2209.00 -50.391 10.969 51.571 hs 4 hp 6444 2233 in -1 0 1 0 9569 2903 rl 2 np 0
T 1323 1256 6255.00 2220.00 -50.391 11.469 51.679 hs 4 hp 6521 2256 in -1 0 1 0 9569 2903 rl 1 np 0
T 1324 1257 6219.00 2232.00 -50.391 11.969 51.793 hs 0 hp 6255 2220 in -1 0 0 0 9569 2903 rl 0 np 0
T 1325 1258 6183.00 2244.00 -50.391 12.469 51.910 hs 5 hp 6229 2336 in -1 0 1 0 980 9952 rl 0 np 0
T 1326 1259 6147.00 2257.00 -50.391 12.969 52.033 hs 0 hp 6183 2244 in -1 0 0 0 980 9952 rl 0 np 0
T 1327 1260 6111.00 2270.00 -50.391 13.469 52.160 hs 5 hp 6139 2336 in -1 0 1 0 -980 9952 rl 0 np 0
T 1328 1261 6075.00 2284.00 -50.391 13.969 52.291 hs 0 hp 6111 2270 in -1 0 0 0 -980 9952 rl 0 np 0
T 1329 1262 6040.00 2299.00 -49.738 15.328 52.047 hs 5 hp 6100 2368 in -1 0 1 0 2903 9569 rl 0 np 0
T 1330 1263 6005.00 2315.00 -49.738 15.828 52.196 hs 0 hp 6040 2299 in -1 0 0 0 2903 9569 rl 0 np 0
T 1331 1264 5970.00 2331.00 -49.738 16.328 52.350 hs 4 hp 6126 2327 in -1 0 1 0 9952 980 rl 0 np 0
T 1332 1265 5935.00 2348.00 -49.738 16.828 52.508 hs 0 hp 5970 2331 in -1 0 0 0 9952 980 rl 0 np 0
T 1333 1266 5900.00 2366.00 -49.086 18.188 52.347 hs 5 hp 5951 2400 in -1 0 1 0 2903 9569 rl 0 np 0
T 1334 1267 5866.00 2385.00 -47.586 18.688 51.124 hs 0 hp 5900 2366 in 1 0 0 0 2903 9569 rl 0 np 0
T 1335 1268 5834.00 2405.00 -44.555 20.047 48.857 hs 5 hp 5890 2464 in 0 0 1 0 2903 9569 rl 0 np 0
T 1336 1269 5804.00 2426.00 -40.777 21.199 45.959 hs 5 hp 5890 2464 in 0 0 1 0 2903 9569 rl 0 np 0
T 1337 1270 5776.00 2448.00 -36.680 22.062 42.804 hs 5 hp 5890 2464 in 0 0 1 0 2903 9569 rl 0 np 0
T 1338 1271 5751.00 2471.00 -32.355 22.688 39.517 hs 5 hp 5890 2464 in 1 0 1 0 2903 9569 rl 0 np 0
T 1339 1272 5728.00 2494.00 -28.008 23.035 36.264 hs 5 hp 5890 2464 in 1 0 1 0 2903 9569 rl 0 np 0
T 1340 1273 5706.00 2518.00 -26.609 23.535 35.524 hs 0 hp 5728 2494 in 0 0 0 0 2903 9569 rl 0 np 0
T 1341 1274 5687.00 2542.00 -22.598 24.461 33.302 hs 5 hp 5792 2564 in 1 0 1 0 8819 4714 rl 0 np 0
T 1342 1275 5672.00 2567.00 -18.309 25.145 31.104 hs 5 hp 5792 2564 in 1 0 1 0 8819 4714 rl 0 np 0
T 1343 1276 5660.00 2593.00 -13.961 25.570 29.133 hs 5 hp 5792 2564 in 1 0 1 0 8819 4714 rl 0 np 0
T 1344 1277 5652.00 2618.00 -9.676 25.426 27.205 hs 5 hp 5792 2564 in 1 0 1 1 -2490 9685 rl 24 np 1
T 1345 1278 5644.00 2644.00 -9.676 25.926 27.672 hs 0 hp 5652 2618 in -1 0 0 0 8819 4714 rl 23 np 1
T 1346 1279 5637.00 2670.00 -8.176 26.426 27.662 hs 0 hp 5644 2644 in 1 0 0 0 8819 4714 rl 22 np 1
T 1347 1280 5630.00 2697.00 -8.176 26.926 28.140 hs 0 hp 5637 2670 in -1 0 0 0 8819 4714 rl 21 np 1
T 1348 1281 5621.00 2723.00 -10.844 26.375 28.517 hs 5 hp 5519 2655 in -1 0 1 0 -9367 -3502 rl 20 np 1
T 1349 1282 5610.00 2748.00 -13.215 25.211 28.464 hs 5 hp 5519 2655 in -1 0 1 0 -9367 -3502 rl 19 np 1
T 1350 1283 5597.00 2772.00 -15.207 23.566 28.047 hs 5 hp 5519 2655 in -1 0 1 0 -9367 -3502 rl 18 np 1
T 1351 1284 5582.00 2794.00 -16.789 21.570 27.334 hs 5 hp 5519 2655 in -1 0 1 0 -9367 -3502 rl 17 np 1
T 1352 1285 5566.00 2813.00 -17.965 19.336 26.393 hs 5 hp 5519 2655 in -1 0 1 0 -9367 -3502 rl 16 np 1
T 1353 1286 5549.00 2830.00 -18.777 16.961 25.303 hs 5 hp 5519 2655 in -1 0 1 0 -9367 -3502 rl 15 np 1
T 1354 1287 5524.00 2841.00 -29.562 11.102 31.578 hs 5 hp 5519 2655 in -1 0 1 0 -9367 -3502 rl 14 np 0
E 1354 1287 ex 5602.5 2847.7 tee 5549.0 2830.0 dist 56.3 |f| 10.85
T 1355 1288 5499.00 2853.00 -29.562 11.602 31.757 hs 0 hp 5524 2841 in -1 0 0 0 -9367 -3502 rl 13 np 0
T 1356 1289 5474.00 2865.00 -29.562 12.102 31.944 hs 0 hp 5499 2853 in -1 0 0 0 -9367 -3502 rl 12 np 0
T 1357 1290 5449.00 2878.00 -29.562 12.602 32.136 hs 0 hp 5474 2865 in -1 0 0 0 -9367 -3502 rl 11 np 0
T 1358 1291 5424.00 2891.00 -29.562 13.102 32.336 hs 4 hp 5570 2890 in -1 0 1 0 9952 980 rl 10 np 0
T 1359 1292 5399.00 2879.00 -29.562 -12.000 31.905 hs 0 hp 5424 2891 in -1 1 0 0 9952 980 rl 9 np 0
T 1360 1293 5374.00 2868.00 -29.562 -11.500 31.721 hs 0 hp 5399 2879 in -1 0 0 0 9952 980 rl 8 np 0
T 1361 1294 5349.00 2857.00 -29.562 -11.000 31.543 hs 0 hp 5374 2868 in -1 0 0 0 9952 980 rl 7 np 0
T 1362 1295 5324.00 2847.00 -29.859 -9.605 31.366 hs 5 hp 5336 2976 in -1 0 1 0 -1045 9945 rl 6 np 0
T 1363 1296 5299.00 2839.00 -29.652 -8.211 30.768 hs 5 hp 5336 2976 in -1 0 1 0 -1045 9945 rl 5 np 0
T 1364 1297 5274.00 2831.00 -29.652 -7.711 30.639 hs 0 hp 5299 2839 in -1 0 0 0 -1045 9945 rl 4 np 0
T 1365 1298 5249.00 2824.00 -29.652 -7.211 30.517 hs 0 hp 5274 2831 in -1 0 0 0 -1045 9945 rl 3 np 0
T 1366 1299 5224.00 2817.00 -29.652 -6.711 30.402 hs 0 hp 5249 2824 in -1 0 0 0 -1045 9945 rl 2 np 0
T 1367 1300 5199.00 2811.00 -29.652 -6.211 30.296 hs 0 hp 5224 2817 in -1 0 0 0 -1045 9945 rl 1 np 0
T 1368 1301 5174.00 2805.00 -29.652 -5.711 30.197 hs 0 hp 5199 2811 in -1 0 0 0 -1045 9945 rl 0 np 0
T 1369 1302 5149.00 2800.00 -29.652 -5.211 30.107 hs 0 hp 5174 2805 in -1 0 0 0 -1045 9945 rl 0 np 0
T 1370 1303 5124.00 2795.00 -29.652 -4.711 30.024 hs 0 hp 5149 2800 in -1 0 0 1 3622 -9321 rl 24 np 1
T 1371 1304 5094.00 2798.00 -36.809 2.852 36.919 hs 0 hp 5124 2795 in -1 0 0 0 -1045 9945 rl 23 np 0
E 1371 1304 ex 5168.2 2751.4 tee 5124.0 2795.0 dist 62.1 |f| 10.06
T 1372 1305 5064.00 2801.00 -36.809 3.352 36.961 hs 0 hp 5094 2798 in -1 0 0 0 -1045 9945 rl 22 np 0
T 1373 1306 5034.00 2802.00 -36.934 0.855 36.944 hs 5 hp 5062 2751 in -1 0 1 0 -436 -9990 rl 21 np 0
