T 1163 1096 8092.00 1597.00 46.723 9.992 47.779 hs 4 hp 8115 1479 in 1 0 1 0 4711 -8821 rl 9 np 0
T 1164 1097 8126.00 1607.00 46.723 10.492 47.886 hs 4 hp 8153 1408 in 1 0 1 0 4695 -8829 rl 8 np 0
T 1165 1098 8161.00 1615.00 47.168 8.031 47.847 hs 5 hp 8160 1396 in 1 0 1 0 634 -773 rl 7 np 0
T 1166 1099 8196.00 1624.00 47.168 8.531 47.933 hs 0 hp 8161 1615 in 1 0 0 0 634 -773 rl 6 np 0
T 1167 1100 8231.00 1633.00 47.168 9.031 48.025 hs 4 hp 8234 1508 in 1 0 1 0 3131 -9497 rl 5 np 0
T 1168 1101 8266.00 1640.00 47.531 6.555 47.981 hs 5 hp 8256 1443 in 1 0 1 0 3090 -9511 rl 4 np 0
T 1169 1102 8301.00 1644.00 47.418 4.059 47.591 hs 5 hp 8256 1443 in 1 0 1 0 4720 -8816 rl 3 np 0
T 1170 1103 8336.00 1646.00 46.926 1.633 46.954 hs 5 hp 8256 1443 in 1 0 1 0 4720 -8816 rl 2 np 0
T 1171 1104 8371.00 1648.00 46.926 2.133 46.974 hs 0 hp 8336 1646 in 1 0 0 0 4714 -8819 rl 1 np 0
T 1172 1105 8406.00 1648.00 46.949 -0.367 46.951 hs 5 hp 8372 1535 in 1 0 1 0 88 -10000 rl 0 np 0
T 1173 1106 8441.00 1648.00 46.949 0.133 46.949 hs 0 hp 8406 1648 in 1 0 0 0 831 -556 rl 0 np 0
T 1174 1107 8476.00 1649.00 46.949 0.633 46.953 hs 0 hp 8441 1648 in 1 0 0 0 831 -556 rl 0 np 0
T 1175 1108 8511.00 1650.00 46.949 1.133 46.963 hs 0 hp 8476 1649 in 1 0 0 1 8889 -4581 rl 24 np 1
T 1176 1109 8546.00 1652.00 46.949 1.633 46.978 hs 4 hp 8623 1603 in 1 0 1 0 9213 -3889 rl 23 np 1
T 1177 1110 8581.00 1654.00 46.949 2.133 46.998 hs 4 hp 8697 1572 in 1 0 1 0 2903 -9569 rl 22 np 1
T 1178 1111 8616.00 1657.00 46.949 2.633 47.023 hs 5 hp 8708 1567 in 1 0 1 0 2903 -9569 rl 21 np 1
T 1179 1112 8651.00 1660.00 46.949 3.133 47.054 hs 5 hp 8708 1567 in 1 0 1 0 2903 -9569 rl 20 np 1
T 1180 1113 8687.00 1668.00 51.641 8.105 52.273 hs 0 hp 8651 1660 in 1 0 0 0 785 -9969 rl 19 np 0
E 1180 1113 ex 8587.3 1599.3 tee 8651.0 1660.0 dist 88.0 |f| 6.48
T 1181 1114 8724.00 1674.00 51.988 5.629 52.292 hs 5 hp 8699 1567 in 1 0 1 0 1219 -9925 rl 18 np 0
T 1182 1115 8761.00 1680.00 51.988 6.129 52.348 hs 0 hp 8724 1674 in 1 0 0 0 785 -9969 rl 17 np 0
T 1183 1116 8798.00 1684.00 52.270 3.645 52.396 hs 5 hp 8772 1567 in 1 0 1 0 980 -9952 rl 16 np 0
T 1184 1117 8835.00 1688.00 52.270 4.145 52.434 hs 0 hp 8798 1684 in 1 0 0 0 785 -9969 rl 15 np 0
T 1185 1118 8872.00 1693.00 52.270 4.645 52.475 hs 4 hp 8779 1579 in 1 0 1 0 -4560 -8900 rl 14 np 0
T 1186 1119 8909.00 1698.00 52.270 5.145 52.522 hs 0 hp 8872 1693 in 1 0 0 0 -980 9952 rl 13 np 0
T 1187 1120 8946.00 1704.00 52.270 5.645 52.573 hs 4 hp 8921 1819 in 1 0 1 0 980 9952 rl 12 np 0
T 1188 1121 8983.00 1710.00 52.270 6.145 52.629 hs 0 hp 8946 1704 in 1 0 0 0 0 -10000 rl 11 np 0
T 1189 1122 9020.00 1717.00 52.270 6.645 52.690 hs 4 hp 8995 1831 in 1 0 1 0 980 9952 rl 10 np 0
T 1190 1123 9057.00 1725.00 51.906 8.031 52.524 hs 5 hp 8997 1856 in 1 0 1 0 980 9952 rl 9 np 0
T 1191 1124 9094.00 1734.00 51.906 8.531 52.603 hs 0 hp 9057 1725 in 1 0 0 0 0 10000 rl 8 np 0
T 1192 1125 9131.00 1743.00 51.906 9.031 52.686 hs 0 hp 9094 1734 in 1 0 0 0 0 10000 rl 7 np 0
T 1193 1126 9167.00 1753.00 51.266 10.395 52.309 hs 5 hp 9107 1824 in 1 0 1 0 -2841 9588 rl 6 np 0
T 1194 1127 9201.00 1765.00 47.250 11.582 48.649 hs 5 hp 9107 1824 in 0 0 1 0 -2903 9569 rl 5 np 0
T 1195 1128 9234.00 1777.00 44.887 12.082 46.484 hs 0 hp 9201 1765 in 0 0 0 0 -2903 9569 rl 4 np 0
T 1196 1129 9266.00 1790.00 41.594 13.379 43.693 hs 5 hp 9183 1874 in 0 0 1 0 -4654 8851 rl 3 np 0
T 1197 1130 9296.00 1805.00 38.090 14.520 40.763 hs 5 hp 9183 1874 in -1 0 1 0 -985 9951 rl 2 np 0
T 1198 1131 9323.00 1820.00 34.156 15.488 37.504 hs 5 hp 9183 1874 in -1 0 1 0 -985 9951 rl 1 np 0
T 1199 1132 9348.00 1836.00 30.348 16.312 34.454 hs 5 hp 9183 1874 in 0 0 1 0 -985 9951 rl 0 np 0
T 1200 1133 9370.00 1853.00 26.070 17.016 31.132 hs 5 hp 9183 1874 in -1 0 1 0 -985 9951 rl 0 np 0
T 1201 1134 9389.00 1871.00 21.738 17.617 27.981 hs 5 hp 9183 1874 in -1 0 1 0 -985 9951 rl 0 np 0
T 1202 1135 9407.00 1889.00 20.652 18.117 27.473 hs 0 hp 9389 1871 in 0 0 0 0 -985 9951 rl 0 np 0
T 1203 1136 9422.00 1908.00 16.895 19.168 25.551 hs 5 hp 9311 1963 in -1 0 1 0 -7920 6105 rl 0 np 0
T 1204 1137 9434.00 1928.00 12.840 20.066 23.823 hs 5 hp 9311 1963 in -1 0 1 0 -7986 6018 rl 0 np 0
T 1205 1138 9442.00 1949.00 8.598 20.812 22.518 hs 5 hp 9311 1963 in -1 0 1 0 -7986 6018 rl 0 np 0
T 1206 1139 9446.00 1970.00 4.266 21.406 21.827 hs 5 hp 9311 1963 in -1 0 1 0 -924 383 rl 0 np 0
T 1207 1140 9446.00 1992.00 -0.082 21.750 21.750 hs 5 hp 9311 1963 in -1 0 1 0 -924 383 rl 0 np 0
T 1208 1141 9442.00 2014.00 -4.367 21.621 22.058 hs 5 hp 9311 1963 in -1 0 1 0 -924 383 rl 0 np 0
T 1209 1142 9435.00 2035.00 -7.656 21.031 22.382 hs 5 hp 9311 1963 in -1 0 1 1 3592 9333 rl 24 np 1
T 1210 1143 9426.00 2055.00 -10.121 20.023 22.436 hs 5 hp 9311 1963 in -1 0 1 0 -924 383 rl 23 np 1
T 1211 1144 9415.00 2074.00 -12.348 18.648 22.366 hs 5 hp 9311 1963 in -1 0 1 0 -924 383 rl 22 np 1
T 1212 1145 9396.00 2090.00 -22.082 15.719 27.105 hs 5 hp 9311 1963 in -1 0 1 0 -924 383 rl 21 np 0
E 1212 1145 ex 9471.7 2094.0 tee 9415.0 2074.0 dist 60.2 |f| 10.32
T 1213 1146 9375.00 2104.00 -23.668 13.727 27.360 hs 5 hp 9311 1963 in -1 0 1 0 -924 383 rl 20 np 0
T 1214 1147 9353.00 2115.00 -24.848 11.496 27.378 hs 5 hp 9311 1963 in -1 0 1 0 8535 5212 rl 19 np 0
T 1215 1148 9331.00 2127.00 -24.848 11.996 27.592 hs 0 hp 9353 2115 in -1 0 0 0 8535 5212 rl 18 np 0
T 1216 1149 9309.00 2137.00 -25.848 9.688 27.603 hs 5 hp 9301 2047 in -1 0 1 0 -3502 -9367 rl 17 np 0
T 1217 1150 9287.00 2147.00 -25.848 10.188 27.783 hs 0 hp 9309 2137 in -1 0 0 0 8535 5212 rl 16 np 0
T 1218 1151 9264.00 2155.00 -26.754 7.844 27.880 hs 5 hp 9254 2047 in -1 0 1 0 -3173 -9483 rl 15 np 0
T 1219 1152 9240.00 2160.00 -27.016 5.355 27.541 hs 5 hp 9254 2047 in -1 0 1 0 -3987 -9171 rl 14 np 0
T 1220 1153 9217.00 2166.00 -27.016 5.855 27.643 hs 0 hp 9240 2160 in -1 0 0 0 -3827 -9239 rl 13 np 0
T 1221 1154 9194.00 2172.00 -27.016 6.355 27.753 hs 0 hp 9217 2166 in -1 0 0 0 -3827 -9239 rl 12 np 0
T 1222 1155 9171.00 2179.00 -27.016 6.855 27.872 hs 4 hp 9142 2061 in -1 0 1 0 -4226 -9063 rl 11 np 0
T 1223 1156 9148.00 2186.00 -27.016 7.355 27.999 hs 4 hp 9108 1989 in -1 0 1 0 -4714 -8819 rl 10 np 0
T 1224 1157 9124.00 2191.00 -27.695 4.941 28.133 hs 5 hp 9090 1951 in -1 0 1 0 -4714 -8819 rl 9 np 0
T 1225 1158 9100.00 2193.00 -28.094 2.473 28.202 hs 5 hp 9090 1951 in -1 0 1 0 -831 -556 rl 8 np 0
T 1226 1159 9076.00 2196.00 -28.094 2.973 28.251 hs 0 hp 9100 2193 in -1 0 0 0 -995 -98 rl 7 np 0
T 1227 1160 9052.00 2184.00 -28.094 -12.000 30.549 hs 0 hp 9076 2196 in -1 1 0 0 -995 -98 rl 6 np 0
T 1228 1161 9028.00 2173.00 -28.367 -10.605 30.285 hs 5 hp 9044 2272 in -1 0 1 0 -958 9954 rl 5 np 0
T 1229 1162 9004.00 2163.00 -28.367 -10.105 30.113 hs 0 hp 9028 2173 in -1 1 0 0 -995 -98 rl 4 np 0
T 1230 1163 8980.00 2154.00 -28.625 -8.711 29.921 hs 5 hp 8997 2240 in -1 0 1 0 -905 9959 rl 3 np 0
T 1231 1164 8956.00 2146.00 -28.625 -8.211 29.779 hs 0 hp 8980 2154 in -1 0 0 0 634 773 rl 2 np 0
T 1232 1165 8932.00 2138.00 -28.625 -7.711 29.645 hs 0 hp 8956 2146 in -1 0 0 0 -785 9969 rl 1 np 0
T 1233 1166 8907.00 2132.00 -28.824 -6.312 29.507 hs 5 hp 8925 2240 in -1 0 1 0 -698 9976 rl 0 np 0
T 1234 1167 8882.00 2126.00 -28.824 -5.812 29.404 hs 0 hp 8907 2132 in -1 0 0 0 -785 9969 rl 0 np 0
T 1235 1168 8857.00 2121.00 -28.824 -5.312 29.310 hs 0 hp 8882 2126 in -1 0 0 0 -4179 -9085 rl 0 np 0
T 1236 1169 8825.00 2119.00 -40.461 -1.879 40.505 hs 0 hp 8857 2121 in -1 0 0 1 9681 -2507 rl 24 np 0
E 1236 1169 ex 8895.7 2111.2 tee 8857.0 2121.0 dist 39.9 |f| 12.00
T 1237 1170 8793.00 2119.00 -40.422 -0.480 40.425 hs 5 hp 8827 2240 in -1 0 1 0 175 9998 rl 23 np 0
T 1238 1171 8761.00 2119.00 -40.422 0.020 40.422 hs 0 hp 8793 2119 in -1 0 0 1 9970 -779 rl 22 np 0
T 1239 1172 8729.00 2120.00 -40.422 0.520 40.425 hs 4 hp 8819 2226 in -1 0 1 0 4732 8809 rl 21 np 0
T 1240 1173 8697.00 2121.00 -40.422 1.020 40.435 hs 0 hp 8729 2120 in -1 0 0 0 0 10000 rl 20 np 0
T 1241 1174 8665.00 2123.00 -40.422 1.520 40.450 hs 4 hp 8662 2004 in -1 0 1 0 -2891 -9573 rl 19 np 0
T 1242 1175 8633.00 2125.00 -40.422 2.020 40.472 hs 4 hp 8639 1927 in -1 0 1 0 -2903 -9569 rl 18 np 0
T 1243 1176 8601.00 2125.00 -40.383 -0.480 40.386 hs 5 hp 8637 1919 in -1 0 1 0 -2903 -9569 rl 17 np 0
T 1244 1177 8569.00 2125.00 -40.383 0.020 40.383 hs 0 hp 8601 2125 in -1 0 0 0 -924 383 rl 16 np 0
T 1245 1178 8537.00 2126.00 -40.383 0.520 40.386 hs 4 hp 8448 2113 in -1 0 1 0 -9952 -980 rl 15 np 0
T 1246 1179 8505.00 2127.00 -40.383 1.020 40.396 hs 0 hp 8537 2126 in -1 0 0 0 -924 383 rl 14 np 0
T 1247 1180 8473.00 2129.00 -40.383 1.520 40.411 hs 0 hp 8505 2127 in -1 0 0 0 -924 383 rl 13 np 0
T 1248 1181 8441.00 2131.00 -40.383 2.020 40.433 hs 0 hp 8473 2129 in -1 0 0 0 -924 383 rl 12 np 0
T 1249 1182 8409.00 2134.00 -40.383 2.520 40.461 hs 4 hp 8518 2225 in -1 0 1 0 6344 7730 rl 11 np 0
T 1250 1183 8378.00 2137.00 -40.383 3.020 40.496 hs 0 hp 8409 2134 in -1 0 0 0 556 -831 rl 10 np 0
T 1251 1184 8347.00 2141.00 -40.383 3.520 40.536 hs 0 hp 8378 2137 in -1 0 0 0 -6344 -7730 rl 9 np 0
T 1252 1185 8315.00 2142.00 -40.508 1.023 40.521 hs 5 hp 8344 2079 in -1 0 1 0 -436 -9990 rl 8 np 0
T 1253 1186 8283.00 2144.00 -40.508 1.523 40.536 hs 0 hp 8315 2142 in -1 0 0 0 -6344 -7730 rl 7 np 0
T 1254 1187 8251.00 2143.00 -40.508 -0.977 40.520 hs 5 hp 8283 2079 in -1 0 1 0 0 -10000 rl 6 np 0
T 1255 1188 8219.00 2143.00 -40.508 -0.477 40.511 hs 0 hp 8251 2143 in -1 0 0 0 -957 -290 rl 5 np 0
T 1256 1189 8187.00 2140.00 -40.391 -2.973 40.500 hs 5 hp 8222 2079 in -1 0 1 0 523 -9986 rl 4 np 0
T 1257 1190 8155.00 2138.00 -40.391 -2.473 40.466 hs 0 hp 8187 2140 in -1 0 0 0 -957 -290 rl 3 np 0
T 1258 1191 8123.00 2136.00 -40.391 -1.973 40.439 hs 0 hp 8155 2138 in -1 0 0 0 -17 -1000 rl 2 np 0
T 1259 1192 8091.00 2135.00 -40.391 -1.473 40.417 hs 0 hp 8123 2136 in -1 0 0 0 -17 -1000 rl 1 np 0
T 1260 1193 8060.00 2131.00 -39.773 -3.855 39.960 hs 5 hp 8107 2079 in -1 0 1 0 2747 -9615 rl 0 np 0
T 1261 1194 8029.00 2128.00 -39.773 -3.355 39.915 hs 0 hp 8060 2131 in -1 0 0 0 -290 957 rl 0 np 0
T 1262 1195 7998.00 2122.00 -39.367 -5.805 39.793 hs 5 hp 8038 2079 in -1 0 1 0 1807 -9835 rl 0 np 0
T 1263 1196 7967.00 2117.00 -39.367 -5.305 39.723 hs 0 hp 7998 2122 in -1 0 0 1 5143 -8576 rl 24 np 1
T 1264 1197 7932.00 2117.00 -46.980 0.258 46.981 hs 0 hp 7967 2117 in -1 0 0 0 -290 957 rl 23 np 0
E 1264 1197 ex 8024.2 2079.0 tee 7967.0 2117.0 dist 68.7 |f| 9.14
T 1265 1198 7897.00 2115.00 -46.863 -2.238 46.917 hs 5 hp 7936 2047 in -1 0 1 0 523 -9986 rl 22 np 0
T 1266 1199 7862.00 2113.00 -46.863 -1.738 46.896 hs 0 hp 7897 2115 in -1 0 0 1 5143 -8576 rl 21 np 0
T 1267 1200 7827.00 2109.00 -46.629 -4.223 46.820 hs 5 hp 7869 2047 in -1 0 1 0 1045 -9945 rl 20 np 0
T 1268 1201 7792.00 2105.00 -46.629 -3.723 46.777 hs 0 hp 7827 2109 in -1 0 0 1 -9918 -1278 rl 19 np 0
T 1269 1202 7757.00 2102.00 -46.629 -3.223 46.740 hs 0 hp 7792 2105 in -1 0 0 0 924 -383 rl 18 np 0
T 1270 1203 7723.00 2096.00 -46.355 -5.699 46.705 hs 5 hp 7764 2047 in -1 0 1 0 1219 -9925 rl 17 np 0
T 1271 1204 7689.00 2091.00 -46.355 -5.199 46.646 hs 0 hp 7723 2096 in -1 0 0 0 924 -383 rl 16 np 0
T 1272 1205 7655.00 2086.00 -46.355 -4.699 46.593 hs 5 hp 7679 2193 in -1 0 1 0 -939 9956 rl 15 np 0
T 1273 1206 7621.00 2082.00 -46.355 -4.199 46.545 hs 0 hp 7655 2086 in -1 0 0 0 924 -383 rl 14 np 0
T 1274 1207 7587.00 2075.00 -45.965 -6.652 46.444 hs 5 hp 7638 1983 in -1 0 1 0 1736 -9848 rl 13 np 0
T 1275 1208 7553.00 2069.00 -45.965 -6.152 46.375 hs 0 hp 7587 2075 in -1 0 0 0 290 -957 rl 12 np 0
T 1276 1209 7519.00 2063.00 -45.965 -5.652 46.311 hs 4 hp 7536 1948 in -1 0 1 0 -1392 -9903 rl 11 np 0
T 1277 1210 7485.00 2058.00 -45.965 -5.152 46.253 hs 0 hp 7519 2063 in -1 0 0 0 290 -957 rl 10 np 0
T 1278 1211 7451.00 2053.00 -45.965 -4.652 46.200 hs 4 hp 7449 2175 in -1 0 1 0 -2924 9563 rl 9 np 0
T 1279 1212 7417.00 2049.00 -45.965 -4.152 46.152 hs 0 hp 7451 2053 in -1 0 0 0 -981 195 rl 8 np 0
T 1280 1213 7383.00 2046.00 -46.016 -2.754 46.098 hs 5 hp 7415 2144 in -1 0 1 0 -175 9998 rl 7 np 0
T 1281 1214 7349.00 2044.00 -46.016 -2.254 46.071 hs 0 hp 7383 2046 in -1 0 0 0 981 -195 rl 6 np 0
T 1282 1215 7315.00 2042.00 -46.016 -1.754 46.049 hs 0 hp 7349 2044 in -1 0 0 0 981 -195 rl 5 np 0
T 1283 1216 7281.00 2038.00 -45.820 -4.242 46.016 hs 5 hp 7323 1951 in -1 0 1 0 872 -9962 rl 4 np 0
T 1284 1217 7247.00 2034.00 -45.820 -3.742 45.973 hs 0 hp 7281 2038 in -1 0 0 0 981 -195 rl 3 np 0
T 1285 1218 7213.00 2031.00 -45.820 -3.242 45.935 hs 4 hp 7213 2151 in -1 0 1 0 -2756 9613 rl 2 np 0
T 1286 1219 7179.00 2028.00 -45.820 -2.742 45.902 hs 4 hp 7191 2228 in -1 0 1 0 -995 9950 rl 1 np 0
T 1287 1220 7145.00 2027.00 -45.828 -1.344 45.848 hs 5 hp 7178 2272 in -1 0 1 0 -980 9952 rl 0 np 0
T 1288 1221 7111.00 2026.00 -45.828 -0.844 45.836 hs 0 hp 7145 2027 in -1 0 0 0 -980 9952 rl 0 np 0
T 1289 1222 7077.00 2026.00 -45.828 -0.344 45.829 hs 0 hp 7111 2026 in -1 0 0 1 -1314 -9913 rl 24 np 1
T 1290 1223 7040.00 2036.00 -52.117 9.785 53.028 hs 0 hp 7077 2026 in -1 0 0 0 -9952 980 rl 23 np 0
E 1290 1223 ex 7105.2 1982.8 tee 7077.0 2026.0 dist 51.6 |f| 11.50
T 1291 1224 7003.00 2043.00 -52.340 7.293 52.845 hs 5 hp 7036 1983 in -1 0 1 0 -785 -9969 rl 22 np 0
T 1292 1225 6966.00 2051.00 -52.340 7.793 52.917 hs 0 hp 7003 2043 in -1 0 0 0 -9952 980 rl 21 np 0
T 1293 1226 6929.00 2059.00 -52.340 8.293 52.993 hs 4 hp 7083 2016 in -1 0 1 0 9569 -2903 rl 20 np 0
T 1294 1227 6892.00 2068.00 -52.340 8.793 53.073 hs 0 hp 6929 2059 in -1 0 0 0 -9952 980 rl 19 np 0
T 1295 1228 6855.00 2077.00 -52.340 9.293 53.158 hs 4 hp 6798 2145 in -1 0 1 0 -7730 6344 rl 18 np 0
T 1296 1229 6818.00 2087.00 -52.340 9.793 53.248 hs 0 hp 6855 2077 in -1 0 0 0 -1045 -9945 rl 17 np 0
T 1297 1230 6781.00 2097.00 -52.340 10.293 53.342 hs 0 hp 6818 2087 in -1 0 0 0 -2903 9569 rl 16 np 0
T 1298 1231 6744.00 2108.00 -52.340 10.793 53.441 hs 4 hp 6734 1984 in -1 0 1 0 -3827 -9239 rl 15 np 0
T 1299 1232 6707.00 2116.00 -52.766 8.328 53.419 hs 5 hp 6720 1951 in -1 0 1 0 -980 -9952 rl 14 np 0
T 1300 1233 6670.00 2122.00 -52.590 5.836 52.913 hs 5 hp 6720 1951 in -1 0 1 0 -980 -9952 rl 13 np 0
T 1301 1234 6633.00 2128.00 -52.590 6.336 52.970 hs 0 hp 6670 2122 in -1 0 0 0 -290 -957 rl 12 np 0
T 1302 1235 6596.00 2135.00 -52.590 6.836 53.032 hs 4 hp 6598 2011 in -1 0 1 0 -2903 -9569 rl 11 np 0
T 1303 1236 6559.00 2139.00 -52.840 4.348 53.018 hs 5 hp 6580 1951 in -1 0 1 0 -610 -9981 rl 10 np 0
T 1304 1237 6522.00 2144.00 -52.840 4.848 53.062 hs 0 hp 6559 2139 in -1 0 0 0 -290 -957 rl 9 np 0
T 1305 1238 6485.00 2149.00 -52.840 5.348 53.110 hs 0 hp 6522 2144 in -1 0 0 0 -1219 -9925 rl 8 np 0
T 1306 1239 6448.00 2155.00 -52.840 5.848 53.162 hs 0 hp 6485 2149 in -1 0 0 0 -1219 -9925 rl 7 np 0
T 1307 1240 6411.00 2162.00 -52.621 7.242 53.117 hs 5 hp 6460 2272 in -1 0 1 0 980 9952 rl 6 np 0
T 1308 1241 6374.00 2170.00 -52.621 7.742 53.188 hs 0 hp 6411 2162 in -1 0 0 0 -1219 -9925 rl 5 np 0
T 1309 1242 6337.00 2178.00 -52.621 8.242 53.263 hs 0 hp 6374 2170 in -1 0 0 0 -1219 -9925 rl 4 np 0
T 1310 1243 6300.00 2184.00 -52.969 5.766 53.282 hs 5 hp 6325 2079 in -1 0 1 0 -1219 -9925 rl 3 np 0
T 1311 1244 6263.00 2190.00 -52.969 6.266 53.338 hs 0 hp 6300 2184 in -1 0 0 0 -471 -882 rl 2 np 0
T 1312 1245 6226.00 2194.00 -53.246 3.781 53.380 hs 5 hp 6258 2143 in -1 0 1 0 -980 -9952 rl 1 np 0
T 1313 1246 6189.00 2198.00 -53.246 4.281 53.418 hs 0 hp 6226 2194 in -1 0 0 0 980 -9952 rl 0 np 0
T 1314 1247 6153.00 2204.00 -50.543 5.598 50.852 hs 5 hp 6240 2307 in 1 0 1 0 4226 9063 rl 0 np 0
T 1315 1248 6117.00 2210.00 -50.543 6.098 50.909 hs 0 hp 6153 2204 in -1 0 0 0 -981 -195 rl 0 np 0
T 1316 1249 6081.00 2217.00 -50.543 6.598 50.972 hs 4 hp 6105 2331 in -1 0 1 0 -980 9952 rl 0 np 0
T 1317 1250 6045.00 2225.00 -50.242 7.988 50.873 hs 5 hp 6101 2368 in -1 0 1 1 -6341 -7732 rl 24 np 1
T 1318 1251 6010.00 2246.00 -49.688 21.094 53.980 hs 5 hp 6101 2368 in -1 0 1 0 -980 9952 rl 23 np 0
E 1318 1251 ex 6046.1 2175.3 tee 6045.0 2225.0 dist 49.7 |f| 11.77
T 1319 1252 5977.00 2268.00 -47.203 21.594 51.908 hs 0 hp 6010 2246 in 0 0 0 0 -980 9952 rl 22 np 0
T 1320 1253 5945.00 2290.00 -44.844 22.094 49.991 hs 0 hp 5977 2268 in 0 0 0 0 -980 9952 rl 21 np 0
T 1321 1254 5913.00 2313.00 -43.344 22.594 48.879 hs 5 hp 5934 2400 in 1 0 1 0 -980 9952 rl 20 np 0
T 1322 1255 5883.00 2337.00 -40.648 23.969 47.189 hs 5 hp 5934 2400 in 0 0 1 0 6344 7730 rl 19 np 0
T 1323 1256 5854.00 2361.00 -39.148 24.469 46.166 hs 0 hp 5883 2337 in 1 0 0 0 6344 7730 rl 18 np 0
T 1324 1257 5826.00 2387.00 -36.551 25.832 44.758 hs 5 hp 5888 2474 in 0 0 1 0 2840 9588 rl 17 np 0
T 1325 1258 5799.00 2414.00 -35.246 27.066 44.440 hs 5 hp 5888 2474 in -1 0 1 0 2609 9654 rl 16 np 0
T 1326 1259 5775.00 2442.00 -31.383 28.070 42.105 hs 5 hp 5888 2474 in 1 0 1 0 2609 9654 rl 15 np 0
T 1327 1260 5754.00 2471.00 -27.141 28.816 39.585 hs 5 hp 5888 2474 in 1 0 1 0 2609 9654 rl 14 np 0
T 1328 1261 5736.00 2500.00 -22.793 29.336 37.150 hs 5 hp 5888 2474 in 1 0 1 0 276 961 rl 13 np 0
T 1329 1262 5719.00 2530.00 -21.293 29.836 36.655 hs 0 hp 5736 2500 in 1 0 0 0 276 961 rl 12 np 0
T 1330 1263 5703.00 2561.00 -19.938 31.055 36.904 hs 5 hp 5792 2627 in -1 0 1 0 6018 7986 rl 11 np 0
T 1331 1264 5687.00 2593.00 -19.938 31.555 37.326 hs 0 hp 5703 2561 in -1 0 0 0 6018 7986 rl 10 np 0
T 1332 1265 5671.00 2625.00 -19.938 32.055 37.749 hs 0 hp 5687 2593 in -1 0 0 0 6018 7986 rl 9 np 0
T 1333 1266 5653.00 2656.00 -22.301 30.879 38.090 hs 5 hp 5599 2577 in -1 0 1 0 -8290 -5592 rl 8 np 0
T 1334 1267 5634.00 2685.00 -23.910 28.902 37.511 hs 5 hp 5599 2577 in -1 0 1 0 -8290 -5592 rl 7 np 0
T 1335 1268 5615.00 2714.00 -23.910 29.402 37.897 hs 0 hp 5634 2685 in -1 0 0 0 -707 -707 rl 6 np 0
T 1336 1269 5596.00 2744.00 -23.910 29.902 38.286 hs 4 hp 5498 2679 in -1 0 1 0 -9569 -2903 rl 5 np 0
T 1337 1270 5577.00 2774.00 -23.910 30.402 38.678 hs 0 hp 5596 2744 in -1 0 0 0 -707 -707 rl 4 np 0
T 1338 1271 5558.00 2805.00 -23.910 30.902 39.072 hs 4 hp 5469 2716 in -1 0 1 0 -8819 -4714 rl 3 np 0
T 1339 1272 5539.00 2836.00 -23.910 31.402 39.469 hs 4 hp 5398 2678 in -1 0 1 0 -707 -707 rl 2 np 0
T 1340 1273 5519.00 2866.00 -25.941 29.797 39.507 hs 5 hp 5355 2655 in -1 0 1 0 -707 -707 rl 1 np 0
T 1341 1274 5497.00 2894.00 -27.691 27.930 39.330 hs 5 hp 5355 2655 in -1 0 1 0 -7730 -6344 rl 0 np 0
T 1342 1275 5474.00 2920.00 -29.148 25.852 38.961 hs 5 hp 5355 2655 in -1 0 1 0 -7730 -6344 rl 0 np 0
