T 1163 1096 8092.00 1597.00 46.723 9.992 47.779 hs 4 hp 8115 1479 in 1 0 1 0 4711 -8821 rl 9 np 0
T 1164 1097 8126.00 1607.00 46.723 10.492 47.886 hs 4 hp 8153 1408 in 1 0 1 0 4695 -8829 rl 8 np 0
T 1165 1098 8161.00 1615.00 47.168 8.031 47.847 hs 5 hp 8160 1396 in 1 0 1 0 634 -773 rl 7 np 0
T 1166 1099 8196.00 1624.00 47.168 8.531 47.933 hs 0 hp 8161 1615 in 1 0 0 0 634 -773 rl 6 np 0
T 1167 1100 8231.00 1633.00 47.168 9.031 48.025 hs 4 hp 8234 1508 in 1 0 1 0 3131 -9497 rl 5 np 0
T 1168 1101 8266.00 1640.00 47.531 6.555 47.981 hs 5 hp 8256 1443 in 1 0 1 0 3090 -9511 rl 4 np 0
T 1169 1102 8301.00 1647.00 47.531 7.055 48.052 hs 0 hp 8266 1640 in 1 0 0 0 3090 -9511 rl 3 np 0
T 1170 1103 8336.00 1655.00 47.531 7.555 48.128 hs 0 hp 8301 1647 in 1 0 0 0 3090 -9511 rl 2 np 0
T 1171 1104 8371.00 1660.00 47.879 5.078 48.147 hs 5 hp 8351 1535 in 1 0 1 0 1219 -9925 rl 1 np 0
T 1172 1105 8406.00 1666.00 47.879 5.578 48.203 hs 0 hp 8371 1660 in 1 0 0 0 1219 -9925 rl 0 np 0
T 1173 1106 8441.00 1669.00 48.102 3.086 48.200 hs 5 hp 8414 1567 in 1 0 1 0 785 -9969 rl 0 np 0
T 1174 1107 8476.00 1673.00 48.102 3.586 48.235 hs 0 hp 8441 1669 in 1 0 0 0 785 -9969 rl 0 np 0
T 1175 1108 8511.00 1677.00 48.102 4.086 48.275 hs 0 hp 8476 1673 in 1 0 0 0 785 -9969 rl 0 np 0
T 1176 1109 8546.00 1679.00 48.250 1.590 48.276 hs 5 hp 8515 1599 in 1 0 1 0 523 -9986 rl 0 np 0
T 1177 1110 8581.00 1681.00 48.250 2.090 48.295 hs 0 hp 8546 1679 in 1 0 0 0 523 -9986 rl 0 np 0
T 1178 1111 8616.00 1681.00 48.273 -0.410 48.275 hs 5 hp 8582 1599 in 1 0 1 0 87 -10000 rl 0 np 0
T 1179 1112 8651.00 1681.00 48.273 0.090 48.274 hs 0 hp 8616 1681 in 1 0 0 0 87 -10000 rl 0 np 0
T 1180 1113 8686.00 1682.00 48.273 0.590 48.277 hs 0 hp 8651 1681 in 1 0 0 0 87 -10000 rl 0 np 0
T 1181 1114 8721.00 1683.00 48.273 1.090 48.286 hs 0 hp 8686 1682 in 1 0 0 0 87 -10000 rl 0 np 0
T 1182 1115 8756.00 1685.00 48.273 1.590 48.300 hs 0 hp 8721 1683 in 1 0 0 0 87 -10000 rl 0 np 0
T 1183 1116 8791.00 1687.00 48.273 2.090 48.319 hs 4 hp 8864 1743 in 1 0 1 0 8819 4714 rl 0 np 0
T 1184 1117 8826.00 1690.00 48.273 2.590 48.343 hs 4 hp 8935 1781 in 1 0 1 0 8819 4714 rl 0 np 0
T 1185 1118 8861.00 1693.00 48.273 3.090 48.372 hs 4 hp 9006 1819 in 1 0 1 0 8819 4714 rl 0 np 0
T 1186 1119 8896.00 1697.00 48.273 3.590 48.407 hs 5 hp 9024 1829 in 1 0 1 0 8819 4714 rl 0 np 0
T 1187 1120 8931.00 1701.00 48.273 4.090 48.446 hs 5 hp 9024 1829 in 1 0 1 0 8819 4714 rl 0 np 0
T 1188 1121 8966.00 1706.00 48.273 4.590 48.491 hs 0 hp 8931 1701 in 1 0 0 0 8819 4714 rl 0 np 0
T 1189 1122 9001.00 1711.00 48.273 5.090 48.541 hs 4 hp 9087 1718 in 1 0 1 0 9952 980 rl 0 np 0
T 1190 1123 9031.00 1722.00 37.664 11.195 39.293 hs 0 hp 9001 1711 in 1 0 0 1 8819 -4714 rl 24 np 0
E 1190 1123 ex 9031.0 1695.2 tee 9001.0 1711.0 dist 33.9 |f| 12.00
T 1191 1124 9061.00 1734.00 37.664 11.695 39.438 hs 0 hp 9031 1722 in 1 0 0 0 8819 -4714 rl 23 np 0
T 1192 1125 9091.00 1746.00 37.664 12.195 39.589 hs 0 hp 9061 1734 in 1 0 0 0 8819 -4714 rl 22 np 0
T 1193 1126 9121.00 1756.00 38.473 9.820 39.706 hs 5 hp 9116 1663 in 1 0 1 0 2840 -9588 rl 21 np 0
T 1194 1127 9151.00 1766.00 38.473 10.320 39.833 hs 0 hp 9121 1756 in 1 0 0 0 2840 -9588 rl 20 np 0
T 1195 1128 9181.00 1777.00 38.473 10.820 39.965 hs 0 hp 9151 1766 in 1 0 0 0 2840 -9588 rl 19 np 0
T 1196 1129 9211.00 1788.00 38.473 11.320 40.104 hs 0 hp 9181 1777 in 1 0 0 0 2840 -9588 rl 18 np 0
T 1197 1130 9241.00 1800.00 38.473 11.820 40.248 hs 0 hp 9211 1788 in 1 0 0 0 2840 -9588 rl 17 np 0
T 1198 1131 9270.00 1813.00 37.070 13.023 39.291 hs 5 hp 9183 1872 in 1 0 1 0 -6225 7826 rl 16 np 0
T 1199 1132 9297.00 1827.00 33.355 14.027 36.185 hs 5 hp 9183 1872 in 0 0 1 0 -6225 7826 rl 15 np 0
T 1200 1133 9322.00 1842.00 29.594 14.859 33.115 hs 5 hp 9183 1872 in 0 0 1 0 -6225 7826 rl 14 np 0
T 1201 1134 9346.00 1857.00 28.113 15.359 32.035 hs 0 hp 9322 1842 in 0 0 0 0 -6225 7826 rl 13 np 0
T 1202 1135 9367.00 1873.00 24.098 16.281 29.082 hs 5 hp 9289 1888 in -1 0 1 0 -8829 4695 rl 12 np 0
T 1203 1136 9384.00 1890.00 19.801 16.953 26.067 hs 5 hp 9289 1888 in -1 0 1 0 -8829 4695 rl 11 np 0
T 1204 1137 9398.00 1907.00 15.453 17.391 23.264 hs 5 hp 9289 1888 in -1 0 1 0 -8829 4695 rl 10 np 0
T 1205 1138 9408.00 1924.00 11.145 17.375 20.642 hs 5 hp 9289 1888 in -1 0 1 0 -8829 4695 rl 9 np 0
T 1206 1139 9417.00 1942.00 9.645 17.875 20.311 hs 0 hp 9408 1924 in -1 0 0 0 -8829 4695 rl 8 np 0
T 1207 1140 9422.00 1961.00 5.324 18.500 19.251 hs 5 hp 9311 1957 in -1 0 1 0 -9903 1392 rl 7 np 0
T 1208 1141 9423.00 1980.00 0.977 18.891 18.916 hs 5 hp 9311 1957 in -1 0 1 0 -9903 1392 rl 6 np 0
T 1209 1142 9420.00 1999.00 -3.316 18.789 19.080 hs 5 hp 9311 1957 in -1 0 1 0 -9903 1392 rl 5 np 0
T 1210 1143 9413.00 2017.00 -7.477 18.211 19.686 hs 5 hp 9311 1957 in -1 0 1 0 -9903 1392 rl 4 np 0
T 1211 1144 9404.00 2034.00 -9.934 17.191 19.855 hs 5 hp 9311 1957 in -1 0 1 0 -9903 1392 rl 3 np 0
T 1212 1145 9393.00 2050.00 -12.129 15.777 19.901 hs 5 hp 9311 1957 in -1 0 1 0 -9903 1392 rl 2 np 0
T 1213 1146 9382.00 2066.00 -12.129 16.277 20.299 hs 0 hp 9393 2050 in -1 0 0 0 -9903 1392 rl 1 np 0
T 1214 1147 9369.00 2081.00 -14.332 14.875 20.656 hs 5 hp 9311 2008 in -1 0 1 0 -7730 -6344 rl 0 np 0
T 1215 1148 9354.00 2094.00 -16.105 13.027 20.715 hs 5 hp 9311 2008 in -1 0 1 0 -7730 -6344 rl 0 np 0
T 1216 1149 9339.00 2108.00 -16.105 13.527 21.033 hs 0 hp 9354 2094 in -1 0 0 0 -7730 -6344 rl 0 np 0
T 1217 1150 9323.00 2120.00 -17.738 11.570 21.178 hs 5 hp 9296 2047 in -1 0 1 0 -5736 -8192 rl 0 np 0
T 1218 1151 9306.00 2129.00 -18.727 9.258 20.890 hs 5 hp 9296 2047 in -1 0 1 0 -5736 -8192 rl 0 np 0
T 1219 1152 9280.00 2131.00 -30.129 2.117 30.203 hs 5 hp 9296 2047 in -1 0 1 1 9239 3827 rl 24 np 0
E 1219 1152 ex 9343.9 2145.0 tee 9306.0 2129.0 dist 41.1 |f| 12.00
T 1220 1153 9254.00 2134.00 -30.129 2.617 30.242 hs 0 hp 9280 2131 in -1 0 0 0 9239 3827 rl 23 np 0
T 1221 1154 9228.00 2137.00 -30.129 3.117 30.290 hs 0 hp 9254 2134 in -1 0 0 0 9239 3827 rl 22 np 0
T 1222 1155 9202.00 2138.00 -30.328 0.625 30.335 hs 5 hp 9219 2015 in -1 0 1 0 -698 -9976 rl 21 np 0
T 1223 1156 9176.00 2139.00 -30.328 1.125 30.349 hs 0 hp 9202 2138 in -1 0 0 0 -698 -9976 rl 20 np 0
T 1224 1157 9150.00 2141.00 -30.328 1.625 30.372 hs 0 hp 9176 2139 in -1 0 0 0 -698 -9976 rl 19 np 0
T 1225 1158 9124.00 2143.00 -30.328 2.125 30.402 hs 0 hp 9150 2141 in -1 0 0 0 -698 -9976 rl 18 np 0
T 1226 1159 9098.00 2146.00 -30.328 2.625 30.442 hs 0 hp 9124 2143 in -1 0 0 0 -698 -9976 rl 17 np 0
T 1227 1160 9072.00 2149.00 -30.328 3.125 30.489 hs 0 hp 9098 2146 in -1 0 0 0 -698 -9976 rl 16 np 0
T 1228 1161 9046.00 2153.00 -30.328 3.625 30.544 hs 0 hp 9072 2149 in -1 0 0 0 -698 -9976 rl 15 np 0
T 1229 1162 9020.00 2157.00 -30.328 4.125 30.607 hs 0 hp 9046 2153 in -1 0 0 0 -698 -9976 rl 14 np 0
T 1230 1163 8994.00 2162.00 -30.328 4.625 30.679 hs 0 hp 9020 2157 in -1 0 0 0 -698 -9976 rl 13 np 0
T 1231 1164 8968.00 2167.00 -30.328 5.125 30.758 hs 0 hp 8994 2162 in -1 0 0 0 -698 -9976 rl 12 np 0
T 1232 1165 8942.00 2173.00 -30.328 5.625 30.845 hs 0 hp 8968 2167 in -1 0 0 0 -698 -9976 rl 11 np 0
T 1233 1166 8916.00 2176.00 -30.773 3.160 30.935 hs 5 hp 8927 2081 in -1 0 1 0 -1564 -9877 rl 10 np 0
T 1234 1167 8890.00 2180.00 -30.773 3.660 30.990 hs 0 hp 8916 2176 in -1 0 0 0 -1564 -9877 rl 9 np 0
T 1235 1168 8864.00 2181.00 -31.023 1.172 31.046 hs 5 hp 8881 2079 in -1 0 1 0 -872 -9962 rl 8 np 0
T 1236 1169 8838.00 2180.00 -30.652 -1.289 30.679 hs 5 hp 8881 2079 in -1 0 1 0 -872 -9962 rl 7 np 0
T 1237 1170 8812.00 2179.00 -30.652 -0.789 30.662 hs 0 hp 8838 2180 in -1 0 0 0 -872 -9962 rl 6 np 0
T 1238 1171 8786.00 2179.00 -30.652 -0.289 30.654 hs 0 hp 8812 2179 in -1 0 0 0 -872 -9962 rl 5 np 0
T 1239 1172 8760.00 2179.00 -30.652 0.211 30.653 hs 0 hp 8786 2179 in -1 0 0 0 -872 -9962 rl 4 np 0
T 1240 1173 8734.00 2180.00 -30.652 0.711 30.661 hs 0 hp 8760 2179 in -1 0 0 0 -872 -9962 rl 3 np 0
T 1241 1174 8708.00 2181.00 -30.652 1.211 30.676 hs 0 hp 8734 2180 in -1 0 0 0 -872 -9962 rl 2 np 0
T 1242 1175 8682.00 2183.00 -30.652 1.711 30.700 hs 0 hp 8708 2181 in -1 0 0 0 -872 -9962 rl 1 np 0
T 1243 1176 8656.00 2185.00 -30.652 2.211 30.732 hs 0 hp 8682 2183 in -1 0 0 0 -872 -9962 rl 0 np 0
T 1244 1177 8630.00 2188.00 -30.652 2.711 30.772 hs 0 hp 8656 2185 in -1 0 0 0 -872 -9962 rl 0 np 0
T 1245 1178 8604.00 2191.00 -30.652 3.211 30.820 hs 0 hp 8630 2188 in -1 0 0 0 -872 -9962 rl 0 np 0
T 1246 1179 8578.00 2195.00 -30.652 3.711 30.876 hs 0 hp 8604 2191 in -1 0 0 1 1110 9938 rl 24 np 1
T 1247 1180 8548.00 2190.00 -36.988 -4.855 37.306 hs 0 hp 8578 2195 in -1 0 0 0 -872 -9962 rl 23 np 0
E 1247 1180 ex 8609.4 2239.9 tee 8578.0 2195.0 dist 54.8 |f| 11.06
T 1248 1181 8518.00 2186.00 -36.988 -4.355 37.244 hs 0 hp 8548 2190 in -1 0 0 0 -872 -9962 rl 22 np 0
T 1249 1182 8488.00 2182.00 -36.988 -3.855 37.189 hs 4 hp 8635 2221 in -1 0 1 0 9569 2903 rl 21 np 0
T 1250 1183 8458.00 2179.00 -36.988 -3.355 37.140 hs 0 hp 8488 2182 in -1 0 0 0 9569 2903 rl 20 np 0
T 1251 1184 8428.00 2176.00 -36.988 -2.855 37.098 hs 0 hp 8458 2179 in -1 0 0 0 9569 2903 rl 19 np 0
T 1252 1185 8398.00 2174.00 -36.988 -2.355 37.063 hs 5 hp 8376 2079 in -1 0 1 0 -4714 -8819 rl 18 np 0
T 1253 1186 8368.00 2172.00 -36.988 -1.855 37.035 hs 0 hp 8398 2174 in -1 0 0 0 -4714 -8819 rl 17 np 0
T 1254 1187 8338.00 2171.00 -36.988 -1.355 37.013 hs 4 hp 8485 2207 in -1 0 1 0 9569 2903 rl 16 np 0
T 1255 1188 8308.00 2170.00 -36.988 -0.855 36.998 hs 0 hp 8338 2171 in -1 0 0 0 9569 2903 rl 15 np 0
T 1256 1189 8278.00 2167.00 -36.832 -3.348 36.984 hs 5 hp 8314 2079 in -1 0 1 0 698 -9976 rl 14 np 0
T 1257 1190 8248.00 2164.00 -36.832 -2.848 36.942 hs 0 hp 8278 2167 in -1 0 0 0 698 -9976 rl 13 np 0
T 1258 1191 8218.00 2162.00 -36.832 -2.348 36.907 hs 0 hp 8248 2164 in -1 0 0 0 698 -9976 rl 12 np 0
T 1259 1192 8188.00 2160.00 -36.832 -1.848 36.878 hs 0 hp 8218 2162 in -1 0 0 0 698 -9976 rl 11 np 0
T 1260 1193 8158.00 2159.00 -36.832 -1.348 36.857 hs 5 hp 8122 2079 in -1 0 1 0 -6344 -7730 rl 10 np 0
T 1261 1194 8128.00 2158.00 -36.832 -0.848 36.842 hs 0 hp 8158 2159 in -1 0 0 0 -6344 -7730 rl 9 np 0
T 1262 1195 8098.00 2155.00 -36.676 -3.340 36.828 hs 5 hp 8134 2079 in -1 0 1 0 698 -9976 rl 8 np 0
T 1263 1196 8068.00 2152.00 -36.676 -2.840 36.786 hs 0 hp 8098 2155 in -1 0 0 0 698 -9976 rl 7 np 0
T 1264 1197 8038.00 2150.00 -36.676 -2.340 36.750 hs 0 hp 8068 2152 in -1 0 0 0 698 -9976 rl 6 np 0
T 1265 1198 8009.00 2145.00 -36.383 -4.812 36.700 hs 5 hp 8047 2079 in -1 0 1 0 1305 -9914 rl 5 np 0
T 1266 1199 7980.00 2141.00 -36.383 -4.312 36.638 hs 0 hp 8009 2145 in -1 0 0 0 1305 -9914 rl 4 np 0
T 1267 1200 7951.00 2134.00 -35.934 -6.754 36.563 hs 5 hp 7993 2079 in -1 0 1 0 1994 -9799 rl 3 np 0
T 1268 1201 7922.00 2128.00 -35.934 -6.254 36.474 hs 0 hp 7951 2134 in -1 0 0 0 1994 -9799 rl 2 np 0
T 1269 1202 7893.00 2122.00 -35.934 -5.754 36.391 hs 5 hp 7856 2047 in -1 0 1 0 -6344 -7730 rl 1 np 0
T 1270 1203 7864.00 2117.00 -35.934 -5.254 36.316 hs 5 hp 7856 2047 in -1 0 1 0 -6344 -7730 rl 0 np 0
T 1271 1204 7835.00 2112.00 -35.934 -4.754 36.247 hs 0 hp 7864 2117 in -1 0 0 1 -9919 -1268 rl 24 np 1
T 1272 1205 7806.00 2108.00 -35.934 -4.254 36.185 hs 4 hp 7929 2189 in -1 0 1 0 7730 6344 rl 23 np 1
T 1273 1206 7777.00 2104.00 -35.934 -3.754 36.129 hs 0 hp 7806 2108 in -1 0 0 0 7730 6344 rl 22 np 1
T 1274 1207 7748.00 2101.00 -35.934 -3.254 36.081 hs 0 hp 7777 2104 in -1 0 0 0 7730 6344 rl 21 np 1
T 1275 1208 7719.00 2098.00 -35.934 -2.754 36.039 hs 5 hp 7679 2185 in -1 0 1 0 -6344 7730 rl 20 np 1
T 1276 1209 7690.00 2096.00 -35.934 -2.254 36.004 hs 0 hp 7719 2098 in -1 0 0 0 -6344 7730 rl 19 np 1
T 1277 1210 7661.00 2094.00 -35.934 -1.754 35.976 hs 0 hp 7690 2096 in -1 0 0 0 -6344 7730 rl 18 np 1
T 1278 1211 7632.00 2093.00 -35.934 -1.254 35.955 hs 5 hp 7673 2134 in -1 0 1 0 2903 9569 rl 17 np 1
T 1279 1212 7598.00 2088.00 -46.672 -5.289 46.971 hs 0 hp 7632 2093 in -1 0 0 0 2903 9569 rl 16 np 0
E 1279 1212 ex 7678.5 2112.6 tee 7632.0 2093.0 dist 50.5 |f| 11.66
T 1280 1213 7563.00 2083.00 -46.672 -4.789 46.917 hs 0 hp 7598 2088 in -1 0 0 0 2903 9569 rl 15 np 0
T 1281 1214 7528.00 2079.00 -46.672 -4.289 46.869 hs 4 hp 7640 2177 in -1 0 1 0 6344 7730 rl 14 np 0
T 1282 1215 7493.00 2075.00 -46.672 -3.789 46.825 hs 0 hp 7528 2079 in -1 0 0 0 6344 7730 rl 13 np 0
T 1283 1216 7458.00 2072.00 -46.672 -3.289 46.788 hs 4 hp 7610 2110 in -1 0 1 0 9569 2903 rl 12 np 0
T 1284 1217 7423.00 2069.00 -46.672 -2.789 46.755 hs 0 hp 7458 2072 in -1 0 0 0 9569 2903 rl 11 np 0
T 1285 1218 7388.00 2068.00 -46.695 -1.391 46.716 hs 5 hp 7422 2144 in -1 0 1 0 -87 10000 rl 10 np 0
T 1286 1219 7353.00 2067.00 -46.695 -0.891 46.704 hs 0 hp 7388 2068 in -1 0 0 0 -87 10000 rl 9 np 0
T 1287 1220 7318.00 2067.00 -46.695 -0.391 46.697 hs 4 hp 7470 2102 in -1 0 1 0 9569 2903 rl 8 np 0
T 1288 1221 7283.00 2067.00 -46.695 0.109 46.695 hs 0 hp 7318 2067 in -1 0 0 0 9569 2903 rl 7 np 0
T 1289 1222 7248.00 2068.00 -46.695 0.609 46.699 hs 5 hp 7214 1983 in -1 0 1 0 -6344 -7730 rl 6 np 0
T 1290 1223 7213.00 2069.00 -46.695 1.109 46.708 hs 0 hp 7248 2068 in -1 0 0 0 -6344 -7730 rl 5 np 0
T 1291 1224 7178.00 2071.00 -46.695 1.609 46.723 hs 5 hp 7142 1983 in -1 0 1 0 -6344 -7730 rl 4 np 0
T 1292 1225 7143.00 2073.00 -46.695 2.109 46.743 hs 5 hp 7142 1983 in -1 0 1 0 -6344 -7730 rl 3 np 0
T 1293 1226 7108.00 2076.00 -46.695 2.609 46.768 hs 0 hp 7143 2073 in -1 0 0 0 -6344 -7730 rl 2 np 0
T 1294 1227 7073.00 2079.00 -46.695 3.109 46.799 hs 4 hp 7225 2111 in -1 0 1 0 9569 2903 rl 1 np 0
T 1295 1228 7038.00 2083.00 -46.695 3.609 46.835 hs 4 hp 7302 2134 in -1 0 1 0 9569 2903 rl 0 np 0
T 1296 1229 7003.00 2087.00 -46.695 4.109 46.876 hs 0 hp 7038 2083 in -1 0 0 0 9569 2903 rl 0 np 0
T 1297 1230 6968.00 2089.00 -46.844 1.613 46.872 hs 5 hp 6998 1983 in -1 0 1 0 -523 -9986 rl 0 np 0
T 1298 1231 6933.00 2091.00 -46.844 2.113 46.891 hs 0 hp 6968 2089 in -1 0 0 0 -523 -9986 rl 0 np 0
T 1299 1232 6898.00 2094.00 -46.844 2.613 46.917 hs 0 hp 6933 2091 in -1 0 0 0 -523 -9986 rl 0 np 0
T 1300 1233 6863.00 2097.00 -46.844 3.113 46.947 hs 0 hp 6898 2094 in -1 0 0 0 -523 -9986 rl 0 np 0
T 1301 1234 6828.00 2101.00 -46.844 3.613 46.983 hs 0 hp 6863 2097 in -1 0 0 0 -523 -9986 rl 0 np 0
T 1302 1235 6793.00 2105.00 -46.844 4.113 47.024 hs 0 hp 6828 2101 in -1 0 0 1 -9740 -2266 rl 24 np 1
T 1303 1236 6759.00 2094.00 -46.844 0.000 46.844 hs 0 hp 6793 2105 in -1 1 0 0 -523 -9986 rl 23 np 1
T 1304 1237 6724.00 2095.00 -46.844 0.500 46.846 hs 4 hp 6876 2129 in -1 0 1 0 9569 2903 rl 22 np 1
T 1305 1238 6689.00 2096.00 -46.844 1.000 46.854 hs 0 hp 6724 2095 in -1 0 0 0 9569 2903 rl 21 np 1
T 1306 1239 6654.00 2098.00 -46.844 1.500 46.868 hs 0 hp 6689 2096 in -1 0 0 0 9569 2903 rl 20 np 1
T 1307 1240 6615.00 2105.00 -57.805 6.883 58.213 hs 0 hp 6654 2098 in -1 0 0 0 9569 2903 rl 19 np 0
E 1307 1240 ex 6695.5 2079.5 tee 6654.0 2098.0 dist 45.5 |f| 12.00
T 1308 1241 6576.00 2112.00 -57.805 7.383 58.274 hs 0 hp 6615 2105 in -1 0 0 0 9569 2903 rl 18 np 0
T 1309 1242 6537.00 2120.00 -57.805 7.883 58.340 hs 4 hp 6693 2147 in -1 0 1 0 9569 2903 rl 17 np 0
T 1310 1243 6498.00 2128.00 -57.805 8.383 58.409 hs 4 hp 6770 2170 in -1 0 1 0 9569 2903 rl 16 np 0
T 1311 1244 6459.00 2137.00 -57.805 8.883 58.483 hs 0 hp 6498 2128 in -1 0 0 0 9569 2903 rl 15 np 0
T 1312 1245 6420.00 2146.00 -57.805 9.383 58.561 hs 4 hp 6567 2195 in -1 0 1 0 8819 4714 rl 14 np 0
T 1313 1246 6381.00 2156.00 -57.805 9.883 58.643 hs 0 hp 6420 2146 in -1 0 0 0 8819 4714 rl 13 np 0
T 1314 1247 6342.00 2166.00 -57.805 10.383 58.730 hs 0 hp 6381 2156 in -1 0 0 0 8819 4714 rl 12 np 0
T 1315 1248 6303.00 2178.00 -57.586 11.777 58.778 hs 5 hp 6352 2272 in -1 0 1 0 980 9952 rl 11 np 0
T 1316 1249 6265.00 2190.00 -57.586 12.277 58.880 hs 0 hp 6303 2178 in -1 0 0 0 980 9952 rl 10 np 0
T 1317 1250 6227.00 2203.00 -57.586 12.777 58.986 hs 0 hp 6265 2190 in -1 0 0 0 980 9952 rl 9 np 0
T 1318 1251 6189.00 2217.00 -57.352 14.172 59.077 hs 5 hp 6240 2322 in -1 0 1 0 1045 9945 rl 8 np 0
T 1319 1252 6151.00 2232.00 -57.352 14.672 59.199 hs 0 hp 6189 2217 in -1 0 0 0 1045 9945 rl 7 np 0
T 1320 1253 6113.00 2247.00 -57.352 15.172 59.324 hs 0 hp 6151 2232 in -1 0 0 0 1045 9945 rl 6 np 0
T 1321 1254 6075.00 2264.00 -56.699 16.531 59.060 hs 5 hp 6140 2336 in -1 0 1 0 2903 9569 rl 5 np 0
T 1322 1255 6037.00 2281.00 -56.699 17.031 59.202 hs 0 hp 6075 2264 in -1 0 0 0 2903 9569 rl 4 np 0
T 1323 1256 6000.00 2299.00 -55.910 18.375 58.852 hs 5 hp 6080 2395 in -1 0 1 0 3502 9367 rl 3 np 0
T 1324 1257 5963.00 2318.00 -55.910 18.875 59.010 hs 0 hp 6000 2299 in -1 0 0 0 3502 9367 rl 2 np 0
T 1325 1258 5927.00 2338.00 -53.582 20.234 57.275 hs 5 hp 5978 2368 in 1 0 1 0 2903 9569 rl 1 np 0
T 1326 1259 5892.00 2359.00 -49.625 21.191 53.960 hs 5 hp 5978 2368 in 1 0 1 0 2903 9569 rl 0 np 0
T 1327 1260 5860.00 2381.00 -44.906 21.785 49.912 hs 5 hp 5978 2368 in 0 0 1 0 2903 9569 rl 0 np 0
T 1328 1261 5829.00 2403.00 -42.660 22.285 48.130 hs 0 hp 5860 2381 in 0 0 0 0 2903 9569 rl 0 np 0
T 1329 1262 5800.00 2426.00 -38.957 23.355 45.422 hs 5 hp 5903 2464 in 1 0 1 0 7730 6344 rl 0 np 0
T 1330 1263 5773.00 2450.00 -34.898 24.168 42.450 hs 5 hp 5903 2464 in 0 0 1 0 7730 6344 rl 0 np 0
T 1331 1264 5749.00 2475.00 -30.566 24.766 39.340 hs 5 hp 5903 2464 in 1 0 1 0 7730 6344 rl 0 np 0
T 1332 1265 5728.00 2500.00 -26.223 25.051 36.265 hs 5 hp 5903 2464 in 1 0 1 0 7730 6344 rl 0 np 0
T 1333 1266 5708.00 2526.00 -24.910 25.551 35.684 hs 0 hp 5728 2500 in 0 0 0 0 7730 6344 rl 0 np 0
T 1334 1267 5690.00 2552.00 -21.562 26.375 34.067 hs 5 hp 5792 2558 in 0 0 1 0 9336 3584 rl 0 np 0
T 1335 1268 5676.00 2579.00 -17.219 26.930 31.964 hs 5 hp 5792 2558 in 1 0 1 0 9336 3584 rl 0 np 0
T 1336 1269 5664.00 2606.00 -14.145 26.895 30.387 hs 5 hp 5792 2558 in 0 0 1 0 9336 3584 rl 0 np 0
T 1337 1270 5653.00 2633.00 -12.645 27.395 30.172 hs 0 hp 5664 2606 in 1 0 0 0 9336 3584 rl 0 np 0
T 1338 1271 5644.00 2661.00 -11.145 27.895 30.038 hs 0 hp 5653 2633 in 1 0 0 0 9336 3584 rl 0 np 0
T 1339 1272 5632.00 2688.00 -13.727 27.125 30.400 hs 5 hp 5599 2640 in -1 0 1 0 -9063 -4226 rl 0 np 0
T 1340 1273 5621.00 2716.00 -13.039 27.625 30.548 hs 0 hp 5632 2688 in 0 0 0 1 -2031 9791 rl 24 np 1
T 1341 1274 5608.00 2743.00 -15.496 26.602 30.786 hs 5 hp 5518 2655 in -1 0 1 0 -8616 -5075 rl 23 np 1
T 1342 1275 5593.00 2768.00 -17.535 25.004 30.540 hs 5 hp 5518 2655 in -1 0 1 0 -8616 -5075 rl 22 np 1
T 1343 1276 5577.00 2791.00 -19.109 23.004 29.906 hs 5 hp 5518 2655 in -1 0 1 0 -8616 -5075 rl 21 np 1
T 1344 1277 5560.00 2812.00 -20.242 20.750 28.988 hs 5 hp 5518 2655 in -1 0 1 0 -8616 -5075 rl 20 np 1
T 1345 1278 5542.00 2830.00 -20.980 18.352 27.874 hs 5 hp 5518 2655 in -1 0 1 0 -8616 -5075 rl 19 np 1
T 1346 1279 5516.00 2843.00 -31.023 12.988 33.633 hs 5 hp 5518 2655 in -1 0 1 0 -8616 -5075 rl 18 np 0
E 1346 1279 ex 5601.3 2847.8 tee 5542.0 2830.0 dist 61.9 |f| 10.08
T 1347 1280 5490.00 2856.00 -31.023 13.488 33.829 hs 0 hp 5516 2843 in -1 0 0 0 -8616 -5075 rl 17 np 0
T 1348 1281 5464.00 2870.00 -31.023 13.988 34.031 hs 4 hp 5525 2973 in -1 0 1 0 2903 9569 rl 16 np 0
T 1349 1282 5438.00 2884.00 -31.023 14.488 34.240 hs 0 hp 5464 2870 in -1 0 0 0 2903 9569 rl 15 np 0
T 1350 1283 5413.00 2899.00 -31.023 14.988 34.454 hs 0 hp 5438 2884 in -1 0 0 0 2903 9569 rl 14 np 0
T 1351 1284 5388.00 2914.00 -31.023 15.488 34.675 hs 4 hp 5534 2911 in -1 0 1 0 9952 980 rl 13 np 0
T 1352 1285 5363.00 2930.00 -31.023 15.988 34.901 hs 0 hp 5388 2914 in -1 0 0 0 9952 980 rl 12 np 0
T 1353 1286 5338.00 2946.00 -31.023 16.488 35.133 hs 5 hp 5343 2995 in -1 0 1 0 -2903 9569 rl 11 np 0
T 1354 1287 5313.00 2961.00 -31.023 0.000 31.023 hs 5 hp 5343 2995 in -1 0 1 0 -2903 9569 rl 10 np 0
T 1355 1288 5287.00 2948.00 -31.023 -13.199 33.715 hs 5 hp 5343 2995 in -1 1 1 0 -2903 9569 rl 9 np 0
T 1356 1289 5261.00 2935.00 -31.023 -12.699 33.522 hs 0 hp 5287 2948 in -1 0 0 0 -2903 9569 rl 8 np 0
T 1357 1290 5235.00 2923.00 -31.023 -12.199 33.336 hs 4 hp 5382 2947 in -1 0 1 0 9952 980 rl 7 np 0
T 1358 1291 5209.00 2911.00 -31.023 -11.699 33.156 hs 0 hp 5235 2923 in -1 0 0 0 9952 980 rl 6 np 0
T 1359 1292 5183.00 2901.00 -31.320 -10.305 32.972 hs 5 hp 5202 2976 in -1 0 1 0 -1045 9945 rl 5 np 0
T 1360 1293 5157.00 2891.00 -31.320 -9.805 32.819 hs 0 hp 5183 2901 in -1 0 0 0 -1045 9945 rl 4 np 0
T 1361 1294 5131.00 2882.00 -31.320 -9.305 32.673 hs 4 hp 5278 2903 in -1 0 1 0 9952 980 rl 3 np 0
T 1362 1295 5105.00 2870.00 -31.320 -12.000 33.540 hs 4 hp 5358 2911 in -1 1 1 0 9952 980 rl 2 np 0
T 1363 1296 5079.00 2859.00 -31.320 -11.500 33.365 hs 0 hp 5105 2870 in -1 0 0 0 9952 980 rl 1 np 0
T 1364 1297 5054.00 2845.00 -30.258 -13.645 33.192 hs 5 hp 5137 2751 in -1 0 1 0 4714 -8819 rl 0 np 0
T 1365 1298 5029.00 2832.00 -30.258 -13.145 32.990 hs 0 hp 5054 2845 in -1 0 0 0 4714 -8819 rl 0 np 0
T 1366 1299 5005.00 2817.00 -29.051 -15.176 32.776 hs 5 hp 5081 2751 in -1 0 1 0 5373 -8434 rl 0 np 0
