T 1163 1096 8092.00 1597.00 46.723 9.992 47.779 hs 4 hp 8115 1479 in 1 0 1 0 4711 -8821 rl 9 np 0
T 1164 1097 8126.00 1607.00 46.723 10.492 47.886 hs 4 hp 8153 1408 in 1 0 1 0 4695 -8829 rl 8 np 0
T 1165 1098 8161.00 1615.00 47.168 8.031 47.847 hs 5 hp 8160 1396 in 1 0 1 0 634 -773 rl 7 np 0
T 1166 1099 8196.00 1621.00 47.156 5.531 47.480 hs 5 hp 8160 1396 in 1 0 1 0 634 -773 rl 6 np 0
T 1167 1100 8231.00 1624.00 46.801 3.070 46.901 hs 5 hp 8160 1396 in 1 0 1 0 634 -773 rl 5 np 0
T 1168 1101 8266.00 1628.00 46.801 3.570 46.937 hs 0 hp 8231 1624 in 1 0 0 0 634 -773 rl 4 np 0
T 1169 1102 8301.00 1632.00 46.801 4.070 46.977 hs 0 hp 8266 1628 in 1 0 0 0 634 -773 rl 3 np 0
T 1170 1103 8336.00 1637.00 46.801 4.570 47.023 hs 0 hp 8301 1632 in 1 0 0 0 634 -773 rl 2 np 0
T 1171 1104 8371.00 1639.00 46.977 2.074 47.022 hs 5 hp 8342 1535 in 1 0 1 0 610 -9981 rl 1 np 0
T 1172 1105 8405.00 1639.00 46.371 -0.316 46.372 hs 5 hp 8342 1535 in 1 0 1 0 610 -9981 rl 0 np 0
T 1173 1106 8439.00 1639.00 46.371 0.184 46.371 hs 0 hp 8405 1639 in 1 0 0 1 9062 -4229 rl 24 np 1
T 1174 1107 8473.00 1637.00 46.293 -2.316 46.351 hs 5 hp 8437 1567 in 1 0 1 0 -349 -9994 rl 23 np 1
T 1175 1108 8507.00 1635.00 46.293 -1.816 46.329 hs 0 hp 8473 1637 in 1 0 0 0 -349 -9994 rl 22 np 1
T 1176 1109 8541.00 1634.00 46.293 -1.316 46.312 hs 5 hp 8487 1598 in 1 0 1 0 -4714 -8819 rl 21 np 1
T 1177 1110 8579.00 1641.00 54.836 6.609 55.233 hs 0 hp 8541 1634 in 1 0 0 0 -4714 -8819 rl 20 np 0
E 1177 1110 ex 8501.1 1599.3 tee 8541.0 1634.0 dist 52.9 |f| 11.32
T 1178 1111 8617.00 1648.00 54.836 7.109 55.295 hs 5 hp 8583 1599 in 1 0 1 0 980 -9952 rl 19 np 0
T 1179 1112 8655.00 1656.00 54.836 7.609 55.361 hs 0 hp 8617 1648 in 1 0 0 0 980 -9952 rl 18 np 0
T 1180 1113 8693.00 1664.00 54.836 8.109 55.432 hs 4 hp 8776 1668 in 1 0 1 0 9952 980 rl 17 np 0
T 1181 1114 8731.00 1673.00 54.836 8.609 55.508 hs 0 hp 8693 1664 in 1 0 0 0 9952 980 rl 16 np 0
T 1182 1115 8769.00 1679.00 55.184 6.133 55.523 hs 5 hp 8744 1567 in 1 0 1 0 1219 -9925 rl 15 np 0
T 1183 1116 8807.00 1686.00 55.184 6.633 55.581 hs 0 hp 8769 1679 in 1 0 0 0 1219 -9925 rl 14 np 0
T 1184 1117 8845.00 1693.00 55.184 7.133 55.643 hs 4 hp 8915 1744 in 1 0 1 0 8819 4714 rl 13 np 0
T 1185 1118 8883.00 1701.00 55.184 7.633 55.709 hs 4 hp 8986 1782 in 1 0 1 0 8819 4714 rl 12 np 0
T 1186 1119 8921.00 1709.00 55.184 8.133 55.780 hs 4 hp 9057 1820 in 1 0 1 0 8819 4714 rl 11 np 0
T 1187 1120 8959.00 1718.00 55.184 8.633 55.855 hs 5 hp 9064 1824 in 1 0 1 0 8819 4714 rl 10 np 0
T 1188 1121 8997.00 1727.00 55.184 9.133 55.934 hs 0 hp 8959 1718 in 1 0 0 0 8819 4714 rl 9 np 0
T 1189 1122 9035.00 1734.00 55.555 6.660 55.952 hs 5 hp 9005 1663 in 1 0 1 0 1305 -9914 rl 8 np 0
T 1190 1123 9073.00 1741.00 55.555 7.160 56.014 hs 0 hp 9035 1734 in 1 0 0 0 1305 -9914 rl 7 np 0
T 1191 1124 9111.00 1749.00 54.414 8.438 55.064 hs 5 hp 9024 1824 in 1 0 1 0 -5075 8616 rl 6 np 0
T 1192 1125 9148.00 1759.00 52.711 9.523 53.564 hs 5 hp 9024 1824 in 1 0 1 0 -5075 8616 rl 5 np 0
T 1193 1126 9183.00 1769.00 48.688 10.441 49.795 hs 5 hp 9024 1824 in -1 0 1 0 -5075 8616 rl 4 np 0
T 1194 1127 9217.00 1780.00 46.254 10.941 47.530 hs 0 hp 9183 1769 in 0 0 0 0 -5075 8616 rl 3 np 0
T 1195 1128 9250.00 1792.00 43.289 12.301 45.003 hs 5 hp 9184 1888 in 0 0 1 0 -2903 9569 rl 2 np 0
T 1196 1129 9281.00 1806.00 39.852 13.543 42.090 hs 5 hp 9184 1888 in 0 0 1 0 -2903 9569 rl 1 np 0
T 1197 1130 9310.00 1821.00 36.141 14.625 38.988 hs 5 hp 9184 1888 in 0 0 1 0 -2903 9569 rl 0 np 0
T 1198 1131 9336.00 1837.00 32.125 15.547 35.689 hs 5 hp 9184 1888 in -1 0 1 0 -2903 9569 rl 0 np 0
T 1199 1132 9360.00 1853.00 28.387 16.332 32.750 hs 5 hp 9184 1888 in 0 0 1 0 -2903 9569 rl 0 np 0
T 1200 1133 9381.00 1870.00 24.090 17.008 29.489 hs 5 hp 9184 1888 in -1 0 1 0 -2903 9569 rl 0 np 0
T 1201 1134 9398.00 1888.00 19.750 17.590 26.447 hs 5 hp 9184 1888 in -1 0 1 1 9905 1375 rl 24 np 1
T 1202 1135 9412.00 1906.00 15.398 18.090 23.756 hs 5 hp 9184 1888 in -1 0 1 0 -2903 9569 rl 23 np 1
T 1203 1136 9422.00 1924.00 11.059 18.355 21.429 hs 5 hp 9184 1888 in -1 0 1 0 -2903 9569 rl 22 np 1
T 1204 1137 9421.00 1948.00 -1.219 24.484 24.515 hs 5 hp 9184 1888 in -1 0 1 0 -2903 9569 rl 21 np 0
E 1204 1137 ex 9471.6 1886.1 tee 9422.0 1924.0 dist 62.4 |f| 10.01
T 1205 1138 9416.00 1972.00 -5.480 24.250 24.862 hs 5 hp 9184 1888 in -1 0 1 0 -2903 9569 rl 20 np 0
T 1206 1139 9409.00 1996.00 -8.160 23.730 25.094 hs 5 hp 9184 1888 in -1 0 1 0 -2903 9569 rl 19 np 0
T 1207 1140 9399.00 2019.00 -10.730 22.934 25.320 hs 5 hp 9184 1888 in -1 0 1 0 -2903 9569 rl 18 np 0
T 1208 1141 9387.00 2041.00 -13.164 21.871 25.527 hs 5 hp 9184 1888 in -1 0 1 0 -2903 9569 rl 17 np 0
T 1209 1142 9373.00 2062.00 -15.441 20.566 25.718 hs 5 hp 9184 1888 in -1 0 1 0 -2903 9569 rl 16 np 0
T 1210 1143 9358.00 2081.00 -17.539 19.035 25.884 hs 5 hp 9184 1888 in -1 0 1 0 -2903 9569 rl 15 np 0
T 1211 1144 9341.00 2098.00 -19.449 17.309 26.036 hs 5 hp 9184 1888 in -1 0 1 0 -2903 9569 rl 14 np 0
T 1212 1145 9322.00 2113.00 -21.156 15.406 26.171 hs 5 hp 9184 1888 in -1 0 1 0 -2903 9569 rl 13 np 0
T 1213 1146 9302.00 2126.00 -22.645 13.348 26.286 hs 5 hp 9184 1888 in -1 0 1 0 -2903 9569 rl 12 np 0
T 1214 1147 9281.00 2137.00 -23.910 11.160 26.386 hs 5 hp 9184 1888 in -1 0 1 0 -2903 9569 rl 11 np 0
T 1215 1148 9259.00 2146.00 -24.945 8.863 26.473 hs 5 hp 9184 1888 in -1 0 1 0 -2903 9569 rl 10 np 0
T 1216 1149 9236.00 2152.00 -25.742 6.484 26.546 hs 5 hp 9184 1888 in -1 0 1 0 -2903 9569 rl 9 np 0
T 1217 1150 9213.00 2156.00 -26.293 4.039 26.601 hs 5 hp 9184 1888 in -1 0 1 0 -2903 9569 rl 8 np 0
T 1218 1151 9190.00 2158.00 -26.598 1.555 26.643 hs 5 hp 9184 1888 in -1 0 1 0 -2903 9569 rl 7 np 0
T 1219 1152 9167.00 2160.00 -26.598 2.055 26.677 hs 5 hp 9184 1888 in -1 0 1 0 -2903 9569 rl 6 np 0
T 1220 1153 9144.00 2160.00 -26.457 -0.441 26.461 hs 5 hp 9184 1888 in -1 0 1 0 -2903 9569 rl 5 np 0
T 1221 1154 9121.00 2157.00 -26.129 -2.910 26.290 hs 5 hp 9184 1888 in -1 0 1 0 -2903 9569 rl 4 np 0
T 1222 1155 9098.00 2152.00 -25.617 -5.332 26.166 hs 5 hp 9184 1888 in -1 0 1 0 -2903 9569 rl 3 np 0
T 1223 1156 9075.00 2147.00 -25.617 -4.832 26.069 hs 0 hp 9098 2152 in -1 0 0 0 -2903 9569 rl 2 np 0
T 1224 1157 9052.00 2143.00 -25.617 -4.332 25.981 hs 5 hp 9023 2244 in -1 0 1 0 -4714 8819 rl 1 np 0
T 1225 1158 9029.00 2139.00 -25.617 -3.832 25.902 hs 0 hp 9052 2143 in -1 0 0 0 -4714 8819 rl 0 np 0
T 1226 1159 9006.00 2136.00 -25.617 -3.332 25.833 hs 4 hp 9150 2151 in -1 0 1 0 9952 980 rl 0 np 0
T 1227 1160 8983.00 2133.00 -25.617 -2.832 25.773 hs 4 hp 9230 2159 in -1 0 1 0 9952 980 rl 0 np 0
T 1228 1161 8960.00 2131.00 -25.617 -2.332 25.723 hs 0 hp 8983 2133 in -1 0 0 0 9952 980 rl 0 np 0
T 1229 1162 8937.00 2129.00 -25.617 -1.832 25.683 hs 5 hp 8949 2240 in -1 0 1 0 -980 9952 rl 0 np 0
T 1230 1163 8915.00 2129.00 -25.375 -0.438 25.379 hs 5 hp 8949 2240 in -1 0 1 0 -980 9952 rl 0 np 0
T 1231 1164 8893.00 2129.00 -25.375 0.062 25.375 hs 0 hp 8915 2129 in -1 0 0 0 -980 9952 rl 0 np 0
T 1232 1165 8871.00 2127.00 -25.258 -2.434 25.375 hs 5 hp 8896 2081 in -1 0 1 0 523 -9986 rl 0 np 0
T 1233 1166 8842.00 2131.00 -35.867 3.672 36.055 hs 0 hp 8871 2127 in -1 0 0 1 8819 -4714 rl 24 np 0
E 1233 1166 ex 8901.0 2111.2 tee 8871.0 2127.0 dist 33.9 |f| 12.00
T 1234 1167 8813.00 2132.00 -36.016 1.176 36.035 hs 5 hp 8838 2047 in -1 0 1 0 -523 -9986 rl 23 np 0
T 1235 1168 8784.00 2131.00 -35.379 -1.203 35.399 hs 5 hp 8838 2047 in -1 0 1 0 -523 -9986 rl 22 np 0
T 1236 1169 8755.00 2130.00 -35.379 -0.703 35.386 hs 0 hp 8784 2131 in -1 0 0 0 -523 -9986 rl 21 np 0
T 1237 1170 8726.00 2130.00 -35.379 -0.203 35.379 hs 0 hp 8755 2130 in -1 0 0 0 -523 -9986 rl 20 np 0
T 1238 1171 8697.00 2130.00 -35.379 0.297 35.380 hs 5 hp 8715 2240 in -1 0 1 0 -980 9952 rl 19 np 0
T 1239 1172 8668.00 2131.00 -35.379 0.797 35.388 hs 0 hp 8697 2130 in -1 0 0 0 -980 9952 rl 18 np 0
T 1240 1173 8639.00 2132.00 -35.379 1.297 35.403 hs 0 hp 8668 2131 in -1 0 0 0 -980 9952 rl 17 np 0
T 1241 1174 8610.00 2134.00 -35.379 1.797 35.425 hs 0 hp 8639 2132 in -1 0 0 0 -980 9952 rl 16 np 0
T 1242 1175 8581.00 2136.00 -35.379 2.297 35.453 hs 4 hp 8727 2169 in -1 0 1 0 9569 2903 rl 15 np 0
T 1243 1176 8552.00 2139.00 -35.379 2.797 35.489 hs 4 hp 8804 2192 in -1 0 1 0 9569 2903 rl 14 np 0
T 1244 1177 8523.00 2142.00 -35.379 3.297 35.532 hs 0 hp 8552 2139 in -1 0 0 0 9569 2903 rl 13 np 0
T 1245 1178 8494.00 2146.00 -35.379 3.797 35.582 hs 4 hp 8640 2177 in -1 0 1 0 9569 2903 rl 12 np 0
T 1246 1179 8465.00 2150.00 -35.379 4.297 35.639 hs 4 hp 8717 2200 in -1 0 1 0 9569 2903 rl 11 np 0
T 1247 1180 8436.00 2155.00 -35.379 4.797 35.703 hs 0 hp 8465 2150 in -1 0 0 0 9569 2903 rl 10 np 0
T 1248 1181 8407.00 2160.00 -35.379 5.297 35.773 hs 0 hp 8436 2155 in -1 0 0 0 9569 2903 rl 9 np 0
T 1249 1182 8378.00 2166.00 -35.379 5.797 35.851 hs 0 hp 8407 2160 in -1 0 0 0 9569 2903 rl 8 np 0
T 1250 1183 8349.00 2169.00 -35.777 3.324 35.931 hs 5 hp 8366 2079 in -1 0 1 0 -1392 -9903 rl 7 np 0
T 1251 1184 8320.00 2173.00 -35.777 3.824 35.981 hs 0 hp 8349 2169 in -1 0 0 0 -1392 -9903 rl 6 np 0
T 1252 1185 8291.00 2174.00 -35.926 1.328 35.950 hs 5 hp 8315 2079 in -1 0 1 0 -523 -9986 rl 5 np 0
T 1253 1186 8262.00 2176.00 -35.926 1.828 35.972 hs 0 hp 8291 2174 in -1 0 0 0 -523 -9986 rl 4 np 0
T 1254 1187 8233.00 2175.00 -35.926 -0.672 35.932 hs 5 hp 8262 2079 in -1 0 1 0 0 -10000 rl 3 np 0
T 1255 1188 8204.00 2175.00 -35.926 -0.172 35.926 hs 0 hp 8233 2175 in -1 0 0 0 0 -10000 rl 2 np 0
T 1256 1189 8175.00 2172.00 -35.809 -2.668 35.908 hs 5 hp 8209 2079 in -1 0 1 0 523 -9986 rl 1 np 0
T 1257 1190 8146.00 2167.00 -35.035 -4.984 35.388 hs 5 hp 8209 2079 in -1 0 1 0 523 -9986 rl 0 np 0
T 1258 1191 8117.00 2163.00 -35.035 -4.484 35.321 hs 0 hp 8146 2167 in -1 0 0 0 523 -9986 rl 0 np 0
T 1259 1192 8089.00 2156.00 -34.566 -6.918 35.252 hs 5 hp 8135 2079 in -1 0 1 0 2079 -9781 rl 0 np 0
T 1260 1193 8062.00 2147.00 -33.414 -8.992 34.603 hs 5 hp 8135 2079 in -1 0 1 1 -7501 -6613 rl 24 np 1
T 1261 1194 8035.00 2139.00 -33.414 -8.492 34.476 hs 0 hp 8062 2147 in -1 0 0 0 2079 -9781 rl 23 np 1
T 1262 1195 8008.00 2131.00 -33.414 -7.992 34.357 hs 0 hp 8035 2139 in -1 0 0 0 2079 -9781 rl 22 np 1
T 1263 1196 7981.00 2124.00 -33.414 -7.492 34.244 hs 0 hp 8008 2131 in -1 0 0 0 2079 -9781 rl 21 np 1
T 1264 1197 7954.00 2117.00 -33.414 -6.992 34.138 hs 0 hp 7981 2124 in -1 0 0 0 2079 -9781 rl 20 np 1
T 1265 1198 7922.00 2118.00 -41.406 1.301 41.427 hs 0 hp 7954 2117 in -1 0 0 0 2079 -9781 rl 19 np 0
E 1265 1198 ex 7992.7 2079.2 tee 7954.0 2117.0 dist 54.1 |f| 11.16
T 1266 1199 7890.00 2117.00 -41.406 -1.199 41.424 hs 5 hp 7922 2047 in -1 0 1 0 0 -10000 rl 18 np 0
T 1267 1200 7858.00 2116.00 -41.406 -0.699 41.412 hs 0 hp 7890 2117 in -1 0 0 0 0 -10000 rl 17 np 0
T 1268 1201 7826.00 2113.00 -41.270 -3.195 41.393 hs 5 hp 7862 2047 in -1 0 1 0 610 -9981 rl 16 np 0
T 1269 1202 7794.00 2110.00 -41.270 -2.695 41.357 hs 0 hp 7826 2113 in -1 0 0 0 610 -9981 rl 15 np 0
T 1270 1203 7762.00 2105.00 -40.996 -5.172 41.321 hs 5 hp 7802 2047 in -1 0 1 0 1219 -9925 rl 14 np 0
T 1271 1204 7730.00 2100.00 -40.996 -4.672 41.261 hs 0 hp 7762 2105 in -1 0 0 0 1219 -9925 rl 13 np 0
T 1272 1205 7698.00 2096.00 -40.996 -4.172 41.208 hs 0 hp 7730 2100 in -1 0 0 0 1219 -9925 rl 12 np 0
T 1273 1206 7666.00 2092.00 -40.996 -3.672 41.160 hs 4 hp 7792 2173 in -1 0 1 0 7730 6344 rl 11 np 0
T 1274 1207 7634.00 2089.00 -40.996 -3.172 41.119 hs 0 hp 7666 2092 in -1 0 0 0 7730 6344 rl 10 np 0
T 1275 1208 7602.00 2083.00 -40.684 -5.645 41.073 hs 5 hp 7648 1993 in -1 0 1 0 1392 -9903 rl 9 np 0
T 1276 1209 7570.00 2078.00 -40.684 -5.145 41.008 hs 0 hp 7602 2083 in -1 0 0 0 1392 -9903 rl 8 np 0
T 1277 1210 7539.00 2071.00 -39.621 -7.289 40.286 hs 5 hp 7621 1983 in -1 0 1 0 4714 -8819 rl 7 np 0
T 1278 1211 7508.00 2064.00 -39.621 -6.789 40.199 hs 0 hp 7539 2071 in -1 0 0 0 4714 -8819 rl 6 np 0
T 1279 1212 7477.00 2058.00 -39.621 -6.289 40.117 hs 0 hp 7508 2064 in -1 0 0 0 4714 -8819 rl 5 np 0
T 1280 1213 7446.00 2052.00 -39.621 -5.789 40.042 hs 0 hp 7477 2058 in -1 0 0 0 4714 -8819 rl 4 np 0
T 1281 1214 7415.00 2047.00 -39.621 -5.289 39.973 hs 4 hp 7563 2087 in -1 0 1 0 9569 2903 rl 3 np 0
T 1282 1215 7384.00 2042.00 -39.621 -4.789 39.909 hs 0 hp 7415 2047 in -1 0 0 0 9569 2903 rl 2 np 0
T 1283 1216 7353.00 2038.00 -39.621 -4.289 39.853 hs 4 hp 7501 2077 in -1 0 1 0 9569 2903 rl 1 np 0
T 1284 1217 7322.00 2034.00 -39.621 -3.789 39.802 hs 4 hp 7578 2100 in -1 0 1 0 9569 2903 rl 0 np 0
T 1285 1218 7291.00 2031.00 -39.621 -3.289 39.757 hs 0 hp 7322 2034 in -1 0 0 0 9569 2903 rl 0 np 0
T 1286 1219 7260.00 2028.00 -39.621 -2.789 39.719 hs 0 hp 7291 2031 in -1 0 0 0 9569 2903 rl 0 np 0
T 1287 1220 7229.00 2026.00 -39.621 -2.289 39.687 hs 0 hp 7260 2028 in -1 0 0 1 2468 -9691 rl 24 np 1
T 1288 1221 7194.00 2032.00 -46.848 5.508 47.170 hs 0 hp 7229 2026 in -1 0 0 0 9569 2903 rl 23 np 0
E 1288 1221 ex 7271.6 1983.0 tee 7229.0 2026.0 dist 60.5 |f| 10.27
T 1289 1222 7159.00 2038.00 -46.848 6.008 47.231 hs 0 hp 7194 2032 in -1 0 0 0 9569 2903 rl 22 np 0
T 1290 1223 7124.00 2045.00 -46.848 6.508 47.298 hs 4 hp 7276 2073 in -1 0 1 0 9569 2903 rl 21 np 0
T 1291 1224 7089.00 2052.00 -46.848 7.008 47.369 hs 0 hp 7124 2045 in -1 0 0 0 9569 2903 rl 20 np 0
T 1292 1225 7054.00 2057.00 -47.145 4.523 47.361 hs 5 hp 7082 1983 in -1 0 1 0 -1045 -9945 rl 19 np 0
T 1293 1226 7019.00 2062.00 -47.145 5.023 47.411 hs 0 hp 7054 2057 in -1 0 0 0 -1045 -9945 rl 18 np 0
T 1294 1227 6984.00 2068.00 -47.145 5.523 47.467 hs 5 hp 6977 1983 in -1 0 1 0 -4714 -8819 rl 17 np 0
T 1295 1228 6949.00 2071.00 -47.379 3.035 47.476 hs 5 hp 6977 1983 in -1 0 1 0 -4714 -8819 rl 16 np 0
T 1296 1229 6914.00 2075.00 -47.379 3.535 47.511 hs 0 hp 6949 2071 in -1 0 0 0 -4714 -8819 rl 15 np 0
T 1297 1230 6879.00 2079.00 -47.379 4.035 47.550 hs 0 hp 6914 2075 in -1 0 0 0 -4714 -8819 rl 14 np 0
T 1298 1231 6844.00 2084.00 -47.379 4.535 47.595 hs 4 hp 6987 2137 in -1 0 1 0 8819 4714 rl 13 np 0
T 1299 1232 6809.00 2089.00 -47.379 5.035 47.646 hs 0 hp 6844 2084 in -1 0 0 0 8819 4714 rl 12 np 0
T 1300 1233 6774.00 2095.00 -47.379 5.535 47.701 hs 4 hp 6926 2124 in -1 0 1 0 9569 2903 rl 11 np 0
T 1301 1234 6739.00 2101.00 -47.379 6.035 47.762 hs 4 hp 7003 2147 in -1 0 1 0 9569 2903 rl 10 np 0
T 1302 1235 6704.00 2108.00 -47.379 6.535 47.827 hs 0 hp 6739 2101 in -1 0 0 0 9569 2903 rl 9 np 0
T 1303 1236 6669.00 2115.00 -47.379 7.035 47.898 hs 5 hp 6669 2079 in -1 0 1 0 -7730 -6344 rl 8 np 0
T 1304 1237 6634.00 2123.00 -47.379 7.535 47.974 hs 0 hp 6669 2115 in -1 0 0 0 -7730 -6344 rl 7 np 0
T 1305 1238 6599.00 2128.00 -47.703 5.055 47.970 hs 5 hp 6625 2047 in -1 0 1 0 -1132 -9936 rl 6 np 0
T 1306 1239 6564.00 2134.00 -47.703 5.555 48.025 hs 0 hp 6599 2128 in -1 0 0 0 -1132 -9936 rl 5 np 0
T 1307 1240 6529.00 2140.00 -47.703 6.055 48.086 hs 0 hp 6564 2134 in -1 0 0 0 -1132 -9936 rl 4 np 0
T 1308 1241 6494.00 2147.00 -47.703 6.555 48.151 hs 5 hp 6453 2047 in -1 0 1 0 -6344 -7730 rl 3 np 0
T 1309 1242 6459.00 2154.00 -47.703 7.055 48.222 hs 0 hp 6494 2147 in -1 0 0 0 -6344 -7730 rl 2 np 0
T 1310 1243 6424.00 2162.00 -47.703 7.555 48.298 hs 0 hp 6459 2154 in -1 0 0 0 -6344 -7730 rl 1 np 0
T 1311 1244 6389.00 2167.00 -48.027 5.074 48.295 hs 5 hp 6411 2047 in -1 0 1 0 -1132 -9936 rl 0 np 0
T 1312 1245 6354.00 2173.00 -48.027 5.574 48.350 hs 0 hp 6389 2167 in -1 0 0 0 -1132 -9936 rl 0 np 0
T 1313 1246 6319.00 2179.00 -48.027 6.074 48.410 hs 0 hp 6354 2173 in -1 0 0 0 -1132 -9936 rl 0 np 0
T 1314 1247 6284.00 2183.00 -48.305 3.590 48.438 hs 5 hp 6309 2079 in -1 0 1 0 -980 -9952 rl 0 np 0
T 1315 1248 6249.00 2187.00 -48.305 4.090 48.478 hs 0 hp 6284 2183 in -1 0 0 1 -3781 -9257 rl 24 np 1
T 1316 1249 6213.00 2203.00 -52.898 15.676 55.172 hs 0 hp 6249 2187 in -1 0 0 0 -980 -9952 rl 23 np 0
E 1316 1249 ex 6267.4 2142.7 tee 6249.0 2187.0 dist 48.0 |f| 12.00
T 1317 1250 6176.00 2216.00 -53.684 13.293 55.305 hs 5 hp 6196 2143 in -1 0 1 0 -2756 -9613 rl 22 np 0
T 1318 1251 6139.00 2230.00 -53.684 13.793 55.427 hs 0 hp 6176 2216 in -1 0 0 0 -2756 -9613 rl 21 np 0
T 1319 1252 6103.00 2245.00 -52.680 15.098 54.800 hs 5 hp 6192 2336 in -1 0 1 0 4462 8949 rl 20 np 0
T 1320 1253 6067.00 2261.00 -52.680 15.598 54.940 hs 0 hp 6103 2245 in -1 0 0 0 4462 8949 rl 19 np 0
T 1321 1254 6031.00 2277.00 -52.680 16.098 55.084 hs 0 hp 6067 2261 in -1 0 0 0 4462 8949 rl 18 np 0
T 1322 1255 5995.00 2294.00 -52.680 16.598 55.233 hs 0 hp 6031 2277 in -1 0 0 0 4462 8949 rl 17 np 0
T 1323 1256 5959.00 2311.00 -52.680 17.098 55.385 hs 0 hp 5995 2294 in -1 0 0 0 4462 8949 rl 16 np 0
T 1324 1257 5924.00 2329.00 -49.168 18.426 52.507 hs 5 hp 5983 2368 in 0 0 1 0 3907 9205 rl 15 np 0
T 1325 1258 5891.00 2348.00 -44.832 19.422 48.858 hs 5 hp 5983 2368 in 0 0 1 0 3907 9205 rl 14 np 0
T 1326 1259 5861.00 2368.00 -40.547 20.113 45.261 hs 5 hp 5983 2368 in 1 0 1 0 3907 9205 rl 13 np 0
T 1327 1260 5833.00 2389.00 -36.270 20.613 41.718 hs 5 hp 5983 2368 in 0 0 1 0 3907 9205 rl 12 np 0
T 1328 1261 5806.00 2410.00 -34.457 21.113 40.411 hs 0 hp 5833 2389 in 0 0 0 0 3907 9205 rl 11 np 0
T 1329 1262 5781.00 2432.00 -31.672 22.406 38.796 hs 5 hp 5852 2496 in 0 0 1 0 4714 8819 rl 10 np 0
T 1330 1263 5758.00 2456.00 -28.055 23.508 36.602 hs 5 hp 5852 2496 in 1 0 1 0 4714 8819 rl 9 np 0
T 1331 1264 5738.00 2480.00 -23.934 24.359 34.150 hs 5 hp 5852 2496 in 1 0 1 0 4714 8819 rl 8 np 0
T 1332 1265 5722.00 2505.00 -19.609 24.984 31.761 hs 5 hp 5852 2496 in 1 0 1 0 4714 8819 rl 7 np 0
T 1333 1266 5707.00 2530.00 -18.109 25.484 31.263 hs 0 hp 5722 2505 in 1 0 0 0 4714 8819 rl 6 np 0
T 1334 1267 5695.00 2556.00 -14.098 26.410 29.937 hs 5 hp 5792 2575 in 1 0 1 0 8819 4714 rl 5 np 0
T 1335 1268 5683.00 2583.00 -14.098 26.910 30.379 hs 0 hp 5695 2556 in -1 0 0 0 8819 4714 rl 4 np 0
T 1336 1269 5671.00 2610.00 -14.098 27.410 30.823 hs 0 hp 5683 2583 in -1 0 0 0 8819 4714 rl 3 np 0
T 1337 1270 5659.00 2638.00 -14.098 27.910 31.269 hs 0 hp 5671 2610 in -1 0 0 0 8819 4714 rl 2 np 0
T 1338 1271 5647.00 2666.00 -14.098 28.410 31.716 hs 0 hp 5659 2638 in -1 0 0 0 8819 4714 rl 1 np 0
T 1339 1272 5633.00 2693.00 -16.578 27.434 32.054 hs 5 hp 5599 2639 in -1 0 1 0 -8704 -4924 rl 0 np 0
T 1340 1273 5619.00 2721.00 -16.578 27.934 32.483 hs 0 hp 5633 2693 in -1 0 0 0 -8704 -4924 rl 0 np 0
T 1341 1274 5603.00 2748.00 -18.953 26.777 32.806 hs 5 hp 5520 2655 in -1 0 1 0 -8339 -5519 rl 0 np 0
T 1342 1275 5586.00 2773.00 -20.852 25.039 32.584 hs 5 hp 5520 2655 in -1 0 1 0 -8339 -5519 rl 0 np 0
T 1343 1276 5567.00 2796.00 -22.242 22.922 31.939 hs 5 hp 5520 2655 in -1 0 1 1 1989 9800 rl 24 np 1
T 1344 1277 5547.00 2817.00 -23.145 20.574 30.967 hs 5 hp 5520 2655 in -1 0 1 0 -8339 -5519 rl 23 np 1
T 1345 1278 5521.00 2833.00 -31.828 16.039 35.641 hs 0 hp 5547 2817 in -1 0 0 0 -8339 -5519 rl 22 np 0
E 1345 1278 ex 5600.8 2848.2 tee 5547.0 2817.0 dist 62.2 |f| 10.04
T 1346 1279 5495.00 2850.00 -31.828 16.539 35.869 hs 4 hp 5642 2845 in -1 0 1 0 9952 980 rl 21 np 0
T 1347 1280 5469.00 2867.00 -31.828 17.039 36.102 hs 0 hp 5495 2850 in -1 0 0 0 9952 980 rl 20 np 0
T 1348 1281 5443.00 2885.00 -31.828 17.539 36.341 hs 4 hp 5590 2879 in -1 0 1 0 9952 980 rl 19 np 0
T 1349 1282 5417.00 2903.00 -31.828 18.039 36.585 hs 0 hp 5443 2885 in -1 0 0 0 9952 980 rl 18 np 0
T 1350 1283 5391.00 2922.00 -31.828 18.539 36.834 hs 4 hp 5538 2915 in -1 0 1 0 9952 980 rl 17 np 0
T 1351 1284 5365.00 2941.00 -31.828 19.039 37.088 hs 0 hp 5391 2922 in -1 0 0 0 9952 980 rl 16 np 0
T 1352 1285 5339.00 2961.00 -31.828 19.539 37.347 hs 0 hp 5365 2941 in -1 0 0 0 9952 980 rl 15 np 0
T 1353 1286 5313.00 2948.00 -31.828 -13.199 34.456 hs 4 hp 5460 2973 in -1 1 1 0 9952 980 rl 14 np 0
T 1354 1287 5287.00 2935.00 -31.828 -12.699 34.268 hs 0 hp 5313 2948 in -1 0 0 0 9952 980 rl 13 np 0
T 1355 1288 5261.00 2924.00 -32.152 -11.305 34.082 hs 5 hp 5279 3001 in -1 0 1 0 -1132 9936 rl 12 np 0
T 1356 1289 5234.00 2913.00 -32.152 -10.805 33.919 hs 0 hp 5261 2924 in -1 0 0 0 -1132 9936 rl 11 np 0
T 1357 1290 5207.00 2904.00 -32.402 -9.406 33.740 hs 5 hp 5229 2976 in -1 0 1 0 -872 9962 rl 10 np 0
T 1358 1291 5180.00 2895.00 -32.402 -8.906 33.604 hs 0 hp 5207 2904 in -1 0 0 0 -872 9962 rl 9 np 0
T 1359 1292 5153.00 2887.00 -32.402 -8.406 33.475 hs 0 hp 5180 2895 in -1 0 0 0 -872 9962 rl 8 np 0
T 1360 1293 5126.00 2879.00 -32.402 -7.906 33.353 hs 4 hp 5274 2899 in -1 0 1 0 9952 980 rl 7 np 0
T 1361 1294 5099.00 2867.00 -32.402 -12.000 34.553 hs 0 hp 5126 2879 in -1 1 0 0 9952 980 rl 6 np 0
T 1362 1295 5072.00 2856.00 -32.402 -11.500 34.383 hs 0 hp 5099 2867 in -1 0 0 0 9952 980 rl 5 np 0
T 1363 1296 5046.00 2842.00 -31.363 -13.660 34.209 hs 5 hp 5126 2751 in -1 0 1 0 4617 -8870 rl 4 np 0
T 1364 1297 5020.00 2829.00 -31.363 -13.160 34.012 hs 0 hp 5046 2842 in -1 0 0 0 4617 -8870 rl 3 np 0
T 1365 1298 4995.00 2814.00 -30.188 -15.219 33.807 hs 5 hp 5068 2751 in -1 0 1 0 5225 -8526 rl 2 np 0
