T 1163 1096 8092.00 1597.00 46.723 9.992 47.779 hs 4 hp 8135 1493 in 1 0 1 0 6344 -7730 rl 9 np 0
T 1164 1097 8126.00 1607.00 46.723 10.492 47.886 hs 4 hp 8186 1431 in 1 0 1 0 6344 -7730 rl 8 np 0
T 1165 1098 8160.00 1618.00 46.723 10.992 47.998 hs 5 hp 8206 1407 in 1 0 1 0 6344 -7730 rl 7 np 0
T 1166 1099 8195.00 1627.00 47.328 8.562 48.096 hs 5 hp 8206 1407 in 1 0 1 0 6344 -7730 rl 6 np 0
T 1167 1100 8230.00 1633.00 47.469 6.066 47.855 hs 5 hp 8206 1407 in 1 0 1 0 6344 -7730 rl 5 np 0
T 1168 1101 8265.00 1637.00 47.230 3.582 47.366 hs 5 hp 8206 1407 in 1 0 1 0 6344 -7730 rl 4 np 0
T 1169 1102 8300.00 1638.00 46.672 1.176 46.687 hs 5 hp 8206 1407 in 1 0 1 0 6344 -7730 rl 3 np 0
T 1170 1103 8335.00 1640.00 46.672 1.676 46.702 hs 0 hp 8300 1638 in 1 0 0 0 6344 -7730 rl 2 np 0
T 1171 1104 8370.00 1642.00 46.672 2.176 46.723 hs 0 hp 8335 1640 in 1 0 0 0 6344 -7730 rl 1 np 0
T 1172 1105 8405.00 1642.00 46.695 -0.324 46.696 hs 5 hp 8371 1535 in 1 0 1 0 87 -10000 rl 0 np 0
T 1173 1106 8440.00 1642.00 46.695 0.176 46.696 hs 0 hp 8405 1642 in 1 0 0 1 9007 -4345 rl 24 np 1
T 1174 1107 8475.00 1640.00 46.617 -2.324 46.675 hs 5 hp 8437 1567 in 1 0 1 0 -349 -9994 rl 23 np 1
T 1175 1108 8510.00 1638.00 46.617 -1.824 46.653 hs 0 hp 8475 1640 in 1 0 0 0 -349 -9994 rl 22 np 1
T 1176 1109 8545.00 1637.00 46.617 -1.324 46.636 hs 4 hp 8631 1650 in 1 0 1 0 9952 980 rl 21 np 1
T 1177 1110 8583.00 1644.00 54.613 6.898 55.047 hs 4 hp 8711 1658 in 1 0 1 0 9952 980 rl 20 np 0
E 1177 1110 ex 8505.9 1599.2 tee 8545.0 1637.0 dist 54.4 |f| 11.12
T 1178 1111 8621.00 1651.00 54.613 7.398 55.112 hs 0 hp 8583 1644 in 1 0 0 0 9952 980 rl 19 np 0
T 1179 1112 8659.00 1656.00 54.910 4.914 55.130 hs 5 hp 8630 1567 in 1 0 1 0 1045 -9945 rl 18 np 0
T 1180 1113 8697.00 1661.00 54.910 5.414 55.176 hs 0 hp 8659 1656 in 1 0 0 0 1045 -9945 rl 17 np 0
T 1181 1114 8735.00 1667.00 54.910 5.914 55.228 hs 4 hp 8818 1673 in 1 0 1 0 9952 980 rl 16 np 0
T 1182 1115 8773.00 1673.00 54.910 6.414 55.284 hs 0 hp 8735 1667 in 1 0 0 0 9952 980 rl 15 np 0
T 1183 1116 8811.00 1680.00 54.910 6.914 55.344 hs 5 hp 8805 1567 in 1 0 1 0 2903 -9569 rl 14 np 0
T 1184 1117 8849.00 1687.00 54.910 7.414 55.408 hs 0 hp 8811 1680 in 1 0 0 0 2903 -9569 rl 13 np 0
T 1185 1118 8887.00 1695.00 54.910 7.914 55.478 hs 4 hp 8957 1745 in 1 0 1 0 8819 4714 rl 12 np 0
T 1186 1119 8925.00 1703.00 54.910 8.414 55.551 hs 4 hp 9028 1783 in 1 0 1 0 8819 4714 rl 11 np 0
T 1187 1120 8963.00 1712.00 54.910 8.914 55.629 hs 4 hp 9099 1821 in 1 0 1 0 8819 4714 rl 10 np 0
T 1188 1121 9001.00 1721.00 54.910 9.414 55.711 hs 0 hp 8963 1712 in 1 0 0 0 8819 4714 rl 9 np 0
T 1189 1122 9039.00 1731.00 54.910 9.914 55.798 hs 4 hp 9122 1733 in 1 0 1 0 9952 980 rl 8 np 0
T 1190 1123 9077.00 1741.00 54.910 10.414 55.889 hs 0 hp 9039 1731 in 1 0 0 0 9952 980 rl 7 np 0
T 1191 1124 9115.00 1752.00 54.910 10.914 55.984 hs 5 hp 9145 1824 in 1 0 1 0 6344 7730 rl 6 np 0
T 1192 1125 9153.00 1763.00 54.910 11.414 56.084 hs 0 hp 9115 1752 in 1 0 0 0 6344 7730 rl 5 np 0
T 1193 1126 9190.00 1775.00 53.172 12.484 54.618 hs 5 hp 9079 1824 in 1 0 1 0 -7730 6344 rl 4 np 0
T 1194 1127 9225.00 1788.00 49.066 13.348 50.850 hs 5 hp 9079 1824 in -1 0 1 0 -7730 6344 rl 3 np 0
T 1195 1128 9258.00 1802.00 44.801 14.062 46.956 hs 5 hp 9079 1824 in -1 0 1 0 -7730 6344 rl 2 np 0
T 1196 1129 9289.00 1817.00 40.473 14.672 43.050 hs 5 hp 9079 1824 in -1 0 1 0 -7730 6344 rl 1 np 0
T 1197 1130 9318.00 1832.00 36.199 15.203 39.262 hs 5 hp 9079 1824 in 0 0 1 0 -7730 6344 rl 0 np 0
T 1198 1131 9346.00 1848.00 34.699 15.703 38.087 hs 0 hp 9318 1832 in -1 0 0 0 -7730 6344 rl 0 np 0
T 1199 1132 9371.00 1864.00 30.504 16.496 34.679 hs 5 hp 9231 1888 in -1 0 1 0 -9455 3256 rl 0 np 0
T 1200 1133 9393.00 1881.00 26.195 17.148 31.309 hs 5 hp 9231 1888 in -1 0 1 0 -9455 3256 rl 0 np 0
T 1201 1134 9412.00 1899.00 21.848 17.688 28.110 hs 5 hp 9231 1888 in -1 0 1 1 9990 446 rl 24 np 1
T 1202 1135 9428.00 1917.00 17.504 18.004 25.110 hs 5 hp 9231 1888 in -1 0 1 0 -9455 3256 rl 23 np 1
T 1203 1136 9433.00 1941.00 5.566 24.426 25.052 hs 5 hp 9231 1888 in 0 0 1 0 -9455 3256 rl 22 np 0
E 1203 1136 ex 9472.0 1886.9 tee 9428.0 1917.0 dist 53.3 |f| 11.27
T 1204 1137 9434.00 1965.00 1.309 24.164 24.199 hs 5 hp 9231 1888 in -1 0 1 0 -9455 3256 rl 21 np 0
T 1205 1138 9431.00 1989.00 -2.855 23.602 23.774 hs 5 hp 9231 1888 in -1 0 1 0 -9455 3256 rl 20 np 0
T 1206 1139 9425.00 2012.00 -6.898 22.750 23.773 hs 5 hp 9231 1888 in -1 0 1 0 -9455 3256 rl 19 np 0
T 1207 1140 9417.00 2034.00 -9.301 21.633 23.547 hs 5 hp 9231 1888 in -1 0 1 0 -9455 3256 rl 18 np 0
T 1208 1141 9407.00 2054.00 -11.543 20.281 23.336 hs 5 hp 9231 1888 in -1 0 1 0 -9455 3256 rl 17 np 0
T 1209 1142 9395.00 2073.00 -13.617 18.723 23.151 hs 5 hp 9231 1888 in -1 0 1 0 -9455 3256 rl 16 np 0
T 1210 1143 9381.00 2090.00 -15.508 16.977 22.993 hs 5 hp 9231 1888 in -1 0 1 0 -9455 3256 rl 15 np 0
T 1211 1144 9365.00 2105.00 -17.207 15.066 22.871 hs 5 hp 9231 1888 in -1 0 1 0 -9455 3256 rl 14 np 0
T 1212 1145 9348.00 2118.00 -18.703 13.016 22.786 hs 5 hp 9231 1888 in -1 0 1 0 -9455 3256 rl 13 np 0
T 1213 1146 9330.00 2129.00 -19.996 10.840 22.745 hs 5 hp 9231 1888 in -1 0 1 0 -9455 3256 rl 12 np 0
T 1214 1147 9311.00 2138.00 -21.078 8.566 22.752 hs 5 hp 9231 1888 in -1 0 1 0 -9455 3256 rl 11 np 0
T 1215 1148 9291.00 2144.00 -21.945 6.211 22.807 hs 5 hp 9231 1888 in -1 0 1 0 -9455 3256 rl 10 np 0
T 1216 1149 9271.00 2148.00 -22.594 3.789 22.909 hs 5 hp 9231 1888 in -1 0 1 0 -9455 3256 rl 9 np 0
T 1217 1150 9251.00 2152.00 -22.594 4.289 22.997 hs 5 hp 9231 1888 in -1 0 1 0 -9455 3256 rl 8 np 0
T 1218 1151 9230.00 2154.00 -22.809 1.797 22.879 hs 5 hp 9231 1888 in -1 0 1 0 -9455 3256 rl 7 np 0
T 1219 1152 9209.00 2156.00 -22.809 2.297 22.924 hs 0 hp 9230 2154 in -1 0 0 0 -9455 3256 rl 6 np 0
T 1220 1153 9188.00 2159.00 -22.809 2.797 22.979 hs 0 hp 9209 2156 in -1 0 0 0 -9455 3256 rl 5 np 0
T 1221 1154 9167.00 2162.00 -22.809 3.297 23.046 hs 0 hp 9188 2159 in -1 0 0 0 -9455 3256 rl 4 np 0
T 1222 1155 9146.00 2166.00 -22.809 3.797 23.122 hs 4 hp 9090 2068 in -1 0 1 0 -6344 -7730 rl 3 np 0
T 1223 1156 9125.00 2170.00 -22.809 4.297 23.210 hs 4 hp 9039 2006 in -1 0 1 0 -6344 -7730 rl 2 np 0
T 1224 1157 9104.00 2175.00 -22.809 4.797 23.308 hs 4 hp 8988 1944 in -1 0 1 0 -6344 -7730 rl 1 np 0
T 1225 1158 9083.00 2180.00 -22.809 5.297 23.416 hs 5 hp 8968 1919 in -1 0 1 0 -6344 -7730 rl 0 np 0
T 1226 1159 9062.00 2186.00 -22.809 5.797 23.534 hs 5 hp 8968 1919 in -1 0 1 0 -6344 -7730 rl 0 np 0
T 1227 1160 9042.00 2192.00 -22.809 6.297 23.662 hs 5 hp 8968 1919 in -1 0 1 0 -6344 -7730 rl 0 np 0
T 1228 1161 9022.00 2199.00 -22.809 6.797 23.800 hs 5 hp 8968 1919 in -1 0 1 0 -6344 -7730 rl 0 np 0
T 1229 1162 9001.00 2203.00 -23.348 4.352 23.750 hs 5 hp 8968 1919 in -1 0 1 0 -6344 -7730 rl 0 np 0
T 1230 1163 8980.00 2205.00 -23.676 1.871 23.750 hs 5 hp 8968 1919 in -1 0 1 0 -6344 -7730 rl 0 np 0
T 1231 1164 8959.00 2207.00 -23.676 2.371 23.794 hs 5 hp 8968 1919 in -1 0 1 1 6374 7705 rl 24 np 1
T 1232 1165 8932.00 2204.00 -32.344 -2.895 32.473 hs 5 hp 8968 1919 in -1 0 1 0 -6344 -7730 rl 23 np 0
E 1232 1165 ex 9008.6 2240.0 tee 8959.0 2207.0 dist 59.5 |f| 10.41
T 1233 1166 8905.00 2202.00 -32.344 -2.395 32.432 hs 0 hp 8932 2204 in -1 0 0 0 -6344 -7730 rl 22 np 0
T 1234 1167 8878.00 2200.00 -32.344 -1.895 32.399 hs 4 hp 8828 2108 in -1 0 1 0 -6344 -7730 rl 21 np 0
T 1235 1168 8851.00 2199.00 -32.344 -1.395 32.374 hs 4 hp 8777 2046 in -1 0 1 0 -6344 -7730 rl 20 np 0
T 1236 1169 8824.00 2198.00 -32.344 -0.895 32.356 hs 4 hp 8726 1984 in -1 0 1 0 -6344 -7730 rl 19 np 0
T 1237 1170 8797.00 2198.00 -32.344 -0.395 32.346 hs 4 hp 8675 1922 in -1 0 1 0 -6344 -7730 rl 18 np 0
T 1238 1171 8770.00 2198.00 -32.344 0.105 32.344 hs 0 hp 8797 2198 in -1 0 0 0 -6344 -7730 rl 17 np 0
T 1239 1172 8743.00 2199.00 -32.344 0.605 32.349 hs 4 hp 8735 2081 in -1 0 1 0 -2903 -9569 rl 16 np 0
T 1240 1173 8716.00 2200.00 -32.344 1.105 32.363 hs 4 hp 8712 2004 in -1 0 1 0 -2903 -9569 rl 15 np 0
T 1241 1174 8689.00 2202.00 -32.344 1.605 32.384 hs 4 hp 8689 1927 in -1 0 1 0 -2903 -9569 rl 14 np 0
T 1242 1175 8662.00 2201.00 -32.367 -0.895 32.380 hs 5 hp 8687 1919 in -1 0 1 0 -2903 -9569 rl 13 np 0
T 1243 1176 8635.00 2201.00 -32.367 -0.395 32.370 hs 0 hp 8662 2201 in -1 0 0 0 -2903 -9569 rl 12 np 0
T 1244 1177 8608.00 2201.00 -32.367 0.105 32.367 hs 0 hp 8635 2201 in -1 0 0 0 -2903 -9569 rl 11 np 0
T 1245 1178 8581.00 2189.00 -32.367 -12.000 34.520 hs 0 hp 8608 2201 in -1 1 0 0 -2903 -9569 rl 10 np 0
T 1246 1179 8554.00 2178.00 -32.664 -10.605 34.343 hs 5 hp 8576 2240 in -1 0 1 0 -1045 9945 rl 9 np 0
T 1247 1180 8527.00 2168.00 -32.664 -10.105 34.192 hs 0 hp 8554 2178 in -1 0 0 0 -1045 9945 rl 8 np 0
T 1248 1181 8500.00 2159.00 -32.887 -8.707 34.020 hs 5 hp 8521 2240 in -1 0 1 0 -785 9969 rl 7 np 0
T 1249 1182 8473.00 2151.00 -32.887 -8.207 33.895 hs 0 hp 8500 2159 in -1 0 0 0 -785 9969 rl 6 np 0
T 1250 1183 8446.00 2144.00 -33.062 -6.809 33.756 hs 5 hp 8466 2272 in -1 0 1 0 -610 9981 rl 5 np 0
T 1251 1184 8419.00 2139.00 -32.715 -5.418 33.160 hs 5 hp 8466 2272 in -1 0 1 0 -610 9981 rl 4 np 0
T 1252 1185 8392.00 2134.00 -32.715 -4.918 33.082 hs 0 hp 8419 2139 in -1 0 0 0 -610 9981 rl 3 np 0
T 1253 1186 8365.00 2130.00 -32.715 -4.418 33.012 hs 0 hp 8392 2134 in -1 0 0 0 -610 9981 rl 2 np 0
T 1254 1187 8338.00 2126.00 -32.715 -3.918 32.949 hs 0 hp 8365 2130 in -1 0 0 0 -610 9981 rl 1 np 0
T 1255 1188 8311.00 2123.00 -32.715 -3.418 32.893 hs 5 hp 8251 2079 in -1 0 1 0 -8819 -4714 rl 0 np 0
T 1256 1189 8284.00 2120.00 -32.715 -2.918 32.845 hs 5 hp 8251 2079 in -1 0 1 1 2911 -9567 rl 24 np 1
T 1257 1190 8253.00 2125.00 -40.289 5.180 40.621 hs 5 hp 8251 2079 in -1 0 1 0 -8819 -4714 rl 23 np 0
E 1257 1190 ex 8324.4 2079.5 tee 8284.0 2120.0 dist 57.2 |f| 10.73
T 1258 1191 8221.00 2128.00 -40.414 2.684 40.503 hs 5 hp 8251 2079 in -1 0 1 0 -8819 -4714 rl 22 np 0
T 1259 1192 8189.00 2131.00 -40.414 3.184 40.539 hs 0 hp 8221 2128 in -1 0 0 0 -8819 -4714 rl 21 np 0
T 1260 1193 8157.00 2132.00 -40.512 0.684 40.517 hs 5 hp 8187 2079 in -1 0 1 0 -349 -9994 rl 20 np 0
T 1261 1194 8125.00 2133.00 -40.512 1.184 40.529 hs 0 hp 8157 2132 in -1 0 0 0 -349 -9994 rl 19 np 0
T 1262 1195 8093.00 2132.00 -40.492 -1.316 40.514 hs 5 hp 8125 2079 in -1 0 1 0 87 -10000 rl 18 np 0
T 1263 1196 8061.00 2131.00 -40.492 -0.816 40.500 hs 0 hp 8093 2132 in -1 0 0 0 87 -10000 rl 17 np 0
T 1264 1197 8030.00 2128.00 -40.336 -3.309 40.471 hs 5 hp 8065 2079 in -1 0 1 0 698 -9976 rl 16 np 0
T 1265 1198 7999.00 2125.00 -40.336 -2.809 40.434 hs 0 hp 8030 2128 in -1 0 0 0 698 -9976 rl 15 np 0
T 1266 1199 7968.00 2120.00 -39.680 -5.176 40.016 hs 5 hp 8013 2079 in -1 0 1 0 2924 -9563 rl 14 np 0
T 1267 1200 7937.00 2115.00 -39.680 -4.676 39.954 hs 0 hp 7968 2120 in -1 0 0 0 2924 -9563 rl 13 np 0
T 1268 1201 7906.00 2111.00 -39.680 -4.176 39.899 hs 4 hp 8031 2192 in -1 0 1 0 7730 6344 rl 12 np 0
T 1269 1202 7875.00 2107.00 -39.680 -3.676 39.850 hs 4 hp 8093 2243 in -1 0 1 0 7730 6344 rl 11 np 0
T 1270 1203 7844.00 2104.00 -39.680 -3.176 39.807 hs 0 hp 7875 2107 in -1 0 0 0 7730 6344 rl 10 np 0
T 1271 1204 7813.00 2101.00 -39.680 -2.676 39.770 hs 4 hp 7856 2225 in -1 0 1 0 980 9952 rl 9 np 0
T 1272 1205 7782.00 2099.00 -39.680 -2.176 39.739 hs 4 hp 7864 2305 in -1 0 1 0 980 9952 rl 8 np 0
T 1273 1206 7751.00 2097.00 -39.680 -1.676 39.715 hs 4 hp 7872 2385 in -1 0 1 0 980 9952 rl 7 np 0
T 1274 1207 7720.00 2096.00 -39.680 -1.176 39.697 hs 1 hp 7872 2385 in -1 0 1 0 980 9952 rl 6 np 0
T 1275 1208 7689.00 2095.00 -39.680 -0.676 39.685 hs 2 hp 7872 2385 in -1 0 1 0 980 9952 rl 5 np 0
T 1276 1209 7658.00 2095.00 -39.680 -0.176 39.680 hs 3 hp 7872 2385 in -1 0 1 0 980 9952 rl 4 np 0
T 1277 1210 7627.00 2095.00 -39.680 0.324 39.681 hs 0 hp 7658 2095 in -1 0 0 0 980 9952 rl 3 np 0
T 1278 1211 7596.00 2097.00 -39.562 1.723 39.600 hs 5 hp 7633 2208 in -1 0 1 0 523 9986 rl 2 np 0
T 1279 1212 7565.00 2099.00 -39.562 2.223 39.625 hs 0 hp 7596 2097 in -1 0 0 0 523 9986 rl 1 np 0
T 1280 1213 7534.00 2102.00 -39.562 2.723 39.656 hs 4 hp 7642 2193 in -1 0 1 0 6344 7730 rl 0 np 0
T 1281 1214 7503.00 2105.00 -39.562 3.223 39.694 hs 0 hp 7534 2102 in -1 0 0 1 -9621 2727 rl 24 np 1
T 1282 1215 7472.00 2109.00 -39.562 3.723 39.737 hs 0 hp 7503 2105 in -1 0 0 0 6344 7730 rl 23 np 1
T 1283 1216 7441.00 2113.00 -39.562 4.223 39.787 hs 0 hp 7472 2109 in -1 0 0 0 6344 7730 rl 22 np 1
T 1284 1217 7410.00 2118.00 -39.562 4.723 39.843 hs 0 hp 7441 2113 in -1 0 0 0 6344 7730 rl 21 np 1
T 1285 1218 7379.00 2123.00 -39.562 5.223 39.906 hs 4 hp 7531 2130 in -1 0 1 0 9952 980 rl 20 np 1
T 1286 1219 7343.00 2123.00 -49.918 -0.340 49.919 hs 4 hp 7611 2138 in -1 0 1 0 9952 980 rl 19 np 0
E 1286 1219 ex 7414.1 2143.5 tee 7379.0 2123.0 dist 40.7 |f| 12.00
T 1287 1220 7307.00 2123.00 -49.918 0.160 49.918 hs 0 hp 7343 2123 in -1 0 0 0 9952 980 rl 18 np 0
T 1288 1221 7271.00 2125.00 -49.781 1.559 49.806 hs 5 hp 7314 2240 in -1 0 1 0 610 9981 rl 17 np 0
T 1289 1222 7235.00 2127.00 -49.781 2.059 49.824 hs 0 hp 7271 2125 in -1 0 0 0 610 9981 rl 16 np 0
T 1290 1223 7199.00 2130.00 -49.781 2.559 49.847 hs 0 hp 7235 2127 in -1 0 0 0 610 9981 rl 15 np 0
T 1291 1224 7163.00 2133.00 -49.781 3.059 49.875 hs 0 hp 7199 2130 in -1 0 0 0 610 9981 rl 14 np 0
T 1292 1225 7127.00 2137.00 -49.781 3.559 49.908 hs 0 hp 7163 2133 in -1 0 0 0 610 9981 rl 13 np 0
T 1293 1226 7091.00 2141.00 -49.781 4.059 49.946 hs 4 hp 7248 2149 in -1 0 1 0 9952 980 rl 12 np 0
T 1294 1227 7055.00 2146.00 -49.781 4.559 49.990 hs 0 hp 7091 2141 in -1 0 0 0 9952 980 rl 11 np 0
T 1295 1228 7019.00 2151.00 -49.781 5.059 50.038 hs 0 hp 7055 2146 in -1 0 0 0 9952 980 rl 10 np 0
T 1296 1229 6983.00 2157.00 -49.781 5.559 50.091 hs 0 hp 7019 2151 in -1 0 0 0 9952 980 rl 9 np 0
T 1297 1230 6947.00 2163.00 -49.781 6.059 50.149 hs 0 hp 6983 2157 in -1 0 0 0 9952 980 rl 8 np 0
T 1298 1231 6911.00 2170.00 -49.781 6.559 50.211 hs 0 hp 6947 2163 in -1 0 0 0 9952 980 rl 7 np 0
T 1299 1232 6876.00 2158.00 -49.781 -12.000 51.207 hs 0 hp 6911 2170 in -1 1 0 0 9952 980 rl 6 np 0
T 1300 1233 6840.00 2146.00 -49.781 -11.500 51.092 hs 0 hp 6876 2158 in -1 0 0 0 9952 980 rl 5 np 0
T 1301 1234 6804.00 2135.00 -49.781 -11.000 50.982 hs 0 hp 6840 2146 in -1 0 0 0 9952 980 rl 4 np 0
T 1302 1235 6768.00 2124.00 -49.781 -10.500 50.877 hs 5 hp 6700 2079 in -1 0 1 0 -8819 -4714 rl 3 np 0
T 1303 1236 6732.00 2114.00 -49.781 -10.000 50.776 hs 0 hp 6768 2124 in -1 0 0 0 -8819 -4714 rl 2 np 0
T 1304 1237 6696.00 2104.00 -49.781 -9.500 50.680 hs 0 hp 6732 2114 in -1 0 0 0 -8819 -4714 rl 1 np 0
T 1305 1238 6660.00 2095.00 -49.781 -9.000 50.588 hs 5 hp 6664 2077 in -1 0 1 0 -7730 -6344 rl 0 np 0
T 1306 1239 6624.00 2094.00 -49.781 0.000 49.781 hs 5 hp 6664 2077 in -1 0 1 0 -7730 -6344 rl 0 np 0
T 1307 1240 6585.00 2102.00 -59.098 8.062 59.645 hs 5 hp 6664 2077 in -1 0 1 1 7730 -6344 rl 24 np 0
E 1307 1240 ex 6655.7 2068.3 tee 6624.0 2094.0 dist 40.8 |f| 12.00
T 1308 1241 6546.00 2111.00 -59.098 8.562 59.715 hs 0 hp 6585 2102 in -1 0 0 0 7730 -6344 rl 23 np 0
T 1309 1242 6507.00 2120.00 -59.098 9.062 59.788 hs 0 hp 6546 2111 in -1 0 0 0 7730 -6344 rl 22 np 0
T 1310 1243 6468.00 2130.00 -59.098 9.562 59.866 hs 4 hp 6615 2178 in -1 0 1 0 8819 4714 rl 21 np 0
T 1311 1244 6429.00 2140.00 -59.098 10.062 59.948 hs 4 hp 6686 2216 in -1 0 1 0 8819 4714 rl 20 np 0
T 1312 1245 6390.00 2151.00 -59.098 10.562 60.034 hs 0 hp 6429 2140 in -1 0 0 0 8819 4714 rl 19 np 0
T 1313 1246 6351.00 2163.00 -58.863 11.957 60.065 hs 5 hp 6403 2272 in -1 0 1 0 1045 9945 rl 18 np 0
T 1314 1247 6312.00 2175.00 -58.863 12.457 60.167 hs 0 hp 6351 2163 in -1 0 0 0 1045 9945 rl 17 np 0
T 1315 1248 6273.00 2188.00 -58.863 12.957 60.272 hs 0 hp 6312 2175 in -1 0 0 0 1045 9945 rl 16 np 0
T 1316 1249 6234.00 2201.00 -58.863 13.457 60.382 hs 4 hp 6390 2223 in -1 0 1 0 9569 2903 rl 15 np 0
T 1317 1250 6195.00 2215.00 -58.863 13.957 60.495 hs 4 hp 6467 2246 in -1 0 1 0 9569 2903 rl 14 np 0
T 1318 1251 6156.00 2229.00 -58.863 14.457 60.613 hs 0 hp 6195 2215 in -1 0 0 0 9569 2903 rl 13 np 0
T 1319 1252 6117.00 2244.00 -58.863 14.957 60.734 hs 4 hp 6277 2241 in -1 0 1 0 9952 980 rl 12 np 0
T 1320 1253 6078.00 2259.00 -58.863 15.457 60.859 hs 4 hp 6357 2249 in -1 0 1 0 9952 980 rl 11 np 0
T 1321 1254 6039.00 2275.00 -58.863 15.957 60.988 hs 0 hp 6078 2259 in -1 0 0 0 9952 980 rl 10 np 0
T 1322 1255 6001.00 2292.00 -57.801 17.250 60.320 hs 5 hp 6089 2368 in -1 0 1 0 4714 8819 rl 9 np 0
T 1323 1256 5964.00 2310.00 -54.145 18.340 57.166 hs 5 hp 6089 2368 in 1 0 1 0 4714 8819 rl 8 np 0
T 1324 1257 5929.00 2329.00 -49.395 19.219 53.002 hs 5 hp 6089 2368 in 0 0 1 0 4714 8819 rl 7 np 0
T 1325 1258 5896.00 2349.00 -44.738 19.934 48.978 hs 5 hp 6089 2368 in 0 0 1 0 4714 8819 rl 6 np 0
T 1326 1259 5865.00 2369.00 -42.500 20.434 47.157 hs 0 hp 5896 2349 in 0 0 0 0 4714 8819 rl 5 np 0
T 1327 1260 5835.00 2391.00 -39.723 21.793 45.308 hs 5 hp 5894 2464 in 0 0 1 0 2903 9569 rl 4 np 0
T 1328 1261 5807.00 2414.00 -36.320 22.992 42.986 hs 5 hp 5894 2464 in 0 0 1 0 2903 9569 rl 3 np 0
T 1329 1262 5782.00 2438.00 -32.348 23.941 40.244 hs 5 hp 5894 2464 in 1 0 1 0 2903 9569 rl 2 np 0
T 1330 1263 5760.00 2463.00 -28.070 24.645 37.354 hs 5 hp 5894 2464 in 1 0 1 0 2903 9569 rl 1 np 0
T 1331 1264 5741.00 2488.00 -23.719 25.152 34.572 hs 5 hp 5894 2464 in 1 0 1 0 2903 9569 rl 0 np 0
T 1332 1265 5723.00 2514.00 -22.219 25.652 33.937 hs 0 hp 5741 2488 in 1 0 0 1 -7280 6856 rl 24 np 1
T 1333 1266 5708.00 2541.00 -18.516 26.723 32.510 hs 5 hp 5792 2571 in 1 0 1 0 7730 6344 rl 23 np 1
T 1334 1267 5694.00 2568.00 -17.016 27.223 32.103 hs 0 hp 5708 2541 in 1 0 0 0 7730 6344 rl 22 np 1
T 1335 1268 5681.00 2596.00 -15.516 27.723 31.769 hs 0 hp 5694 2568 in 1 0 0 0 7730 6344 rl 21 np 1
T 1336 1269 5668.00 2624.00 -15.516 28.223 32.206 hs 5 hp 5599 2588 in -1 0 1 0 -9952 -980 rl 20 np 1
T 1337 1270 5655.00 2651.00 -16.012 27.336 31.680 hs 5 hp 5599 2588 in 1 0 1 0 -9952 -980 rl 19 np 1
T 1338 1271 5640.00 2677.00 -17.906 25.594 31.236 hs 5 hp 5599 2588 in -1 0 1 0 -9952 -980 rl 18 np 1
T 1339 1272 5624.00 2700.00 -19.098 23.367 30.179 hs 5 hp 5599 2588 in -1 0 1 0 -9952 -980 rl 17 np 1
T 1340 1273 5611.00 2730.00 -15.668 30.129 33.959 hs 5 hp 5599 2588 in -1 0 1 0 -9952 -980 rl 16 np 0
E 1340 1273 ex 5598.9 2643.1 tee 5624.0 2700.0 dist 62.2 |f| 10.04
T 1341 1274 5598.00 2761.00 -15.668 30.629 34.404 hs 0 hp 5611 2730 in -1 0 0 0 -9952 -980 rl 15 np 0
