T 1163 1096 8092.00 1597.00 46.723 9.992 47.779 hs 4 hp 8116 1479 in 1 0 1 0 4714 -8819 rl 9 np 0
T 1164 1097 8126.00 1607.00 46.723 10.492 47.886 hs 4 hp 8154 1408 in 1 0 1 0 4711 -8821 rl 8 np 0
T 1165 1098 8161.00 1615.00 47.176 8.031 47.855 hs 5 hp 8160 1398 in 1 0 1 0 4695 -8829 rl 7 np 0
T 1166 1099 8196.00 1621.00 47.164 5.531 47.487 hs 5 hp 8160 1398 in 1 0 1 0 634 -773 rl 6 np 0
T 1167 1100 8231.00 1627.00 47.164 6.031 47.548 hs 0 hp 8196 1621 in 1 0 0 0 634 -773 rl 5 np 0
T 1168 1101 8266.00 1634.00 47.164 6.531 47.614 hs 4 hp 8267 1510 in 1 0 1 0 2924 -9563 rl 4 np 0
T 1169 1102 8301.00 1638.00 47.387 4.039 47.559 hs 5 hp 8279 1471 in 1 0 1 0 3131 -9497 rl 3 np 0
T 1170 1103 8336.00 1643.00 47.387 4.539 47.604 hs 0 hp 8301 1638 in 1 0 0 0 3131 -9497 rl 2 np 0
T 1171 1104 8371.00 1645.00 47.562 2.043 47.606 hs 5 hp 8343 1535 in 1 0 1 0 610 -9981 rl 1 np 0
T 1172 1105 8406.00 1648.00 47.562 2.543 47.630 hs 0 hp 8371 1645 in 1 0 0 0 4714 -8819 rl 0 np 0
T 1173 1106 8441.00 1648.00 46.910 0.172 46.910 hs 5 hp 8372 1535 in 1 0 1 0 -2903 -9569 rl 0 np 0
T 1174 1107 8476.00 1649.00 46.910 0.672 46.915 hs 0 hp 8441 1648 in 1 0 0 0 831 -556 rl 0 np 0
T 1175 1108 8511.00 1650.00 46.910 1.172 46.925 hs 0 hp 8476 1649 in 1 0 0 1 8889 -4581 rl 24 np 1
T 1176 1109 8546.00 1652.00 46.910 1.672 46.940 hs 0 hp 8511 1650 in 1 0 0 1 8889 -4581 rl 23 np 1
T 1177 1110 8581.00 1654.00 46.910 2.172 46.960 hs 4 hp 8654 1710 in 1 0 1 0 8819 4714 rl 22 np 1
T 1178 1111 8616.00 1657.00 46.910 2.672 46.986 hs 4 hp 8725 1748 in 1 0 1 0 2903 -9569 rl 21 np 1
T 1179 1112 8651.00 1660.00 46.910 3.172 47.017 hs 4 hp 8796 1786 in 1 0 1 0 2903 -9569 rl 20 np 1
T 1180 1113 8687.00 1668.00 51.602 8.145 52.240 hs 0 hp 8651 1660 in 1 0 0 0 785 -9969 rl 19 np 0
E 1180 1113 ex 8587.3 1599.3 tee 8651.0 1660.0 dist 88.0 |f| 6.48
T 1181 1114 8724.00 1674.00 51.949 5.668 52.258 hs 5 hp 8699 1567 in 1 0 1 0 1219 -9925 rl 18 np 0
T 1182 1115 8761.00 1680.00 51.949 6.168 52.314 hs 0 hp 8724 1674 in 1 0 0 0 785 -9969 rl 17 np 0
T 1183 1116 8798.00 1684.00 52.199 3.680 52.329 hs 5 hp 8771 1567 in 1 0 1 0 872 -9962 rl 16 np 0
T 1184 1117 8835.00 1688.00 52.199 4.180 52.366 hs 0 hp 8798 1684 in 1 0 0 0 785 -9969 rl 15 np 0
T 1185 1118 8872.00 1693.00 52.199 4.680 52.409 hs 4 hp 8779 1579 in 1 0 1 0 -4560 -8900 rl 14 np 0
T 1186 1119 8909.00 1698.00 52.199 5.180 52.456 hs 0 hp 8872 1693 in 1 0 0 0 -980 9952 rl 13 np 0
T 1187 1120 8946.00 1704.00 52.199 5.680 52.507 hs 4 hp 8967 1806 in 1 0 1 0 4714 8819 rl 12 np 0
T 1188 1121 8983.00 1710.00 52.199 6.180 52.564 hs 5 hp 8994 1856 in 1 0 1 0 980 9952 rl 11 np 0
T 1189 1122 9020.00 1717.00 52.199 6.680 52.625 hs 5 hp 8994 1856 in 1 0 1 0 980 9952 rl 10 np 0
T 1190 1123 9057.00 1725.00 51.785 8.062 52.409 hs 5 hp 8994 1856 in 1 0 1 0 980 9952 rl 9 np 0
T 1191 1124 9094.00 1734.00 51.785 8.562 52.488 hs 0 hp 9057 1725 in 1 0 0 0 0 10000 rl 8 np 0
T 1192 1125 9131.00 1743.00 51.785 9.062 52.572 hs 0 hp 9094 1734 in 1 0 0 0 0 10000 rl 7 np 0
T 1193 1126 9167.00 1753.00 51.133 10.422 52.184 hs 5 hp 9106 1824 in 1 0 1 0 -2903 9569 rl 6 np 0
T 1194 1127 9201.00 1765.00 47.109 11.605 48.518 hs 5 hp 9106 1824 in 0 0 1 0 -2903 9569 rl 5 np 0
T 1195 1128 9234.00 1777.00 44.754 12.105 46.362 hs 0 hp 9201 1765 in 0 0 0 0 -2903 9569 rl 4 np 0
T 1196 1129 9266.00 1790.00 41.910 13.398 44.000 hs 5 hp 9183 1872 in -1 0 1 0 -4714 8819 rl 3 np 0
T 1197 1130 9296.00 1805.00 38.215 14.531 40.884 hs 5 hp 9183 1872 in 0 0 1 0 -4654 8851 rl 2 np 0
T 1198 1131 9323.00 1820.00 34.262 15.492 37.602 hs 5 hp 9183 1872 in -1 0 1 0 -985 9951 rl 1 np 0
T 1199 1132 9348.00 1836.00 30.438 16.305 34.529 hs 5 hp 9183 1872 in 0 0 1 0 -985 9951 rl 0 np 0
T 1200 1133 9370.00 1853.00 26.152 16.996 31.190 hs 5 hp 9183 1872 in -1 0 1 0 -985 9951 rl 0 np 0
T 1201 1134 9389.00 1871.00 21.816 17.586 28.022 hs 5 hp 9183 1872 in -1 0 1 0 -985 9951 rl 0 np 0
T 1202 1135 9407.00 1889.00 20.727 18.086 27.508 hs 0 hp 9389 1871 in 0 0 0 0 -985 9951 rl 0 np 0
T 1203 1136 9422.00 1908.00 16.980 19.141 25.587 hs 5 hp 9311 1964 in -1 0 1 0 -7880 6157 rl 0 np 0
T 1204 1137 9434.00 1928.00 12.938 20.047 23.859 hs 5 hp 9311 1964 in -1 0 1 0 -7920 6105 rl 0 np 0
T 1205 1138 9442.00 1949.00 8.703 20.801 22.548 hs 5 hp 9311 1964 in -1 0 1 0 -7986 6018 rl 0 np 0
T 1206 1139 9446.00 1970.00 4.371 21.402 21.844 hs 5 hp 9311 1964 in -1 0 1 0 -7986 6018 rl 0 np 0
T 1207 1140 9446.00 1992.00 0.023 21.770 21.770 hs 5 hp 9311 1964 in -1 0 1 0 -924 383 rl 0 np 0
T 1208 1141 9442.00 2014.00 -4.266 21.660 22.076 hs 5 hp 9311 1964 in -1 0 1 0 -924 383 rl 0 np 0
T 1209 1142 9435.00 2035.00 -7.664 21.090 22.439 hs 5 hp 9311 1964 in -1 0 1 1 3592 9333 rl 24 np 1
T 1210 1143 9426.00 2055.00 -10.137 20.098 22.509 hs 5 hp 9311 1964 in -1 0 1 0 -924 383 rl 23 np 1
T 1211 1144 9415.00 2074.00 -12.371 18.734 22.450 hs 5 hp 9311 1964 in -1 0 1 0 -924 383 rl 22 np 1
T 1212 1145 9396.00 2090.00 -22.105 15.805 27.174 hs 5 hp 9311 1964 in -1 0 1 0 -924 383 rl 21 np 0
E 1212 1145 ex 9471.7 2094.0 tee 9415.0 2074.0 dist 60.2 |f| 10.32
T 1213 1146 9375.00 2104.00 -23.699 13.816 27.433 hs 5 hp 9311 1964 in -1 0 1 0 -924 383 rl 20 np 0
T 1214 1147 9353.00 2116.00 -24.883 11.590 27.450 hs 5 hp 9311 1964 in -1 0 1 0 -924 383 rl 19 np 0
T 1215 1148 9331.00 2128.00 -24.883 12.090 27.664 hs 0 hp 9353 2116 in -1 0 0 0 8535 5212 rl 18 np 0
T 1216 1149 9308.00 2138.00 -25.996 9.828 27.792 hs 5 hp 9296 2047 in -1 0 1 0 -3907 -9205 rl 17 np 0
T 1217 1150 9285.00 2148.00 -25.996 10.328 27.973 hs 0 hp 9308 2138 in -1 0 0 0 8535 5212 rl 16 np 0
T 1218 1151 9262.00 2159.00 -25.996 10.828 28.161 hs 4 hp 9227 2040 in -1 0 1 0 -4714 -8819 rl 15 np 0
T 1219 1152 9239.00 2167.00 -26.906 8.484 28.212 hs 5 hp 9213 2015 in -1 0 1 0 -3173 -9483 rl 14 np 0
T 1220 1153 9215.00 2173.00 -27.387 6.027 28.042 hs 5 hp 9213 2015 in -1 0 1 0 -3987 -9171 rl 13 np 0
T 1221 1154 9191.00 2180.00 -27.387 6.527 28.154 hs 0 hp 9215 2173 in -1 0 0 0 -3827 -9239 rl 12 np 0
T 1222 1155 9167.00 2187.00 -27.387 7.027 28.274 hs 4 hp 9139 2069 in -1 0 1 0 -4226 -9063 rl 11 np 0
T 1223 1156 9143.00 2195.00 -27.387 7.527 28.402 hs 4 hp 9105 1997 in -1 0 1 0 -4226 -9063 rl 10 np 0
T 1224 1157 9119.00 2200.00 -28.062 5.113 28.525 hs 5 hp 9083 1951 in -1 0 1 0 -4714 -8819 rl 9 np 0
T 1225 1158 9094.00 2203.00 -28.469 2.645 28.591 hs 5 hp 9083 1951 in -1 0 1 0 -4714 -8819 rl 8 np 0
T 1226 1159 9069.00 2203.00 -28.594 0.148 28.594 hs 5 hp 9083 1951 in -1 0 1 0 -831 -556 rl 7 np 0
T 1227 1160 9045.00 2191.00 -28.594 -12.000 31.010 hs 0 hp 9069 2203 in -1 1 0 0 -995 -98 rl 6 np 0
T 1228 1161 9021.00 2179.00 -28.594 -11.500 30.820 hs 0 hp 9045 2191 in -1 1 0 0 -995 -98 rl 5 np 0
T 1229 1162 8997.00 2168.00 -28.594 -11.000 30.637 hs 5 hp 8989 2240 in -1 0 1 0 -4714 8819 rl 4 np 0
T 1230 1163 8973.00 2157.00 -28.594 -10.500 30.461 hs 0 hp 8997 2168 in -1 1 0 0 -995 -98 rl 3 np 0
T 1231 1164 8948.00 2148.00 -28.867 -9.105 30.269 hs 5 hp 8965 2240 in -1 0 1 0 -958 9954 rl 2 np 0
T 1232 1165 8923.00 2139.00 -28.867 -8.605 30.123 hs 0 hp 8948 2148 in -1 0 0 0 634 773 rl 1 np 0
T 1233 1166 8898.00 2131.00 -28.867 -8.105 29.984 hs 4 hp 9017 2216 in -1 0 1 0 7730 6344 rl 0 np 0
T 1234 1167 8873.00 2123.00 -28.867 -7.605 29.852 hs 4 hp 9079 2267 in -1 0 1 0 -698 9976 rl 0 np 0
T 1235 1168 8842.00 2119.00 -40.371 -3.695 40.540 hs 0 hp 8873 2123 in -1 0 0 1 9569 -2903 rl 24 np 0
E 1235 1168 ex 8912.2 2111.4 tee 8873.0 2123.0 dist 40.9 |f| 12.00
T 1236 1169 8810.00 2117.00 -40.422 -2.297 40.487 hs 5 hp 8840 2240 in -1 0 1 0 -175 9998 rl 23 np 0
T 1237 1170 8778.00 2115.00 -40.422 -1.797 40.462 hs 0 hp 8810 2117 in -1 0 0 1 9681 -2507 rl 22 np 0
T 1238 1171 8746.00 2114.00 -40.422 -1.297 40.443 hs 0 hp 8778 2115 in -1 0 0 1 9970 -779 rl 21 np 0
T 1239 1172 8714.00 2113.00 -40.422 -0.797 40.430 hs 0 hp 8746 2114 in -1 0 0 1 9970 -779 rl 20 np 0
T 1240 1173 8682.00 2113.00 -40.422 -0.297 40.423 hs 0 hp 8714 2113 in -1 0 0 0 0 10000 rl 19 np 0
T 1241 1174 8650.00 2113.00 -40.422 0.203 40.422 hs 4 hp 8759 2019 in -1 0 1 0 6344 -7730 rl 18 np 0
T 1242 1175 8618.00 2114.00 -40.422 0.703 40.428 hs 4 hp 8810 1957 in -1 0 1 0 -2891 -9573 rl 17 np 0
T 1243 1176 8586.00 2115.00 -40.422 1.203 40.440 hs 0 hp 8618 2114 in -1 0 0 0 -924 383 rl 16 np 0
T 1244 1177 8554.00 2117.00 -40.422 1.703 40.458 hs 0 hp 8586 2115 in -1 0 0 0 -924 383 rl 15 np 0
T 1245 1178 8522.00 2119.00 -40.422 2.203 40.482 hs 4 hp 8433 2105 in -1 0 1 0 -9952 -980 rl 14 np 0
T 1246 1179 8490.00 2122.00 -40.422 2.703 40.512 hs 4 hp 8353 2097 in -1 0 1 0 -9952 -980 rl 13 np 0
T 1247 1180 8458.00 2125.00 -40.422 3.203 40.549 hs 0 hp 8490 2122 in -1 0 0 0 -924 383 rl 12 np 0
T 1248 1181 8427.00 2129.00 -40.422 3.703 40.591 hs 0 hp 8458 2125 in -1 0 0 0 -924 383 rl 11 np 0
T 1249 1182 8396.00 2133.00 -40.422 4.203 40.640 hs 5 hp 8334 2079 in -1 0 1 0 -8819 -4714 rl 10 np 0
T 1250 1183 8365.00 2138.00 -40.422 4.703 40.695 hs 0 hp 8396 2133 in -1 0 0 0 556 -831 rl 9 np 0
T 1251 1184 8333.00 2140.00 -40.547 2.207 40.607 hs 5 hp 8362 2079 in -1 0 1 0 -436 -9990 rl 8 np 0
T 1252 1185 8301.00 2143.00 -40.547 2.707 40.637 hs 0 hp 8333 2140 in -1 0 0 0 -6344 -7730 rl 7 np 0
T 1253 1186 8269.00 2143.00 -40.672 0.211 40.672 hs 5 hp 8298 2079 in -1 0 1 0 -436 -9990 rl 6 np 0
T 1254 1187 8237.00 2144.00 -40.672 0.711 40.678 hs 0 hp 8269 2143 in -1 0 0 0 -6344 -7730 rl 5 np 0
T 1255 1188 8205.00 2142.00 -40.633 -1.789 40.672 hs 5 hp 8238 2079 in -1 0 1 0 175 -9998 rl 4 np 0
T 1256 1189 8173.00 2141.00 -40.633 -1.289 40.653 hs 0 hp 8205 2142 in -1 0 0 0 -957 -290 rl 3 np 0
T 1257 1190 8141.00 2137.00 -40.457 -3.781 40.633 hs 5 hp 8178 2079 in -1 0 1 0 785 -9969 rl 2 np 0
T 1258 1191 8109.00 2134.00 -40.457 -3.281 40.590 hs 0 hp 8141 2137 in -1 0 0 0 -957 -290 rl 1 np 0
T 1259 1192 8077.00 2131.00 -40.457 -2.781 40.553 hs 4 hp 8218 2080 in -1 0 1 0 8949 -4462 rl 0 np 0
T 1260 1193 8045.00 2129.00 -40.457 -2.281 40.521 hs 0 hp 8077 2131 in -1 0 0 0 -17 -1000 rl 0 np 0
T 1261 1194 8014.00 2124.00 -40.203 -4.762 40.484 hs 5 hp 8051 2079 in -1 0 1 0 1132 -9936 rl 0 np 0
T 1262 1195 7983.00 2120.00 -40.203 -4.262 40.428 hs 0 hp 8014 2124 in -1 0 0 0 -290 957 rl 0 np 0
T 1263 1196 7952.00 2116.00 -40.203 -3.762 40.379 hs 0 hp 7983 2120 in -1 0 0 1 5143 -8576 rl 24 np 1
T 1264 1197 7917.00 2115.00 -47.965 -1.078 47.977 hs 5 hp 7956 2047 in -1 0 1 0 523 -9986 rl 23 np 0
E 1264 1197 ex 8007.7 2079.4 tee 7952.0 2116.0 dist 66.6 |f| 9.43
T 1265 1198 7882.00 2114.00 -47.965 -0.578 47.968 hs 0 hp 7917 2115 in -1 0 0 1 5143 -8576 rl 22 np 0
T 1266 1199 7847.00 2111.00 -47.848 -3.074 47.946 hs 5 hp 7886 2047 in -1 0 1 0 523 -9986 rl 21 np 0
T 1267 1200 7812.00 2108.00 -47.848 -2.574 47.917 hs 0 hp 7847 2111 in -1 0 0 1 5143 -8576 rl 20 np 0
T 1268 1201 7777.00 2106.00 -47.848 -2.074 47.893 hs 0 hp 7812 2108 in -1 0 0 1 -9918 -1278 rl 19 np 0
T 1269 1202 7742.00 2101.00 -47.652 -4.562 47.870 hs 5 hp 7782 2047 in -1 0 1 0 872 -9962 rl 18 np 0
T 1270 1203 7707.00 2097.00 -47.652 -4.062 47.825 hs 0 hp 7742 2101 in -1 0 0 0 924 -383 rl 17 np 0
T 1271 1204 7672.00 2090.00 -47.320 -6.531 47.769 hs 5 hp 7715 2047 in -1 0 1 0 1478 -9890 rl 16 np 0
T 1272 1205 7637.00 2084.00 -47.320 -6.031 47.703 hs 0 hp 7672 2090 in -1 0 0 0 924 -383 rl 15 np 0
T 1273 1206 7602.00 2078.00 -47.320 -5.531 47.642 hs 0 hp 7637 2084 in -1 0 0 0 924 -383 rl 14 np 0
T 1274 1207 7567.00 2073.00 -47.320 -5.031 47.587 hs 4 hp 7590 2199 in -1 0 1 0 -980 9952 rl 13 np 0
T 1275 1208 7532.00 2068.00 -47.320 -4.531 47.537 hs 4 hp 7582 2279 in -1 0 1 0 1736 -9848 rl 12 np 0
T 1276 1209 7497.00 2064.00 -47.320 -4.031 47.492 hs 0 hp 7532 2068 in -1 0 0 0 290 -957 rl 11 np 0
T 1277 1210 7462.00 2060.00 -47.320 -3.531 47.452 hs 0 hp 7497 2064 in -1 0 0 0 290 -957 rl 10 np 0
T 1278 1211 7427.00 2057.00 -47.320 -3.031 47.417 hs 5 hp 7417 2144 in -1 0 1 0 -4714 8819 rl 9 np 0
T 1279 1212 7392.00 2054.00 -47.320 -2.531 47.388 hs 0 hp 7427 2057 in -1 0 0 0 -981 195 rl 8 np 0
T 1280 1213 7357.00 2049.00 -47.086 -5.016 47.352 hs 5 hp 7403 1951 in -1 0 1 0 1045 -9945 rl 7 np 0
T 1281 1214 7322.00 2044.00 -47.086 -4.516 47.302 hs 0 hp 7357 2049 in -1 0 0 0 981 -195 rl 6 np 0
T 1282 1215 7287.00 2040.00 -47.086 -4.016 47.257 hs 4 hp 7334 2165 in -1 0 1 0 980 9952 rl 5 np 0
T 1283 1216 7252.00 2036.00 -47.086 -3.516 47.217 hs 0 hp 7287 2040 in -1 0 0 0 981 -195 rl 4 np 0
T 1284 1217 7217.00 2033.00 -47.086 -3.016 47.182 hs 0 hp 7252 2036 in -1 0 0 0 981 -195 rl 3 np 0
T 1285 1218 7182.00 2030.00 -47.086 -2.516 47.153 hs 4 hp 7183 2150 in -1 0 1 0 -2756 9613 rl 2 np 0
T 1286 1219 7147.00 2028.00 -47.086 -2.016 47.129 hs 0 hp 7182 2030 in -1 0 0 0 -2756 9613 rl 1 np 0
T 1287 1220 7112.00 2026.00 -47.086 -1.516 47.110 hs 4 hp 7053 2105 in -1 0 1 0 -7730 6344 rl 0 np 0
T 1288 1221 7077.00 2025.00 -47.086 -1.016 47.097 hs 4 hp 6991 2156 in -1 0 1 1 1671 -9859 rl 24 np 1
T 1289 1222 7039.00 2032.00 -54.469 6.801 54.892 hs 4 hp 6929 2207 in -1 0 1 0 -980 9952 rl 23 np 0
E 1289 1222 ex 7119.4 1983.0 tee 7077.0 2025.0 dist 59.6 |f| 10.40
T 1290 1223 7001.00 2039.00 -54.469 7.301 54.956 hs 0 hp 7039 2032 in -1 0 0 0 -9952 980 rl 22 np 0
T 1291 1224 6963.00 2047.00 -54.469 7.801 55.025 hs 5 hp 6929 1951 in -1 0 1 0 -6344 -7730 rl 21 np 0
T 1292 1225 6925.00 2055.00 -54.469 8.301 55.098 hs 0 hp 6963 2047 in -1 0 0 0 -9952 980 rl 20 np 0
T 1293 1226 6887.00 2064.00 -54.469 8.801 55.175 hs 4 hp 7042 2020 in -1 0 1 0 9569 -2903 rl 19 np 0
T 1294 1227 6849.00 2073.00 -54.469 9.301 55.257 hs 4 hp 7119 1997 in -1 0 1 0 -7730 6344 rl 18 np 0
T 1295 1228 6811.00 2083.00 -54.469 9.801 55.343 hs 0 hp 6849 2073 in -1 0 0 0 -1045 -9945 rl 17 np 0
T 1296 1229 6774.00 2093.00 -54.469 10.301 55.434 hs 4 hp 6753 1975 in -1 0 1 0 -4714 -8819 rl 16 np 0
T 1297 1230 6737.00 2104.00 -54.469 10.801 55.529 hs 5 hp 6740 1951 in -1 0 1 0 -3827 -9239 rl 15 np 0
T 1298 1231 6699.00 2112.00 -54.426 8.301 55.055 hs 5 hp 6740 1951 in -1 0 1 0 -3827 -9239 rl 14 np 0
T 1299 1232 6661.00 2121.00 -54.426 8.801 55.133 hs 0 hp 6699 2112 in -1 0 0 0 -290 -957 rl 13 np 0
T 1300 1233 6623.00 2127.00 -54.824 6.328 55.188 hs 5 hp 6651 2047 in -1 0 1 0 -1392 -9903 rl 12 np 0
T 1301 1234 6585.00 2134.00 -54.824 6.828 55.248 hs 0 hp 6623 2127 in -1 0 0 0 -290 -957 rl 11 np 0
T 1302 1235 6547.00 2141.00 -54.824 7.328 55.312 hs 0 hp 6585 2134 in -1 0 0 0 -290 -957 rl 10 np 0
T 1303 1236 6509.00 2149.00 -54.824 7.828 55.380 hs 4 hp 6540 2019 in -1 0 1 0 -610 -9981 rl 9 np 0
T 1304 1237 6471.00 2157.00 -54.824 8.328 55.453 hs 0 hp 6509 2149 in -1 0 0 0 -290 -957 rl 8 np 0
T 1305 1238 6433.00 2163.00 -55.172 5.852 55.481 hs 5 hp 6457 2047 in -1 0 1 0 -1219 -9925 rl 7 np 0
T 1306 1239 6395.00 2169.00 -55.172 6.352 55.536 hs 0 hp 6433 2163 in -1 0 0 0 -1219 -9925 rl 6 np 0
T 1307 1240 6357.00 2173.00 -55.422 3.863 55.556 hs 5 hp 6384 2047 in -1 0 1 0 -872 -9962 rl 5 np 0
T 1308 1241 6319.00 2177.00 -55.422 4.363 55.593 hs 0 hp 6357 2173 in -1 0 0 0 -1219 -9925 rl 4 np 0
T 1309 1242 6281.00 2182.00 -55.422 4.863 55.635 hs 0 hp 6319 2177 in -1 0 0 0 -1219 -9925 rl 3 np 0
T 1310 1243 6243.00 2187.00 -55.422 5.363 55.681 hs 4 hp 6398 2217 in -1 0 1 0 9569 2903 rl 2 np 0
T 1311 1244 6205.00 2193.00 -55.422 5.863 55.731 hs 4 hp 6475 2240 in -1 0 1 0 -980 -9952 rl 1 np 0
T 1312 1245 6167.00 2199.00 -55.422 6.363 55.786 hs 4 hp 6552 2263 in -1 0 1 0 -980 -9952 rl 0 np 0
T 1313 1246 6129.00 2206.00 -55.422 6.863 55.845 hs 0 hp 6167 2199 in -1 0 0 0 980 -9952 rl 0 np 0
T 1314 1247 6091.00 2213.00 -55.422 7.363 55.909 hs 4 hp 6206 2300 in -1 0 1 0 6344 7730 rl 0 np 0
T 1315 1248 6054.00 2221.00 -53.922 7.863 54.492 hs 0 hp 6091 2213 in 1 0 0 1 -6716 -7409 rl 24 np 1
T 1316 1249 6018.00 2241.00 -51.742 20.352 55.601 hs 0 hp 6054 2221 in 0 0 0 0 6344 7730 rl 23 np 0
E 1316 1249 ex 6056.1 2175.2 tee 6054.0 2221.0 dist 45.8 |f| 12.00
T 1317 1250 5984.00 2262.00 -49.156 20.852 53.396 hs 4 hp 6030 2362 in 0 0 1 0 980 9952 rl 22 np 0
T 1318 1251 5951.00 2284.00 -46.031 22.211 51.110 hs 5 hp 6037 2432 in 0 0 1 0 980 9952 rl 21 np 0
T 1319 1252 5920.00 2307.00 -42.598 23.488 48.644 hs 5 hp 6037 2432 in 0 0 1 0 980 9952 rl 20 np 0
T 1320 1253 5890.00 2331.00 -41.098 23.988 47.586 hs 0 hp 5920 2307 in 1 0 0 0 980 9952 rl 19 np 0
T 1321 1254 5861.00 2355.00 -39.043 24.488 46.087 hs 0 hp 5890 2331 in 0 0 0 0 980 9952 rl 18 np 0
T 1322 1255 5833.00 2380.00 -37.090 24.988 44.722 hs 0 hp 5861 2355 in 0 0 0 0 980 9952 rl 17 np 0
T 1323 1256 5807.00 2406.00 -34.762 26.348 43.619 hs 5 hp 5868 2496 in 1 0 1 0 2903 9569 rl 16 np 0
T 1324 1257 5783.00 2434.00 -31.762 27.594 42.074 hs 5 hp 5868 2496 in 0 0 1 0 2840 9588 rl 15 np 0
T 1325 1258 5761.00 2463.00 -28.355 28.625 40.292 hs 5 hp 5868 2496 in 0 0 1 0 2840 9588 rl 14 np 0
T 1326 1259 5740.00 2492.00 -26.938 29.125 39.672 hs 0 hp 5761 2463 in 0 0 0 0 2840 9588 rl 13 np 0
T 1327 1260 5722.00 2522.00 -23.234 30.195 38.100 hs 5 hp 5792 2534 in 1 0 1 0 7730 6344 rl 12 np 0
T 1328 1261 5706.00 2553.00 -19.855 30.848 36.685 hs 5 hp 5792 2534 in 0 0 1 0 7730 6344 rl 11 np 0
T 1329 1262 5691.00 2584.00 -18.863 31.348 36.586 hs 0 hp 5706 2553 in 0 0 0 0 7730 6344 rl 10 np 0
T 1330 1263 5676.00 2616.00 -18.863 31.848 37.015 hs 0 hp 5691 2584 in -1 0 0 0 6018 7986 rl 9 np 0
T 1331 1264 5659.00 2647.00 -21.254 30.715 37.351 hs 5 hp 5599 2566 in -1 0 1 0 -8387 -5446 rl 8 np 0
T 1332 1265 5641.00 2676.00 -22.949 28.805 36.829 hs 5 hp 5599 2566 in -1 0 1 0 -8290 -5592 rl 7 np 0
T 1333 1266 5622.00 2702.00 -23.965 26.504 35.732 hs 5 hp 5599 2566 in -1 0 1 0 -8290 -5592 rl 6 np 0
T 1334 1267 5603.00 2729.00 -23.965 27.004 36.104 hs 0 hp 5622 2702 in -1 0 0 0 -707 -707 rl 5 np 0
T 1335 1268 5582.00 2754.00 -26.016 25.418 36.371 hs 5 hp 5527 2655 in -1 0 1 0 -7193 -6947 rl 4 np 0
T 1336 1269 5560.00 2777.00 -27.398 23.297 35.964 hs 5 hp 5527 2655 in -1 0 1 0 -707 -707 rl 3 np 0
T 1337 1270 5537.00 2798.00 -28.145 20.902 35.057 hs 5 hp 5527 2655 in -1 0 1 0 -707 -707 rl 2 np 0
T 1338 1271 5514.00 2819.00 -28.145 21.402 35.358 hs 0 hp 5537 2798 in -1 0 0 0 -707 -707 rl 1 np 0
T 1339 1272 5491.00 2841.00 -28.145 21.902 35.663 hs 4 hp 5412 2753 in -1 0 1 0 -8387 -5446 rl 0 np 0
T 1340 1273 5468.00 2863.00 -28.145 22.402 35.972 hs 4 hp 5345 2710 in -1 0 1 0 -7730 -6344 rl 0 np 0
T 1341 1274 5445.00 2886.00 -28.145 22.902 36.285 hs 4 hp 5278 2667 in -1 0 1 1 -8169 5768 rl 24 np 1
T 1342 1275 5421.00 2907.00 -29.930 21.062 36.598 hs 5 hp 5260 2655 in -1 0 1 0 -7730 -6344 rl 23 np 1
T 1343 1276 5396.00 2926.00 -31.465 19.035 36.775 hs 5 hp 5260 2655 in -1 0 1 0 -831 -556 rl 22 np 1
T 1344 1277 5370.00 2943.00 -32.742 16.855 36.826 hs 5 hp 5260 2655 in -1 0 1 0 -831 -556 rl 21 np 1
T 1345 1278 5343.00 2958.00 -33.758 14.555 36.762 hs 5 hp 5260 2655 in -1 0 1 0 -831 -556 rl 20 np 1
T 1346 1279 5315.00 2961.00 -34.512 0.000 34.512 hs 5 hp 5260 2655 in -1 0 1 0 -831 -556 rl 19 np 1
T 1347 1280 5287.00 2948.00 -34.512 -13.199 36.950 hs 5 hp 5260 2655 in -1 1 1 0 -831 -556 rl 18 np 1
T 1348 1281 5255.00 2929.00 -44.227 -18.953 48.117 hs 0 hp 5287 2948 in -1 0 0 0 -831 -556 rl 17 np 0
E 1348 1281 ex 5330.1 2975.7 tee 5287.0 2948.0 dist 51.2 |f| 11.55
T 1349 1282 5222.00 2911.00 -44.574 -17.559 47.908 hs 5 hp 5249 2976 in -1 0 1 0 -1219 9925 rl 16 np 0
T 1350 1283 5189.00 2894.00 -44.574 -17.059 47.727 hs 0 hp 5222 2911 in -1 0 0 0 2296 -9733 rl 15 np 0
T 1351 1284 5156.00 2877.00 -44.574 -16.559 47.550 hs 4 hp 5310 2906 in -1 0 1 0 9952 980 rl 14 np 0
T 1352 1285 5123.00 2861.00 -44.574 -16.059 47.379 hs 0 hp 5156 2877 in -1 0 0 0 9952 980 rl 13 np 0
T 1353 1286 5090.00 2845.00 -44.574 -15.559 47.212 hs 5 hp 5090 2751 in -1 0 1 0 -2903 -9569 rl 12 np 0
T 1354 1287 5057.00 2830.00 -44.574 -15.059 47.049 hs 5 hp 5090 2751 in -1 0 1 0 924 383 rl 11 np 0
T 1355 1288 5024.00 2815.00 -44.574 -14.559 46.892 hs 0 hp 5057 2830 in -1 0 0 0 924 383 rl 10 np 0
