climb 0: (1092, -1671, 'runs/gren/c9/climb0_0.txt')
  pf 0.0 score 1171.6 -> runs/gren/c9/pf0_0.txt
  pf 0.1 score 1171.9 -> runs/gren/c9/pf0_1.txt
  pf 0.2 score 1172.1 -> runs/gren/c9/pf0_2.txt
  pf 0.3 score 1172.2 -> runs/gren/c9/pf0_3.txt
climb 1: (1095, -1674, 'runs/gren/c9/climb1_0.txt')
  pf 1.0 score 1175.0 -> runs/gren/c9/pf1_0.txt
  pf 1.1 score 1175.1 -> runs/gren/c9/pf1_1.txt
  pf 1.2 score 1175.3 -> runs/gren/c9/pf1_2.txt
  pf 1.3 score 1175.5 -> runs/gren/c9/pf1_3.txt
climb 2: (1096, -1686, 'runs/gren/c9/climb2_0.txt')
  pf 2.0 score 1172.1 -> runs/gren/c9/pf2_0.txt
  pf 2.1 score 1172.6 -> runs/gren/c9/pf2_1.txt
  pf 2.2 score 1174.1 -> runs/gren/c9/pf2_2.txt
  pf 2.3 score 1174.6 -> runs/gren/c9/pf2_3.txt
climb 3: (1095, -1416, 'runs/gren/c9/climb3_0.txt')
  pf 3.0 score 1172.3 -> runs/gren/c9/pf3_0.txt
  pf 3.1 score 1172.6 -> runs/gren/c9/pf3_1.txt
  pf 3.2 score 1173.0 -> runs/gren/c9/pf3_2.txt
  pf 3.3 score 1173.2 -> runs/gren/c9/pf3_3.txt
control: (1168, 231, 'runs/gren/c9/control_0.txt')
from runs/gren/c9/pf0_0.txt: (1168, 245, 'runs/gren/c9/pf0_0_g_0.txt')
from runs/gren/c9/pf0_1.txt: (1168, 165, 'runs/gren/c9/pf0_1_g_0.txt')
from runs/gren/c9/pf0_2.txt: (1174, 3, 'runs/gren/c9/pf0_2_g_0.txt')
from runs/gren/c9/pf0_3.txt: (1168, 183, 'runs/gren/c9/pf0_3_g_0.txt')
from runs/gren/c9/pf1_0.txt: (1173, 90, 'runs/gren/c9/pf1_0_g_0.txt')
from runs/gren/c9/pf1_1.txt: (1171, 200, 'runs/gren/c9/pf1_1_g_0.txt')
from runs/gren/c9/pf1_2.txt: (1174, 75, 'runs/gren/c9/pf1_2_g_0.txt')
from runs/gren/c9/pf1_3.txt: (1173, 114, 'runs/gren/c9/pf1_3_g_0.txt')
from runs/gren/c9/pf2_0.txt: (1169, 139, 'runs/gren/c9/pf2_0_g_0.txt')
from runs/gren/c9/pf2_1.txt: (1172, 41, 'runs/gren/c9/pf2_1_g_0.txt')
from runs/gren/c9/pf2_2.txt: (1173, 218, 'runs/gren/c9/pf2_2_g_0.txt')
from runs/gren/c9/pf2_3.txt: (1175, 148, 'runs/gren/c9/pf2_3_g_0.txt')
from runs/gren/c9/pf3_0.txt: (1171, 40, 'runs/gren/c9/pf3_0_g_0.txt')
from runs/gren/c9/pf3_1.txt: (1169, 134, 'runs/gren/c9/pf3_1_g_0.txt')
from runs/gren/c9/pf3_2.txt: (1167, 262, 'runs/gren/c9/pf3_2_g_0.txt')
from runs/gren/c9/pf3_3.txt: (1171, -16, 'runs/gren/c9/pf3_3_g_0.txt')
BEST (1167, 262, 'runs/gren/c9/pf3_2_g_0.txt')
